******************************************************************************
            TI ARM Clang Linker Unix v4.0.3                    
******************************************************************************
>> Linked Mon Sep 15 15:34:58 2025

OUTPUT FILE NAME:   <sbl_jtag_uniflash.debug.out>
ENTRY POINT SYMBOL: "_vectors"  address: 70002000


MEMORY CONFIGURATION

         name            origin    length      used     unused   attr    fill
----------------------  --------  ---------  --------  --------  ----  --------
  R5F_VECS              00000000   00000100  00000000  00000100  RWIX
  R5F_TCMA              00000100   00007f00  00000000  00007f00  RWIX
  R5F_TCMB0             00080000   00008000  00000000  00008000  RWIX
  MSRAM_VECS            70002000   00000100  00000040  000000c0  RWIX
  MSRAM_0               70002100   0003df00  00032290  0000bc70  RWIX
  MSRAM_1               700c0000   001c0000  001c0000  00000000  RWIX


SEGMENT ALLOCATION MAP

run origin  load origin   length   init length attrs members
----------  ----------- ---------- ----------- ----- -------
70002000    70002000    00000040   00000040    r-x
  70002000    70002000    00000040   00000040    r-x .sbl_init_code
70002100    70002100    00019130   00019130    r-x
  70002100    70002100    000178c0   000178c0    r-x .text
  700199c0    700199c0    00000e50   00000e50    r-x .text.hwi
  7001a810    7001a810    000004a0   000004a0    r-x .text.cache
  7001acb0    7001acb0    000003c0   000003c0    r-x .text.mpu
  7001b070    7001b070    000001c0   000001c0    r-x .text.boot
7001b230    7001b230    000009e8   000009e8    rw-
  7001b230    7001b230    000009e8   000009e8    rw- .data
7001bc20    7001bc20    00001170   00001170    r--
  7001bc20    7001bc20    00001170   00001170    r-- .rodata
7001ce00    7001ce00    00017600   00000000    rw-
  7001ce00    7001ce00    00009300   00000000    rw- .bss
  70026100    70026100    00008000   00000000    rw- .sysmem
  7002e100    7002e100    00004000   00000000    rw- .stack
  70032100    70032100    00001000   00000000    rw- .irqstack
  70033100    70033100    00000100   00000000    rw- .fiqstack
  70033200    70033200    00001000   00000000    rw- .svcstack
  70034200    70034200    00000100   00000000    rw- .abortstack
  70034300    70034300    00000100   00000000    rw- .undefinedstack


SECTION ALLOCATION MAP

 output                                  attributes/
section   page    origin      length       input sections
--------  ----  ----------  ----------   ----------------
.sbl_init_code 
*          0    70002000    00000040     
                  70002000    00000040     nortos.am263px.r5f.ti-arm-clang.debug.lib : HwiP_armv7r_vectors_nortos_asm.obj (.vectors)

.text      0    70002100    000178c0     
                  70002100    00000b7a     drivers.am263px.r5f.ti-arm-clang.nortos.debug.lib : ospi_phy_am26x_lld.obj (.text.OSPI_lld_phyFindOTP1)
                  70002c7a    00000002     --HOLE-- [fill = 0]
                  70002c7c    00000004     libclang_rt.builtins.a : aeabi_div0.c.obj (.text.__aeabi_idiv0)
                  70002c80    00000a34     nortos.am263px.r5f.ti-arm-clang.debug.lib : printf.obj (.text._vsnprintf)
                  700036b4    0000000c     libc.a : aeabi_portable.c.obj (.text.__aeabi_errno_addr)
                  700036c0    000007a4     drivers.am263px.r5f.ti-arm-clang.nortos.debug.lib : i2c_v1_lld.obj (.text.I2C_lld_primeTransferPoll)
                  70003e64    0000000c     libclang_rt.builtins.a : aeabi_memset.S.obj (.text.__aeabi_memclr)
                  70003e70    00000678     drivers.am263px.r5f.ti-arm-clang.nortos.debug.lib : soc_rcm.obj (.text.SOC_rcmGetClkSrcAndDivReg)
                  700044e8    00000008     libsysbm.a : hostexit.c.obj (.text.HOSTexit)
                  700044f0    00000638     drivers.am263px.r5f.ti-arm-clang.nortos.debug.lib : soc_rcm.obj (.text.SOC_rcmEnablePeripheralClock)
                  70004b28    00000008     libc.a : exit.c.obj (.text:abort)
                  70004b30    000005e2     nortos.am263px.r5f.ti-arm-clang.debug.lib : printf.obj (.text._ftoa)
                  70005112    00000002     --HOLE-- [fill = 0]
                  70005114    0000000c     libc.a : memory.c.obj (.text.malloc)
                  70005120    000004b0     nortos.am263px.r5f.ti-arm-clang.debug.lib : printf.obj (.text._etoa)
                  700055d0    00000400     drivers.am263px.r5f.ti-arm-clang.nortos.debug.lib : uart_v0.obj (.text.UART_open)
                  700059d0    000003ea     main.obj (.text.sbl_jtag_uniflash_load_file)
                  70005dba    00000002     --HOLE-- [fill = 0]
                  70005dbc    00000004     libclang_rt.builtins.a : aeabi_div0.c.obj (.text.__aeabi_ldiv0)
                  70005dc0    00000390     libc.a : strcmp32.S.obj (.text:strcmp)
                  70006150    00000364     board.am263px.r5f.ti-arm-clang.nortos.debug.lib : flash_nor_ospi.obj (.text.Flash_setQeBit)
                  700064b4    0000000c     nortos.am263px.r5f.ti-arm-clang.debug.lib : CpuId_armv7r_asm.obj (.text)
                  700064c0    0000034a     drivers.am263px.r5f.ti-arm-clang.nortos.debug.lib : ospi_v0.obj (.text.OSPI_open)
                  7000680a    00000002     --HOLE-- [fill = 0]
                  7000680c    00000004     libclang_rt.builtins.a : aeabi_memcpy.S.obj (.text.__aeabi_memcpy)
                  70006810    00000348     drivers.am263px.r5f.ti-arm-clang.nortos.debug.lib : i2c_v1.obj (.text.I2C_open)
                  70006b58    00000004     libc.a : _lock.c.obj (.text._nop)
                  70006b5c    00000004            : fseek.c.obj (.text.fseek)
                  70006b60    00000338     drivers.am263px.r5f.ti-arm-clang.nortos.debug.lib : bootloader_uniflash.obj (.text.Bootloader_uniflashProcessFlashCommands)
                  70006e98    00000004     libc.a : ftell.c.obj (.text.ftell)
                  70006e9c    00000004     libsysbm.a : remove.c.obj (.text.remove)
                  70006ea0    00000336     drivers.am263px.r5f.ti-arm-clang.nortos.debug.lib : edma.obj (.text.EDMA_initialize)
                  700071d6    0000000a     --HOLE-- [fill = 0]
                  700071e0    00000336                                                       : i2c_v1_lld.obj (.text.I2C_lld_targetIsr)
                  70007516    0000000a     --HOLE-- [fill = 0]
                  70007520    00000302                                                       : soc.obj (.text.SOC_virtToPhy)
                  70007822    0000000e     --HOLE-- [fill = 0]
                  70007830    000002e6                                                       : ospi_edma_lld.obj (.text.OSPI_edmaCopy)
                  70007b16    0000000a     --HOLE-- [fill = 0]
                  70007b20    000002d2     board.am263px.r5f.ti-arm-clang.nortos.debug.lib : flash_nor_ospi.obj (.text.Flash_norOspiOpen)
                  70007df2    0000000e     --HOLE-- [fill = 0]
                  70007e00    000002ba     drivers.am263px.r5f.ti-arm-clang.nortos.debug.lib : i2c_v1_lld.obj (.text.I2C_lld_controllerIsr)
                  700080ba    00000006     --HOLE-- [fill = 0]
                  700080c0    00000294                                                       : ospi_v0_lld.obj (.text.OSPI_programInstance)
                  70008354    0000000c     --HOLE-- [fill = 0]
                  70008360    0000027e                                                       : uart_dma_edma.obj (.text.UART_edmaChInit)
                  700085de    00000002     --HOLE-- [fill = 0]
                  700085e0    0000026c     libc.a : fgets.c.obj (.text._dofgets)
                  7000884c    00000004     --HOLE-- [fill = 0]
                  70008850    00000250     drivers.am263px.r5f.ti-arm-clang.nortos.debug.lib : edma.obj (.text.Alloc_resource)
                  70008aa0    00000250     board.am263px.r5f.ti-arm-clang.nortos.debug.lib : flash_nor_ospi.obj (.text.Flash_set888mode)
                  70008cf0    00000242     drivers.am263px.r5f.ti-arm-clang.nortos.debug.lib : uart_v0_lld.obj (.text.UART_fifoConfig)
                  70008f32    0000000e     --HOLE-- [fill = 0]
                  70008f40    0000023e     nortos.am263px.r5f.ti-arm-clang.debug.lib : printf.obj (.text._ntoa_format)
                  7000917e    00000002     --HOLE-- [fill = 0]
                  70009180    0000023c     drivers.am263px.r5f.ti-arm-clang.nortos.debug.lib : edma.obj (.text.EDMA_open)
                  700093bc    00000004     --HOLE-- [fill = 0]
                  700093c0    00000226                                                       : uart_dma_edma.obj (.text.UART_lld_dmaDeInit)
                  700095e6    0000000a     --HOLE-- [fill = 0]
                  700095f0    00000218                                                       : ospi_v0_lld.obj (.text.OSPI_lld_isr)
                  70009808    00000008     --HOLE-- [fill = 0]
                  70009810    00000212                                                       : ospi_edma_lld.obj (.text.OSPI_edmaInit)
                  70009a22    00000002     --HOLE-- [fill = 0]
                  70009a24    000001f8     libc.a : strtol.c.obj (.text.strtol)
                  70009c1c    00000004     --HOLE-- [fill = 0]
                  70009c20    000001e8     drivers.am263px.r5f.ti-arm-clang.nortos.debug.lib : i2c_v1.obj (.text.I2C_transfer)
                  70009e08    00000008     --HOLE-- [fill = 0]
                  70009e10    000001d6     nortos.am263px.r5f.ti-arm-clang.debug.lib : TimerP_rti_priv.obj (.text.TimerP_setupPriv)
                  70009fe6    00000002     --HOLE-- [fill = 0]
                  70009fe8    000001d0     libclang_rt.builtins.a : udivsi3.S.obj (.text.__udivsi3)
                  7000a1b8    00000008     --HOLE-- [fill = 0]
                  7000a1c0    000001ca     drivers.am263px.r5f.ti-arm-clang.nortos.debug.lib : ospi_v0_lld.obj (.text.OSPI_lld_writeIndirect)
                  7000a38a    00000002     --HOLE-- [fill = 0]
                  7000a38c    000001c0     libc.a : fopen.c.obj (.text._openfile)
                  7000a54c    00000004     --HOLE-- [fill = 0]
                  7000a550    000001b6     drivers.am263px.r5f.ti-arm-clang.nortos.debug.lib : ospi_v0_lld.obj (.text.OSPI_lld_readDirectDma)
                  7000a706    0000000a     --HOLE-- [fill = 0]
                  7000a710    000001aa                                                       : uart_dma_edma.obj (.text.UART_lld_dmaWrite)
                  7000a8ba    00000006     --HOLE-- [fill = 0]
                  7000a8c0    000001a8                                                       : uart_v0.obj (.text.UART_close)
                  7000aa68    000001a8     libc.a : memory.c.obj (.text.free)
                  7000ac10    000001a4     middleware.am263px.r5f.ti-arm-clang.nortos.debug.lib : tielfup32.obj (.text.ELFUP_update)
                  7000adb4    000001a4     libc.a : memory.c.obj (.text.aligned_alloc)
                  7000af58    00000008     --HOLE-- [fill = 0]
                  7000af60    000001a0     drivers.am263px.r5f.ti-arm-clang.nortos.debug.lib : edma.obj (.text.EDMA_errorIsrFxn)
                  7000b100    0000019e                                                       : uart_v0.obj (.text.UART_write)
                  7000b29e    00000002     --HOLE-- [fill = 0]
                  7000b2a0    00000198                                                       : edma.obj (.text.EDMA_transferCompletionMasterIsrFxn)
                  7000b438    00000008     --HOLE-- [fill = 0]
                  7000b440    00000198                                                       : ospi_v0_lld.obj (.text.OSPI_lld_readCmd)
                  7000b5d8    00000008     --HOLE-- [fill = 0]
                  7000b5e0    00000198                                                       : uart_v0_lld.obj (.text.UART_lld_controllerIsr)
                  7000b778    00000008     --HOLE-- [fill = 0]
                  7000b780    00000194                                                       : bootloader_uniflash_mcelf.obj (.text.MCELF_flashVerifyXIPFile)
                  7000b914    0000000c     --HOLE-- [fill = 0]
                  7000b920    00000186                                                       : bootloader_uniflash_common.obj (.text.Bootloader_uniflashFlashFile)
                  7000baa6    0000000a     --HOLE-- [fill = 0]
                  7000bab0    00000184     board.am263px.r5f.ti-arm-clang.nortos.debug.lib : flash_nor_ospi.obj (.text.Flash_set444mode)
                  7000bc34    0000000c     --HOLE-- [fill = 0]
                  7000bc40    00000182     drivers.am263px.r5f.ti-arm-clang.nortos.debug.lib : bootloader_uniflash_common.obj (.text.Bootloader_uniflashFlashErase)
                  7000bdc2    0000000e     --HOLE-- [fill = 0]
                  7000bdd0    00000176                                                       : i2c_v1.obj (.text.I2C_primeTransfer)
                  7000bf46    0000000a     --HOLE-- [fill = 0]
                  7000bf50    00000176     main.obj (.text.main)
                  7000c0c6    0000000a     --HOLE-- [fill = 0]
                  7000c0d0    00000172     board.am263px.r5f.ti-arm-clang.nortos.debug.lib : eeprom_cat24m.obj (.text.EEPROM_CAT24M_write)
                  7000c242    0000000e     --HOLE-- [fill = 0]
                  7000c250    00000166     drivers.am263px.r5f.ti-arm-clang.nortos.debug.lib : i2c_v1_lld.obj (.text.I2C_lld_primeTransferIntr)
                  7000c3b6    0000000a     --HOLE-- [fill = 0]
                  7000c3c0    00000166                                                       : ospi_v0_lld.obj (.text.OSPI_lld_writeCmd)
                  7000c526    0000000a     --HOLE-- [fill = 0]
                  7000c530    00000162                                                       : edma.obj (.text.EDMA_unregisterIntr)
                  7000c692    0000000e     --HOLE-- [fill = 0]
                  7000c6a0    00000160                                                       : i2c_v1_lld.obj (.text.I2C_lld_init)
                  7000c800    00000158                                                       : soc.obj (.text.SOC_controlModuleUnlockMMR)
                  7000c958    00000008     --HOLE-- [fill = 0]
                  7000c960    00000152                                                       : uart_v0_lld.obj (.text.UART_lld_initDma)
                  7000cab2    0000000e     --HOLE-- [fill = 0]
                  7000cac0    00000148                                                       : ospi_v0_lld.obj (.text.OSPI_lld_initDma)
                  7000cc08    00000008     --HOLE-- [fill = 0]
                  7000cc10    00000144     board.am263px.r5f.ti-arm-clang.nortos.debug.lib : flash_nor_ospi.obj (.text.Flash_norOspiSetProtocol)
                  7000cd54    00000144     libc.a : setvbuf.c.obj (.text.setvbuf)
                  7000ce98    00000008     --HOLE-- [fill = 0]
                  7000cea0    00000142     drivers.am263px.r5f.ti-arm-clang.nortos.debug.lib : ospi_v0_lld.obj (.text.OSPI_flashExecCmd)
                  7000cfe2    0000000e     --HOLE-- [fill = 0]
                  7000cff0    00000140     board.am263px.r5f.ti-arm-clang.nortos.debug.lib : flash_nor_ospi.obj (.text.Flash_norOspiReadId)
                  7000d130    0000013a     drivers.am263px.r5f.ti-arm-clang.nortos.debug.lib : edma.obj (.text.EDMA_isDmaChannelAllocated)
                  7000d26a    00000006     --HOLE-- [fill = 0]
                  7000d270    0000013a                                                       : i2c_v1_lld.obj (.text.I2C_lld_mem_write)
                  7000d3aa    00000006     --HOLE-- [fill = 0]
                  7000d3b0    00000138     nortos.am263px.r5f.ti-arm-clang.debug.lib : printf.obj (.text._ntoa_long_long)
                  7000d4e8    00000138     libsysbm.a : open.c.obj (.text.open)
                  7000d620    00000136     nortos.am263px.r5f.ti-arm-clang.debug.lib : ClockP_nortos_r5.obj (.text.ClockP_init)
                  7000d756    0000000a     --HOLE-- [fill = 0]
                  7000d760    00000136     drivers.am263px.r5f.ti-arm-clang.nortos.debug.lib : uart_v0_lld.obj (.text.UART_procLineStatusErr)
                  7000d896    0000000a     --HOLE-- [fill = 0]
                  7000d8a0    00000134                                                       : edma.obj (.text.EDMA_registerIntr)
                  7000d9d4    0000000c     --HOLE-- [fill = 0]
                  7000d9e0    00000134                                                       : uart_v0_lld.obj (.text.UART_writePolling)
                  7000db14    0000000c     --HOLE-- [fill = 0]
                  7000db20    0000012e     board.am263px.r5f.ti-arm-clang.nortos.debug.lib : flash_nor_ospi.obj (.text.Flash_norOspiWaitReady)
                  7000dc4e    00000002     --HOLE-- [fill = 0]
                  7000dc50    0000012c     drivers.am263px.r5f.ti-arm-clang.nortos.debug.lib : i2c_v1_lld.obj (.text.I2C_lld_mem_read)
                  7000dd7c    00000004     --HOLE-- [fill = 0]
                  7000dd80    0000012c                                                       : uart_v0_lld.obj (.text.UART_lld_init)
                  7000deac    00000004     --HOLE-- [fill = 0]
                  7000deb0    00000128                                                       : i2c_v1_lld.obj (.text.I2C_lld_mem_writeIntr)
                  7000dfd8    00000008     --HOLE-- [fill = 0]
                  7000dfe0    00000126     board.am263px.r5f.ti-arm-clang.nortos.debug.lib : flash_nor_ospi.obj (.text.Flash_norOspiWrite)
                  7000e106    0000000a     --HOLE-- [fill = 0]
                  7000e110    00000126     drivers.am263px.r5f.ti-arm-clang.nortos.debug.lib : soc.obj (.text.SOC_controlModuleLockMMR)
                  7000e236    0000000a     --HOLE-- [fill = 0]
                  7000e240    00000122                                                       : i2c_v1.obj (.text.I2C_mem_primeTransfer)
                  7000e362    0000000e     --HOLE-- [fill = 0]
                  7000e370    00000120                                                       : soc_rcm.obj (.text.SOC_rcmGetPeripheralClockFrequency)
                  7000e490    00000120     board.am263px.r5f.ti-arm-clang.nortos.debug.lib : ioexp_tca6416.obj (.text.TCA6416_setOutput)
                  7000e5b0    00000120                                                     : ioexp_tca6424.obj (.text.TCA6424_setOutput)
                  7000e6d0    0000011e                                                     : ioexp_tca6416.obj (.text.TCA6416_config)
                  7000e7ee    00000002     --HOLE-- [fill = 0]
                  7000e7f0    0000011e                                                     : ioexp_tca6424.obj (.text.TCA6424_config)
                  7000e90e    00000002     --HOLE-- [fill = 0]
                  7000e910    0000011c                                                     : flash_nor_ospi.obj (.text.Flash_norOspiReset)
                  7000ea2c    00000004     --HOLE-- [fill = 0]
                  7000ea30    0000011c     drivers.am263px.r5f.ti-arm-clang.nortos.debug.lib : uart_dma_edma.obj (.text.UART_lld_dmaRead)
                  7000eb4c    00000004     --HOLE-- [fill = 0]
                  7000eb50    0000011a                                                       : i2c_v1_lld.obj (.text.I2C_lld_mem_readIntr)
                  7000ec6a    00000002     --HOLE-- [fill = 0]
                  7000ec6c    00000118     libclang_rt.builtins.a : udivmoddi4.S.obj (.text)
                  7000ed84    0000000c     --HOLE-- [fill = 0]
                  7000ed90    00000116     drivers.am263px.r5f.ti-arm-clang.nortos.debug.lib : edma.obj (.text.EDMA_isTccAllocated)
                  7000eea6    0000000a     --HOLE-- [fill = 0]
                  7000eeb0    00000116                                                       : ospi_v0_lld.obj (.text.OSPI_lld_init)
                  7000efc6    0000000a     --HOLE-- [fill = 0]
                  7000efd0    00000116                                                       : uart_v0_lld.obj (.text.UART_divisorLatchWrite)
                  7000f0e6    0000000a     --HOLE-- [fill = 0]
                  7000f0f0    00000114     nortos.am263px.r5f.ti-arm-clang.debug.lib : printf.obj (.text._ntoa_long)
                  7000f204    0000000c     --HOLE-- [fill = 0]
                  7000f210    0000010e     drivers.am263px.r5f.ti-arm-clang.nortos.debug.lib : soc_rcm.obj (.text.SOC_rcmADPLLJGetFOut)
                  7000f31e    00000002     --HOLE-- [fill = 0]
                  7000f320    00000104                                                       : uart_v0_lld.obj (.text.UART_configInstance)
                  7000f424    0000000c     --HOLE-- [fill = 0]
                  7000f430    00000102                                                       : i2c_v1.obj (.text.I2C_close)
                  7000f532    0000000e     --HOLE-- [fill = 0]
                  7000f540    00000102     nortos.am263px.r5f.ti-arm-clang.debug.lib : SemaphoreP_nortos.obj (.text.SemaphoreP_pend)
                  7000f642    0000000e     --HOLE-- [fill = 0]
                  7000f650    00000100     board.am263px.r5f.ti-arm-clang.nortos.debug.lib : flash_nor_ospi.obj (.text.Flash_norOspiErase)
                  7000f750    00000100                                                     : flash_nor_ospi.obj (.text.Flash_norOspiEraseSector)
                  7000f850    00000100     drivers.am263px.r5f.ti-arm-clang.nortos.debug.lib : ospi_v0_lld.obj (.text.OSPI_lld_setProtocol)
                  7000f950    000000fe                                                       : bootloader_uniflash_common.obj (.text.Bootloader_uniflashFlashFileSector)
                  7000fa4e    00000002     --HOLE-- [fill = 0]
                  7000fa50    000000fa                                                       : edma.obj (.text.EDMA_clearCcErrors)
                  7000fb4a    00000002     --HOLE-- [fill = 0]
                  7000fb4c    000000f0     libc.a : fputc.c.obj (.text.fputc)
                  7000fc3c    00000004     --HOLE-- [fill = 0]
                  7000fc40    000000ee     board.am263px.r5f.ti-arm-clang.nortos.debug.lib : flash_nor_ospi.obj (.text.Flash_norOspiSet4ByteAddrMode)
                  7000fd2e    00000002     --HOLE-- [fill = 0]
                  7000fd30    000000e8     libc.a : _bufread.c.obj (.text.__TI_buff_read)
                  7000fe18    00000008     --HOLE-- [fill = 0]
                  7000fe20    000000e6     drivers.am263px.r5f.ti-arm-clang.nortos.debug.lib : ospi_edma_lld.obj (.text.OSPI_edmaDeInit)
                  7000ff06    0000000a     --HOLE-- [fill = 0]
                  7000ff10    000000e6                                                       : soc_rcm.obj (.text.SOC_rcmGetCoreFout)
                  7000fff6    0000000a     --HOLE-- [fill = 0]
                  70010000    000000e6                                                       : soc_rcm.obj (.text.SOC_rcmGetPerFout)
                  700100e6    0000000a     --HOLE-- [fill = 0]
                  700100f0    000000e4                                                       : edma.obj (.text.EDMA_freeChannelRegion)
                  700101d4    0000000c     --HOLE-- [fill = 0]
                  700101e0    000000e2                                                       : bootloader_uniflash_common.obj (.text.Bootloader_uniflashFlashVerifyFile)
                  700102c2    0000000e     --HOLE-- [fill = 0]
                  700102d0    000000e2                                                       : edma.obj (.text.EDMA_freeParam)
                  700103b2    0000000e     --HOLE-- [fill = 0]
                  700103c0    000000e0                                                       : edma.obj (.text.EDMA_freeDmaChannel)
                  700104a0    000000e0                                                       : edma.obj (.text.EDMA_freeTcc)
                  70010580    000000de                                                       : uart_v0_lld.obj (.text.UART_intrEnable)
                  7001065e    00000002     --HOLE-- [fill = 0]
                  70010660    000000de     ti_board_config.obj (.text.board_flash_reset)
                  7001073e    00000002     --HOLE-- [fill = 0]
                  70010740    000000dc     drivers.am263px.r5f.ti-arm-clang.nortos.debug.lib : bootloader_uniflash_rprc.obj (.text.Bootloader_uniflashFlashOrVerifyXipFile)
                  7001081c    00000004     --HOLE-- [fill = 0]
                  70010820    000000da                                                       : uart_v0_lld.obj (.text.UART_intrDisable)
                  700108fa    00000006     --HOLE-- [fill = 0]
                  70010900    000000d8     board.am263px.r5f.ti-arm-clang.nortos.debug.lib : flash_nor_ospi.obj (.text.Flash_norOspiSetRegCfg)
                  700109d8    00000008     --HOLE-- [fill = 0]
                  700109e0    000000d8     drivers.am263px.r5f.ti-arm-clang.nortos.debug.lib : i2c_v1.obj (.text.I2C_LLD_targetTransferCompleteCallback)
                  70010ab8    00000008     --HOLE-- [fill = 0]
                  70010ac0    000000d6     board.am263px.r5f.ti-arm-clang.nortos.debug.lib : flash_nor_ospi.obj (.text.Flash_setOeBit)
                  70010b96    0000000a     --HOLE-- [fill = 0]
                  70010ba0    000000d2     drivers.am263px.r5f.ti-arm-clang.nortos.debug.lib : uart_v0_lld.obj (.text.UART_lld_write)
                  70010c72    0000000e     --HOLE-- [fill = 0]
                  70010c80    000000d0     nortos.am263px.r5f.ti-arm-clang.debug.lib : AddrTranslateP_32bit.obj (.text.AddrTranslateP_getLocalAddr)
                  70010d50    000000ce     drivers.am263px.r5f.ti-arm-clang.nortos.debug.lib : edma.obj (.text.EDMA_disableChInShadowRegRegion)
                  70010e1e    00000002     --HOLE-- [fill = 0]
                  70010e20    000000ce                                                       : uart_v0_lld.obj (.text.UART_lld_writeDma)
                  70010eee    00000002     --HOLE-- [fill = 0]
                  70010ef0    000000cc                                                       : edma.obj (.text.EDMA_enableChInShadowRegRegion)
                  70010fbc    000000c8     libc.a : getdevice.c.obj (.text.getdevice)
                  70011084    0000000c     --HOLE-- [fill = 0]
                  70011090    000000c6     drivers.am263px.r5f.ti-arm-clang.nortos.debug.lib : uart_v0_lld.obj (.text.UART_lld_writeIntr)
                  70011156    0000000a     --HOLE-- [fill = 0]
                  70011160    000000c4                                                       : edma.obj (.text.EDMA_mapChToEvtQ)
                  70011224    0000000c     --HOLE-- [fill = 0]
                  70011230    000000c4     board.am263px.r5f.ti-arm-clang.nortos.debug.lib : eeprom_cat24m.obj (.text.EEPROM_CAT24M_read)
                  700112f4    0000000c     --HOLE-- [fill = 0]
                  70011300    000000c4     drivers.am263px.r5f.ti-arm-clang.nortos.debug.lib : ospi_phy_am26x_lld.obj (.text.OSPI_lld_phyResyncDLL)
                  700113c4    0000000c     --HOLE-- [fill = 0]
                  700113d0    000000c2                                                       : edma.obj (.text.EDMA_close)
                  70011492    0000000e     --HOLE-- [fill = 0]
                  700114a0    000000c2     board.am263px.r5f.ti-arm-clang.nortos.debug.lib : flash.obj (.text.Flash_offsetToSectorPage)
                  70011562    0000000e     --HOLE-- [fill = 0]
                  70011570    000000c0     ti_board_open_close.obj (.text.Board_flashOpen)
                  70011630    000000c0     drivers.am263px.r5f.ti-arm-clang.nortos.debug.lib : edma.obj (.text.EDMA_configureChannelRegion)
                  700116f0    000000c0     board.am263px.r5f.ti-arm-clang.nortos.debug.lib : flash.obj (.text.Flash_offsetToBlkPage)
                  700117b0    000000c0     drivers.am263px.r5f.ti-arm-clang.nortos.debug.lib : soc_rcm.obj (.text.SOC_rcmGetPerHSDivOut)
                  70011870    000000c0                                                       : uart_v0.obj (.text.UART_flushTxFifo)
                  70011930    000000c0     nortos.am263px.r5f.ti-arm-clang.debug.lib : printf.obj (.text._out_rev)
                  700119f0    000000be                                               : ClockP_nortos.obj (.text.ClockP_timerTickIsr)
                  70011aae    00000002     --HOLE-- [fill = 0]
                  70011ab0    000000be     drivers.am263px.r5f.ti-arm-clang.nortos.debug.lib : ospi_v0.obj (.text.OSPI_readDirect)
                  70011b6e    00000002     --HOLE-- [fill = 0]
                  70011b70    000000ba     nortos.am263px.r5f.ti-arm-clang.debug.lib : ClockP_nortos.obj (.text.ClockP_stop)
                  70011c2a    00000006     --HOLE-- [fill = 0]
                  70011c30    000000b6     drivers.am263px.r5f.ti-arm-clang.nortos.debug.lib : bootloader_uniflash_rprc.obj (.text.Bootloader_uniflashFlashOrVerifyRprcXipFile)
                  70011ce6    0000000a     --HOLE-- [fill = 0]
                  70011cf0    000000b6                                                       : uart_v0_lld.obj (.text.UART_fifoWrite)
                  70011da6    00000002     --HOLE-- [fill = 0]
                  70011da8    000000b4     libc.a : fseek.c.obj (.text.fseeko)
                  70011e5c    000000b4            : ftell.c.obj (.text.ftello)
                  70011f10    000000b0     drivers.am263px.r5f.ti-arm-clang.nortos.debug.lib : soc_rcm.obj (.text.SOC_rcmSetPeripheralClock)
                  70011fc0    000000b0                                                       : uart_v0.obj (.text.UART_init)
                  70012070    000000b0     libc.a : fclose.c.obj (.text.__TI_closefile)
                  70012120    000000ac     ti_drivers_open_close.obj (.text.Drivers_i2cOpen)
                  700121cc    00000004     --HOLE-- [fill = 0]
                  700121d0    000000aa     ti_drivers_open_close.obj (.text.Drivers_uartOpen)
                  7001227a    00000006     --HOLE-- [fill = 0]
                  70012280    000000a8     ti_board_open_close.obj (.text.Board_eepromOpen)
                  70012328    00000008     --HOLE-- [fill = 0]
                  70012330    000000a8     nortos.am263px.r5f.ti-arm-clang.debug.lib : ClockP_nortos.obj (.text.ClockP_addToList)
                  700123d8    00000008     --HOLE-- [fill = 0]
                  700123e0    000000a8                                               : ClockP_nortos.obj (.text.ClockP_destruct)
                  70012488    00000008     --HOLE-- [fill = 0]
                  70012490    000000a6     ti_drivers_open_close.obj (.text.Drivers_edmaOpen)
                  70012536    0000000a     --HOLE-- [fill = 0]
                  70012540    000000a6     ti_drivers_open_close.obj (.text.Drivers_ospiOpen)
                  700125e6    00000002     --HOLE-- [fill = 0]
                  700125e8    000000a4     libc.a : memory.c.obj (.text.split)
                  7001268c    000000a0     libsysbm.a : hostrename.c.obj (.text.HOSTrename)
                  7001272c    00000004     --HOLE-- [fill = 0]
                  70012730    000000a0     drivers.am263px.r5f.ti-arm-clang.nortos.debug.lib : ospi_v0_lld.obj (.text.OSPI_lld_deInitDma)
                  700127d0    000000a0                                                       : ospi_v0_lld.obj (.text.OSPI_lld_setXferOpCodes)
                  70012870    000000a0                                                       : soc_rcm.obj (.text.SOC_rcmGetCoreHSDivOut)
                  70012910    0000009e     board.am263px.r5f.ti-arm-clang.nortos.debug.lib : flash_nor_ospi.obj (.text.Flash_norOspiSetModeDummy)
                  700129ae    00000002     --HOLE-- [fill = 0]
                  700129b0    0000009e     drivers.am263px.r5f.ti-arm-clang.nortos.debug.lib : ospi_v0_lld.obj (.text.OSPI_isProtocolValid)
                  70012a4e    00000002     --HOLE-- [fill = 0]
                  70012a50    0000009e                                                       : ospi_phy_am26x_lld.obj (.text.OSPI_lld_phyBasicConfig)
                  70012aee    00000002     --HOLE-- [fill = 0]
                  70012af0    0000009c     libc.a : _io_perm.c.obj (.text.__TI_wrt_ok)
                  70012b8c    00000098     libsysbm.a : hostlseek.c.obj (.text.HOSTlseek)
                  70012c24    0000000c     --HOLE-- [fill = 0]
                  70012c30    00000096     drivers.am263px.r5f.ti-arm-clang.nortos.debug.lib : uart_v0_lld.obj (.text.UART_subConfigTCRTLRModeEn)
                  70012cc6    00000002     --HOLE-- [fill = 0]
                  70012cc8    00000094     libsysbm.a : hostopen.c.obj (.text.HOSTopen)
                  70012d5c    00000004     --HOLE-- [fill = 0]
                  70012d60    00000094     drivers.am263px.r5f.ti-arm-clang.nortos.debug.lib : ospi_v0.obj (.text.OSPI_init)
                  70012df4    0000000c     --HOLE-- [fill = 0]
                  70012e00    00000092     nortos.am263px.r5f.ti-arm-clang.debug.lib : ClockP_nortos.obj (.text.ClockP_getTimeUsec)
                  70012e92    0000000e     --HOLE-- [fill = 0]
                  70012ea0    00000092     drivers.am263px.r5f.ti-arm-clang.nortos.debug.lib : edma.obj (.text.EDMA_unmapChToEvtQ)
                  70012f32    0000000e     --HOLE-- [fill = 0]
                  70012f40    00000092                                                       : i2c_v1_lld.obj (.text.I2CControllerInitExpClk)
                  70012fd2    0000000e     --HOLE-- [fill = 0]
                  70012fe0    00000092                                                       : ospi_v0_lld.obj (.text.OSPI_lld_deInit)
                  70013072    0000000e     --HOLE-- [fill = 0]
                  70013080    00000090                                                       : ospi_phy_am26x_lld.obj (.text.OSPI_lld_phyReadAttackVector)
                  70013110    0000008c                                                       : edma.obj (.text.EDMA_disableTransferRegion)
                  7001319c    00000004     --HOLE-- [fill = 0]
                  700131a0    0000008c                                                       : edma.obj (.text.EDMA_enableTransferRegion)
                  7001322c    00000004     --HOLE-- [fill = 0]
                  70013230    0000008c                                                       : edma.obj (.text.EDMA_init)
                  700132bc    00000004     --HOLE-- [fill = 0]
                  700132c0    0000008c     board.am263px.r5f.ti-arm-clang.nortos.debug.lib : flash_nor_ospi.obj (.text.Flash_norOspiSetAddressBytes)
                  7001334c    00000004     --HOLE-- [fill = 0]
                  70013350    0000008c     drivers.am263px.r5f.ti-arm-clang.nortos.debug.lib : uart_v0_lld.obj (.text.UART_writeCancelNoCB)
                  700133dc    0000008c     libsysbm.a : close.c.obj (.text.close)
                  70013468    00000008     --HOLE-- [fill = 0]
                  70013470    00000088     drivers.am263px.r5f.ti-arm-clang.nortos.debug.lib : uart_dma_edma.obj (.text.UART_edmaIsrRx)
                  700134f8    00000008     --HOLE-- [fill = 0]
                  70013500    00000088                                                       : uart_dma_edma.obj (.text.UART_edmaIsrTx)
                  70013588    00000088     libc.a : fflush.c.obj (.text.__TI_doflush)
                  70013610    00000086     board.am263px.r5f.ti-arm-clang.nortos.debug.lib : flash_nor_ospi.obj (.text.Flash_norOspiRead)
                  70013696    0000000a     --HOLE-- [fill = 0]
                  700136a0    00000086     drivers.am263px.r5f.ti-arm-clang.nortos.debug.lib : ospi_phy_am26x_lld.obj (.text.OSPI_lld_phyFindRxHigh)
                  70013726    0000000a     --HOLE-- [fill = 0]
                  70013730    00000086                                                       : ospi_phy_am26x_lld.obj (.text.OSPI_lld_phyFindRxLow)
                  700137b6    0000000a     --HOLE-- [fill = 0]
                  700137c0    00000086                                                       : ospi_phy_am26x_lld.obj (.text.OSPI_lld_phyFindTxHigh)
                  70013846    0000000a     --HOLE-- [fill = 0]
                  70013850    00000086                                                       : ospi_phy_am26x_lld.obj (.text.OSPI_lld_phyFindTxLow)
                  700138d6    0000000a     --HOLE-- [fill = 0]
                  700138e0    00000086                                                       : uart_v0_lld.obj (.text.UART_lld_flushTxFifo)
                  70013966    0000000a     --HOLE-- [fill = 0]
                  70013970    00000086                                                       : uart_v0_lld.obj (.text.UART_tcrTlrBitValRestore)
                  700139f6    0000000a     --HOLE-- [fill = 0]
                  70013a00    00000084     board.am263px.r5f.ti-arm-clang.nortos.debug.lib : flash_nor_ospi.obj (.text.Flash_norOspiRegWrite)
                  70013a84    00000084     libsysbm.a : hostread.c.obj (.text.HOSTread)
                  70013b08    00000084                : hostwrite.c.obj (.text.HOSTwrite)
                  70013b8c    00000004     --HOLE-- [fill = 0]
                  70013b90    00000084     drivers.am263px.r5f.ti-arm-clang.nortos.debug.lib : ospi_phy_am26x_lld.obj (.text.OSPI_lld_phySetRdDelayTxRxDLL)
                  70013c14    0000000c     --HOLE-- [fill = 0]
                  70013c20    00000082                                                       : edma.obj (.text.EDMA_allocDmaChannel)
                  70013ca2    0000000e     --HOLE-- [fill = 0]
                  70013cb0    00000082                                                       : edma.obj (.text.EDMA_allocParam)
                  70013d32    0000000e     --HOLE-- [fill = 0]
                  70013d40    00000082                                                       : edma.obj (.text.EDMA_allocTcc)
                  70013dc2    0000000e     --HOLE-- [fill = 0]
                  70013dd0    00000082                                                       : edma.obj (.text.EDMA_disableTccInShadowRegRegion)
                  70013e52    0000000e     --HOLE-- [fill = 0]
                  70013e60    00000082                                                       : edma.obj (.text.EDMA_enableTccInShadowRegRegion)
                  70013ee2    0000000e     --HOLE-- [fill = 0]
                  70013ef0    00000080     board.am263px.r5f.ti-arm-clang.nortos.debug.lib : eeprom_cat24m.obj (.text.EEPROM_CAT24M_open)
                  70013f70    00000080                                                     : flash_nor_ospi.obj (.text.Flash_norOspiRegRead)
                  70013ff0    00000080     ti_board_config.obj (.text.TCA6424_Flash_reset)
                  70014070    00000080     drivers.am263px.r5f.ti-arm-clang.nortos.debug.lib : uart_v0_lld.obj (.text.UART_moduleReset)
                  700140f0    00000080     libc.a : fopen.c.obj (.text._search_fp)
                  70014170    0000007e     drivers.am263px.r5f.ti-arm-clang.nortos.debug.lib : i2c_v1_lld.obj (.text.I2C_lld_transferInit)
                  700141ee    00000002     --HOLE-- [fill = 0]
                  700141f0    0000007e                                                       : uart_v0_lld.obj (.text.UART_readData)
                  7001426e    00000002     --HOLE-- [fill = 0]
                  70014270    0000007c     board.am263px.r5f.ti-arm-clang.nortos.debug.lib : ioexp_tca6416.obj (.text.TCA6416_open)
                  700142ec    00000004     --HOLE-- [fill = 0]
                  700142f0    0000007c                                                     : ioexp_tca6424.obj (.text.TCA6424_open)
                  7001436c    00000004     --HOLE-- [fill = 0]
                  70014370    0000007c     nortos.am263px.r5f.ti-arm-clang.debug.lib : DebugP_log.obj (.text._DebugP_assert)
                  700143ec    00000004     --HOLE-- [fill = 0]
                  700143f0    0000007a     drivers.am263px.r5f.ti-arm-clang.nortos.debug.lib : ospi_v0_lld.obj (.text.OSPI_lld_enablePhy)
                  7001446a    00000006     --HOLE-- [fill = 0]
                  70014470    0000007a     ti_board_config.obj (.text.TCA6416_Flash_reset)
                  700144ea    00000006     --HOLE-- [fill = 0]
                  700144f0    0000007a     drivers.am263px.r5f.ti-arm-clang.nortos.debug.lib : uart_v0.obj (.text.UART_Params_init)
                  7001456a    00000006     --HOLE-- [fill = 0]
                  70014570    00000078                                                       : edma.obj (.text.EDMA_linkChannel)
                  700145e8    00000008     --HOLE-- [fill = 0]
                  700145f0    00000078                                                       : i2c_v1_lld.obj (.text.I2C_lld_completeCurrTransfer)
                  70014668    00000008     --HOLE-- [fill = 0]
                  70014670    00000078                                                       : ospi_v0_lld.obj (.text.OSPI_waitIndWriteComplete)
                  700146e8    00000078     libc.a : _io_perm.c.obj (.text.__TI_rd_ok)
                  70014760    00000076     drivers.am263px.r5f.ti-arm-clang.nortos.debug.lib : ospi_v0_lld.obj (.text.OSPI_isDmaRestrictedRegion)
                  700147d6    0000000a     --HOLE-- [fill = 0]
                  700147e0    00000074                                                       : bootloader_uniflash_common.obj (.text.Bootloader_uniflashFlashPhyTuningData)
                  70014854    0000000c     --HOLE-- [fill = 0]
                  70014860    00000074                                                       : ospi_v0.obj (.text.OSPI_writeIndirect)
                  700148d4    0000000c     --HOLE-- [fill = 0]
                  700148e0    00000074                                                       : uart_v0_lld.obj (.text.UART_IsBaseAddrValid)
                  70014954    0000000c     --HOLE-- [fill = 0]
                  70014960    00000072     nortos.am263px.r5f.ti-arm-clang.debug.lib : ClockP_nortos.obj (.text.ClockP_usleep)
                  700149d2    0000000e     --HOLE-- [fill = 0]
                  700149e0    00000072     drivers.am263px.r5f.ti-arm-clang.nortos.debug.lib : edma.obj (.text.EDMA_clrMissEvtRegion)
                  70014a52    0000000e     --HOLE-- [fill = 0]
                  70014a60    00000072                                                       : edma.obj (.text.EDMA_getTcErrorInfo)
                  70014ad2    0000000e     --HOLE-- [fill = 0]
                  70014ae0    00000072                                                       : ospi_lld_dma.obj (.text.OSPI_dmaOpen)
                  70014b52    0000000e     --HOLE-- [fill = 0]
                  70014b60    00000070                                                       : ospi_v0_lld.obj (.text.OSPI_waitIdle)
                  70014bd0    0000006e                                                       : ospi_v0_lld.obj (.text.OSPI_lld_disablePhy)
                  70014c3e    00000002     --HOLE-- [fill = 0]
                  70014c40    0000006e                                                       : ospi_v0_lld.obj (.text.OSPI_lld_readDirect)
                  70014cae    00000002     --HOLE-- [fill = 0]
                  70014cb0    0000006c     libsysbm.a : hostunlink.c.obj (.text.HOSTunlink)
                  70014d1c    00000004     --HOLE-- [fill = 0]
                  70014d20    0000006c     drivers.am263px.r5f.ti-arm-clang.nortos.debug.lib : ospi_v0.obj (.text.OSPI_close)
                  70014d8c    00000004     --HOLE-- [fill = 0]
                  70014d90    0000006a     board.am263px.r5f.ti-arm-clang.nortos.debug.lib : flash_nor_ospi.obj (.text.Flash_quirkSpansionUNHYSADisable)
                  70014dfa    00000006     --HOLE-- [fill = 0]
                  70014e00    00000068     drivers.am263px.r5f.ti-arm-clang.nortos.debug.lib : edma.obj (.text.EDMA_getBaseAddr)
                  70014e68    00000008     --HOLE-- [fill = 0]
                  70014e70    00000068     board.am263px.r5f.ti-arm-clang.nortos.debug.lib : flash_nor_ospi.obj (.text.Flash_norOspiCmdRead)
                  70014ed8    00000008     --HOLE-- [fill = 0]
                  70014ee0    00000068     drivers.am263px.r5f.ti-arm-clang.nortos.debug.lib : ospi_v0_lld.obj (.text.OSPI_waitWriteSRAMLevel)
                  70014f48    00000008     --HOLE-- [fill = 0]
                  70014f50    00000068                                                       : uart_v0_lld.obj (.text.UART_divisorValCompute)
                  70014fb8    00000008     --HOLE-- [fill = 0]
                  70014fc0    00000066     board.am263px.r5f.ti-arm-clang.nortos.debug.lib : eeprom.obj (.text.EEPROM_open)
                  70015026    0000000a     --HOLE-- [fill = 0]
                  70015030    00000066                                                     : flash.obj (.text.Flash_open)
                  70015096    0000000a     --HOLE-- [fill = 0]
                  700150a0    00000066     drivers.am263px.r5f.ti-arm-clang.nortos.debug.lib : i2c_v1.obj (.text.I2C_init)
                  70015106    0000000a     --HOLE-- [fill = 0]
                  70015110    00000064                                                       : i2c_v1.obj (.text.I2C_completeCurrTransfer)
                  70015174    0000000c     --HOLE-- [fill = 0]
                  70015180    00000064                                                       : soc_rcm.obj (.text.SOC_rcmIsR5FInLockStepMode)
                  700151e4    0000000c     --HOLE-- [fill = 0]
                  700151f0    00000064                                                       : uart_v0_lld.obj (.text.UART_fifoRegisterWrite)
                  70015254    0000000c     --HOLE-- [fill = 0]
                  70015260    00000064                                                       : uart_v0_lld.obj (.text.UART_lld_deInitDma)
                  700152c4    0000000c     --HOLE-- [fill = 0]
                  700152d0    00000062                                                       : soc_rcm.obj (.text.SOC_rcmInsert16)
                  70015332    0000000e     --HOLE-- [fill = 0]
                  70015340    00000062     nortos.am263px.r5f.ti-arm-clang.debug.lib : SemaphoreP_nortos.obj (.text.SemaphoreP_post)
                  700153a2    0000000e     --HOLE-- [fill = 0]
                  700153b0    00000060     drivers.am263px.r5f.ti-arm-clang.nortos.debug.lib : edma.obj (.text.EDMA_chainChannel)
                  70015410    00000060     libsysbm.a : hostclose.c.obj (.text.HOSTclose)
                  70015470    00000060     drivers.am263px.r5f.ti-arm-clang.nortos.debug.lib : ospi_lld_dma.obj (.text.OSPI_dmaCopy)
                  700154d0    00000060                                                       : uart_v0_lld.obj (.text.UART_getChar)
                  70015530    00000060                                                       : uart_v0_lld.obj (.text.UART_writeData)
                  70015590    00000060     main.obj (.text.sbl_jtag_uniflash_erase_all)
                  700155f0    0000005c     ti_power_clock_config.obj (.text.Module_clockSetFrequency)
                  7001564c    00000004     --HOLE-- [fill = 0]
                  70015650    0000005c     drivers.am263px.r5f.ti-arm-clang.nortos.debug.lib : ospi_v0_lld.obj (.text.OSPI_utilLog2)
                  700156ac    00000004     --HOLE-- [fill = 0]
                  700156b0    0000005c                                                       : uart_v0_lld.obj (.text.UART_lld_deInit)
                  7001570c    00000004     --HOLE-- [fill = 0]
                  70015710    0000005a                                                       : uart_dma_edma.obj (.text.UART_lld_dmaDisableChannel)
                  7001576a    00000006     --HOLE-- [fill = 0]
                  70015770    0000005a                                                       : uart_v0_lld.obj (.text.UART_regConfigModeEnable)
                  700157ca    00000006     --HOLE-- [fill = 0]
                  700157d0    00000058     middleware.am263px.r5f.ti-arm-clang.nortos.debug.lib : tielfup32.obj (.text.ELFUP_init)
                  70015828    00000008     --HOLE-- [fill = 0]
                  70015830    00000058     board.am263px.r5f.ti-arm-clang.nortos.debug.lib : flash_nor_ospi.obj (.text.Flash_norOspiCmdWrite)
                  70015888    00000008     --HOLE-- [fill = 0]
                  70015890    00000058     drivers.am263px.r5f.ti-arm-clang.nortos.debug.lib : ospi_v0_lld.obj (.text.OSPI_writeFifoData)
                  700158e8    00000008     --HOLE-- [fill = 0]
                  700158f0    00000058                                                       : soc_rcm.obj (.text.SOC_rcmGetModuleClkDivVal)
                  70015948    00000008     --HOLE-- [fill = 0]
                  70015950    00000058                                                       : uart_v0.obj (.text.UART_getHandle)
                  700159a8    00000058     libc.a : fopen.c.obj (.text.__TI_cleanup)
                  70015a00    00000058     libsysbm.a : trgmsg.c.obj (.text.__TI_readmsg)
                  70015a58    00000058                : trgmsg.c.obj (.text.__TI_writemsg)
                  70015ab0    00000056     drivers.am263px.r5f.ti-arm-clang.nortos.debug.lib : edma.obj (.text.EDMA_getHandle)
                  70015b06    0000000a     --HOLE-- [fill = 0]
                  70015b10    00000056                                                       : i2c_v1.obj (.text.I2C_getHandle)
                  70015b66    0000000a     --HOLE-- [fill = 0]
                  70015b70    00000056                                                       : ospi_v0_lld.obj (.text.OSPI_getCmdExt)
                  70015bc6    0000000a     --HOLE-- [fill = 0]
                  70015bd0    00000056                                                       : ospi_v0_lld.obj (.text.OSPI_lld_configResetPin)
                  70015c26    0000000a     --HOLE-- [fill = 0]
                  70015c30    00000056                                                       : uart_v0.obj (.text.UART_lld_readCompleteCallback)
                  70015c86    0000000a     --HOLE-- [fill = 0]
                  70015c90    00000056                                                       : uart_v0.obj (.text.UART_lld_writeCompleteCallback)
                  70015ce6    0000000a     --HOLE-- [fill = 0]
                  70015cf0    00000054                                                       : edma.obj (.text.EDMA_setPaRAM)
                  70015d44    0000000c     --HOLE-- [fill = 0]
                  70015d50    00000054                                                       : ospi_v0_lld.obj (.text.OSPI_lld_configBaudrate)
                  70015da4    0000000c     --HOLE-- [fill = 0]
                  70015db0    00000054                                                       : ospi_v0_lld.obj (.text.OSPI_readFifoData)
                  70015e04    0000000c     --HOLE-- [fill = 0]
                  70015e10    00000054                                                       : uart_v0_lld.obj (.text.UART_OperModeValid)
                  70015e64    00000054     libc.a : exit.c.obj (.text.exit)
                  70015eb8    00000054            : getdevice.c.obj (.text.finddevice)
                  70015f0c    00000054            : autoinit.c.obj (.text:__TI_auto_init_nobinit_nopinit)
                  70015f60    00000052     ti_drivers_open_close.obj (.text.Drivers_i2cClose)
                  70015fb2    0000000e     --HOLE-- [fill = 0]
                  70015fc0    00000052     drivers.am263px.r5f.ti-arm-clang.nortos.debug.lib : edma.obj (.text.EDMA_readIntrStatusRegion)
                  70016012    0000000e     --HOLE-- [fill = 0]
                  70016020    00000052     board.am263px.r5f.ti-arm-clang.nortos.debug.lib : flash.obj (.text.Flash_read)
                  70016072    0000000e     --HOLE-- [fill = 0]
                  70016080    00000052                                                     : flash.obj (.text.Flash_write)
                  700160d2    0000000e     --HOLE-- [fill = 0]
                  700160e0    00000052     drivers.am263px.r5f.ti-arm-clang.nortos.debug.lib : i2c_v1_lld.obj (.text.I2C_lld_deInit)
                  70016132    0000000e     --HOLE-- [fill = 0]
                  70016140    00000050     ti_board_open_close.obj (.text.Board_eepromClose)
                  70016190    00000050     ti_board_open_close.obj (.text.Board_flashClose)
                  700161e0    00000050     ti_drivers_open_close.obj (.text.Drivers_edmaClose)
                  70016230    00000050     ti_drivers_open_close.obj (.text.Drivers_ospiClose)
                  70016280    00000050     ti_drivers_open_close.obj (.text.Drivers_uartClose)
                  700162d0    00000050     drivers.am263px.r5f.ti-arm-clang.nortos.debug.lib : pinmux.obj (.text.Pinmux_config)
                  70016320    00000050                                                       : uart_v0_lld.obj (.text.UART_checkCharsAvailInFifo)
                  70016370    0000004e                                                       : edma.obj (.text.EDMA_clrEvtRegion)
                  700163be    00000002     --HOLE-- [fill = 0]
                  700163c0    0000004e                                                       : edma.obj (.text.EDMA_clrIntrRegion)
                  7001640e    00000002     --HOLE-- [fill = 0]
                  70016410    0000004e                                                       : edma.obj (.text.EDMA_disableDmaEvtRegion)
                  7001645e    00000002     --HOLE-- [fill = 0]
                  70016460    0000004e                                                       : edma.obj (.text.EDMA_disableEvtIntrRegion)
                  700164ae    00000002     --HOLE-- [fill = 0]
                  700164b0    0000004e                                                       : edma.obj (.text.EDMA_enableDmaEvtRegion)
                  700164fe    00000002     --HOLE-- [fill = 0]
                  70016500    0000004e                                                       : edma.obj (.text.EDMA_enableEvtIntrRegion)
                  7001654e    00000002     --HOLE-- [fill = 0]
                  70016550    0000004e                                                       : edma.obj (.text.EDMA_getCcErrorInfo)
                  7001659e    00000002     --HOLE-- [fill = 0]
                  700165a0    0000004e                                                       : edma.obj (.text.EDMA_setEvtRegion)
                  700165ee    00000002     --HOLE-- [fill = 0]
                  700165f0    0000004e                                                       : ospi_v0.obj (.text.OSPI_readCmd)
                  7001663e    00000002     --HOLE-- [fill = 0]
                  70016640    0000004e                                                       : ospi_v0.obj (.text.OSPI_writeCmd)
                  7001668e    00000002     --HOLE-- [fill = 0]
                  70016690    0000004c     nortos.am263px.r5f.ti-arm-clang.debug.lib : ClockP_nortos.obj (.text.ClockP_construct)
                  700166dc    00000004     --HOLE-- [fill = 0]
                  700166e0    0000004c     drivers.am263px.r5f.ti-arm-clang.nortos.debug.lib : edma.obj (.text.EDMA_ccPaRAMEntry_init)
                  7001672c    00000004     --HOLE-- [fill = 0]
                  70016730    0000004c                                                       : edma.obj (.text.EDMA_mapQdmaChToPaRAM)
                  7001677c    00000004     --HOLE-- [fill = 0]
                  70016780    0000004c                                                       : edma.obj (.text.EDMA_readEventStatusRegion)
                  700167cc    00000004     --HOLE-- [fill = 0]
                  700167d0    0000004c     ti_power_clock_config.obj (.text.Module_clockEnable)
                  7001681c    00000004     --HOLE-- [fill = 0]
                  70016820    0000004c     drivers.am263px.r5f.ti-arm-clang.nortos.debug.lib : ospi_v0.obj (.text.OSPI_getHandle)
                  7001686c    00000004     --HOLE-- [fill = 0]
                  70016870    0000004c                                                       : ospi_v0_lld.obj (.text.OSPI_lld_readBaudRateDivFromReg)
                  700168bc    0000004c     libc.a : fclose.c.obj (.text.fclose)
                  70016908    0000004c            : fopen.c.obj (.text.fopen)
                  70016954    0000000c     --HOLE-- [fill = 0]
                  70016960    0000004a     drivers.am263px.r5f.ti-arm-clang.nortos.debug.lib : uart_v0_lld.obj (.text.UART_getIntrIdentityStatus)
                  700169aa    00000006     --HOLE-- [fill = 0]
                  700169b0    0000004a                                                       : uart_v0_lld.obj (.text.UART_lineCharConfig)
                  700169fa    00000006     --HOLE-- [fill = 0]
                  70016a00    00000048                                                       : edma.obj (.text.EDMA_clearTcErrors)
                  70016a48    00000008     --HOLE-- [fill = 0]
                  70016a50    00000048     board.am263px.r5f.ti-arm-clang.nortos.debug.lib : eeprom.obj (.text.EEPROM_read)
                  70016a98    00000008     --HOLE-- [fill = 0]
                  70016aa0    00000048     drivers.am263px.r5f.ti-arm-clang.nortos.debug.lib : ospi_v0_lld.obj (.text.OSPI_lld_enableDacMode)
                  70016ae8    00000008     --HOLE-- [fill = 0]
                  70016af0    00000048                                                       : ospi_v0_lld.obj (.text.OSPI_lld_setDeviceSize)
                  70016b38    00000008     --HOLE-- [fill = 0]
                  70016b40    00000048                                                       : ospi_v0_lld.obj (.text.OSPI_lld_setNumAddrBytes)
                  70016b88    00000008     --HOLE-- [fill = 0]
                  70016b90    00000048                                                       : uart_v0_lld.obj (.text.UART_resetModule)
                  70016bd8    00000048     libsysbm.a : unlink.c.obj (.text.unlink)
                  70016c20    00000046     nortos.am263px.r5f.ti-arm-clang.debug.lib : DebugP_uartLogWriter.obj (.text.DebugP_uartLogWriterPutChar)
                  70016c66    0000000a     --HOLE-- [fill = 0]
                  70016c70    00000046     drivers.am263px.r5f.ti-arm-clang.nortos.debug.lib : i2c_v1.obj (.text.I2C_hwiFxn)
                  70016cb6    0000000a     --HOLE-- [fill = 0]
                  70016cc0    00000046                                                       : ospi_v0_lld.obj (.text.OSPI_lld_disableDacMode)
                  70016d06    0000000a     --HOLE-- [fill = 0]
                  70016d10    00000046                                                       : ospi_phy_am26x_lld.obj (.text.OSPI_lld_phyTuneDDR)
                  70016d56    0000000a     --HOLE-- [fill = 0]
                  70016d60    00000046                                                       : uart_v0_lld.obj (.text.UART_i2310WA)
                  70016da6    0000000a     --HOLE-- [fill = 0]
                  70016db0    00000046                                                       : uart_v0_lld.obj (.text.UART_readLineStatus)
                  70016df6    0000000a     --HOLE-- [fill = 0]
                  70016e00    00000044     ti_dpl_config.obj (.text.Dpl_init)
                  70016e44    0000000c     --HOLE-- [fill = 0]
                  70016e50    00000044     drivers.am263px.r5f.ti-arm-clang.nortos.debug.lib : ospi_lld_dma.obj (.text.OSPI_dmaClose)
                  70016e94    0000000c     --HOLE-- [fill = 0]
                  70016ea0    00000044                                                       : ospi_lld_dma.obj (.text.OSPI_isDmaInterruptEnabled)
                  70016ee4    0000000c     --HOLE-- [fill = 0]
                  70016ef0    00000044                                                       : soc_rcm.obj (.text.SOC_rcmExtract8)
                  70016f34    0000000c     --HOLE-- [fill = 0]
                  70016f40    00000044                                                       : soc_rcm.obj (.text.SOC_rcmMake16)
                  70016f84    0000000c     --HOLE-- [fill = 0]
                  70016f90    00000044     nortos.am263px.r5f.ti-arm-clang.debug.lib : SemaphoreP_nortos.obj (.text.SemaphoreP_construct)
                  70016fd4    0000000c     --HOLE-- [fill = 0]
                  70016fe0    00000044                                               : DebugP_nortos.obj (.text._DebugP_logZone)
                  70017024    0000000c     --HOLE-- [fill = 0]
                  70017030    00000044                                               : printf.obj (.text._strnlen_s)
                  70017074    0000000c     --HOLE-- [fill = 0]
                  70017080    00000042                                               : ClockP_nortos.obj (.text.ClockP_start)
                  700170c2    0000000e     --HOLE-- [fill = 0]
                  700170d0    00000042     drivers.am263px.r5f.ti-arm-clang.nortos.debug.lib : uart_v0.obj (.text.UART_checkOpenParams)
                  70017112    0000000e     --HOLE-- [fill = 0]
                  70017120    00000040                                                       : i2c_v1_lld.obj (.text.I2C_lld_transferIntr)
                  70017160    00000040                                                       : i2c_v1_lld.obj (.text.I2C_lld_transferPoll)
                  700171a0    00000040     libc.a : memory.c.obj (.text.free_list_insert)
                  700171e0    00000040            : memcmp.c.obj (.text.memcmp)
                  70017220    0000003e     board.am263px.r5f.ti-arm-clang.nortos.debug.lib : flash.obj (.text.Flash_eraseBlk)
                  7001725e    00000002     --HOLE-- [fill = 0]
                  70017260    0000003e                                                     : flash.obj (.text.Flash_eraseSector)
                  7001729e    00000002     --HOLE-- [fill = 0]
                  700172a0    0000003e                                                     : flash.obj (.text.Flash_getAttrs)
                  700172de    00000002     --HOLE-- [fill = 0]
                  700172e0    0000003e     drivers.am263px.r5f.ti-arm-clang.nortos.debug.lib : pinmux.obj (.text.Pinmux_unlockMMR)
                  7001731e    00000002     --HOLE-- [fill = 0]
                  70017320    0000003e                                                       : uart_v0_lld.obj (.text.UART_IsHWFlowCtrlValid)
                  7001735e    00000002     --HOLE-- [fill = 0]
                  70017360    0000003e                                                       : uart_v0_lld.obj (.text.UART_spaceAvail)
                  7001739e    00000002     --HOLE-- [fill = 0]
                  700173a0    0000003c     board.am263px.r5f.ti-arm-clang.nortos.debug.lib : eeprom_cat24m.obj (.text.EEPROM_CAT24M_close)
                  700173dc    00000004     --HOLE-- [fill = 0]
                  700173e0    0000003c     drivers.am263px.r5f.ti-arm-clang.nortos.debug.lib : ospi_v0_lld.obj (.text.OSPI_lld_setRdDataCaptureDelay)
                  7001741c    00000004     --HOLE-- [fill = 0]
                  70017420    0000003c                                                       : uart_v0_lld.obj (.text.UART_IsParityTypeValid)
                  7001745c    00000004     --HOLE-- [fill = 0]
                  70017460    0000003c                                                       : uart_v0_lld.obj (.text.UART_IsTxRxFifoEmpty)
                  7001749c    00000004     --HOLE-- [fill = 0]
                  700174a0    0000003c                                                       : uart_v0_lld.obj (.text.UART_enhanFuncEnable)
                  700174dc    00000004     --HOLE-- [fill = 0]
                  700174e0    0000003a                                                       : ospi_edma_lld.obj (.text.OSPI_EdmaParams_init)
                  7001751a    00000006     --HOLE-- [fill = 0]
                  70017520    0000003a                                                       : ospi_v0.obj (.text.OSPI_enableSDR)
                  7001755a    00000006     --HOLE-- [fill = 0]
                  70017560    0000003a                                                       : soc.obj (.text.SOC_moduleSetClockFrequency)
                  7001759a    00000006     --HOLE-- [fill = 0]
                  700175a0    0000003a     nortos.am263px.r5f.ti-arm-clang.debug.lib : printf.obj (.text._atoi)
                  700175da    00000006     --HOLE-- [fill = 0]
                  700175e0    00000038     drivers.am263px.r5f.ti-arm-clang.nortos.debug.lib : ospi_phy_am26x_lld.obj (.text.CSL_REG32_FINS_RAW)
                  70017618    00000008     --HOLE-- [fill = 0]
                  70017620    00000038                                                       : ospi_v0_lld.obj (.text.CSL_REG32_FINS_RAW)
                  70017658    00000008     --HOLE-- [fill = 0]
                  70017660    00000038                                                       : edma.obj (.text.EDMA_qdmaClrMissEvtRegion)
                  70017698    00000008     --HOLE-- [fill = 0]
                  700176a0    00000038                                                       : i2c_v1.obj (.text.I2C_LLD_transferCompleteCallback)
                  700176d8    00000008     --HOLE-- [fill = 0]
                  700176e0    00000038                                                       : ospi_v0.obj (.text.OSPI_configBaudrate)
                  70017718    00000008     --HOLE-- [fill = 0]
                  70017720    00000038                                                       : ospi_v0.obj (.text.OSPI_getBaudRateDivFromObj)
                  70017758    00000008     --HOLE-- [fill = 0]
                  70017760    00000038                                                       : ospi_v0.obj (.text.OSPI_setRdDataCaptureDelay)
                  70017798    00000008     --HOLE-- [fill = 0]
                  700177a0    00000038                                                       : ospi_v0.obj (.text.OSPI_setResetPinStatus)
                  700177d8    00000008     --HOLE-- [fill = 0]
                  700177e0    00000038                                                       : uart_v0_lld.obj (.text.UART_writeDataPolling)
                  70017818    00000008     --HOLE-- [fill = 0]
                  70017820    00000036                                                       : edma.obj (.text.EDMA_getRegionId)
                  70017856    0000000a     --HOLE-- [fill = 0]
                  70017860    00000036     board.am263px.r5f.ti-arm-clang.nortos.debug.lib : flash.obj (.text.Flash_getHandle)
                  70017896    0000000a     --HOLE-- [fill = 0]
                  700178a0    00000036     drivers.am263px.r5f.ti-arm-clang.nortos.debug.lib : ospi_v0_lld.obj (.text.OSPI_lld_enableDdrRdCmds)
                  700178d6    0000000a     --HOLE-- [fill = 0]
                  700178e0    00000036                                                       : ospi_v0_lld.obj (.text.OSPI_lld_readCmdParams_init)
                  70017916    0000000a     --HOLE-- [fill = 0]
                  70017920    00000034                                                       : bootloader_uniflash_rprc.obj (.text.Bootloader_Uniflash_RPRC_flashVerifyXIPFile)
                  70017954    0000000c     --HOLE-- [fill = 0]
                  70017960    00000034                                                       : ospi_v0.obj (.text.OSPI_disableDacMode)
                  70017994    0000000c     --HOLE-- [fill = 0]
                  700179a0    00000034                                                       : ospi_v0.obj (.text.OSPI_disablePhy)
                  700179d4    0000000c     --HOLE-- [fill = 0]
                  700179e0    00000034                                                       : ospi_v0.obj (.text.OSPI_enableDacMode)
                  70017a14    0000000c     --HOLE-- [fill = 0]
                  70017a20    00000034                                                       : ospi_v0.obj (.text.OSPI_enablePhy)
                  70017a54    0000000c     --HOLE-- [fill = 0]
                  70017a60    00000034                                                       : ospi_v0_lld.obj (.text.OSPI_lld_disablePhyPipeline)
                  70017a94    0000000c     --HOLE-- [fill = 0]
                  70017aa0    00000034                                                       : ospi_v0_lld.obj (.text.OSPI_lld_enableDDR)
                  70017ad4    0000000c     --HOLE-- [fill = 0]
                  70017ae0    00000034                                                       : ospi_v0_lld.obj (.text.OSPI_lld_enableSDR)
                  70017b14    0000000c     --HOLE-- [fill = 0]
                  70017b20    00000034                                                       : ospi_v0_lld.obj (.text.OSPI_lld_isChipSelectValid)
                  70017b54    0000000c     --HOLE-- [fill = 0]
                  70017b60    00000034                                                       : ospi_v0_lld.obj (.text.OSPI_lld_isFrameFormatValid)
                  70017b94    0000000c     --HOLE-- [fill = 0]
                  70017ba0    00000034                                                       : ospi_v0_lld.obj (.text.OSPI_lld_setResetPinStatus)
                  70017bd4    0000000c     --HOLE-- [fill = 0]
                  70017be0    00000034                                                       : ospi_v0.obj (.text.OSPI_setXferOpCodes)
                  70017c14    0000000c     --HOLE-- [fill = 0]
                  70017c20    00000034                                                       : pinmux.obj (.text.Pinmux_lockMMR)
                  70017c54    0000000c     --HOLE-- [fill = 0]
                  70017c60    00000034     nortos.am263px.r5f.ti-arm-clang.debug.lib : TimerP_rti_priv.obj (.text.TimerP_Params_initPriv)
                  70017c94    0000000c     --HOLE-- [fill = 0]
                  70017ca0    00000034     drivers.am263px.r5f.ti-arm-clang.nortos.debug.lib : uart_v0_lld.obj (.text.UART_IsDataLengthValid)
                  70017cd4    0000000c     --HOLE-- [fill = 0]
                  70017ce0    00000034                                                       : uart_v0_lld.obj (.text.UART_checkTransaction)
                  70017d14    00000034     libc.a : memory.c.obj (.text.free_list_remove)
                  70017d48    00000034     libsysbm.a : lseek.c.obj (.text.lseek)
                  70017d7c    00000034                : read.c.obj (.text.read)
                  70017db0    00000034                : write.c.obj (.text.write)
                  70017de4    0000000c     --HOLE-- [fill = 0]
                  70017df0    00000032     drivers.am263px.r5f.ti-arm-clang.nortos.debug.lib : bootloader_uniflash.obj (.text.Bootloader_uniflashInitRespHeader)
                  70017e22    0000000e     --HOLE-- [fill = 0]
                  70017e30    00000032                                                       : edma.obj (.text.HW_WR_FIELD32_RAW)
                  70017e62    0000000e     --HOLE-- [fill = 0]
                  70017e70    00000032                                                       : uart_v0_lld.obj (.text.HW_WR_FIELD32_RAW)
                  70017ea2    0000000e     --HOLE-- [fill = 0]
                  70017eb0    00000032                                                       : i2c_v1_lld.obj (.text.I2C_lld_Message_init)
                  70017ee2    0000000e     --HOLE-- [fill = 0]
                  70017ef0    00000032                                                       : ospi_v0_lld.obj (.text.OSPI_lld_setCmdDummyCycles)
                  70017f22    0000000e     --HOLE-- [fill = 0]
                  70017f30    00000032                                                       : ospi_v0_lld.obj (.text.OSPI_lld_setReadDummyCycles)
                  70017f62    0000000e     --HOLE-- [fill = 0]
                  70017f70    00000032                                                       : ospi_v0_lld.obj (.text.OSPI_lld_writeCmdParams_init)
                  70017fa2    0000000e     --HOLE-- [fill = 0]
                  70017fb0    00000032     board.am263px.r5f.ti-arm-clang.nortos.debug.lib : ioexp_tca6416.obj (.text.TCA6416_close)
                  70017fe2    0000000e     --HOLE-- [fill = 0]
                  70017ff0    00000032                                                     : ioexp_tca6424.obj (.text.TCA6424_close)
                  70018022    0000000e     --HOLE-- [fill = 0]
                  70018030    00000032     nortos.am263px.r5f.ti-arm-clang.debug.lib : TimerP_rti_priv.obj (.text.TimerP_getCountPriv)
                  70018062    0000000e     --HOLE-- [fill = 0]
                  70018070    00000032     drivers.am263px.r5f.ti-arm-clang.nortos.debug.lib : uart_v0_lld.obj (.text.UART_enhanFuncBitValRestore)
                  700180a2    0000000e     --HOLE-- [fill = 0]
                  700180b0    00000032                                                       : uart_v0_lld.obj (.text.UART_hardwareFlowCtrlOptSet)
                  700180e2    0000000e     --HOLE-- [fill = 0]
                  700180f0    00000030     board.am263px.r5f.ti-arm-clang.nortos.debug.lib : eeprom.obj (.text.EEPROM_close)
                  70018120    00000030                                                     : flash.obj (.text.Flash_close)
                  70018150    00000030                                                     : flash_nor_ospi.obj (.text.Flash_norOspiDacModeDisable)
                  70018180    00000030                                                     : flash_nor_ospi.obj (.text.Flash_norOspiDacModeEnable)
                  700181b0    00000030     drivers.am263px.r5f.ti-arm-clang.nortos.debug.lib : i2c_v1_lld.obj (.text.I2CControllerControl)
                  700181e0    00000030                                                       : ospi_phy_am26x.obj (.text.OSPI_phyReadAttackVector)
                  70018210    00000030                                                       : ospi_phy_am26x.obj (.text.OSPI_phyTuneDDR)
                  70018240    00000030                                                       : uart_v0_lld.obj (.text.UART_flowCtrlTrigLvlConfig)
                  70018270    0000002e                                                       : ospi_v0_lld.obj (.text.OSPI_disableInterrupt)
                  7001829e    00000002     --HOLE-- [fill = 0]
                  700182a0    0000002e                                                       : ospi_v0_lld.obj (.text.OSPI_enableInterrupt)
                  700182ce    00000002     --HOLE-- [fill = 0]
                  700182d0    0000002e                                                       : uart_dma_edma.obj (.text.UART_lld_dmaInit)
                  700182fe    00000002     --HOLE-- [fill = 0]
                  70018300    0000002e     nortos.am263px.r5f.ti-arm-clang.debug.lib : printf.obj (.text._is_digit)
                  7001832e    00000002     --HOLE-- [fill = 0]
                  70018330    0000002c                                               : DebugP_log.obj (.text.DebugP_logZoneEnable)
                  7001835c    00000004     --HOLE-- [fill = 0]
                  70018360    0000002c     drivers.am263px.r5f.ti-arm-clang.nortos.debug.lib : i2c_v1_lld.obj (.text.I2CModeControl)
                  7001838c    00000004     --HOLE-- [fill = 0]
                  70018390    0000002c                                                       : ospi_v0.obj (.text.OSPI_isDacEnable)
                  700183bc    00000004     --HOLE-- [fill = 0]
                  700183c0    0000002c                                                       : ospi_v0.obj (.text.OSPI_isPhyEnable)
                  700183ec    00000004     --HOLE-- [fill = 0]
                  700183f0    0000002c                                                       : ospi_v0.obj (.text.OSPI_setDeviceSize)
                  7001841c    00000004     --HOLE-- [fill = 0]
                  70018420    0000002c     nortos.am263px.r5f.ti-arm-clang.debug.lib : SemaphoreP_nortos.obj (.text.SemaphoreP_constructBinary)
                  7001844c    00000004     --HOLE-- [fill = 0]
                  70018450    0000002a     ti_board_open_close.obj (.text.Board_driversOpen)
                  7001847a    00000006     --HOLE-- [fill = 0]
                  70018480    0000002a     drivers.am263px.r5f.ti-arm-clang.nortos.debug.lib : bootloader_uniflash_mcelf.obj (.text.Bootloader_Uniflash_MCELF_flashVerifyXIPFile)
                  700184aa    00000006     --HOLE-- [fill = 0]
                  700184b0    0000002a                                                       : bootloader_uniflash_rprc.obj (.text.Bootloader_Uniflash_RPRC_flashXIPFile)
                  700184da    00000006     --HOLE-- [fill = 0]
                  700184e0    0000002a     nortos.am263px.r5f.ti-arm-clang.debug.lib : ClockP_nortos.obj (.text.ClockP_sleepTicks)
                  7001850a    00000006     --HOLE-- [fill = 0]
                  70018510    0000002a     drivers.am263px.r5f.ti-arm-clang.nortos.debug.lib : i2c_v1_lld.obj (.text.I2C_lld_Transaction_init)
                  7001853a    00000006     --HOLE-- [fill = 0]
                  70018540    0000002a                                                       : i2c_v1.obj (.text.I2C_transferCallback)
                  7001856a    00000006     --HOLE-- [fill = 0]
                  70018570    0000002a                                                       : ospi_v0_lld.obj (.text.OSPI_lld_setModeBits)
                  7001859a    00000006     --HOLE-- [fill = 0]
                  700185a0    0000002a                                                       : uart_v0.obj (.text.UART_Transaction_init)
                  700185ca    00000006     --HOLE-- [fill = 0]
                  700185d0    0000002a                                                       : uart_v0_lld.obj (.text.UART_intr2Disable)
                  700185fa    00000006     --HOLE-- [fill = 0]
                  70018600    0000002a                                                       : uart_v0_lld.obj (.text.UART_lld_Transaction_init)
                  7001862a    00000006     --HOLE-- [fill = 0]
                  70018630    0000002a                                                       : uart_v0_lld.obj (.text.UART_operatingModeSelect)
                  7001865a    00000006     --HOLE-- [fill = 0]
                  70018660    0000002a     main.obj (.text.flashFixUpOspiBoot)
                  7001868a    00000006     --HOLE-- [fill = 0]
                  70018690    00000028     nortos.am263px.r5f.ti-arm-clang.debug.lib : CpuId_armv7r.obj (.text.CSL_armR5GetCpuID)
                  700186b8    00000008     --HOLE-- [fill = 0]
                  700186c0    00000028     drivers.am263px.r5f.ti-arm-clang.nortos.debug.lib : ospi_v0_lld.obj (.text.OSPI_lld_Transaction_init)
                  700186e8    00000008     --HOLE-- [fill = 0]
                  700186f0    00000028                                                       : ospi_v0_lld.obj (.text.OSPI_lld_clearDualOpCodeMode)
                  70018718    00000008     --HOLE-- [fill = 0]
[...]
70016641  OSPI_writeCmd                               
70016691  ClockP_construct                            
700166e1  EDMA_ccPaRAMEntry_init                      
70016731  EDMA_mapQdmaChToPaRAM                       
70016781  EDMA_readEventStatusRegion                  
700167d1  Module_clockEnable                          
70016821  OSPI_getHandle                              
70016871  OSPI_lld_readBaudRateDivFromReg             
700168bc  fclose                                      
70016908  fopen                                       
70016961  UART_getIntrIdentityStatus                  
70016a51  EEPROM_read                                 
70016aa1  OSPI_lld_enableDacMode                      
70016af1  OSPI_lld_setDeviceSize                      
70016b41  OSPI_lld_setNumAddrBytes                    
70016bd8  unlink                                      
70016c21  DebugP_uartLogWriterPutChar                 
70016cc1  OSPI_lld_disableDacMode                     
70016d11  OSPI_lld_phyTuneDDR                         
70016db1  UART_readLineStatus                         
70016e01  Dpl_init                                    
70016e51  OSPI_dmaClose                               
70016ea1  OSPI_isDmaInterruptEnabled                  
70016f91  SemaphoreP_construct                        
70016fe1  _DebugP_logZone                             
70017081  ClockP_start                                
70017121  I2C_lld_transferIntr                        
70017161  I2C_lld_transferPoll                        
700171e0  memcmp                                      
70017221  Flash_eraseBlk                              
70017261  Flash_eraseSector                           
700172a1  Flash_getAttrs                              
70017361  UART_spaceAvail                             
700173a1  EEPROM_CAT24M_close                         
700173e1  OSPI_lld_setRdDataCaptureDelay              
70017461  UART_IsTxRxFifoEmpty                        
700174e1  OSPI_EdmaParams_init                        
70017521  OSPI_enableSDR                              
70017561  SOC_moduleSetClockFrequency                 
70017661  EDMA_qdmaClrMissEvtRegion                   
700176e1  OSPI_configBaudrate                         
70017721  OSPI_getBaudRateDivFromObj                  
70017761  OSPI_setRdDataCaptureDelay                  
700177a1  OSPI_setResetPinStatus                      
70017821  EDMA_getRegionId                            
70017861  Flash_getHandle                             
700178a1  OSPI_lld_enableDdrRdCmds                    
700178e1  OSPI_lld_readCmdParams_init                 
70017921  Bootloader_Uniflash_RPRC_flashVerifyXIPFile 
70017961  OSPI_disableDacMode                         
700179a1  OSPI_disablePhy                             
700179e1  OSPI_enableDacMode                          
70017a21  OSPI_enablePhy                              
70017a61  OSPI_lld_disablePhyPipeline                 
70017aa1  OSPI_lld_enableDDR                          
70017ae1  OSPI_lld_enableSDR                          
70017ba1  OSPI_lld_setResetPinStatus                  
70017be1  OSPI_setXferOpCodes                         
70017c61  TimerP_Params_initPriv                      
70017d48  lseek                                       
70017d7c  read                                        
70017db0  write                                       
70017eb1  I2C_lld_Message_init                        
70017ef1  OSPI_lld_setCmdDummyCycles                  
70017f31  OSPI_lld_setReadDummyCycles                 
70017f71  OSPI_lld_writeCmdParams_init                
70017fb1  TCA6416_close                               
70017ff1  TCA6424_close                               
70018031  TimerP_getCountPriv                         
700180f1  EEPROM_close                                
70018121  Flash_close                                 
700181e1  OSPI_phyReadAttackVector                    
70018211  OSPI_phyTuneDDR                             
700182d1  UART_lld_dmaInit                            
70018331  DebugP_logZoneEnable                        
70018391  OSPI_isDacEnable                            
700183c1  OSPI_isPhyEnable                            
700183f1  OSPI_setDeviceSize                          
70018421  SemaphoreP_constructBinary                  
70018451  Board_driversOpen                           
70018481  Bootloader_Uniflash_MCELF_flashVerifyXIPFile
700184b1  Bootloader_Uniflash_RPRC_flashXIPFile       
70018511  I2C_lld_Transaction_init                    
70018571  OSPI_lld_setModeBits                        
700185a1  UART_Transaction_init                       
700185d1  UART_intr2Disable                           
70018601  UART_lld_Transaction_init                   
70018631  UART_operatingModeSelect                    
70018661  flashFixUpOspiBoot                          
70018691  CSL_armR5GetCpuID                           
700186c1  OSPI_lld_Transaction_init                   
700186f1  OSPI_lld_clearDualOpCodeMode                
70018721  OSPI_lld_enableModeBitsCmd                  
70018751  OSPI_lld_enableModeBitsRead                 
70018781  OSPI_lld_setDualOpCodeMode                  
700187b1  OSPI_setCmdDummyCycles                      
700187e1  OSPI_setCmdExtType                          
70018811  OSPI_setModeBits                            
70018841  OSPI_setNumAddrBytes                        
70018871  OSPI_setPhyEnableSuccess                    
700188a1  OSPI_setProtocol                            
700188d1  OSPI_setReadDummyCycles                     
70018901  vprintf_                                    
70018931  EDMA_disableQdmaEvtRegion                   
70018961  EDMA_enableQdmaEvtRegion                    
70018991  EDMA_getIntrStatusRegion                    
700189c1  EDMA_intrStatusHighGetRegion                
70018a81  Flash_getPhyTuningOffset                    
70018b11  I2C_Transaction_init                        
70018b41  OSPI_clearDualOpCodeMode                    
70018ba1  OSPI_enableModeBitsCmd                      
70018bd1  OSPI_enableModeBitsRead                     
70018c31  SemaphoreP_constructMutex                   
70018ce4  __aeabi_uldivmod                            
70018d41  EDMA_channelToParamMap                      
70018dd1  Bootloader_Uniflash_MCELF_flashXIPFile      
70018df1  ClockP_isActive                             
70018e11  ClockP_usecToTicks                          
70018e51  OSPI_lld_readCompleteCallback               
70018e71  System_init                                 
70018e91  ClockP_Params_init                          
70018eb1  EDMA_getEventStatusHigh                     
70018f91  OSPI_lld_getFlashDataBaseAddr               
70018fb1  SOC_moduleClockEnable                       
70018ff1  UART_lld_Transaction_deInit                 
70019031  EDMA_errIntrHighStatusGet                   
70019051  EDMA_getCCErrStatus                         
70019071  EDMA_getErrIntrStatus                       
70019091  EDMA_getEventStatus                         
700190b1  EDMA_qdmaGetErrIntrStatus                   
700190f1  OSPI_lld_phyGetTuningData                   
70019111  TCA6416_Params_init                         
70019131  TCA6424_Params_init                         
70019171  putchar_                                    
700191c4  TI_memcpy_small                             
700191e1  I2C_Params_init                             
70019201  OSPI_lld_setCmdExtType                      
70019261  EDMA_clrCCErr                               
70019281  EDMA_isInterruptEnabled                     
70019321  OSPI_ReadCmdParams_init                     
70019341  OSPI_Transaction_init                       
70019361  OSPI_WriteCmdParams_init                    
70019381  OSPI_edmaItrStatus                          
700193a1  OSPI_lld_setPhyEnableSuccess                
700193c1  SemaphoreP_Params_init                      
700193e1  TCA6416_getAttrs                            
70019401  TCA6424_getAttrs                            
70019421  TimerP_getReloadCountPriv                   
70019481  UART_putChar                                
70019498  TI_memset_small                             
70019531  OSPI_lld_isDacEnable                        
70019551  OSPI_lld_isPhyEnable                        
70019571  TimerP_startPriv                            
70019591  TimerP_stopPriv                             
700195f1  DebugP_uartSetDrvIndex                      
70019611  Drivers_close                               
70019631  Drivers_open                                
70019711  OSPI_phyGetTuningData                       
70019731  TimerP_clearOverflowIntPriv                 
70019751  TimerP_setup                                
70019764  gets                                        
700197a1  Pinmux_init                                 
70019801  ClockP_getTimerCount                        
70019811  ClockP_timerClearOverflowInt                
70019861  TimerP_Params_init                          
70019871  TimerP_clearOverflowInt                     
70019881  TimerP_getCount                             
70019891  TimerP_getReloadCount                       
700198a1  TimerP_start                                
700198b0  __aeabi_memset                              
700198b0  __aeabi_memset4                             
700198b0  __aeabi_memset8                             
700198d0  putchar                                     
700198e1  Board_driversClose                          
70019911  ClockP_getTicks                             
70019921  PowerClock_init                             
70019971  Drivers_uartInit                            
700199a1  SemaphoreP_destruct                         
700199b1  TaskP_yield                                 
700199c1  HwiP_enableInt                              
70019a01  HwiP_disableInt                             
70019a61  HwiP_restoreInt                             
70019a91  HwiP_clearInt                               
70019ad1  HwiP_post                                   
70019b11  HwiP_Params_init                            
70019b41  HwiP_construct                              
70019d31  HwiP_destruct                               
70019da1  HwiP_init                                   
70019f51  HwiP_inISR                                  
70019f81  HwiP_setVimIrqPriMaskNonAtomic              
70019fd1  HwiP_setVimIrqPriMaskAtomic                 
7001a071  HwiP_restoreVimIrqPriMask                   
7001a081  HwiP_irq_handler_c                          
7001a221  HwiP_fiq_handler                            
7001a381  HwiP_reserved_handler                       
7001a3c1  HwiP_undefined_handler_c                    
7001a3e1  HwiP_user_undefined_handler_c               
7001a401  HwiP_svc_handler                            
7001a441  HwiP_prefetch_abort_handler_c               
7001a4e1  HwiP_user_prefetch_abort_handler_c          
7001a521  HwiP_data_abort_handler_c                   
7001a5e1  HwiP_user_data_abort_handler_c              
7001a61c  HwiP_irq_handler                            
7001a690  HwiP_data_abort_handler                     
7001a6d4  HwiP_prefetch_abort_handler                 
7001a720  HwiP_undefined_handler                      
7001a750  GET_DFSR                                    
7001a758  GET_ADFSR                                   
7001a760  GET_DFAR                                    
7001a768  GET_IFSR                                    
7001a770  GET_AIFSR                                   
7001a778  GET_IFAR                                    
7001a780  GET_SPSR                                    
7001a798  HwiP_disable                                
7001a7a8  HwiP_disableFIQ                             
7001a7b8  HwiP_enable                                 
7001a7c8  HwiP_enableFIQ                              
7001a7d8  HwiP_restore                                
7001a7e0  HwiP_enableVIC                              
7001a7f0  HwiP_disableVIC                             
7001a800  HwiP_getCPSR                                
7001a810  CacheP_disableL1d                           
7001a838  CacheP_disableL1p                           
7001a850  CacheP_enableL1d                            
7001a868  CacheP_enableL1p                            
7001a880  CacheP_invL1d                               
7001a8b8  CacheP_invL1p                               
7001a8f4  CacheP_invL1dAll                            
7001a8fc  CacheP_invL1pAll                            
7001a904  CacheP_wb                                   
7001a940  CacheP_wbInv                                
7001a97c  CacheP_wbAll                                
7001aa24  CacheP_wbInvAll                             
7001aa3c  CacheP_wbInvAllAsm                          
7001aadc  CacheP_getEnabled                           
7001ab14  CacheP_getCacheLevelInfo                    
7001ab20  CacheP_configForceWrThru                    
7001ab40  CacheP_setDLFO                              
7001ab51  CacheP_init                                 
7001abe1  CacheP_disable                              
7001ac31  CacheP_enable                               
7001ac71  CacheP_inv                                  
7001acb1  MpuP_getAttrs                               
7001ad11  MpuP_RegionAttrs_init                       
7001ad41  MpuP_setRegion                              
7001add1  MpuP_isEnable                               
7001ade1  MpuP_disable                                
7001ae21  MpuP_enable                                 
7001ae71  MpuP_init                                   
7001af11  MpuP_isUserAuthorizedToAccessMemory         
7001aff0  MpuP_disableAsm                             
7001b008  MpuP_disableBRAsm                           
7001b018  MpuP_enableAsm                              
7001b030  MpuP_enableBRAsm                            
7001b040  MpuP_isEnableAsm                            
7001b054  MpuP_setRegionAsm                           
7001b070  _c_int00_sbl                                
7001b094  _c_int00                                    
7001b1c1  _DebugP_assertNoLog                         
7001b1f1  _system_pre_init                            
7001b221  __mpu_init                                  
7001b230  gMainMenu                                   
7001b230  gUartDmaHandle                              
7001b34e  isMapAvailable                              
7001b350  _ftable                                     
7001b5f8  gFlashDevCfg_IS25LX256                      
7001b77c  _device                                     
7001b7f4  gUartParams                                 
7001b84c  _stream                                     
7001b89c  gFlashAttrs_IS25LX256                       
7001b904  gSocModulesClockFrequency                   
7001b934  gFlashNorOspiFxns                           
7001b958  gFlashToSpiProtocolMap                      
7001b97c  gClockConfig                                
7001b9c4  gFlashConfig                                
7001b9f4  gI2cParams                                  
7001bb20  gEepromFxns_CAT24M                          
7001bb30  gI2cConfig                                  
7001bb40  gOspiDmaEdmaFxns                            
7001bb50  gSocModules                                 
7001bb60  gAddrTranslateConfig                        
7001bb6c  gEepromAttrs_CAT24M                         
7001bb78  gEepromConfig                               
7001bb84  gOspiDmaConfig                              
7001bb90  __TI_cleanup_ptr                            
7001bb94  __TI_dtors_ptr                              
7001bb98  gEdmaConfig                                 
7001bba0  gEdmaParams                                 
7001bba8  gEepromParams                               
7001bbb0  gFlashParams                                
7001bbb8  gOspiConfig                                 
7001bbc8  gUartConfig                                 
7001bbd0  __TI_ft_end                                 
7001bbd4  __aeabi_errno                               
7001bbd8  _lock                                       
7001bbdc  _unlock                                     
7001bbe0  gDebugLogZone                               
7001bbe4  gDebugP_uartDrvIndex                        
7001bbe8  gEdmaConfigNum                              
7001bbec  gEepromConfigNum                            
7001bbf0  gFlashConfigNum                             
7001bbf4  gHwiConfig                                  
7001bbf8  gI2cConfigNum                               
7001bbfc  gOspiConfigNum                              
7001bc00  gOspiDmaConfigNum                           
7001bc04  gOspiParams                                 
7001bc08  gUartConfigNum                              
7001bc0c  gUartDmaChConfig                            
7001bc20  __aeabi_ctype_table_                        
7001bc20  __aeabi_ctype_table_C                       
7001bd24  gCacheConfig                                
7001bd2c  gMpuConfig                                  
7001bd38  gMpuRegionConfig                            
7001bf78  gADPLLJConfigTbl                            
7001c454  I2C_defaultTransaction                      
7001c970  I2C_lld_defaultMessage                      
7001c988  gPeripheralClkSrcInfoMap                    
7001cd64  gXTALInfo                                   
7001cd7c  gCacheL1dCacheLineSize                      
7001cd80  gCacheL1pCacheLineSize                      
7001ce00  __BSS_START                                 
7001ce00  gVerifyBuf                                  
70024e00  gHwiCtrl                                    
70025c54  gEepromObject_CAT24M                        
70025d78  _CIOBUF_                                    
70025d78  __CIOBUF_                                   
70025f48  __TI_tmpnams                                
70025fe8  gOspiEdmaArgs                               
70026020  gClockCtrl                                  
70026040  gFlashObject_IS25LX256                      
70026064  virtToPhymap                                
70026074  parmbuf                                     
7002607c  gI2cHandle                                  
70026088  gEdmaHandle                                 
7002608c  gEepromHandle                               
70026090  gFlashHandle                                
70026094  gOspiHandle                                 
70026098  gUartHandle                                 
70026100  __BSS_END                                   
70026100  _sys_memory                                 
7002e100  __stack                                     
70032100  __IRQ_STACK_START                           
70032100  __STACK_END                                 
70033100  __FIQ_STACK_START                           
70033100  __IRQ_STACK_END                             
70033200  __FIQ_STACK_END                             
70033200  __SVC_STACK_START                           
70034200  __ABORT_STACK_START                         
70034200  __SVC_STACK_END                             
70034300  __ABORT_STACK_END                           
70034300  __UNDEFINED_STACK_START                     
70034400  __UNDEFINED_STACK_END                       
700c0000  gFileBuf                                    
ffffffff  __TI_pprof_out_hndl                         
ffffffff  __TI_prof_data_size                         
ffffffff  __TI_prof_data_start                        
ffffffff  __binit__                                   
ffffffff  binit                                       
UNDEFED   __TI_CINIT_Base                             
UNDEFED   __TI_CINIT_Limit                            
UNDEFED   __TI_Handler_Table_Base                     
UNDEFED   __TI_Handler_Table_Limit                    
UNDEFED   _system_post_cinit                          

[607 symbols]
