******************************************************************************
            TI ARM Clang Linker Unix v4.0.3                    
******************************************************************************
>> Linked Mon Sep 15 15:45:07 2025

OUTPUT FILE NAME:   <sbl_can_multicore_elf.release.out>
ENTRY POINT SYMBOL: "_vectors"  address: 00000000


MEMORY CONFIGURATION

         name            origin    length      used     unused   attr    fill
----------------------  --------  ---------  --------  --------  ----  --------
  R5F_VECS              00000000   00000100  00000040  000000c0  RWIX
  R5F_TCMA              00000100   00007f00  00000000  00007f00  RWIX
  R5F_TCMB0             00080000   00008000  00000000  00008000  RWIX
  MSRAM_VECS            70002000   00000100  00000040  000000c0  RWIX
  MSRAM_0               70002100   00044f00  00030b58  000143a8  RWIX
  MSRAM_HSMRT           70047000   00040000  0000a6e4  0003591c  RWIX
  MSRAM_1               70087000   001c0000  00080000  00140000  RWIX


SEGMENT ALLOCATION MAP

run origin  load origin   length   init length attrs members
----------  ----------- ---------- ----------- ----- -------
00000000    70002000    00000040   00000040    r-x
  00000000    70002000    00000040   00000040    r-x .sbl_init_code
70002100    70002100    00011600   00000000    rw-
  70002100    70002100    00011600   00000000    rw- .bss
70013700    70013700    0000f308   0000f308    r-x
  70013700    70013700    0000e140   0000e140    r-x .text
  70021840    70021840    00000978   00000978    r-x .text.hwi
  700221b8    700221b8    00000430   00000430    r-x .text.cache
  700225e8    700225e8    00000290   00000290    r-x .text.mpu
  70022878    70022878    00000190   00000190    r-x .text.boot
70022a08    70022a08    00000668   00000668    rw-
  70022a08    70022a08    00000668   00000668    rw- .data
70023070    70023070    000018e8   000018e8    r--
  70023070    70023070    000018e8   000018e8    r-- .rodata
70024958    70024958    0000e300   00000000    rw-
  70024958    70024958    00008000   00000000    rw- .sysmem
  7002c958    7002c958    00004000   00000000    rw- .stack
  70030958    70030958    00001000   00000000    rw- .irqstack
  70031958    70031958    00000100   00000000    rw- .fiqstack
  70031a58    70031a58    00001000   00000000    rw- .svcstack
  70032a58    70032a58    00000100   00000000    rw- .abortstack
  70032b58    70032b58    00000100   00000000    rw- .undefinedstack
70047000    70047000    0000a6e4   0000a6e4    r--
  70047000    70047000    0000a6e4   0000a6e4    r-- .rodata.hsmrt


SECTION ALLOCATION MAP

 output                                  attributes/
section   page    origin      length       input sections
--------  ----  ----------  ----------   ----------------
.sbl_init_code 
*          0    70002000    00000040     RUN ADDR = 00000000
                  70002000    00000040     nortos.am263px.r5f.ti-arm-clang.release.lib : HwiP_armv7r_vectors_nortos_asm.obj (.vectors)

.bss       0    70002100    00011600     UNINITIALIZED
                  70002100    0000e080     (.common:gPHTBuffer)
                  70010180    00001000     (.common:gX509Cert)
                  70011180    0000080c     (.common:gHwiCtrl)
                  7001198c    00000004     drivers.am263px.r5f.ti-arm-clang.nortos.release.lib : bootloader_xmodem.obj (.bss.gUartHandle)
                  70011990    00000340     ti_drivers_config.obj (.bss.sipc_hsm_queue_mem)
                  70011cd0    00000340     ti_drivers_config.obj (.bss.sipc_secure_host_queue_mem)
                  70012010    00000340     (.common:gHsmClientMsgQueue)
                  70012350    00000314     ti_drivers_config.obj (.bss.gMcspiObjects)
                  70012664    00000010     (.common:gPmicCoreObj)
                  70012674    0000000c     (.common:gPmicObject)
                  70012680    00000300     (.common:vec_addrs)
                  70012980    00000280     (.common:gNoteSegBuffer)
                  70012c00    00000240     (.common:gSecureBootStreamArray)
                  70012e40    000001d0     ti_drivers_config.obj (.bss.gI2cObjects)
                  70013010    000001b0     ti_drivers_config.obj (.bss.gUartObjects)
                  700131c0    00000124     (.common:gEepromObject_CAT24M)
                  700132e4    00000118     (.common:gProfileObj)
                  700133fc    000000b0     ti_drivers_config.obj (.bss.gEdmaObjects)
                  700134ac    00000044     (.common:gSIPC_ctrl)
                  700134f0    00000010     (.common:virtToPhymap)
                  70013500    00000080     (.common:gElfHBuffer)
                  70013580    00000068     (.common:grxMsg)
                  700135e8    00000064     (.common:gtxMsg)
                  7001364c    0000002c     (.common:gHSMClient)
                  70013678    00000024     board.obj (.bss.gTCA6424_Config)
                  7001369c    00000004     nortos.am263px.r5f.ti-arm-clang.release.lib : HwiP_armv7r_vim.obj (.bss.gdummy)
                  700136a0    00000020     (.common:gClockCtrl)
                  700136c0    00000008     (.common:gI2cHandle)
                  700136c8    00000004     libc.a : memory.c.obj (.bss.sys_free)
                  700136cc    00000004     (.common:gEdmaHandle)
                  700136d0    00000004     (.common:gEepromHandle)
                  700136d4    00000004     (.common:gMcanBaseAddr)
                  700136d8    00000004     (.common:gMcspiHandle)
                  700136dc    00000004     (.common:gPmicHandle)
                  700136e0    00000004     (.common:gPmicMcspiRxBuffer)
                  700136e4    00000004     (.common:gPmicMcspiTxBuffer)
                  700136e8    00000004     (.common:gRunApp)
                  700136ec    00000004     (.common:gUartHandle)
                  700136f0    00000010     --HOLE--

.text      0    70013700    0000e140     
                  70013700    00000694     drivers.am263px.r5f.ti-arm-clang.nortos.release.lib : bootloader.obj (.text.Bootloader_parseAndLoadMultiCoreELF)
                  70013d94    00000580     nortos.am263px.r5f.ti-arm-clang.release.lib : printf.obj (.text._vsnprintf)
                  70014314    000004cc     drivers.am263px.r5f.ti-arm-clang.nortos.release.lib : soc_rcm.obj (.text.SOC_rcmEnablePeripheralClock)
                  700147e0    00000444                                                         : i2c_v1_lld.obj (.text.I2C_lld_primeTransferPoll)
                  70014c24    00000004     ti_board_open_close.obj (.text.Board_driversOpen)
                  70014c28    00000400     nortos.am263px.r5f.ti-arm-clang.release.lib : printf.obj (.text._ftoa)
                  70015028    000003c0     drivers.am263px.r5f.ti-arm-clang.nortos.release.lib : bootloader_can.obj (.text.Bootloader_CANReceiveFile)
                  700153e8    00000018     ti_board_open_close.obj (.text.Board_eepromClose)
                  70015400    00000390     libc.a : strcmp32.S.obj (.text:strcmp)
                  70015790    0000034c     pmic_blackbird.am263px.r5f.ti-arm-clang.nortos.release.lib : pmic_power.obj (.text.Pmic_pwrSetLdoCfg)
                  70015adc    00000004     drivers.am263px.r5f.ti-arm-clang.nortos.release.lib : bootloader_soc.obj (.text.Bootloader_socCpuRelease)
                  70015ae0    00000310     nortos.am263px.r5f.ti-arm-clang.release.lib : printf.obj (.text._etoa)
                  70015df0    000002a0     drivers.am263px.r5f.ti-arm-clang.nortos.release.lib : uart_v0.obj (.text.UART_open)
                  70016090    00000298                                                         : mcspi_v0.obj (.text.MCSPI_open)
                  70016328    0000027c                                                         : edma.obj (.text.EDMA_init)
                  700165a4    00000270     main.obj (.text.main)
                  70016814    00000250     drivers.am263px.r5f.ti-arm-clang.nortos.release.lib : soc_rcm.obj (.text.SOC_rcmSetPeripheralClock)
                  70016a64    0000023c                                                         : uart_v0_lld.obj (.text.UART_configInstance)
                  70016ca0    0000022a     security.am263px.r5f.ti-arm-clang.nortos.release.lib : sipc_notify_src.obj (.text.SIPC_init)
                  70016eca    00000002     ti_dpl_config.obj (.text.Dpl_deinit)
                  70016ecc    00000224     drivers.am263px.r5f.ti-arm-clang.nortos.release.lib : mcspi_dma_edma.obj (.text.MCSPI_lld_dmaTransfer)
                  700170f0    0000020c                                                         : i2c_v1.obj (.text.I2C_open)
                  700172fc    0000020c                                                         : mcspi_v0_lld.obj (.text.MCSPI_transferControllerPoll)
                  70017508    00000204                                                         : edma.obj (.text.EDMA_freeChannelRegion)
                  7001770c    000001f0                                                         : edma.obj (.text.EDMA_errorIsrFxn)
                  700178fc    000001e8                                                         : mcspi_v0_lld.obj (.text.MCSPI_lld_controllerIsr)
                  70017ae4    000001dc                                                         : mcan.obj (.text.MCAN_msgRAMConfig)
                  70017cc0    000001d0     libclang_rt.builtins.a : udivsi3.S.obj (.text.__udivsi3)
                  70017e90    000001cc     drivers.am263px.r5f.ti-arm-clang.nortos.release.lib : soc_rcm.obj (.text.SOC_rcmPerApllConfig)
                  7001805c    000001c0                                                         : mcspi_dma_edma.obj (.text.MCSPI_lld_dmaChInit)
                  7001821c    000001b4                                                         : i2c_v1_lld.obj (.text.I2C_lld_targetIsr)
                  700183d0    000001ae                                                         : i2c_v1_lld.obj (.text.I2C_lld_controllerIsr)
                  7001857e    00000002                                                         : bootloader_mem.obj (.text.Mem_imgClose)
                  70018580    000001a8                                                         : mcspi_v0_lld.obj (.text.MCSPI_lld_chConfig)
                  70018728    000001a8     libc.a : memory.c.obj (.text.free)
                  700188d0    000001a4            : memory.c.obj (.text.aligned_alloc)
                  70018a74    0000019c     drivers.am263px.r5f.ti-arm-clang.nortos.release.lib : xmodem.obj (.text.xmodemTransmit)
                  70018c10    00000194                                                         : mcspi_v0.obj (.text.MCSPI_transfer)
                  70018da4    00000194                                                         : uart_dma_edma.obj (.text.UART_lld_dmaInit)
                  70018f38    00000186     security.am263px.r5f.ti-arm-clang.nortos.release.lib : hsmclient.obj (.text.HsmClient_procAuthBootFinish)
                  700190be    00000180     drivers.am263px.r5f.ti-arm-clang.nortos.release.lib : i2c_v1.obj (.text.I2C_transfer)
                  7001923e    00000002     nortos.am263px.r5f.ti-arm-clang.release.lib : SemaphoreP_nortos.obj (.text.SemaphoreP_destruct)
                  70019240    0000017c     drivers.am263px.r5f.ti-arm-clang.nortos.release.lib : soc.obj (.text.SOC_phyToVirt)
                  700193bc    00000166     security.am263px.r5f.ti-arm-clang.nortos.release.lib : sipc_notify_src.obj (.text.SIPC_isr)
                  70019522    00000002     nortos.am263px.r5f.ti-arm-clang.release.lib : TaskP_nortos.obj (.text.TaskP_yield)
                  70019524    00000164     drivers.am263px.r5f.ti-arm-clang.nortos.release.lib : edma.obj (.text.EDMA_open)
                  70019688    00000160                                                         : edma.obj (.text.EDMA_deinit)
                  700197e8    0000014e                                                         : uart_dma_edma.obj (.text.UART_lld_dmaDeInit)
                  70019936    0000014c                                                         : mcspi_dma_edma.obj (.text.MCSPI_lld_dmaDeInit)
                  70019a82    0000014a                                                         : uart_v0_lld.obj (.text.UART_lld_controllerIsr)
                  70019bcc    00000148                                                         : soc_rcm.obj (.text.SOC_rcmCoreApllHSDivConfig)
                  70019d14    00000140     nortos.am263px.r5f.ti-arm-clang.release.lib : TimerP_rti_priv.obj (.text.TimerP_setupPriv)
                  70019e54    00000004     drivers.am263px.r5f.ti-arm-clang.nortos.release.lib : bootloader_soc.obj (.text.Bootloader_socCpuRequest)
                  70019e58    0000013c                                                         : bootloader_profile.obj (.text.Bootloader_profilePrintProfileLog)
                  70019f94    0000013c                                                         : soc.obj (.text.SOC_virtToPhy)
                  7001a0d0    00000138                                                         : uart_v0.obj (.text.UART_close)
                  7001a208    00000134                                                         : mcspi_v0_lld.obj (.text.MCSPI_lld_readWrite)
                  7001a33c    00000132     nortos.am263px.r5f.ti-arm-clang.release.lib : printf.obj (.text._ntoa_format)
                  7001a46e    0000012c     security.am263px.r5f.ti-arm-clang.nortos.release.lib : hsmclient_loadhsmrt.obj (.text.Hsmclient_loadHSMRtFirmware)
                  7001a59a    0000011e                                                          : hsmclient.obj (.text.HsmClient_EnqueueAndSendMsg)
                  7001a6b8    0000011c     drivers.am263px.r5f.ti-arm-clang.nortos.release.lib : mcspi_v0_lld.obj (.text.MCSPI_lld_readWriteIntr)
                  7001a7d4    00000118                                                         : edma.obj (.text.Alloc_resource)
                  7001a8ec    00000118                                                         : mcan.obj (.text.MCAN_readMsgRam)
                  7001aa04    00000118     libclang_rt.builtins.a : udivmoddi4.S.obj (.text)
                  7001ab1c    00000114     drivers.am263px.r5f.ti-arm-clang.nortos.release.lib : soc_rcm.obj (.text.SOC_rcmCoreApllConfig)
                  7001ac30    00000114                                                         : soc_rcm.obj (.text.SOC_rcmGetPeripheralClockFrequency)
                  7001ad44    0000010e                                                         : uart_v0_lld.obj (.text.UART_lld_write)
                  7001ae52    0000010c     pmic_blackbird.am263px.r5f.ti-arm-clang.nortos.release.lib : pmic.obj (.text.Pmic_init)
                  7001af5e    00000002     drivers.am263px.r5f.ti-arm-clang.nortos.release.lib : uart_dma_edma.obj (.text.UART_edmaDoNothing)
                  7001af60    00000108                                                         : edma.obj (.text.EDMA_transferCompletionMasterIsrFxn)
                  7001b068    00000108                                                         : uart_v0.obj (.text.UART_read)
                  7001b170    00000106                                                         : mcspi_v0_lld.obj (.text.MCSPI_continuePeripheralTxRx)
                  7001b276    00000104     nortos.am263px.r5f.ti-arm-clang.release.lib : ClockP_nortos_r5.obj (.text.ClockP_init)
                  7001b37a    00000002                                                 : printf.obj (.text._out_null)
                  7001b37c    00000104     drivers.am263px.r5f.ti-arm-clang.nortos.release.lib : uart_dma_edma.obj (.text.UART_lld_dmaWrite)
                  7001b480    00000100                                                         : mcspi_v0.obj (.text.MCSPI_close)
                  7001b580    00000100     security.am263px.r5f.ti-arm-clang.nortos.release.lib : sipc_notify_src.obj (.text.SIPC_sendMsg)
                  7001b680    000000fc     drivers.am263px.r5f.ti-arm-clang.nortos.release.lib : bootloader_can.obj (.text.Bootloader_CANInit)
                  7001b77c    000000fc                                                         : uart_v0.obj (.text.UART_write)
                  7001b878    000000f4                                                         : mcspi_v0_lld.obj (.text.MCSPI_lld_initDma)
                  7001b96c    000000f2     board.am263px.r5f.ti-arm-clang.nortos.release.lib : eeprom_cat24m.obj (.text.EEPROM_CAT24M_write)
                  7001ba5e    000000e6     drivers.am263px.r5f.ti-arm-clang.nortos.release.lib : mcspi_v0_lld.obj (.text.MCSPI_lld_readWriteDma)
                  7001bb44    000000e6     board.obj (.text.TCA6424_Mcan_Transceiver)
                  7001bc2a    00000002     --HOLE-- [fill = 0]
                  7001bc2c    000000e4     drivers.am263px.r5f.ti-arm-clang.nortos.release.lib : mcan.obj (.text.MCAN_writeMsgRam)
                  7001bd10    000000dc                                                         : mcan.obj (.text.MCAN_init)
                  7001bdec    000000d0                                                         : edma.obj (.text.EDMA_unregisterIntr)
                  7001bebc    000000d0                                                         : mcan.obj (.text.MCAN_config)
                  7001bf8c    000000cc                                                         : uart_v0_lld.obj (.text.UART_lld_initDma)
                  7001c058    000000ca                                                         : mcspi_dma_edma.obj (.text.MCSPI_edmaIsrTx)
                  7001c122    00000002     --HOLE-- [fill = 0]
                  7001c124    000000c4                                                         : i2c_v1_lld.obj (.text.I2C_lld_mem_write)
                  7001c1e8    000000c4                                                         : i2c_v1_lld.obj (.text.I2C_lld_primeTransferIntr)
                  7001c2ac    000000c4                                                         : mcan.obj (.text.MCAN_setBitTime)
                  7001c370    000000c4                                                         : mcspi_v0_lld.obj (.text.MCSPI_lld_init)
                  7001c434    000000c4                                                         : uart_v0_lld.obj (.text.UART_lld_init)
                  7001c4f8    000000c0                                                         : i2c_v1_lld.obj (.text.I2C_lld_mem_read)
                  7001c5b8    000000be     board.am263px.r5f.ti-arm-clang.nortos.release.lib : ioexp_tca6424.obj (.text.TCA6424_config)
                  7001c676    000000be                                                       : ioexp_tca6424.obj (.text.TCA6424_setOutput)
                  7001c734    000000bc     drivers.am263px.r5f.ti-arm-clang.nortos.release.lib : edma.obj (.text.EDMA_registerIntr)
                  7001c7f0    000000bc     security.am263px.r5f.ti-arm-clang.nortos.release.lib : hsmclient.obj (.text.HsmClient_procAuthBootStart)
                  7001c8ac    000000ba     drivers.am263px.r5f.ti-arm-clang.nortos.release.lib : mcspi_dma_edma.obj (.text.MCSPI_edmaIsrRx)
                  7001c966    000000b0     nortos.am263px.r5f.ti-arm-clang.release.lib : printf.obj (.text._ntoa_long_long)
                  7001ca16    00000002     --HOLE-- [fill = 0]
                  7001ca18    000000ac     drivers.am263px.r5f.ti-arm-clang.nortos.release.lib : soc_rcm.obj (.text.SOC_rcmGetCoreHSDivOut)
                  7001cac4    000000ac                                                         : uart_v0_lld.obj (.text.UART_divisorLatchWrite)
                  7001cb70    000000a8                                                         : mcan.obj (.text.MCAN_calcMsgRamParamsStartAddr)
                  7001cc18    000000a8     pmic_blackbird.am263px.r5f.ti-arm-clang.nortos.release.lib : pmic_tps653860xx.obj (.text.PMIC_tps653860xxOpen)
                  7001ccc0    000000a6                                                                : pmic_tps653860xx.obj (.text.PMIC_mcspiReadRegister)
                  7001cd66    000000a6     drivers.am263px.r5f.ti-arm-clang.nortos.release.lib : uart_v0_lld.obj (.text.UART_lld_read)
                  7001ce0c    000000a6     nortos.am263px.r5f.ti-arm-clang.release.lib : printf.obj (.text._out_rev)
                  7001ceb2    00000002     --HOLE-- [fill = 0]
                  7001ceb4    000000a4     drivers.am263px.r5f.ti-arm-clang.nortos.release.lib : i2c_v1_lld.obj (.text.I2C_lld_mem_readIntr)
                  7001cf58    000000a4                                                         : i2c_v1_lld.obj (.text.I2C_lld_mem_writeIntr)
                  7001cffc    000000a4     libc.a : memory.c.obj (.text.split)
                  7001d0a0    000000a0     drivers.am263px.r5f.ti-arm-clang.nortos.release.lib : bootloader_hsmRt_load.obj (.text.Bootloader_socLoadHsmRtFw)
                  7001d140    000000a0                                                         : edma.obj (.text.EDMA_freeDmaChannel)
                  7001d1e0    000000a0                                                         : edma.obj (.text.EDMA_freeParam)
                  7001d280    000000a0                                                         : edma.obj (.text.EDMA_freeTcc)
                  7001d320    000000a0                                                         : i2c_v1.obj (.text.I2C_close)
                  7001d3c0    000000a0                                                         : uart_dma_edma.obj (.text.UART_lld_dmaRead)
                  7001d460    0000009e                                                         : bootloader.obj (.text.Bootloader_getMsgLen)
                  7001d4fe    0000009e     nortos.am263px.r5f.ti-arm-clang.release.lib : SemaphoreP_nortos.obj (.text.SemaphoreP_pend)
                  7001d59c    0000009c     drivers.am263px.r5f.ti-arm-clang.nortos.release.lib : bootloader_soc.obj (.text.Bootloader_socCpuPowerOnReset)
                  7001d638    0000009c                                                         : soc_rcm.obj (.text.SOC_rcmsetR5SysClock)
                  7001d6d4    0000009c                                                         : uart_v0_lld.obj (.text.UART_lld_readIntr)
                  7001d770    0000009a     ti_drivers_config.obj (.text.HsmClient_config)
                  7001d80a    0000009a     drivers.am263px.r5f.ti-arm-clang.nortos.release.lib : mcspi_dma_edma.obj (.text.MCSPI_edmaUpdateTransferParams)
                  7001d8a4    0000009a     pmic_blackbird.am263px.r5f.ti-arm-clang.nortos.release.lib : pmic_tps653860xx.obj (.text.PMIC_mcspiWriteRegister)
                  7001d93e    00000096     security.am263px.r5f.ti-arm-clang.nortos.release.lib : hsmclient.obj (.text.HsmClient_isr)
                  7001d9d4    00000094     drivers.am263px.r5f.ti-arm-clang.nortos.release.lib : edma.obj (.text.EDMA_configureChannelRegion)
                  7001da68    00000094                                                         : i2c_v1_lld.obj (.text.I2C_lld_init)
                  7001dafc    00000094                                                         : uart_v0_lld.obj (.text.UART_lld_readWithCounter)
                  7001db90    00000092                                                         : mcspi_v0_lld.obj (.text.MCSPI_setFifoConfig)
                  7001dc22    00000090                                                         : i2c_v1.obj (.text.I2C_primeTransfer)
                  7001dcb2    0000008e     nortos.am263px.r5f.ti-arm-clang.release.lib : printf.obj (.text._ntoa_long)
                  7001dd40    0000008c     drivers.am263px.r5f.ti-arm-clang.nortos.release.lib : mcspi_v0_lld.obj (.text.MCSPI_lld_peripheralIsr)
                  7001ddcc    00000088                                                         : uart_v0.obj (.text.UART_init)
                  7001de54    00000084                                                         : mcspi_v0_lld.obj (.text.MCSPI_setPeripheralFifoConfig)
                  7001ded8    00000080                                                         : edma.obj (.text.EDMA_close)
                  7001df58    00000080                                                         : uart_v0.obj (.text.UART_flushTxFifo)
                  7001dfd8    0000007e     security.am263px.r5f.ti-arm-clang.nortos.release.lib : hsmclient.obj (.text.HsmClient_procAuthBootUpdate)
                  7001e056    0000007e     drivers.am263px.r5f.ti-arm-clang.nortos.release.lib : mcspi_v0_lld.obj (.text.MCSPI_fifoRead)
                  7001e0d4    0000007e                                                         : mcspi_v0_lld.obj (.text.MCSPI_transferPeripheralPoll)
                  7001e152    00000002     --HOLE-- [fill = 0]
                  7001e154    0000007c                                                         : bootloader_can.obj (.text.Bootloader_CANTransmitResp)
                  7001e1d0    0000007c     ti_drivers_open_close.obj (.text.Drivers_i2cOpen)
                  7001e24c    0000007a     drivers.am263px.r5f.ti-arm-clang.nortos.release.lib : mcspi_v0_lld.obj (.text.MCSPI_initiateLastChunkTransfer)
                  7001e2c6    00000002     --HOLE-- [fill = 0]
                  7001e2c8    00000078                                                         : mcspi_v0.obj (.text.MCSPI_init)
                  7001e340    00000076     ti_board_open_close.obj (.text.Board_pmicOpen)
                  7001e3b6    00000076     drivers.am263px.r5f.ti-arm-clang.nortos.release.lib : uart_v0_lld.obj (.text.UART_readDataPolling)
                  7001e42c    00000072     board.am263px.r5f.ti-arm-clang.nortos.release.lib : eeprom_cat24m.obj (.text.EEPROM_CAT24M_read)
                  7001e49e    00000072     drivers.am263px.r5f.ti-arm-clang.nortos.release.lib : mcspi_v0_lld.obj (.text.MCSPI_fifoWrite)
                  7001e510    00000072                                                         : mcspi_v0_lld.obj (.text.MCSPI_stop)
                  7001e582    00000070                                                         : mcspi_dma_edma.obj (.text.MCSPI_lld_dmaStop)
                  7001e5f2    00000070     pmic_blackbird.am263px.r5f.ti-arm-clang.nortos.release.lib : pmic_tps653860xx.obj (.text.PMIC_tps653860xxConfigure)
                  7001e662    00000070                                                                : pmic_io.obj (.text.Pmic_ioTxByte)
                  7001e6d2    0000006e     drivers.am263px.r5f.ti-arm-clang.nortos.release.lib : edma.obj (.text.EDMA_disableTransferRegion)
                  7001e740    0000006e                                                         : edma.obj (.text.EDMA_enableTransferRegion)
                  7001e7ae    0000006e     board.obj (.text.mcanEnableTransceiver)
                  7001e81c    0000006c     ti_drivers_open_close.obj (.text.Drivers_close)
                  7001e888    0000006c     drivers.am263px.r5f.ti-arm-clang.nortos.release.lib : uart_v0_lld.obj (.text.UART_lld_writeDma)
                  7001e8f4    00000068                                                         : uart_v0_lld.obj (.text.UART_lld_readDma)
                  7001e95c    00000068                                                         : uart_v0_lld.obj (.text.UART_lld_writeIntr)
                  7001e9c4    00000066     nortos.am263px.r5f.ti-arm-clang.release.lib : PmuP_armv7r.obj (.text.pmu)
                  7001ea2a    00000002     --HOLE-- [fill = 0]
                  7001ea2c    00000064     drivers.am263px.r5f.ti-arm-clang.nortos.release.lib : soc.obj (.text.SOC_controlModuleUnlockMMR)
                  7001ea90    00000064                                                         : soc_rcm.obj (.text.SOC_rcmStartMemInitTCMA)
                  7001eaf4    00000064                                                         : soc_rcm.obj (.text.SOC_rcmStartMemInitTCMB)
                  7001eb58    00000064                                                         : uart_v0_lld.obj (.text.UART_procLineStatusErr)
                  7001ebbc    00000062     security.am263px.r5f.ti-arm-clang.nortos.release.lib : hsmclient.obj (.text.HsmClient_register)
                  7001ec1e    00000002     --HOLE-- [fill = 0]
                  7001ec20    00000060     drivers.am263px.r5f.ti-arm-clang.nortos.release.lib : mcan.obj (.text.MCAN_getProtocolStatus)
                  7001ec80    00000060                                                         : soc_rcm.obj (.text.SOC_rcmMemInitL2Memory)
                  7001ece0    00000060                                                         : soc_rcm.obj (.text.SOC_rcmR5ConfigDualCore)
                  7001ed40    00000060                                                         : soc_rcm.obj (.text.SOC_rcmWaitMemInitTCMA)
                  7001eda0    00000060                                                         : soc_rcm.obj (.text.SOC_rcmWaitMemInitTCMB)
                  7001ee00    00000060     libc.a : memory.c.obj (.text.calloc)
                  7001ee60    0000005e     nortos.am263px.r5f.ti-arm-clang.release.lib : ClockP_nortos.obj (.text.ClockP_timerTickIsr)
                  7001eebe    0000005e     drivers.am263px.r5f.ti-arm-clang.nortos.release.lib : mcspi_v0_lld.obj (.text.MCSPI_setChDataSize)
                  7001ef1c    0000005c                                                         : bootloader_soc.obj (.text.Bootloader_socSetAutoClock)
                  7001ef78    0000005c                                                         : mcan.obj (.text.MCAN_writeRxFIFOAck)
                  7001efd4    0000005c                                                         : mcspi_v0_lld.obj (.text.MCSPI_configInstance)
                  7001f030    0000005c     pmic_blackbird.am263px.r5f.ti-arm-clang.nortos.release.lib : pmic_core.obj (.text.Pmic_setRegLockState)
                  7001f08c    0000005c     drivers.am263px.r5f.ti-arm-clang.nortos.release.lib : soc.obj (.text.SOC_controlModuleLockMMR)
                  7001f0e8    0000005c     nortos.am263px.r5f.ti-arm-clang.release.lib : DebugP_log.obj (.text._DebugP_assert)
                  7001f144    00000058     ti_board_open_close.obj (.text.Board_eepromOpen)
                  7001f19c    00000058     drivers.am263px.r5f.ti-arm-clang.nortos.release.lib : bootloader.obj (.text.Bootloader_parseNoteSegment)
                  7001f1f4    00000058                                                         : bootloader.obj (.text.Bootloader_runCpu)
                  7001f24c    00000058     ti_clocktree_pll_config.obj (.text.Bootloader_socConfigurePll)
                  7001f2a4    00000056     nortos.am263px.r5f.ti-arm-clang.release.lib : ClockP_nortos.obj (.text.ClockP_getTimeUsec)
                  7001f2fa    00000056     pmic_blackbird.am263px.r5f.ti-arm-clang.nortos.release.lib : pmic_tps653860xx.obj (.text.PMIC_regRead)
                  7001f350    00000056                                                                : pmic_tps653860xx.obj (.text.PMIC_regWrite)
                  7001f3a6    00000056     drivers.am263px.r5f.ti-arm-clang.nortos.release.lib : uart_v0_lld.obj (.text.UART_intrDisable)
                  7001f3fc    00000056                                                         : uart_v0_lld.obj (.text.UART_readCancelNoCB)
                  7001f452    00000056                                                         : uart_v0_lld.obj (.text.UART_writeCancelNoCB)
                  7001f4a8    00000054     libc.a : autoinit.c.obj (.text:__TI_auto_init_nobinit_nopinit)
                  7001f4fc    00000052     nortos.am263px.r5f.ti-arm-clang.release.lib : AddrTranslateP_32bit.obj (.text.AddrTranslateP_getLocalAddr)
                  7001f54e    00000052     security.am263px.r5f.ti-arm-clang.nortos.release.lib : hsmclient.obj (.text.HsmClient_checkAndWaitForBootNotification)
                  7001f5a0    00000052     drivers.am263px.r5f.ti-arm-clang.nortos.release.lib : mcspi_v0_lld.obj (.text.MCSPI_lld_deInitDma)
                  7001f5f2    00000002     --HOLE-- [fill = 0]
                  7001f5f4    00000050                                                         : edma.obj (.text.EDMA_allocDmaChannel)
                  7001f644    00000050                                                         : edma.obj (.text.EDMA_allocParam)
                  7001f694    00000050                                                         : edma.obj (.text.EDMA_allocTcc)
                  7001f6e4    00000050                                                         : mcan.obj (.text.MCAN_getRxFIFOStatus)
                  7001f734    00000050                                                         : mcan.obj (.text.MCAN_setExtIDAndMask)
                  7001f784    00000050                                                         : soc_rcm.obj (.text.SBL_rcmIsDualCoreSwitchSupported)
                  7001f7d4    0000004e     nortos.am263px.r5f.ti-arm-clang.release.lib : ClockP_nortos.obj (.text.ClockP_addToList)
                  7001f822    0000004e     ti_drivers_open_close.obj (.text.Drivers_edmaOpen)
                  7001f870    0000004e     ti_drivers_open_close.obj (.text.Drivers_uartOpen)
                  7001f8be    0000004e     drivers.am263px.r5f.ti-arm-clang.nortos.release.lib : edma.obj (.text.EDMA_disableChInShadowRegRegion)
                  7001f90c    0000004c                                                         : bootloader_soc.obj (.text.Bootloader_socCpuGetClock)
                  7001f958    0000004c     ti_drivers_open_close.obj (.text.Drivers_mcspiOpen)
                  7001f9a4    0000004c     drivers.am263px.r5f.ti-arm-clang.nortos.release.lib : i2c_v1.obj (.text.I2C_LLD_targetTransferCompleteCallback)
                  7001f9f0    0000004c                                                         : mcspi_v0.obj (.text.MCSPI_transferCallback)
                  7001fa3c    0000004c                                                         : mcspi_v0_lld.obj (.text.MCSPI_transferControllerIntr)
                  7001fa88    0000004c                                                         : soc_rcm.obj (.text.SOC_rcmCoreR5FUnhalt)
                  7001fad4    00000048                                                         : uart_dma_edma.obj (.text.UART_edmaIsrRx)
                  7001fb1c    00000048                                                         : bootloader_xmodem.obj (.text._inbyte)
                  7001fb64    00000046     ti_dpl_config.obj (.text.Dpl_init)
                  7001fbaa    00000046     drivers.am263px.r5f.ti-arm-clang.nortos.release.lib : uart_dma_edma.obj (.text.UART_edmaIsrTx)
                  7001fbf0    00000044                                                         : mcan.obj (.text.MCAN_addExtMsgIDFilter)
                  7001fc34    00000044                                                         : uart_v0.obj (.text.UART_Params_init)
                  7001fc78    00000044                                                         : uart_v0_lld.obj (.text.UART_lld_deInitDma)
                  7001fcbc    00000040                                                         : bootloader.obj (.text.Bootloader_findSeq)
                  7001fcfc    00000040                                                         : bootloader.obj (.text.Bootloader_open)
                  7001fd3c    00000040                                                         : bootloader_soc.obj (.text.Bootloader_socMemInitCpu)
                  7001fd7c    00000040                                                         : bootloader.obj (.text.Bootloader_verifySegmentAddr)
                  7001fdbc    00000040     nortos.am263px.r5f.ti-arm-clang.release.lib : ClockP_nortos.obj (.text.ClockP_stop)
                  7001fdfc    00000040     drivers.am263px.r5f.ti-arm-clang.nortos.release.lib : edma.obj (.text.EDMA_mapChToEvtQ)
                  7001fe3c    00000040                                                         : pinmux.obj (.text.Pinmux_config)
                  7001fe7c    00000040                                                         : uart_v0_lld.obj (.text.UART_lld_deInit)
                  7001febc    00000040     libc.a : memory.c.obj (.text.free_list_insert)
                  7001fefc    0000003e     security.am263px.r5f.ti-arm-clang.nortos.release.lib : hsmclient_loadhsmrt.obj (.text.Hsmclient_mboxRxISR)
                  7001ff3a    0000003e     drivers.am263px.r5f.ti-arm-clang.nortos.release.lib : i2c_v1_lld.obj (.text.I2C_lld_transferInit)
                  7001ff78    0000003e     security.am263px.r5f.ti-arm-clang.nortos.release.lib : sipc_notify_src.obj (.text.SIPC_registerClient)
                  7001ffb6    00000002     --HOLE-- [fill = 0]
                  7001ffb8    0000003c     drivers.am263px.r5f.ti-arm-clang.nortos.release.lib : edma.obj (.text.EDMA_getBaseAddr)
                  7001fff4    0000003c                                                         : soc_rcm.obj (.text.SOC_rcmR5ConfigLockStep)
                  70020030    0000003c                                                         : uart_v0_lld.obj (.text.UART_readData)
                  7002006c    0000003a     nortos.am263px.r5f.ti-arm-clang.release.lib : ClockP_nortos.obj (.text.ClockP_destruct)
                  700200a6    0000003a                                                 : DebugP_uartLogWriter.obj (.text.DebugP_uartLogWriterPutChar)
                  700200e0    0000003a     board.am263px.r5f.ti-arm-clang.nortos.release.lib : eeprom.obj (.text.EEPROM_open)
                  7002011a    0000003a     drivers.am263px.r5f.ti-arm-clang.nortos.release.lib : i2c_v1.obj (.text.I2C_completeCurrTransfer)
                  70020154    0000003a     ti_power_clock_config.obj (.text.Module_clockSetFrequency)
                  7002018e    0000003a     board.am263px.r5f.ti-arm-clang.nortos.release.lib : ioexp_tca6424.obj (.text.TCA6424_open)
                  700201c8    0000003a     drivers.am263px.r5f.ti-arm-clang.nortos.release.lib : uart_v0_lld.obj (.text.UART_lld_flushTxFifo)
                  70020202    00000002     --HOLE-- [fill = 0]
                  70020204    00000038                                                         : bootloader_soc.obj (.text.Bootloader_authStart)
                  7002023c    00000038                                                         : bootloader_soc.obj (.text.Bootloader_authUpdate)
                  70020274    00000038                                                         : bootloader_soc.obj (.text.Bootloader_socTranslateSectionAddr)
                  700202ac    00000038                                                         : bootloader_buf_io.obj (.text.BufIo_sendTransferComplete)
                  700202e4    00000038                                                         : mcan.obj (.text.MCAN_getErrCounters)
                  7002031c    00000038                                                         : mcan.obj (.text.MCAN_initTxBufElement)
                  70020354    00000038     pmic_blackbird.am263px.r5f.ti-arm-clang.nortos.release.lib : pmic_lld.obj (.text.PMIC_open)
                  7002038c    00000038                                                                : pmic.obj (.text.Pmic_checkPmicCoreHandle)
                  700203c4    00000038     drivers.am263px.r5f.ti-arm-clang.nortos.release.lib : soc_rcm.obj (.text.SOC_rcmADPLLJGetFOut)
                  700203fc    00000038     nortos.am263px.r5f.ti-arm-clang.release.lib : DebugP_nortos.obj (.text._DebugP_logZone)
                  70020434    00000038                                                 : PmuP_armv7r_asm.obj (.text.pmu)
                  7002046c    00000036     drivers.am263px.r5f.ti-arm-clang.nortos.release.lib : edma.obj (.text.EDMA_clrMissEvtRegion)
                  700204a2    00000036     security.am263px.r5f.ti-arm-clang.nortos.release.lib : hsmclient_wait_for_boot_notify.obj (.text.HsmClient_waitForBootNotify)
                  700204d8    00000036     nortos.am263px.r5f.ti-arm-clang.release.lib : SemaphoreP_nortos.obj (.text.SemaphoreP_post)
                  7002050e    00000034     drivers.am263px.r5f.ti-arm-clang.nortos.release.lib : bootloader.obj (.text.Bootloader_getX509CertLen)
                  70020542    00000034     nortos.am263px.r5f.ti-arm-clang.release.lib : ClockP_nortos.obj (.text.ClockP_start)
                  70020576    00000034     board.am263px.r5f.ti-arm-clang.nortos.release.lib : eeprom_cat24m.obj (.text.EEPROM_CAT24M_open)
                  700205aa    00000002     --HOLE-- [fill = 0]
                  700205ac    00000034     drivers.am263px.r5f.ti-arm-clang.nortos.release.lib : i2c_v1.obj (.text.I2C_init)
                  700205e0    00000034     ti_power_clock_config.obj (.text.Module_clockDisable)
                  70020614    00000034     ti_power_clock_config.obj (.text.Module_clockEnable)
                  70020648    00000034     pmic_blackbird.am263px.r5f.ti-arm-clang.nortos.release.lib : pmic_io.obj (.text.Pmic_ioRxByte)
                  7002067c    00000034     drivers.am263px.r5f.ti-arm-clang.nortos.release.lib : soc_rcm.obj (.text.SOC_rcmGetModuleClkDivVal)
                  700206b0    00000034     libc.a : memory.c.obj (.text.free_list_remove)
                  700206e4    00000032     nortos.am263px.r5f.ti-arm-clang.release.lib : ClockP_nortos.obj (.text.ClockP_usleep)
                  70020716    00000032     drivers.am263px.r5f.ti-arm-clang.nortos.release.lib : edma.obj (.text.EDMA_unmapChToEvtQ)
                  70020748    00000032                                                         : mcan.obj (.text.MCAN_initMsgRamConfigParams)
                  7002077a    00000032                                                         : mcan.obj (.text.MCAN_initOperModeParams)
                  700207ac    00000032                                                         : mcspi_v0.obj (.text.MCSPI_errorCallback)
                  700207de    00000002     --HOLE-- [fill = 0]
                  700207e0    00000030                                                         : bootloader.obj (.text.Bootloader_BootImageInfo_init)
                  70020810    00000030                                                         : bootloader_soc.obj (.text.Bootloader_authFinish)
                  70020840    00000030                                                         : bootloader_xmodem.obj (.text.Bootloader_xmodemTransmit)
                  70020870    00000030                                                         : i2c_v1_lld.obj (.text.I2CControllerInitExpClk)
                  700208a0    00000030                                                         : mcan.obj (.text.MCAN_txBufAddReq)
                  700208d0    00000030     security.am263px.r5f.ti-arm-clang.nortos.release.lib : sipc_notify_cfg.obj (.text.SIPC_Register_Isr)
                  70020900    00000030     drivers.am263px.r5f.ti-arm-clang.nortos.release.lib : soc_rcm.obj (.text.SOC_rcmCoreApllRelockPreRequisite)
                  70020930    00000030                                                         : uart_v0.obj (.text.UART_lld_readCompleteCallback)
                  70020960    00000030                                                         : uart_v0.obj (.text.UART_lld_writeCompleteCallback)
                  70020990    00000030                                                         : bootloader_xmodem.obj (.text._outbyte)
                  700209c0    0000002e                                                         : edma.obj (.text.EDMA_enableChInShadowRegRegion)
                  700209ee    0000002e                                                         : i2c_v1_lld.obj (.text.I2C_lld_deInit)
                  70020a1c    0000002c                                                         : bootloader_profile.obj (.text.Bootloader_profileReset)
                  70020a48    0000002c                                                         : i2c_v1.obj (.text.I2C_getHandle)
                  70020a74    0000002c                                                         : mcspi_v0.obj (.text.MCSPI_getHandle)
                  70020aa0    0000002c                                                         : soc_rcm.obj (.text.SOC_rcmGetR5Clock)
                  70020acc    0000002c     ti_drivers_config.obj (.text.System_deinit)
                  70020af8    0000002c     drivers.am263px.r5f.ti-arm-clang.nortos.release.lib : uart_v0.obj (.text.UART_getHandle)
                  70020b24    00000028     nortos.am263px.r5f.ti-arm-clang.release.lib : ClockP_nortos.obj (.text.ClockP_construct)
                  70020b4c    00000028                                                 : ClockP_nortos.obj (.text.ClockP_sleepTicks)
                  70020b74    00000028     drivers.am263px.r5f.ti-arm-clang.nortos.release.lib : mcan.obj (.text.MCAN_initSetBitTimeParams)
                  70020b9c    00000028                                                         : mcspi_v0_lld.obj (.text.MCSPI_fifoReadMultiWord)
                  70020bc4    00000028                                                         : bootloader_mem.obj (.text.Mem_imgRead)
                  70020bec    00000028     pmic_blackbird.am263px.r5f.ti-arm-clang.nortos.release.lib : pmic_tps653860xx.obj (.text.PMIC_tps653860xxClose)
                  70020c14    00000028     drivers.am263px.r5f.ti-arm-clang.nortos.release.lib : soc.obj (.text.SOC_moduleSetClockFrequency)
                  70020c3c    00000028                                                         : soc_rcm.obj (.text.SOC_rcmGetADPLLJConfig)
                  70020c64    00000028                                                         : crc16.obj (.text.crc16_ccitt)
                  70020c8c    00000026                                                         : bootloader.obj (.text.Bootloader_initCpu)
                  70020cb2    00000026                                                         : edma.obj (.text.EDMA_setPaRAM)
                  70020cd8    00000026                                                         : i2c_v1_lld.obj (.text.I2C_lld_transferIntr)
                  70020cfe    00000026                                                         : i2c_v1_lld.obj (.text.I2C_lld_transferPoll)
                  70020d24    00000026     security.am263px.r5f.ti-arm-clang.nortos.release.lib : sipc_notify_src.obj (.text.SIPC_unregisterClient)
                  70020d4a    00000026     ti_drivers_config.obj (.text.System_init)
                  70020d70    00000026     drivers.am263px.r5f.ti-arm-clang.nortos.release.lib : uart_dma_edma.obj (.text.UART_lld_dmaDisableChannel)
                  70020d96    00000002     --HOLE-- [fill = 0]
                  70020d98    00000024                                                         : bootloader_profile.obj (.text.Bootloader_profileAddProfilePoint)
                  70020dbc    00000024     security.am263px.r5f.ti-arm-clang.nortos.release.lib : hsmclient.obj (.text.HsmClient_init)
                  70020de0    00000024     drivers.am263px.r5f.ti-arm-clang.nortos.release.lib : mcan.obj (.text.MCAN_initGlobalFilterConfigParams)
                  70020e04    00000024                                                         : mcan.obj (.text.MCAN_setOpMode)
                  70020e28    00000024                                                         : mcspi_v0_lld.obj (.text.MCSPI_fifoWriteMultiWord)
                  70020e4c    00000024                                                         : uart_v0_lld.obj (.text.UART_IsHWFlowCtrlValid)
                  70020e70    00000024     libclang_rt.builtins.a : aeabi_uldivmod.S.obj (.text.__aeabi_uldivmod)
                  70020e94    00000024     nortos.am263px.r5f.ti-arm-clang.release.lib : printf.obj (.text.vprintf_)
                  70020eb8    00000022     drivers.am263px.r5f.ti-arm-clang.nortos.release.lib : edma.obj (.text.EDMA_linkChannel)
                  70020eda    00000022     board.am263px.r5f.ti-arm-clang.nortos.release.lib : eeprom_cat24m.obj (.text.EEPROM_CAT24M_close)
                  70020efc    00000022     drivers.am263px.r5f.ti-arm-clang.nortos.release.lib : mcspi_v0_lld.obj (.text.MCSPI_transferPeripheralIntr)
                  70020f1e    00000022     pmic_blackbird.am263px.r5f.ti-arm-clang.nortos.release.lib : pmic.obj (.text.Pmic_deinit)
                  70020f40    00000020     drivers.am263px.r5f.ti-arm-clang.nortos.release.lib : bootloader.obj (.text.Bootloader_runSelfCpu)
                  70020f60    00000020     nortos.am263px.r5f.ti-arm-clang.release.lib : DebugP_log.obj (.text.DebugP_logZoneEnable)
                  70020f80    00000020     drivers.am263px.r5f.ti-arm-clang.nortos.release.lib : i2c_v1_lld.obj (.text.I2C_lld_Message_init)
                  70020fa0    00000020                                                         : mcan.obj (.text.MCAN_getOpMode)
                  70020fc0    00000020                                                         : mcan.obj (.text.MCAN_isMemInitDone)
                  70020fe0    00000020                                                         : mcspi_v0_lld.obj (.text.MCSPI_fifoRead32)
                  70021000    00000020     nortos.am263px.r5f.ti-arm-clang.release.lib : TimerP_rti_priv.obj (.text.TimerP_Params_initPriv)
                  70021020    00000020     drivers.am263px.r5f.ti-arm-clang.nortos.release.lib : uart_v0_lld.obj (.text.UART_getChar)
                  70021040    00000020                                                         : bootloader_can.obj (.text.mcanConfigTxMsg)
                  70021060    0000001e     board.am263px.r5f.ti-arm-clang.nortos.release.lib : eeprom.obj (.text.EEPROM_read)
                  7002107e    0000001e                                                       : ioexp_tca6424.obj (.text.TCA6424_close)
                  7002109c    0000001e     drivers.am263px.r5f.ti-arm-clang.nortos.release.lib : uart_v0_lld.obj (.text.UART_spaceAvail)
                  700210ba    0000001e                                                         : uart_v0_lld.obj (.text.UART_statusIsDataReady)
                  700210d8    0000001e                                                         : bootloader.obj (.text.memcmp)
                  700210f6    00000002     --HOLE-- [fill = 0]
                  700210f8    0000001c                                                         : bootloader_soc.obj (.text.Bootloader_socGetCoreName)
                  70021114    0000001c                                                         : mcan.obj (.text.MCAN_getTxBufTransmissionStatus)
                  70021130    0000001c                                                         : mcspi_v0_lld.obj (.text.MCSPI_fifoWrite32)
                  7002114c    0000001c                                                         : mcspi_v0_lld.obj (.text.MCSPI_getFifoTrigLvl)
                  70021168    0000001c                                                         : mcspi_v0_lld.obj (.text.MCSPI_lld_deInit)
                  70021184    0000001c                                                         : bootloader_mem.obj (.text.Mem_imgOpen)
                  700211a0    0000001c                                                         : soc_rcm.obj (.text.SOC_rcmIsR5FInLockStepMode)
                  700211bc    0000001c     libc.a : memcpy32.S.obj (.text:TI_memcpy_small)
                  700211d8    0000001a     nortos.am263px.r5f.ti-arm-clang.release.lib : CpuId_armv7r.obj (.text.CSL_armR5GetCpuID)
                  700211f2    0000001a     ti_drivers_open_close.obj (.text.Drivers_open)
                  7002120c    0000001a     ti_board_open_close.obj (.text.Drivers_pmicOpen)
                  70021226    0000001a     drivers.am263px.r5f.ti-arm-clang.nortos.release.lib : edma.obj (.text.EDMA_readEventStatusRegion)
                  70021240    0000001a                                                         : i2c_v1.obj (.text.I2C_hwiFxn)
                  7002125a    0000001a     security.am263px.r5f.ti-arm-clang.nortos.release.lib : sipc_notify_src.obj (.text.SIPC_Params_init)
                  70021274    0000001a     drivers.am263px.r5f.ti-arm-clang.nortos.release.lib : uart_v0_lld.obj (.text.UART_enhanFuncEnable)
                  7002128e    00000002     --HOLE-- [fill = 0]
                  70021290    00000018                                                         : bootloader_profile.obj (.text.Bootloader_profileAddCore)
                  700212a8    00000018                                                         : bootloader_soc.obj (.text.Bootloader_socCpuGetClkDefault)
                  700212c0    00000018     ti_drivers_open_close.obj (.text.Drivers_mcspiClose)
                  700212d8    00000018     drivers.am263px.r5f.ti-arm-clang.nortos.release.lib : i2c_v1.obj (.text.I2C_deinit)
                  700212f0    00000018                                                         : mcspi_v0.obj (.text.MCSPI_deinit)
                  70021308    00000018                                                         : mcspi_dma_edma.obj (.text.MCSPI_lld_dmaInit)
                  70021320    00000018                                                         : soc.obj (.text.SOC_getCoreName)
                  70021338    00000018                                                         : soc_rcm.obj (.text.SOC_rcmMemInitMailboxMemory)
                  70021350    00000018                                                         : soc_rcm.obj (.text.SOC_rcmR5SS0PowerOnReset)
                  70021368    00000018                                                         : soc_rcm.obj (.text.SOC_rcmR5SS1PowerOnReset)
                  70021380    00000018     nortos.am263px.r5f.ti-arm-clang.release.lib : TimerP_rti_priv.obj (.text.TimerP_getCountPriv)
                  70021398    00000018     drivers.am263px.r5f.ti-arm-clang.nortos.release.lib : uart_v0.obj (.text.UART_deinit)
                  700213b0    00000018     libc.a : memset32.S.obj (.text:TI_memset_small)
                  700213c8    00000016     drivers.am263px.r5f.ti-arm-clang.nortos.release.lib : bootloader_soc.obj (.text.Bootloader_socCpuSetClock)
                  700213de    00000016                                                         : i2c_v1_lld.obj (.text.I2C_lld_Transaction_init)
                  700213f4    00000016                                                         : mcspi_v0_lld.obj (.text.MCSPI_reset)
                  7002140a    00000016     nortos.am263px.r5f.ti-arm-clang.release.lib : SemaphoreP_nortos.obj (.text.SemaphoreP_constructBinary)
                  70021420    00000016     drivers.am263px.r5f.ti-arm-clang.nortos.release.lib : uart_v0_lld.obj (.text.UART_IsTxRxFifoEmpty)
                  70021436    00000016                                                         : uart_v0_lld.obj (.text.UART_checkCharsAvailInFifo)
                  7002144c    00000016                                                         : uart_v0_lld.obj (.text.UART_getIntrIdentityStatus)
                  70021462    00000016                                                         : uart_v0_lld.obj (.text.UART_getRxError)
                  70021478    00000014                                                         : bootloader_soc.obj (.text.Bootloader_socCpuResetRelease)
                  7002148c    00000014                                                         : bootloader_soc.obj (.text.Bootloader_socIsAuthRequired)
                  700214a0    00000014     nortos.am263px.r5f.ti-arm-clang.release.lib : ClockP_nortos.obj (.text.ClockP_usecToTicks)
                  700214b4    00000014     drivers.am263px.r5f.ti-arm-clang.nortos.release.lib : edma.obj (.text.EDMA_getRegionId)
                  700214c8    00000014                                                         : soc_rcm.obj (.text.SOC_rcmR5SS0TriggerReset)
                  700214dc    00000014     nortos.am263px.r5f.ti-arm-clang.release.lib : SemaphoreP_nortos.obj (.text.SemaphoreP_constructMutex)
                  700214f0    00000014     drivers.am263px.r5f.ti-arm-clang.nortos.release.lib : uart_v0.obj (.text.UART_Transaction_init)
                  70021504    00000014                                                         : uart_v0_lld.obj (.text.UART_enhanFuncBitValRestore)
                  70021518    00000012     security.am263px.r5f.ti-arm-clang.nortos.release.lib : hsmclient_loadhsmrt.obj (.text.Hsmclient_updateBootNotificationRegister)
                  7002152a    00000012     drivers.am263px.r5f.ti-arm-clang.nortos.release.lib : i2c_v1.obj (.text.I2C_LLD_transferCompleteCallback)
                  7002153c    00000012     pmic_blackbird.am263px.r5f.ti-arm-clang.nortos.release.lib : pmic_lld.obj (.text.PMIC_configure)
                  7002154e    00000012     drivers.am263px.r5f.ti-arm-clang.nortos.release.lib : uart_v0_lld.obj (.text.UART_hardwareFlowCtrlOptSet)
                  70021560    00000012                                                         : uart_v0_lld.obj (.text.UART_operatingModeSelect)
                  70021572    00000012                                                         : uart_v0_lld.obj (.text.UART_readLineStatus)
                  70021584    00000012                                                         : xmodem.obj (.text.flushinput)
                  70021596    00000010                                                         : bootloader.obj (.text.Bootloader_close)
                  700215a6    00000002     --HOLE-- [fill = 0]
                  700215a8    00000010                                                         : bootloader.obj (.text.Bootloader_getBootMedia)
                  700215b8    00000010                                                         : bootloader.obj (.text.Bootloader_isCorePresent)
                  700215c8    00000010     pmic_blackbird.am263px.r5f.ti-arm-clang.nortos.release.lib : pmic_tps653860xx.obj (.text.PMIC_criticalSectionStartFn)
                  700215d8    00000010     drivers.am263px.r5f.ti-arm-clang.nortos.release.lib : soc_rcm.obj (.text.SOC_rcmR5SS1TriggerReset)
                  700215e8    00000010                                                         : uart_v0_lld.obj (.text.UART_intr2Disable)
                  700215f8    00000010     libclang_rt.builtins.a : aeabi_memset.S.obj (.text.__aeabi_memset)
                  70021608    0000000e     drivers.am263px.r5f.ti-arm-clang.nortos.release.lib : bootloader_soc.obj (.text.Bootloader_socCpuResetReleaseSelf)
                  70021616    0000000e                                                         : bootloader_soc.obj (.text.Bootloader_socInitL2MailBoxMemory)
                  70021624    0000000e                                                         : edma.obj (.text.EDMA_ccPaRAMEntry_init)
                  70021632    0000000e     board.am263px.r5f.ti-arm-clang.nortos.release.lib : eeprom.obj (.text.EEPROM_close)
                  70021640    0000000e     drivers.am263px.r5f.ti-arm-clang.nortos.release.lib : i2c_v1.obj (.text.I2C_transferCallback)
                  7002164e    0000000e     pmic_blackbird.am263px.r5f.ti-arm-clang.nortos.release.lib : pmic_lld.obj (.text.PMIC_close)
                  7002165c    0000000e     ti_pinmux_config.obj (.text.Pinmux_init)
                  7002166a    0000000e     ti_power_clock_config.obj (.text.PowerClock_init)
                  70021678    0000000c     drivers.am263px.r5f.ti-arm-clang.nortos.release.lib : bootloader.obj (.text.Bootloader_Params_init)
                  70021684    0000000c                                                         : bootloader_soc.obj (.text.Bootloader_socGetBootSeqOid)
                  70021690    0000000c     nortos.am263px.r5f.ti-arm-clang.release.lib : ClockP_nortos.obj (.text.ClockP_getTicks)
                  7002169c    0000000c                                                 : DebugP_uartLogWriter.obj (.text.DebugP_uartSetDrvIndex)
                  700216a8    0000000c     drivers.am263px.r5f.ti-arm-clang.nortos.release.lib : edma.obj (.text.EDMA_isInitialized)
                  700216b4    0000000c     security.am263px.r5f.ti-arm-clang.nortos.release.lib : hsmclient.obj (.text.HsmClient_SecureBootQueueInit)
                  700216c0    0000000c     drivers.am263px.r5f.ti-arm-clang.nortos.release.lib : i2c_v1.obj (.text.I2C_Transaction_init)
                  700216cc    0000000c     pmic_blackbird.am263px.r5f.ti-arm-clang.nortos.release.lib : pmic_tps653860xx.obj (.text.PMIC_criticalSectionStopFn)
                  700216d8    0000000c     security.am263px.r5f.ti-arm-clang.nortos.release.lib : sipc_notify_src.obj (.text.SIPC_getSelfCoreId)
                  700216e4    0000000c     drivers.am263px.r5f.ti-arm-clang.nortos.release.lib : soc.obj (.text.SOC_getSelfCpuClk)
                  700216f0    0000000c                                                         : soc_rcm.obj (.text.SOC_rcmSetR5ClockSource)
                  700216fc    0000000c     board.am263px.r5f.ti-arm-clang.nortos.release.lib : ioexp_tca6424.obj (.text.TCA6424_Params_init)
                  70021708    0000000c     libclang_rt.builtins.a : aeabi_memset.S.obj (.text.__aeabi_memclr)
                  70021714    0000000c     libc.a : memory.c.obj (.text.malloc)
                  70021720    0000000c            : strcmp32.S.obj (.text)
                  7002172c    0000000c     nortos.am263px.r5f.ti-arm-clang.release.lib : CpuId_armv7r_asm.obj (.text)
                  70021738    0000000a                                                 : ClockP_nortos.obj (.text.ClockP_Params_init)
                  70021742    0000000a                                                 : ClockP_nortos.obj (.text.ClockP_isActive)
                  7002174c    0000000a     drivers.am263px.r5f.ti-arm-clang.nortos.release.lib : soc_rcm.obj (.text.SOC_rcmSetR5Clock)
                  70021756    0000000a     nortos.am263px.r5f.ti-arm-clang.release.lib : TimerP_rti_priv.obj (.text.TimerP_getReloadCountPriv)
                  70021760    0000000a                                                 : TimerP_rti_priv.obj (.text.TimerP_startPriv)
                  7002176a    0000000a     drivers.am263px.r5f.ti-arm-clang.nortos.release.lib : uart_v0_lld.obj (.text.UART_lld_Transaction_deInit)
                  70021774    00000008                                                         : bootloader_soc.obj (.text.Bootloader_socGetSBLMem)
                  7002177c    00000008     libsysbm.a : hostexit.c.obj (.text.HOSTexit)
                  70021784    00000008     pmic_blackbird.am263px.r5f.ti-arm-clang.nortos.release.lib : pmic_common.obj (.text.Pmic_criticalSectionStart)
                  7002178c    00000008                                                                : pmic_common.obj (.text.Pmic_criticalSectionStop)
                  70021794    00000008                                                                : pmic_common.obj (.text.Pmic_validParamCheck)
                  7002179c    00000008     nortos.am263px.r5f.ti-arm-clang.release.lib : TimerP_rti_priv.obj (.text.TimerP_clearOverflowIntPriv)
                  700217a4    00000008                                                 : printf.obj (.text._out_char)
                  700217ac    00000008     libc.a : exit.c.obj (.text:abort)
                  700217b4    00000006     drivers.am263px.r5f.ti-arm-clang.nortos.release.lib : edma.obj (.text.EDMA_isInterruptEnabled)
                  700217ba    00000006     security.am263px.r5f.ti-arm-clang.nortos.release.lib : hsmclient.obj (.text.HsmClient_unregister)
                  700217c0    00000006     drivers.am263px.r5f.ti-arm-clang.nortos.release.lib : soc.obj (.text.SOC_moduleClockEnable)
                  700217c6    00000006                                                         : soc_rcm.obj (.text.SOC_rcmGetCR5SysclkInFrequency)
                  700217cc    00000004     nortos.am263px.r5f.ti-arm-clang.release.lib : ClockP_nortos_r5.obj (.text.ClockP_getTimerCount)
                  700217d0    00000004                                                 : ClockP_nortos_r5.obj (.text.ClockP_timerClearOverflowInt)
                  700217d4    00000004     main.obj (.text.Keyring_init)
                  700217d8    00000004     drivers.am263px.r5f.ti-arm-clang.nortos.release.lib : bootloader_mem.obj (.text.Mem_imgGetCurOffset)
                  700217dc    00000004                                                         : bootloader_mem.obj (.text.Mem_imgSeek)
                  700217e0    00000004     ti_power_clock_config.obj (.text.PowerClock_deinit)
                  700217e4    00000004     nortos.am263px.r5f.ti-arm-clang.release.lib : TimerP_rti_nortos.obj (.text.TimerP_Params_init)
                  700217e8    00000004                                                 : TimerP_rti_nortos.obj (.text.TimerP_clearOverflowInt)
                  700217ec    00000004                                                 : TimerP_rti_nortos.obj (.text.TimerP_getCount)
                  700217f0    00000004                                                 : TimerP_rti_nortos.obj (.text.TimerP_getReloadCount)
                  700217f4    00000004                                                 : TimerP_rti_nortos.obj (.text.TimerP_setup)
                  700217f8    00000004                                                 : TimerP_rti_nortos.obj (.text.TimerP_start)
                  700217fc    00000004     libclang_rt.builtins.a : aeabi_div0.c.obj (.text.__aeabi_idiv0)
                  70021800    00000004                            : aeabi_div0.c.obj (.text.__aeabi_ldiv0)
                  70021804    00000004                            : aeabi_memcpy.S.obj (.text.__aeabi_memcpy)
                  70021808    00000004     libc.a : _lock.c.obj (.text._nop)
                  7002180c    00000004     ti_dpl_config.obj (.text.putchar_)
                  70021810    00000008     libclang_rt.builtins.a : aeabi_memcpy.S.obj (.tramp.__aeabi_memcpy.1)
                  70021818    00000008     nortos.am263px.r5f.ti-arm-clang.release.lib : HwiP_armv7r_asm.obj (.tramp.HwiP_restore.1)
                  70021820    00000008                                                 : HwiP_armv7r_asm.obj (.tramp.HwiP_enable.1)
                  70021828    00000008                                                 : PmuP_armv7r_asm.obj (.tramp.PmuP_setUserEnable.1)
                  70021830    00000008                                                 : PmuP_armv7r_asm.obj (.tramp.PmuP_enableCounters.1)
                  70021838    00000008     --HOLE-- [fill = 0]

.text.hwi 
*          0    70021840    00000978     
                  70021840    0000048a     nortos.am263px.r5f.ti-arm-clang.release.lib : HwiP_armv7r_vim.obj (.text.hwi)
                  70021cca    000002f4                                                 : HwiP_armv7r_handlers_nortos.obj (.text.hwi)
                  70021fbe    00000002     --HOLE-- [fill = 0]
                  70021fc0    0000017c                                                 : HwiP_armv7r_handlers_nortos_asm.obj (.text.hwi)
                  7002213c    00000070                                                 : HwiP_armv7r_asm.obj (.text.hwi)
                  700221ac    00000008                                                 : HwiP_armv7r_asm.obj (.tramp.HwiP_enableFIQ.1)
                  700221b4    00000004     --HOLE-- [fill = 0]

.text.cache 
*          0    700221b8    00000430     
                  700221b8    00000340     nortos.am263px.r5f.ti-arm-clang.release.lib : CacheP_armv7r_asm.obj (.text.cache)
                  700224f8    000000d8                                                 : CacheP_armv7r.obj (.text.cache)
                  700225d0    00000008                                                 : CacheP_armv7r_asm.obj (.tramp.CacheP_invL1d.1)
                  700225d8    00000008                                                 : CacheP_armv7r_asm.obj (.tramp.CacheP_enableL1p.1)
                  700225e0    00000008                                                 : HwiP_armv7r_asm.obj (.tramp.HwiP_restore.2)

.text.mpu 
*          0    700225e8    00000290     
                  700225e8    00000202     nortos.am263px.r5f.ti-arm-clang.release.lib : MpuP_armv7r.obj (.text.mpu)
                  700227ea    00000002     --HOLE-- [fill = 0]
                  700227ec    00000078                                                 : MpuP_armv7r_asm.obj (.text.mpu)
                  70022864    00000008                                                 : HwiP_armv7r_asm.obj (.tramp.HwiP_restore.3)
                  7002286c    00000008                                                 : MpuP_armv7r_asm.obj (.tramp.MpuP_isEnableAsm.1)
                  70022874    00000004     --HOLE-- [fill = 0]

.text.boot 
*          0    70022878    00000190     
                  70022878    00000144     nortos.am263px.r5f.ti-arm-clang.release.lib : boot_armv7r_asm.obj (.text.boot)
                  700229bc    0000001e                                                 : DebugP_log.obj (.text.boot)
                  700229da    0000001c                                                 : boot_armv7r.obj (.text.boot)
                  700229f6    0000000e     ti_dpl_config.obj (.text.boot)
                  70022a04    00000004     --HOLE-- [fill = 0]

.data      0    70022a08    00000668     
                  70022a08    00000088     ti_drivers_config.obj (.data.gEdmaAttrs)
                  70022a90    00000070     drivers.am263px.r5f.ti-arm-clang.nortos.release.lib : bootloader_soc.obj (.data.gAddrTranslateInfo)
                  70022b00    00000068     ti_pinmux_config.obj (.data.gPinMuxMainDomainCfg)
                  70022b68    00000064     security.am263px.r5f.ti-arm-clang.nortos.release.lib : sipc_notify_cfg.obj (.data.gSIPC_InterruptConfig)
                  70022bcc    00000058     ti_drivers_open_close.obj (.data.gUartParams)
                  70022c24    00000050     security.am263px.r5f.ti-arm-clang.nortos.release.lib : sipc_notify_cfg.obj (.data.gSIPC_HsmMboxConfig)
                  70022c74    00000050                                                          : sipc_notify_cfg.obj (.data.gSIPC_SecureHostMboxConfig)
                  70022cc4    00000048     drivers.am263px.r5f.ti-arm-clang.nortos.release.lib : bootloader_can.obj (.data.gCANMsgsList)
                  70022d0c    00000040     ti_drivers_open_close.obj (.data.gConfigMcspi0ChCfg)
                  70022d4c    0000003c     ti_power_clock_config.obj (.data.gSocModulesClockFrequency)
                  70022d88    00000030     drivers.am263px.r5f.ti-arm-clang.nortos.release.lib : bootloader_soc.obj (.data.gCoreBootInfo)
                  70022db8    00000030     ti_drivers_config.obj (.data.gI2cHwAttrs)
                  70022de8    0000002c     ti_drivers_config.obj (.data.gBootloaderConfig)
                  70022e14    00000024     ti_drivers_config.obj (.data.gMcspiAttrs)
                  70022e38    00000020     ti_drivers_config.obj (.data.gMcanBitTimingDefaultParams)
                  70022e58    00000018     drivers.am263px.r5f.ti-arm-clang.nortos.release.lib : bootloader_mem.obj (.data.gBootloaderMemFxns)
                  70022e70    00000018     ti_dpl_config.obj (.data.gClockConfig)
                  70022e88    00000018     ti_drivers_open_close.obj (.data.gI2cParams)
                  70022ea0    00000014     drivers.am263px.r5f.ti-arm-clang.nortos.release.lib : bootloader_soc.obj (.data..L_MergedGlobals)
                  70022eb4    00000014                                                         : i2c_v1.obj (.data.gI2cDrvObj)
                  70022ec8    00000014                                                         : mcspi_v0.obj (.data.gMcspiDrvObj)
                  70022edc    00000014     ti_drivers_open_close.obj (.data.gMcspiOpenParams)
                  70022ef0    00000014     ti_board_open_close.obj (.data.gPmicParams)
                  70022f04    00000014     drivers.am263px.r5f.ti-arm-clang.nortos.release.lib : bootloader_soc.obj (.data.gResMemSection)
                  70022f18    00000014     ti_power_clock_config.obj (.data.gSocModules)
                  70022f2c    00000014     drivers.am263px.r5f.ti-arm-clang.nortos.release.lib : uart_v0.obj (.data.gUartDrvObj)
                  70022f40    00000010     board.am263px.r5f.ti-arm-clang.nortos.release.lib : eeprom_cat24m.obj (.data.gEepromFxns_CAT24M)
                  70022f50    00000010     ti_drivers_config.obj (.data.gI2cConfig)
                  70022f60    0000000c     nortos.am263px.r5f.ti-arm-clang.release.lib : AddrTranslateP_32bit.obj (.data.gAddrTranslateConfig)
                  70022f6c    0000000c     board.am263px.r5f.ti-arm-clang.nortos.release.lib : eeprom_cat24m.obj (.data.gEepromAttrs_CAT24M)
                  70022f78    0000000c     ti_board_open_close.obj (.data.gEepromConfig)
                  70022f84    0000000c     pmic_blackbird.am263px.r5f.ti-arm-clang.nortos.release.lib : pmic_tps653860xx.obj (.data.gPmicFxns_TPS653860xx)
                  70022f90    00000008     drivers.am263px.r5f.ti-arm-clang.nortos.release.lib : bootloader.obj (.data..L_MergedGlobals)
                  70022f98    00000008     ti_drivers_config.obj (.data.gBootloader0Args)
                  70022fa0    00000008     ti_drivers_config.obj (.data.gEdmaConfig)
                  70022fa8    00000008     ti_drivers_open_close.obj (.data.gEdmaParams)
                  70022fb0    00000008     ti_board_open_close.obj (.data.gEepromParams)
                  70022fb8    00000008     ti_drivers_config.obj (.data.gMcspiConfig)
                  70022fc0    00000008     ti_board_open_close.obj (.data.gPmicConfig)
                  70022fc8    00000008     security.am263px.r5f.ti-arm-clang.nortos.release.lib : sipc_notify_cfg.obj (.data.gSIPC_QueHsmToSecureHost)
                  70022fd0    00000008                                                          : sipc_notify_cfg.obj (.data.gSIPC_QueSecureHostToHsm)
                  70022fd8    00000008     ti_drivers_config.obj (.data.gUartAttrs)
                  70022fe0    00000008     ti_drivers_config.obj (.data.gUartConfig)
                  70022fe8    00000008     ti_drivers_config.obj (.data.operatingMode)
                  70022ff0    00000008     nortos.am263px.r5f.ti-arm-clang.release.lib : PmuP_armv7r.obj (.data.pmu)
                  70022ff8    00000004     libc.a : _lock.c.obj (.data._lock)
                  70022ffc    00000004            : _lock.c.obj (.data._unlock)
                  70023000    00000004     security.am263px.r5f.ti-arm-clang.nortos.release.lib : hsmclient.obj (.data.gBootNotificationReceived)
                  70023004    00000004     ti_drivers_config.obj (.data.gBootloaderConfigNum)
                  70023008    00000004     ti_drivers_open_close.obj (.data.gConfigMcspiChCfg)
                  7002300c    00000004     nortos.am263px.r5f.ti-arm-clang.release.lib : DebugP_log.obj (.data.gDebugLogZone)
                  70023010    00000004                                                 : DebugP_uartLogWriter.obj (.data.gDebugP_uartDrvIndex)
                  70023014    00000004     ti_drivers_config.obj (.data.gEdmaConfigNum)
                  70023018    00000004     ti_board_open_close.obj (.data.gEepromConfigNum)
                  7002301c    00000004     security.am263px.r5f.ti-arm-clang.nortos.release.lib : hsmclient_loadhsmrt.obj (.data.gHsmRtDownloadComplete)
                  70023020    00000004                                                          : hsmclient.obj (.data.gHsmrtLoadStatus)
                  70023024    00000004     ti_dpl_config.obj (.data.gHwiConfig)
                  70023028    00000004     ti_drivers_config.obj (.data.gI2cConfigNum)
                  7002302c    00000004     security.am263px.r5f.ti-arm-clang.nortos.release.lib : hsmclient.obj (.data.gLastEnqueuedIndex)
                  70023030    00000004                                                          : hsmclient.obj (.data.gLastSentIndex)
                  70023034    00000004     ti_drivers_config.obj (.data.gMcspiConfigNum)
                  70023038    00000004     ti_drivers_open_close.obj (.data.gMcspiDmaChConfig)
                  7002303c    00000004     ti_drivers_config.obj (.data.gMcspiNumCh)
                  70023040    00000004     security.am263px.r5f.ti-arm-clang.nortos.release.lib : hsmclient.obj (.data.gNum_HsmRequestSent)
                  70023044    00000004                                                          : hsmclient.obj (.data.gNum_HsmResponseReceived)
                  70023048    00000004     ti_board_open_close.obj (.data.gPmicConfigNum)
                  7002304c    00000004     security.am263px.r5f.ti-arm-clang.nortos.release.lib : hsmclient.obj (.data.gSecureBootStatus)
                  70023050    00000004     drivers.am263px.r5f.ti-arm-clang.nortos.release.lib : bootloader_soc.obj (.data.gStreamId)
                  70023054    00000004     ti_drivers_config.obj (.data.gUartConfigNum)
                  70023058    00000004     ti_drivers_open_close.obj (.data.gUartDmaChConfig)
                  7002305c    00000004     security.am263px.r5f.ti-arm-clang.nortos.release.lib : hsmclient.obj (.data.hsm_client_msg_queue_size)
                  70023060    00000004                                                          : hsmclient_loadhsmrt.obj (.data.ptrMSSCtrlRegs)
                  70023064    00000004     drivers.am263px.r5f.ti-arm-clang.nortos.release.lib : bootloader_soc.obj (.data.ptrTopCtrlRegs)
                  70023068    00000001                                                         : soc.obj (.data.isMapAvailable)
                  70023069    00000003     --HOLE-- [fill = 0]
                  7002306c    00000001     libc.a : memory.c.obj (.data.memory_is_initialized)
                  7002306d    00000003     --HOLE-- [fill = 0]

.rodata    0    70023070    000018e8     
                  70023070    00000200     drivers.am263px.r5f.ti-arm-clang.nortos.release.lib : crc16.obj (.rodata.crc16tab)
                  70023270    00000064     ti_dpl_config.obj (.rodata.cfg)
                  700232d4    00000061     drivers.am263px.r5f.ti-arm-clang.nortos.release.lib : bootloader.obj (.rodata.str1.10218919752055685820.1)
                  70023335    00000051                                                         : mcspi_v0.obj (.rodata.str1.13637228238812554563.1)
                  70023386    00000002     --HOLE-- [fill = 0]
                  70023388    00000050     nortos.am263px.r5f.ti-arm-clang.release.lib : printf.obj (.rodata._ftoa.pow10)
                  700233d8    00000048     drivers.am263px.r5f.ti-arm-clang.nortos.release.lib : soc_rcm.obj (.rodata.gADPLLJConfigTbl)
                  70023420    00000048                                                         : mcspi_v0_lld.obj (.rodata.str1.5453848232394703767.1)
                  70023468    00000042                                                         : soc_rcm.obj (.rodata.str1.6995560061672649380.1)
                  700234aa    00000042                                                         : soc_rcm.obj (.rodata.str1.8407350469959805165.1)
                  700234ec    00000042                                                         : soc_rcm.obj (.rodata.str1.9492239733735185226.1)
[...]
7001fcbd  Bootloader_findSeq                       
7001fcfd  Bootloader_open                          
7001fd3d  Bootloader_socMemInitCpu                 
7001fdbd  ClockP_stop                              
7001fdfd  EDMA_mapChToEvtQ                         
7001fe3d  Pinmux_config                            
7001fe7d  UART_lld_deInit                          
7001ff79  SIPC_registerClient                      
7001ffb9  EDMA_getBaseAddr                         
7001fff5  SOC_rcmR5ConfigLockStep                  
7002006d  ClockP_destruct                          
700200a7  DebugP_uartLogWriterPutChar              
700200e1  EEPROM_open                              
70020155  Module_clockSetFrequency                 
7002018f  TCA6424_open                             
700201c9  UART_lld_flushTxFifo                     
70020205  Bootloader_authStart                     
7002023d  Bootloader_authUpdate                    
70020275  Bootloader_socTranslateSectionAddr       
700202ad  BufIo_sendTransferComplete               
700202e5  MCAN_getErrCounters                      
7002031d  MCAN_initTxBufElement                    
70020355  PMIC_open                                
7002038d  Pmic_checkPmicCoreHandle                 
700203fd  _DebugP_logZone                          
70020434  CycleCounterP_getCount32                 
7002043c  PmuP_setup                               
70020444  PmuP_enableCounters                      
7002044c  PmuP_disableCounters                     
70020454  PmuP_getOverflowStatus                   
7002045c  PmuP_clearOverflowStatus                 
70020464  PmuP_setUserEnable                       
7002046d  EDMA_clrMissEvtRegion                    
700204a3  HsmClient_waitForBootNotify              
700204d9  SemaphoreP_post                          
7002050f  Bootloader_getX509CertLen                
70020543  ClockP_start                             
70020577  EEPROM_CAT24M_open                       
700205ad  I2C_init                                 
700205e1  Module_clockDisable                      
70020615  Module_clockEnable                       
70020649  Pmic_ioRxByte                            
700206e5  ClockP_usleep                            
70020717  EDMA_unmapChToEvtQ                       
70020749  MCAN_initMsgRamConfigParams              
7002077b  MCAN_initOperModeParams                  
700207ad  MCSPI_errorCallback                      
700207e1  Bootloader_BootImageInfo_init            
70020811  Bootloader_authFinish                    
70020841  Bootloader_xmodemTransmit                
700208a1  MCAN_txBufAddReq                         
700208d1  SIPC_Register_Isr                        
70020901  SOC_rcmCoreApllRelockPreRequisite        
70020991  _outbyte                                 
700209c1  EDMA_enableChInShadowRegRegion           
700209ef  I2C_lld_deInit                           
70020a1d  Bootloader_profileReset                  
70020a49  I2C_getHandle                            
70020a75  MCSPI_getHandle                          
70020aa1  SOC_rcmGetR5Clock                        
70020acd  System_deinit                            
70020af9  UART_getHandle                           
70020b25  ClockP_construct                         
70020b75  MCAN_initSetBitTimeParams                
70020bed  PMIC_tps653860xxClose                    
70020c15  SOC_moduleSetClockFrequency              
70020c65  crc16_ccitt                              
70020c8d  Bootloader_initCpu                       
70020cb3  EDMA_setPaRAM                            
70020cd9  I2C_lld_transferIntr                     
70020cff  I2C_lld_transferPoll                     
70020d25  SIPC_unregisterClient                    
70020d4b  System_init                              
70020d71  UART_lld_dmaDisableChannel               
70020d99  Bootloader_profileAddProfilePoint        
70020dbd  HsmClient_init                           
70020de1  MCAN_initGlobalFilterConfigParams        
70020e05  MCAN_setOpMode                           
70020e70  __aeabi_uldivmod                         
70020e95  vprintf_                                 
70020eb9  EDMA_linkChannel                         
70020edb  EEPROM_CAT24M_close                      
70020f1f  Pmic_deinit                              
70020f41  Bootloader_runSelfCpu                    
70020f61  DebugP_logZoneEnable                     
70020f81  I2C_lld_Message_init                     
70020fa1  MCAN_getOpMode                           
70020fc1  MCAN_isMemInitDone                       
70021001  TimerP_Params_initPriv                   
70021021  UART_getChar                             
70021041  mcanConfigTxMsg                          
70021061  EEPROM_read                              
7002107f  TCA6424_close                            
7002109d  UART_spaceAvail                          
700210f9  Bootloader_socGetCoreName                
70021115  MCAN_getTxBufTransmissionStatus          
70021169  MCSPI_lld_deInit                         
700211a1  SOC_rcmIsR5FInLockStepMode               
700211bc  TI_memcpy_small                          
700211d9  CSL_armR5GetCpuID                        
700211f3  Drivers_open                             
7002120d  Drivers_pmicOpen                         
70021227  EDMA_readEventStatusRegion               
7002125b  SIPC_Params_init                         
70021291  Bootloader_profileAddCore                
700212a9  Bootloader_socCpuGetClkDefault           
700212c1  Drivers_mcspiClose                       
700212d9  I2C_deinit                               
700212f1  MCSPI_deinit                             
70021309  MCSPI_lld_dmaInit                        
70021321  SOC_getCoreName                          
70021339  SOC_rcmMemInitMailboxMemory              
70021351  SOC_rcmR5SS0PowerOnReset                 
70021369  SOC_rcmR5SS1PowerOnReset                 
70021381  TimerP_getCountPriv                      
70021399  UART_deinit                              
700213b0  TI_memset_small                          
700213c9  Bootloader_socCpuSetClock                
700213df  I2C_lld_Transaction_init                 
700213f5  MCSPI_reset                              
7002140b  SemaphoreP_constructBinary               
70021421  UART_IsTxRxFifoEmpty                     
70021437  UART_checkCharsAvailInFifo               
7002144d  UART_getIntrIdentityStatus               
70021479  Bootloader_socCpuResetRelease            
7002148d  Bootloader_socIsAuthRequired             
700214a1  ClockP_usecToTicks                       
700214b5  EDMA_getRegionId                         
700214c9  SOC_rcmR5SS0TriggerReset                 
700214dd  SemaphoreP_constructMutex                
700214f1  UART_Transaction_init                    
70021519  Hsmclient_updateBootNotificationRegister 
7002153d  PMIC_configure                           
70021561  UART_operatingModeSelect                 
70021573  UART_readLineStatus                      
70021597  Bootloader_close                         
700215a9  Bootloader_getBootMedia                  
700215b9  Bootloader_isCorePresent                 
700215c9  PMIC_criticalSectionStartFn              
700215d9  SOC_rcmR5SS1TriggerReset                 
700215e9  UART_intr2Disable                        
700215f8  __aeabi_memset                           
700215f8  __aeabi_memset4                          
700215f8  __aeabi_memset8                          
70021609  Bootloader_socCpuResetReleaseSelf        
70021617  Bootloader_socInitL2MailBoxMemory        
70021625  EDMA_ccPaRAMEntry_init                   
70021633  EEPROM_close                             
7002164f  PMIC_close                               
7002165d  Pinmux_init                              
7002166b  PowerClock_init                          
70021679  Bootloader_Params_init                   
70021685  Bootloader_socGetBootSeqOid              
70021691  ClockP_getTicks                          
7002169d  DebugP_uartSetDrvIndex                   
700216a9  EDMA_isInitialized                       
700216b5  HsmClient_SecureBootQueueInit            
700216c1  I2C_Transaction_init                     
700216cd  PMIC_criticalSectionStopFn               
700216d9  SIPC_getSelfCoreId                       
700216e5  SOC_getSelfCpuClk                        
700216f1  SOC_rcmSetR5ClockSource                  
700216fd  TCA6424_Params_init                      
70021708  __aeabi_memclr                           
70021708  __aeabi_memclr4                          
70021708  __aeabi_memclr8                          
70021714  malloc                                   
7002172c  CSL_armR5ReadMpidrReg                    
70021739  ClockP_Params_init                       
70021743  ClockP_isActive                          
7002174d  SOC_rcmSetR5Clock                        
70021757  TimerP_getReloadCountPriv                
70021761  TimerP_startPriv                         
7002176b  UART_lld_Transaction_deInit              
70021775  Bootloader_socGetSBLMem                  
7002177c  C$$EXIT                                  
7002177c  HOSTexit                                 
70021785  Pmic_criticalSectionStart                
7002178d  Pmic_criticalSectionStop                 
70021795  Pmic_validParamCheck                     
7002179d  TimerP_clearOverflowIntPriv              
700217ac  abort                                    
700217b5  EDMA_isInterruptEnabled                  
700217bb  HsmClient_unregister                     
700217c1  SOC_moduleClockEnable                    
700217cd  ClockP_getTimerCount                     
700217d1  ClockP_timerClearOverflowInt             
700217d5  Keyring_init                             
700217e1  PowerClock_deinit                        
700217e5  TimerP_Params_init                       
700217e9  TimerP_clearOverflowInt                  
700217ed  TimerP_getCount                          
700217f1  TimerP_getReloadCount                    
700217f5  TimerP_setup                             
700217f9  TimerP_start                             
700217fc  __aeabi_idiv0                            
70021800  __aeabi_ldiv0                            
70021804  __aeabi_memcpy                           
70021804  __aeabi_memcpy4                          
70021804  __aeabi_memcpy8                          
70021808  _nop                                     
7002180d  putchar_                                 
70021841  HwiP_enableInt                           
70021869  HwiP_disableInt                          
7002189b  HwiP_restoreInt                          
700218f1  HwiP_clearInt                            
70021911  HwiP_post                                
70021939  HwiP_Params_init                         
7002194b  HwiP_construct                           
70021a8f  HwiP_destruct                            
70021b61  HwiP_init                                
70021c29  HwiP_inISR                               
70021c45  HwiP_setVimIrqPriMaskNonAtomic           
70021c67  HwiP_setVimIrqPriMaskAtomic              
70021cb3  HwiP_restoreVimIrqPriMask                
70021ccb  HwiP_irq_handler_c                       
70021d67  HwiP_fiq_handler                         
70021e17  HwiP_reserved_handler                    
70021e45  HwiP_undefined_handler_c                 
70021e63  HwiP_user_undefined_handler_c            
70021e77  HwiP_svc_handler                         
70021ea5  HwiP_prefetch_abort_handler_c            
70021f1f  HwiP_user_prefetch_abort_handler_c       
70021f2f  HwiP_data_abort_handler_c                
70021faf  HwiP_user_data_abort_handler_c           
70021fc0  HwiP_irq_handler                         
70022034  HwiP_data_abort_handler                  
70022078  HwiP_prefetch_abort_handler              
700220c4  HwiP_undefined_handler                   
700220f4  GET_DFSR                                 
700220fc  GET_ADFSR                                
70022104  GET_DFAR                                 
7002210c  GET_IFSR                                 
70022114  GET_AIFSR                                
7002211c  GET_IFAR                                 
70022124  GET_SPSR                                 
7002213c  HwiP_disable                             
7002214c  HwiP_disableFIQ                          
7002215c  HwiP_enable                              
7002216c  HwiP_enableFIQ                           
7002217c  HwiP_restore                             
70022184  HwiP_enableVIC                           
70022194  HwiP_disableVIC                          
700221a4  HwiP_getCPSR                             
700221b8  CacheP_disableL1d                        
700221e0  CacheP_disableL1p                        
700221f8  CacheP_enableL1d                         
70022210  CacheP_enableL1p                         
70022228  CacheP_invL1d                            
70022260  CacheP_invL1p                            
7002229c  CacheP_invL1dAll                         
700222a4  CacheP_invL1pAll                         
700222ac  CacheP_wb                                
700222e8  CacheP_wbInv                             
70022324  CacheP_wbAll                             
700223cc  CacheP_wbInvAll                          
700223e4  CacheP_wbInvAllAsm                       
70022484  CacheP_getEnabled                        
700224bc  CacheP_getCacheLevelInfo                 
700224c8  CacheP_configForceWrThru                 
700224e8  CacheP_setDLFO                           
700224f9  CacheP_init                              
70022551  CacheP_disable                           
7002258b  CacheP_enable                            
700225ab  CacheP_inv                               
700225e9  MpuP_getAttrs                            
70022629  MpuP_RegionAttrs_init                    
70022637  MpuP_setRegion                           
700226b1  MpuP_isEnable                            
700226b5  MpuP_disable                             
700226e7  MpuP_enable                              
70022723  MpuP_init                                
70022785  MpuP_isUserAuthorizedToAccessMemory      
700227ec  MpuP_disableAsm                          
70022804  MpuP_disableBRAsm                        
70022814  MpuP_enableAsm                           
7002282c  MpuP_enableBRAsm                         
7002283c  MpuP_isEnableAsm                         
70022850  MpuP_setRegionAsm                        
70022878  _c_int00_sbl                             
7002289c  _c_int00                                 
700229bd  _DebugP_assertNoLog                      
700229db  _system_pre_init                         
700229f7  __mpu_init                               
70022a08  gMcspiDmaHandle                          
70022a08  gUartDmaHandle                           
70022a90  gAddrTranslateInfo                       
70022b68  gSIPC_InterruptConfig                    
70022bcc  gUartParams                              
70022c24  gSIPC_HsmMboxConfig                      
70022c74  gSIPC_SecureHostMboxConfig               
70022cc4  gCANMsgsList                             
70022d0c  gConfigMcspi0ChCfg                       
70022d4c  gSocModulesClockFrequency                
70022d88  gCoreBootInfo                            
70022de8  gBootloaderConfig                        
70022e38  gMcanBitTimingDefaultParams              
70022e58  gBootloaderMemFxns                       
70022e70  gClockConfig                             
70022e88  gI2cParams                               
70022ea0  gR5ss0MemInitDone                        
70022ea4  gR5ss1MemInitDone                        
70022ea8  gR5ss1PORDone                            
70022eac  gR5ss0Core1ImagePresent                  
70022eb0  gR5ss1Core1ImagePresent                  
70022edc  gMcspiOpenParams                         
70022ef0  gPmicParams                              
70022f04  gResMemSection                           
70022f18  gSocModules                              
70022f40  gEepromFxns_CAT24M                       
70022f50  gI2cConfig                               
70022f60  gAddrTranslateConfig                     
70022f6c  gEepromAttrs_CAT24M                      
70022f78  gEepromConfig                            
70022f84  gPmicFxns_TPS653860xx                    
70022f90  vec_size                                 
70022f94  vector_table_loc                         
70022f98  gBootloader0Args                         
70022fa0  gEdmaConfig                              
70022fa8  gEdmaParams                              
70022fb0  gEepromParams                            
70022fb8  gMcspiConfig                             
70022fc0  gPmicConfig                              
70022fc8  gSIPC_QueHsmToSecureHost                 
70022fd0  gSIPC_QueSecureHostToHsm                 
70022fe0  gUartConfig                              
70022fe8  operatingMode                            
70022ff8  _lock                                    
70022ffc  _unlock                                  
70023004  gBootloaderConfigNum                     
70023008  gConfigMcspiChCfg                        
7002300c  gDebugLogZone                            
70023010  gDebugP_uartDrvIndex                     
70023014  gEdmaConfigNum                           
70023018  gEepromConfigNum                         
7002301c  gHsmRtDownloadComplete                   
70023020  gHsmrtLoadStatus                         
70023024  gHwiConfig                               
70023028  gI2cConfigNum                            
70023034  gMcspiConfigNum                          
70023038  gMcspiDmaChConfig                        
7002303c  gMcspiNumCh                              
70023048  gPmicConfigNum                           
70023050  gStreamId                                
70023054  gUartConfigNum                           
70023058  gUartDmaChConfig                         
70023060  ptrMSSCtrlRegs                           
70023064  ptrTopCtrlRegs                           
70023068  isMapAvailable                           
70023270  gCacheConfig                             
70023278  gMpuConfig                               
70023284  gMpuRegionConfig                         
700233d8  gADPLLJConfigTbl                         
70023af8  I2C_defaultTransaction                   
700241bc  gCacheL1dCacheLineSize                   
700241c0  I2C_lld_defaultMessage                   
70024250  gPeripheralClkSrcInfoMap                 
700247c4  gPLLFreqId2FOutMap                       
7002480c  gCacheL1pCacheLineSize                   
70024958  _sys_memory                              
7002c958  __stack                                  
70030958  __IRQ_STACK_START                        
70030958  __STACK_END                              
70031958  __FIQ_STACK_START                        
70031958  __IRQ_STACK_END                          
70031a58  __FIQ_STACK_END                          
70031a58  __SVC_STACK_START                        
70032a58  __ABORT_STACK_START                      
70032a58  __SVC_STACK_END                          
70032b58  __ABORT_STACK_END                        
70032b58  __UNDEFINED_STACK_START                  
70032c58  __UNDEFINED_STACK_END                    
70047000  gHsmRtFw                                 
70087000  gAppImageBuf                             
ffffffff  __TI_pprof_out_hndl                      
ffffffff  __TI_prof_data_size                      
ffffffff  __TI_prof_data_start                     
ffffffff  __binit__                                
ffffffff  binit                                    
UNDEFED   __TI_CINIT_Base                          
UNDEFED   __TI_CINIT_Limit                         
UNDEFED   __TI_Handler_Table_Base                  
UNDEFED   __TI_Handler_Table_Limit                 
UNDEFED   _system_post_cinit                       

[619 symbols]
