******************************************************************************
            TI ARM Clang Linker Unix v4.0.3                    
******************************************************************************
>> Linked Mon Sep 15 15:35:16 2025

OUTPUT FILE NAME:   <sbl_ospi_multicore_elf.debug.out>
ENTRY POINT SYMBOL: "_vectors"  address: 00000000


MEMORY CONFIGURATION

         name            origin    length      used     unused   attr    fill
----------------------  --------  ---------  --------  --------  ----  --------
  R5F_VECS              00000000   00000100  00000040  000000c0  RWIX
  R5F_TCMA              00000100   00007f00  00000000  00007f00  RWIX
  R5F_TCMB0             00080000   00008000  00000000  00008000  RWIX
  MAILBOX_HSM           44000000   000003ce  00000340  0000008e  RWIX
  MAILBOX_R5F           44000400   000003ce  00000340  0000008e  RWIX
  FLASH_BOOTINFO_SECTOR 60080000   00001000  00000000  00001000  RWIX
  MSRAM_VECS            70002000   00000100  00000040  000000c0  RWIX
  MSRAM_0               70002100   0003ff00  00032620  0000d8e0  RWIX
  MSRAM_HSMRT           70042000   00040000  0000a6e4  0003591c  RWIX
  BOOT_SECTOR_INFO      80080000   00001000  00000000  00001000  RWIX


SEGMENT ALLOCATION MAP

run origin  load origin   length   init length attrs members
----------  ----------- ---------- ----------- ----- -------
00000000    70002000    00000040   00000040    r-x
  00000000    70002000    00000040   00000040    r-x .sbl_init_code
70002100    70002100    00019910   00019910    r-x
  70002100    70002100    000180a0   000180a0    r-x .text
  7001a1a0    7001a1a0    00000e50   00000e50    r-x .text.hwi
  7001aff0    7001aff0    000004a0   000004a0    r-x .text.cache
  7001b490    7001b490    000003c0   000003c0    r-x .text.mpu
  7001b850    7001b850    000001c0   000001c0    r-x .text.boot
7001ba10    7001ba10    00000aa0   00000aa0    rw-
  7001ba10    7001ba10    00000aa0   00000aa0    rw- .data
7001c4b0    7001c4b0    00001370   00001370    r--
  7001c4b0    7001c4b0    00001370   00001370    r-- .rodata
7001d880    7001d880    00016f00   00000000    rw-
  7001d880    7001d880    00010c00   00000000    rw- .bss
  7002e480    7002e480    00002000   00000000    rw- .stack
  70030480    70030480    00002000   00000000    rw- .sysmem
  70032480    70032480    00001000   00000000    rw- .irqstack
  70033480    70033480    00000100   00000000    rw- .fiqstack
  70033580    70033580    00001000   00000000    rw- .svcstack
  70034580    70034580    00000100   00000000    rw- .abortstack
  70034680    70034680    00000100   00000000    rw- .undefinedstack
70042000    70042000    0000a6e4   0000a6e4    r--
  70042000    70042000    0000a6e4   0000a6e4    r-- .rodata.hsmrt


SECTION ALLOCATION MAP

 output                                  attributes/
section   page    origin      length       input sections
--------  ----  ----------  ----------   ----------------
.bss.sipc_hsm_queue_mem 
*          0    44000000    00000340     NOLOAD SECTION
                  44000000    00000340     ti_drivers_config.obj (.bss.sipc_hsm_queue_mem)

.bss.sipc_secure_host_queue_mem 
*          0    44000400    00000340     NOLOAD SECTION
                  44000400    00000340     ti_drivers_config.obj (.bss.sipc_secure_host_queue_mem)

.sbl_init_code 
*          0    70002000    00000040     RUN ADDR = 00000000
                  70002000    00000040     nortos.am263px.r5f.ti-arm-clang.debug.lib : HwiP_armv7r_vectors_nortos_asm.obj (.vectors)

.text      0    70002100    000180a0     
                  70002100    00000b7a     drivers.am263px.r5f.ti-arm-clang.nortos.debug.lib : ospi_phy_am26x_lld.obj (.text.OSPI_lld_phyFindOTP1)
                  70002c7a    00000002     --HOLE-- [fill = 0]
                  70002c7c    00000004     libclang_rt.builtins.a : aeabi_div0.c.obj (.text.__aeabi_ldiv0)
                  70002c80    00000a34     nortos.am263px.r5f.ti-arm-clang.debug.lib : printf.obj (.text._vsnprintf)
                  700036b4    0000000c     libclang_rt.builtins.a : aeabi_memset.S.obj (.text.__aeabi_memclr)
                  700036c0    000009ea     drivers.am263px.r5f.ti-arm-clang.nortos.debug.lib : bootloader.obj (.text.Bootloader_parseAndLoadMultiCoreELF)
                  700040aa    00000002     --HOLE-- [fill = 0]
                  700040ac    00000004     libclang_rt.builtins.a : aeabi_memcpy.S.obj (.text.__aeabi_memcpy)
                  700040b0    00000678     drivers.am263px.r5f.ti-arm-clang.nortos.debug.lib : soc_rcm.obj (.text.SOC_rcmGetClkSrcAndDivReg)
                  70004728    00000008     libsysbm.a : hostexit.c.obj (.text.HOSTexit)
                  70004730    00000638     drivers.am263px.r5f.ti-arm-clang.nortos.debug.lib : soc_rcm.obj (.text.SOC_rcmEnablePeripheralClock)
                  70004d68    00000008     libc.a : exit.c.obj (.text:abort)
                  70004d70    000005e2     nortos.am263px.r5f.ti-arm-clang.debug.lib : printf.obj (.text._ftoa)
                  70005352    00000002     --HOLE-- [fill = 0]
                  70005354    0000000c     libc.a : memory.c.obj (.text.malloc)
                  70005360    0000052e     main.obj (.text.main)
                  7000588e    00000002     --HOLE-- [fill = 0]
                  70005890    000004b0     nortos.am263px.r5f.ti-arm-clang.debug.lib : printf.obj (.text._etoa)
                  70005d40    00000400     drivers.am263px.r5f.ti-arm-clang.nortos.debug.lib : uart_v0.obj (.text.UART_open)
                  70006140    000003d2                                                       : soc.obj (.text.SOC_phyToVirt)
                  70006512    00000002     --HOLE-- [fill = 0]
                  70006514    0000000c     nortos.am263px.r5f.ti-arm-clang.debug.lib : CpuId_armv7r_asm.obj (.text)
                  70006520    00000390     libc.a : strcmp32.S.obj (.text:strcmp)
                  700068b0    00000364     board.am263px.r5f.ti-arm-clang.nortos.debug.lib : flash_nor_ospi.obj (.text.Flash_setQeBit)
                  70006c14    00000004     libc.a : _lock.c.obj (.text._nop)
                  70006c18    00000004            : fseek.c.obj (.text.fseek)
                  70006c1c    00000004     libsysbm.a : remove.c.obj (.text.remove)
                  70006c20    0000034a     drivers.am263px.r5f.ti-arm-clang.nortos.debug.lib : ospi_v0.obj (.text.OSPI_open)
                  70006f6a    00000006     --HOLE-- [fill = 0]
                  70006f70    00000336                                                       : edma.obj (.text.EDMA_initialize)
                  700072a6    0000000a     --HOLE-- [fill = 0]
                  700072b0    00000302                                                       : soc.obj (.text.SOC_virtToPhy)
                  700075b2    0000000e     --HOLE-- [fill = 0]
                  700075c0    000002e6                                                       : ospi_edma_lld.obj (.text.OSPI_edmaCopy)
                  700078a6    0000000a     --HOLE-- [fill = 0]
                  700078b0    000002d2     board.am263px.r5f.ti-arm-clang.nortos.debug.lib : flash_nor_ospi.obj (.text.Flash_norOspiOpen)
                  70007b82    0000000e     --HOLE-- [fill = 0]
                  70007b90    00000294     drivers.am263px.r5f.ti-arm-clang.nortos.debug.lib : ospi_v0_lld.obj (.text.OSPI_programInstance)
                  70007e24    0000000c     --HOLE-- [fill = 0]
                  70007e30    0000027e                                                       : uart_dma_edma.obj (.text.UART_edmaChInit)
                  700080ae    00000002     --HOLE-- [fill = 0]
                  700080b0    00000264                                                       : soc_rcm.obj (.text.SOC_rcmPerApllConfig)
                  70008314    0000000c     --HOLE-- [fill = 0]
                  70008320    00000250                                                       : edma.obj (.text.Alloc_resource)
                  70008570    00000250     board.am263px.r5f.ti-arm-clang.nortos.debug.lib : flash_nor_ospi.obj (.text.Flash_set888mode)
                  700087c0    0000024a     drivers.am263px.r5f.ti-arm-clang.nortos.debug.lib : soc_rcm.obj (.text.SOC_rcmCoreApllHSDivConfig)
                  70008a0a    00000006     --HOLE-- [fill = 0]
                  70008a10    00000242                                                       : uart_v0_lld.obj (.text.UART_fifoConfig)
                  70008c52    0000000e     --HOLE-- [fill = 0]
                  70008c60    0000023e     nortos.am263px.r5f.ti-arm-clang.debug.lib : printf.obj (.text._ntoa_format)
                  70008e9e    00000002     --HOLE-- [fill = 0]
                  70008ea0    0000023c     drivers.am263px.r5f.ti-arm-clang.nortos.debug.lib : edma.obj (.text.EDMA_open)
                  700090dc    00000004     --HOLE-- [fill = 0]
                  700090e0    00000226                                                       : uart_dma_edma.obj (.text.UART_lld_dmaDeInit)
                  70009306    0000000a     --HOLE-- [fill = 0]
                  70009310    00000220                                                       : bootloader_profile.obj (.text.Bootloader_profilePrintProfileLog)
                  70009530    00000218                                                       : ospi_v0_lld.obj (.text.OSPI_lld_isr)
                  70009748    00000008     --HOLE-- [fill = 0]
                  70009750    00000212                                                       : ospi_edma_lld.obj (.text.OSPI_edmaInit)
                  70009962    0000000e     --HOLE-- [fill = 0]
                  70009970    00000206     security.am263px.r5f.ti-arm-clang.nortos.debug.lib : sipc_notify_src.obj (.text.SIPC_init)
                  70009b76    0000000a     --HOLE-- [fill = 0]
                  70009b80    000001d6     nortos.am263px.r5f.ti-arm-clang.debug.lib : TimerP_rti_priv.obj (.text.TimerP_setupPriv)
                  70009d56    0000000a     --HOLE-- [fill = 0]
                  70009d60    000001ca     drivers.am263px.r5f.ti-arm-clang.nortos.debug.lib : edma.obj (.text.EDMA_deinitialize)
                  70009f2a    00000006     --HOLE-- [fill = 0]
                  70009f30    000001ca                                                       : ospi_v0_lld.obj (.text.OSPI_lld_writeIndirect)
                  7000a0fa    00000006     --HOLE-- [fill = 0]
                  7000a100    000001be     security.am263px.r5f.ti-arm-clang.nortos.debug.lib : sipc_notify_src.obj (.text.SIPC_setMboxConfig)
                  7000a2be    00000002     --HOLE-- [fill = 0]
                  7000a2c0    000001b6     drivers.am263px.r5f.ti-arm-clang.nortos.debug.lib : ospi_v0_lld.obj (.text.OSPI_lld_readDirectDma)
                  7000a476    0000000a     --HOLE-- [fill = 0]
                  7000a480    000001b4                                                       : bootloader.obj (.text.Bootloader_getOTFAConfigFromNoteSegment)
                  7000a634    0000000c     --HOLE-- [fill = 0]
                  7000a640    000001aa                                                       : uart_dma_edma.obj (.text.UART_lld_dmaWrite)
                  7000a7ea    00000006     --HOLE-- [fill = 0]
                  7000a7f0    000001a8                                                       : uart_v0.obj (.text.UART_close)
                  7000a998    000001a8     libc.a : memory.c.obj (.text.free)
                  7000ab40    000001a4            : memory.c.obj (.text.aligned_alloc)
                  7000ace4    0000000c     --HOLE-- [fill = 0]
                  7000acf0    000001a0     drivers.am263px.r5f.ti-arm-clang.nortos.debug.lib : edma.obj (.text.EDMA_errorIsrFxn)
                  7000ae90    0000019e                                                       : uart_v0.obj (.text.UART_write)
                  7000b02e    00000002     --HOLE-- [fill = 0]
                  7000b030    00000198                                                       : edma.obj (.text.EDMA_transferCompletionMasterIsrFxn)
                  7000b1c8    00000008     --HOLE-- [fill = 0]
                  7000b1d0    00000198                                                       : ospi_v0_lld.obj (.text.OSPI_lld_readCmd)
                  7000b368    00000008     --HOLE-- [fill = 0]
                  7000b370    00000198                                                       : uart_v0_lld.obj (.text.UART_lld_controllerIsr)
                  7000b508    00000008     --HOLE-- [fill = 0]
                  7000b510    00000186     security.am263px.r5f.ti-arm-clang.nortos.debug.lib : hsmclient_loadhsmrt.obj (.text.Hsmclient_loadHSMRtFirmware)
                  7000b696    0000000a     --HOLE-- [fill = 0]
                  7000b6a0    00000184     board.am263px.r5f.ti-arm-clang.nortos.debug.lib : flash_nor_ospi.obj (.text.Flash_set444mode)
                  7000b824    0000000c     --HOLE-- [fill = 0]
                  7000b830    0000016a     security.am263px.r5f.ti-arm-clang.nortos.debug.lib : hsmclient.obj (.text.HsmClient_isr)
                  7000b99a    00000006     --HOLE-- [fill = 0]
                  7000b9a0    00000166     drivers.am263px.r5f.ti-arm-clang.nortos.debug.lib : ospi_v0_lld.obj (.text.OSPI_lld_writeCmd)
                  7000bb06    0000000a     --HOLE-- [fill = 0]
                  7000bb10    00000162                                                       : edma.obj (.text.EDMA_unregisterIntr)
                  7000bc72    0000000e     --HOLE-- [fill = 0]
                  7000bc80    0000015a     security.am263px.r5f.ti-arm-clang.nortos.debug.lib : hsmclient.obj (.text.HsmClient_EnqueueAndSendMsg)
                  7000bdda    00000006     --HOLE-- [fill = 0]
                  7000bde0    00000158     drivers.am263px.r5f.ti-arm-clang.nortos.debug.lib : soc.obj (.text.SOC_controlModuleUnlockMMR)
                  7000bf38    00000008     --HOLE-- [fill = 0]
                  7000bf40    00000152                                                       : uart_v0_lld.obj (.text.UART_lld_initDma)
                  7000c092    0000000e     --HOLE-- [fill = 0]
                  7000c0a0    00000148                                                       : ospi_v0_lld.obj (.text.OSPI_lld_initDma)
                  7000c1e8    00000008     --HOLE-- [fill = 0]
                  7000c1f0    00000146     security.am263px.r5f.ti-arm-clang.nortos.debug.lib : hsmclient.obj (.text.HsmClient_configOTFARegions)
                  7000c336    0000000a     --HOLE-- [fill = 0]
                  7000c340    00000144     drivers.am263px.r5f.ti-arm-clang.nortos.debug.lib : bootloader_soc.obj (.text.Bootloader_socCpuPowerOnReset)
                  7000c484    0000000c     --HOLE-- [fill = 0]
                  7000c490    00000144     board.am263px.r5f.ti-arm-clang.nortos.debug.lib : flash_nor_ospi.obj (.text.Flash_norOspiSetProtocol)
                  7000c5d4    0000000c     --HOLE-- [fill = 0]
                  7000c5e0    00000144     security.am263px.r5f.ti-arm-clang.nortos.debug.lib : hsmclient.obj (.text.HsmClient_EnqueueAndSendMsgBlocking)
                  7000c724    00000144     libc.a : setvbuf.c.obj (.text.setvbuf)
                  7000c868    00000008     --HOLE-- [fill = 0]
                  7000c870    00000142     drivers.am263px.r5f.ti-arm-clang.nortos.debug.lib : ospi_v0_lld.obj (.text.OSPI_flashExecCmd)
                  7000c9b2    0000000e     --HOLE-- [fill = 0]
                  7000c9c0    00000140     board.am263px.r5f.ti-arm-clang.nortos.debug.lib : flash_nor_ospi.obj (.text.Flash_norOspiReadId)
                  7000cb00    0000013a     drivers.am263px.r5f.ti-arm-clang.nortos.debug.lib : edma.obj (.text.EDMA_isDmaChannelAllocated)
                  7000cc3a    00000006     --HOLE-- [fill = 0]
                  7000cc40    0000013a     security.am263px.r5f.ti-arm-clang.nortos.debug.lib : hsmclient.obj (.text.HsmClient_procAuthBootStart)
                  7000cd7a    00000006     --HOLE-- [fill = 0]
                  7000cd80    00000138     nortos.am263px.r5f.ti-arm-clang.debug.lib : printf.obj (.text._ntoa_long_long)
                  7000ceb8    00000008     --HOLE-- [fill = 0]
                  7000cec0    00000136                                               : ClockP_nortos_r5.obj (.text.ClockP_init)
                  7000cff6    0000000a     --HOLE-- [fill = 0]
                  7000d000    00000136     drivers.am263px.r5f.ti-arm-clang.nortos.debug.lib : uart_v0_lld.obj (.text.UART_procLineStatusErr)
                  7000d136    0000000a     --HOLE-- [fill = 0]
                  7000d140    00000134                                                       : edma.obj (.text.EDMA_registerIntr)
                  7000d274    0000000c     --HOLE-- [fill = 0]
                  7000d280    00000134                                                       : uart_v0_lld.obj (.text.UART_writePolling)
                  7000d3b4    0000000c     --HOLE-- [fill = 0]
                  7000d3c0    0000012e     board.am263px.r5f.ti-arm-clang.nortos.debug.lib : flash_nor_ospi.obj (.text.Flash_norOspiWaitReady)
                  7000d4ee    00000002     --HOLE-- [fill = 0]
                  7000d4f0    0000012c     drivers.am263px.r5f.ti-arm-clang.nortos.debug.lib : uart_v0_lld.obj (.text.UART_lld_init)
                  7000d61c    00000004     --HOLE-- [fill = 0]
                  7000d620    00000126     board.am263px.r5f.ti-arm-clang.nortos.debug.lib : flash_nor_ospi.obj (.text.Flash_norOspiWrite)
                  7000d746    0000000a     --HOLE-- [fill = 0]
                  7000d750    00000126     drivers.am263px.r5f.ti-arm-clang.nortos.debug.lib : soc.obj (.text.SOC_controlModuleLockMMR)
                  7000d876    0000000a     --HOLE-- [fill = 0]
                  7000d880    00000120                                                       : soc_rcm.obj (.text.SOC_rcmGetPeripheralClockFrequency)
                  7000d9a0    0000011c     board.am263px.r5f.ti-arm-clang.nortos.debug.lib : flash_nor_ospi.obj (.text.Flash_norOspiReset)
                  7000dabc    00000004     --HOLE-- [fill = 0]
                  7000dac0    0000011c     drivers.am263px.r5f.ti-arm-clang.nortos.debug.lib : uart_dma_edma.obj (.text.UART_lld_dmaRead)
                  7000dbdc    00000118     libclang_rt.builtins.a : udivmoddi4.S.obj (.text)
                  7000dcf4    0000000c     --HOLE-- [fill = 0]
                  7000dd00    00000116     drivers.am263px.r5f.ti-arm-clang.nortos.debug.lib : edma.obj (.text.EDMA_isTccAllocated)
                  7000de16    0000000a     --HOLE-- [fill = 0]
                  7000de20    00000116                                                       : ospi_v0_lld.obj (.text.OSPI_lld_init)
                  7000df36    0000000a     --HOLE-- [fill = 0]
                  7000df40    00000116                                                       : uart_v0_lld.obj (.text.UART_divisorLatchWrite)
                  7000e056    0000000a     --HOLE-- [fill = 0]
                  7000e060    00000114     nortos.am263px.r5f.ti-arm-clang.debug.lib : printf.obj (.text._ntoa_long)
                  7000e174    0000000c     --HOLE-- [fill = 0]
                  7000e180    00000110     drivers.am263px.r5f.ti-arm-clang.nortos.debug.lib : bootloader_hsmRt_load.obj (.text.Bootloader_socLoadHsmRtFw)
                  7000e290    0000010e                                                       : soc_rcm.obj (.text.SOC_rcmADPLLJGetFOut)
                  7000e39e    00000002     --HOLE-- [fill = 0]
                  7000e3a0    0000010c     security.am263px.r5f.ti-arm-clang.nortos.debug.lib : hsmclient.obj (.text.HsmClient_procAuthBootFinish)
                  7000e4ac    00000004     --HOLE-- [fill = 0]
                  7000e4b0    0000010a     drivers.am263px.r5f.ti-arm-clang.nortos.debug.lib : bootloader.obj (.text.Bootloader_getMsgLen)
                  7000e5ba    00000006     --HOLE-- [fill = 0]
                  7000e5c0    00000108                                                       : bootloader.obj (.text.Bootloader_parseNoteSegment)
                  7000e6c8    00000008     --HOLE-- [fill = 0]
                  7000e6d0    00000104                                                       : soc_rcm.obj (.text.SOC_rcmConfigurePllPer)
                  7000e7d4    0000000c     --HOLE-- [fill = 0]
                  7000e7e0    00000104                                                       : uart_v0_lld.obj (.text.UART_configInstance)
                  7000e8e4    0000000c     --HOLE-- [fill = 0]
                  7000e8f0    00000102     nortos.am263px.r5f.ti-arm-clang.debug.lib : SemaphoreP_nortos.obj (.text.SemaphoreP_pend)
                  7000e9f2    0000000e     --HOLE-- [fill = 0]
                  7000ea00    00000100     board.am263px.r5f.ti-arm-clang.nortos.debug.lib : flash_nor_ospi.obj (.text.Flash_norOspiErase)
                  7000eb00    00000100                                                     : flash_nor_ospi.obj (.text.Flash_norOspiEraseSector)
                  7000ec00    00000100     drivers.am263px.r5f.ti-arm-clang.nortos.debug.lib : ospi_v0_lld.obj (.text.OSPI_lld_setProtocol)
                  7000ed00    000000fe     security.am263px.r5f.ti-arm-clang.nortos.debug.lib : hsmclient.obj (.text.HsmClient_procAuthBootUpdate)
                  7000edfe    00000002     --HOLE-- [fill = 0]
                  7000ee00    000000fa     drivers.am263px.r5f.ti-arm-clang.nortos.debug.lib : edma.obj (.text.EDMA_clearCcErrors)
                  7000eefa    00000006     --HOLE-- [fill = 0]
                  7000ef00    000000fa                                                       : soc_rcm.obj (.text.SOC_rcmsetR5SysClock)
                  7000effa    00000006     --HOLE-- [fill = 0]
                  7000f000    000000f8                                                       : soc_rcm.obj (.text.SOC_rcmCoreApllConfig)
                  7000f0f8    00000008     --HOLE-- [fill = 0]
                  7000f100    000000f6     security.am263px.r5f.ti-arm-clang.nortos.debug.lib : sipc_notify_src.obj (.text.SIPC_isr)
                  7000f1f6    0000000a     --HOLE-- [fill = 0]
                  7000f200    000000f2     drivers.am263px.r5f.ti-arm-clang.nortos.debug.lib : soc_rcm.obj (.text.SOC_rcmConfigurePllCore)
                  7000f2f2    00000002     --HOLE-- [fill = 0]
                  7000f2f4    000000f0     libc.a : fputc.c.obj (.text.fputc)
                  7000f3e4    0000000c     --HOLE-- [fill = 0]
                  7000f3f0    000000ee     board.am263px.r5f.ti-arm-clang.nortos.debug.lib : flash_nor_ospi.obj (.text.Flash_norOspiSet4ByteAddrMode)
                  7000f4de    00000002     --HOLE-- [fill = 0]
                  7000f4e0    000000ee     drivers.am263px.r5f.ti-arm-clang.nortos.debug.lib : soc_rcm.obj (.text.SOC_rcmMemInitL2Memory)
                  7000f5ce    00000002     --HOLE-- [fill = 0]
                  7000f5d0    000000ec     security.am263px.r5f.ti-arm-clang.nortos.debug.lib : hsmclient.obj (.text.HsmClient_SendAndRecv)
                  7000f6bc    00000004     --HOLE-- [fill = 0]
                  7000f6c0    000000e6     drivers.am263px.r5f.ti-arm-clang.nortos.debug.lib : ospi_edma_lld.obj (.text.OSPI_edmaDeInit)
                  7000f7a6    0000000a     --HOLE-- [fill = 0]
                  7000f7b0    000000e6                                                       : soc_rcm.obj (.text.SOC_rcmGetCoreFout)
                  7000f896    0000000a     --HOLE-- [fill = 0]
                  7000f8a0    000000e6                                                       : soc_rcm.obj (.text.SOC_rcmGetPerFout)
                  7000f986    0000000a     --HOLE-- [fill = 0]
                  7000f990    000000e4                                                       : edma.obj (.text.EDMA_freeChannelRegion)
                  7000fa74    0000000c     --HOLE-- [fill = 0]
                  7000fa80    000000e2                                                       : edma.obj (.text.EDMA_freeParam)
                  7000fb62    0000000e     --HOLE-- [fill = 0]
                  7000fb70    000000e0                                                       : edma.obj (.text.EDMA_freeDmaChannel)
                  7000fc50    000000e0                                                       : edma.obj (.text.EDMA_freeTcc)
                  7000fd30    000000de                                                       : uart_v0_lld.obj (.text.UART_intrEnable)
                  7000fe0e    00000002     --HOLE-- [fill = 0]
                  7000fe10    000000da                                                       : uart_v0_lld.obj (.text.UART_intrDisable)
                  7000feea    00000006     --HOLE-- [fill = 0]
                  7000fef0    000000d8     board.am263px.r5f.ti-arm-clang.nortos.debug.lib : flash_nor_ospi.obj (.text.Flash_norOspiSetRegCfg)
                  7000ffc8    00000008     --HOLE-- [fill = 0]
                  7000ffd0    000000d6                                                     : flash_nor_ospi.obj (.text.Flash_setOeBit)
                  700100a6    0000000a     --HOLE-- [fill = 0]
                  700100b0    000000d2     drivers.am263px.r5f.ti-arm-clang.nortos.debug.lib : uart_v0_lld.obj (.text.UART_lld_write)
                  70010182    0000000e     --HOLE-- [fill = 0]
                  70010190    000000d0     nortos.am263px.r5f.ti-arm-clang.debug.lib : AddrTranslateP_32bit.obj (.text.AddrTranslateP_getLocalAddr)
                  70010260    000000d0     security.am263px.r5f.ti-arm-clang.nortos.debug.lib : sipc_notify_src.obj (.text.SIPC_sendMsg)
                  70010330    000000d0     drivers.am263px.r5f.ti-arm-clang.nortos.debug.lib : soc_rcm.obj (.text.SOC_rcmStartMemInitTCMA)
                  70010400    000000d0                                                       : soc_rcm.obj (.text.SOC_rcmStartMemInitTCMB)
                  700104d0    000000d0                                                       : soc_rcm.obj (.text.SOC_rcmWaitMemInitTCMA)
                  700105a0    000000d0                                                       : soc_rcm.obj (.text.SOC_rcmWaitMemInitTCMB)
                  70010670    000000ce                                                       : edma.obj (.text.EDMA_disableChInShadowRegRegion)
                  7001073e    00000002     --HOLE-- [fill = 0]
                  70010740    000000ce                                                       : uart_v0_lld.obj (.text.UART_lld_writeDma)
                  7001080e    00000002     --HOLE-- [fill = 0]
                  70010810    000000cc                                                       : edma.obj (.text.EDMA_enableChInShadowRegRegion)
                  700108dc    00000004     --HOLE-- [fill = 0]
                  700108e0    000000ca     security.am263px.r5f.ti-arm-clang.nortos.debug.lib : hsmclient.obj (.text.HsmClient_checkAndWaitForBootNotification)
                  700109aa    00000002     --HOLE-- [fill = 0]
                  700109ac    000000c8     libc.a : getdevice.c.obj (.text.getdevice)
                  70010a74    0000000c     --HOLE-- [fill = 0]
                  70010a80    000000c6     drivers.am263px.r5f.ti-arm-clang.nortos.debug.lib : uart_v0_lld.obj (.text.UART_lld_writeIntr)
                  70010b46    0000000a     --HOLE-- [fill = 0]
                  70010b50    000000c4                                                       : edma.obj (.text.EDMA_mapChToEvtQ)
                  70010c14    0000000c     --HOLE-- [fill = 0]
                  70010c20    000000c4                                                       : ospi_phy_am26x_lld.obj (.text.OSPI_lld_phyResyncDLL)
                  70010ce4    0000000c     --HOLE-- [fill = 0]
                  70010cf0    000000c2                                                       : edma.obj (.text.EDMA_close)
                  70010db2    0000000e     --HOLE-- [fill = 0]
                  70010dc0    000000c2     board.am263px.r5f.ti-arm-clang.nortos.debug.lib : flash.obj (.text.Flash_offsetToSectorPage)
                  70010e82    0000000e     --HOLE-- [fill = 0]
                  70010e90    000000c0     drivers.am263px.r5f.ti-arm-clang.nortos.debug.lib : edma.obj (.text.EDMA_configureChannelRegion)
                  70010f50    000000c0                                                       : soc_rcm.obj (.text.SOC_rcmGetPerHSDivOut)
                  70011010    000000c0                                                       : uart_v0.obj (.text.UART_flushTxFifo)
                  700110d0    000000c0     nortos.am263px.r5f.ti-arm-clang.debug.lib : printf.obj (.text._out_rev)
                  70011190    000000be     ti_board_open_close.obj (.text.Board_flashOpen)
                  7001124e    00000002     --HOLE-- [fill = 0]
                  70011250    000000be     nortos.am263px.r5f.ti-arm-clang.debug.lib : ClockP_nortos.obj (.text.ClockP_timerTickIsr)
                  7001130e    00000002     --HOLE-- [fill = 0]
                  70011310    000000be     drivers.am263px.r5f.ti-arm-clang.nortos.debug.lib : ospi_v0.obj (.text.OSPI_readDirect)
                  700113ce    00000002     --HOLE-- [fill = 0]
                  700113d0    000000ba     nortos.am263px.r5f.ti-arm-clang.debug.lib : ClockP_nortos.obj (.text.ClockP_stop)
                  7001148a    00000006     --HOLE-- [fill = 0]
                  70011490    000000ba                                               : PmuP_armv7r.obj (.text.pmu)
                  7001154a    00000006     --HOLE-- [fill = 0]
                  70011550    000000b6     drivers.am263px.r5f.ti-arm-clang.nortos.debug.lib : uart_v0_lld.obj (.text.UART_fifoWrite)
                  70011606    00000002     --HOLE-- [fill = 0]
                  70011608    000000b4     libc.a : fseek.c.obj (.text.fseeko)
                  700116bc    00000004     --HOLE-- [fill = 0]
                  700116c0    000000b2     drivers.am263px.r5f.ti-arm-clang.nortos.debug.lib : soc_rcm.obj (.text.SOC_rcmProgPllCoreDivider)
                  70011772    0000000e     --HOLE-- [fill = 0]
                  70011780    000000b2                                                       : soc_rcm.obj (.text.SOC_rcmR5ConfigDualCore)
                  70011832    0000000e     --HOLE-- [fill = 0]
                  70011840    000000b0                                                       : soc_rcm.obj (.text.SOC_rcmSetPeripheralClock)
                  700118f0    000000b0                                                       : uart_v0.obj (.text.UART_init)
                  700119a0    000000b0     libc.a : fclose.c.obj (.text.__TI_closefile)
                  70011a50    000000ae     security.am263px.r5f.ti-arm-clang.nortos.debug.lib : sipc_notify_src.obj (.text.SIPC_mailboxWrite)
                  70011afe    00000002     --HOLE-- [fill = 0]
                  70011b00    000000ac     ti_drivers_config.obj (.text.HsmClient_config)
                  70011bac    00000004     --HOLE-- [fill = 0]
                  70011bb0    000000a8     nortos.am263px.r5f.ti-arm-clang.debug.lib : ClockP_nortos.obj (.text.ClockP_addToList)
                  70011c58    00000008     --HOLE-- [fill = 0]
                  70011c60    000000a8                                               : ClockP_nortos.obj (.text.ClockP_destruct)
                  70011d08    00000008     --HOLE-- [fill = 0]
                  70011d10    000000a8     ti_drivers_open_close.obj (.text.Drivers_uartOpen)
                  70011db8    00000008     --HOLE-- [fill = 0]
                  70011dc0    000000a6     ti_drivers_open_close.obj (.text.Drivers_edmaOpen)
                  70011e66    0000000a     --HOLE-- [fill = 0]
                  70011e70    000000a6     ti_drivers_open_close.obj (.text.Drivers_ospiOpen)
                  70011f16    00000002     --HOLE-- [fill = 0]
                  70011f18    000000a4     libc.a : memory.c.obj (.text.split)
                  70011fbc    000000a0     libsysbm.a : hostrename.c.obj (.text.HOSTrename)
                  7001205c    00000004     --HOLE-- [fill = 0]
                  70012060    000000a0     drivers.am263px.r5f.ti-arm-clang.nortos.debug.lib : ospi_v0_lld.obj (.text.OSPI_lld_deInitDma)
                  70012100    000000a0                                                       : ospi_v0_lld.obj (.text.OSPI_lld_setXferOpCodes)
                  700121a0    000000a0                                                       : soc_rcm.obj (.text.SOC_rcmGetCoreHSDivOut)
                  70012240    000000a0                                                       : soc_rcm.obj (.text.SOC_rcmProgPllPerDivider)
                  700122e0    0000009e     board.am263px.r5f.ti-arm-clang.nortos.debug.lib : flash_nor_ospi.obj (.text.Flash_norOspiSetModeDummy)
                  7001237e    00000002     --HOLE-- [fill = 0]
                  70012380    0000009e     drivers.am263px.r5f.ti-arm-clang.nortos.debug.lib : ospi_v0_lld.obj (.text.OSPI_isProtocolValid)
                  7001241e    00000002     --HOLE-- [fill = 0]
                  70012420    0000009e                                                       : ospi_phy_am26x_lld.obj (.text.OSPI_lld_phyBasicConfig)
                  700124be    00000002     --HOLE-- [fill = 0]
                  700124c0    0000009c     libc.a : _io_perm.c.obj (.text.__TI_wrt_ok)
                  7001255c    00000004     --HOLE-- [fill = 0]
                  70012560    0000009a     drivers.am263px.r5f.ti-arm-clang.nortos.debug.lib : bootloader_soc.obj (.text.Bootloader_socTranslateSectionAddr)
                  700125fa    00000002     --HOLE-- [fill = 0]
                  700125fc    00000098     libsysbm.a : hostlseek.c.obj (.text.HOSTlseek)
                  70012694    0000000c     --HOLE-- [fill = 0]
                  700126a0    00000098     security.am263px.r5f.ti-arm-clang.nortos.debug.lib : sipc_notify_src.obj (.text.SIPC_getWriteMailbox)
                  70012738    00000008     --HOLE-- [fill = 0]
                  70012740    00000096     drivers.am263px.r5f.ti-arm-clang.nortos.debug.lib : bootloader.obj (.text.Bootloader_runCpu)
                  700127d6    0000000a     --HOLE-- [fill = 0]
                  700127e0    00000096                                                       : soc_rcm.obj (.text.SOC_rcmGetADPLLJConfig)
                  70012876    0000000a     --HOLE-- [fill = 0]
                  70012880    00000096                                                       : uart_v0_lld.obj (.text.UART_subConfigTCRTLRModeEn)
                  70012916    0000000a     --HOLE-- [fill = 0]
                  70012920    00000094                                                       : soc_rcm.obj (.text.CSL_TopCtrl_dualCoreSwitchDisableEfuse)
                  700129b4    00000094     libsysbm.a : hostopen.c.obj (.text.HOSTopen)
                  70012a48    00000008     --HOLE-- [fill = 0]
                  70012a50    00000094     drivers.am263px.r5f.ti-arm-clang.nortos.debug.lib : ospi_v0.obj (.text.OSPI_init)
                  70012ae4    0000000c     --HOLE-- [fill = 0]
                  70012af0    00000094     security.am263px.r5f.ti-arm-clang.nortos.debug.lib : sipc_notify_src.obj (.text.SIPC_mailboxRead)
                  70012b84    0000000c     --HOLE-- [fill = 0]
                  70012b90    00000092     drivers.am263px.r5f.ti-arm-clang.nortos.debug.lib : bootloader_soc.obj (.text.Bootloader_socMemInitCpu)
                  70012c22    0000000e     --HOLE-- [fill = 0]
                  70012c30    00000092     nortos.am263px.r5f.ti-arm-clang.debug.lib : ClockP_nortos.obj (.text.ClockP_getTimeUsec)
                  70012cc2    0000000e     --HOLE-- [fill = 0]
                  70012cd0    00000092     drivers.am263px.r5f.ti-arm-clang.nortos.debug.lib : edma.obj (.text.EDMA_unmapChToEvtQ)
                  70012d62    0000000e     --HOLE-- [fill = 0]
                  70012d70    00000092                                                       : ospi_v0_lld.obj (.text.OSPI_lld_deInit)
                  70012e02    0000000e     --HOLE-- [fill = 0]
                  70012e10    00000090     security.am263px.r5f.ti-arm-clang.nortos.debug.lib : hsmclient.obj (.text.HsmClient_register)
                  70012ea0    00000090     drivers.am263px.r5f.ti-arm-clang.nortos.debug.lib : ospi_phy_am26x_lld.obj (.text.OSPI_lld_phyReadAttackVector)
                  70012f30    0000008c                                                       : bootloader_soc.obj (.text.Bootloader_socSetAutoClock)
                  70012fbc    00000004     --HOLE-- [fill = 0]
                  70012fc0    0000008c                                                       : edma.obj (.text.EDMA_disableTransferRegion)
                  7001304c    00000004     --HOLE-- [fill = 0]
                  70013050    0000008c                                                       : edma.obj (.text.EDMA_enableTransferRegion)
                  700130dc    00000004     --HOLE-- [fill = 0]
                  700130e0    0000008c                                                       : edma.obj (.text.EDMA_init)
                  7001316c    00000004     --HOLE-- [fill = 0]
                  70013170    0000008c     board.am263px.r5f.ti-arm-clang.nortos.debug.lib : flash_nor_ospi.obj (.text.Flash_norOspiSetAddressBytes)
                  700131fc    00000004     --HOLE-- [fill = 0]
                  70013200    0000008c     drivers.am263px.r5f.ti-arm-clang.nortos.debug.lib : uart_v0_lld.obj (.text.UART_writeCancelNoCB)
                  7001328c    0000008c     libsysbm.a : close.c.obj (.text.close)
                  70013318    00000008     --HOLE-- [fill = 0]
                  70013320    0000008a     drivers.am263px.r5f.ti-arm-clang.nortos.debug.lib : bootloader.obj (.text.Bootloader_verifySegmentAddr)
                  700133aa    00000006     --HOLE-- [fill = 0]
                  700133b0    00000088                                                       : fss_v0.obj (.text.FSS_configECCMRegion)
                  70013438    00000008     --HOLE-- [fill = 0]
                  70013440    00000088                                                       : uart_dma_edma.obj (.text.UART_edmaIsrRx)
                  700134c8    00000008     --HOLE-- [fill = 0]
                  700134d0    00000088                                                       : uart_dma_edma.obj (.text.UART_edmaIsrTx)
                  70013558    00000088     libc.a : fflush.c.obj (.text.__TI_doflush)
                  700135e0    00000086     board.am263px.r5f.ti-arm-clang.nortos.debug.lib : flash_nor_ospi.obj (.text.Flash_norOspiRead)
                  70013666    0000000a     --HOLE-- [fill = 0]
                  70013670    00000086     drivers.am263px.r5f.ti-arm-clang.nortos.debug.lib : ospi_phy_am26x_lld.obj (.text.OSPI_lld_phyFindRxHigh)
                  700136f6    0000000a     --HOLE-- [fill = 0]
                  70013700    00000086                                                       : ospi_phy_am26x_lld.obj (.text.OSPI_lld_phyFindRxLow)
                  70013786    0000000a     --HOLE-- [fill = 0]
                  70013790    00000086                                                       : ospi_phy_am26x_lld.obj (.text.OSPI_lld_phyFindTxHigh)
                  70013816    0000000a     --HOLE-- [fill = 0]
                  70013820    00000086                                                       : ospi_phy_am26x_lld.obj (.text.OSPI_lld_phyFindTxLow)
                  700138a6    0000000a     --HOLE-- [fill = 0]
                  700138b0    00000086     security.am263px.r5f.ti-arm-clang.nortos.debug.lib : sipc_notify_src.obj (.text.SIPC_getReadSwQ)
                  70013936    0000000a     --HOLE-- [fill = 0]
                  70013940    00000086     drivers.am263px.r5f.ti-arm-clang.nortos.debug.lib : uart_v0_lld.obj (.text.UART_lld_flushTxFifo)
                  700139c6    0000000a     --HOLE-- [fill = 0]
                  700139d0    00000086                                                       : uart_v0_lld.obj (.text.UART_tcrTlrBitValRestore)
                  70013a56    0000000a     --HOLE-- [fill = 0]
                  70013a60    00000084     board.am263px.r5f.ti-arm-clang.nortos.debug.lib : flash_nor_ospi.obj (.text.Flash_norOspiRegWrite)
                  70013ae4    00000084     libsysbm.a : hostread.c.obj (.text.HOSTread)
                  70013b68    00000084                : hostwrite.c.obj (.text.HOSTwrite)
                  70013bec    00000004     --HOLE-- [fill = 0]
                  70013bf0    00000084     drivers.am263px.r5f.ti-arm-clang.nortos.debug.lib : ospi_phy_am26x_lld.obj (.text.OSPI_lld_phySetRdDelayTxRxDLL)
                  70013c74    0000000c     --HOLE-- [fill = 0]
                  70013c80    00000082                                                       : edma.obj (.text.EDMA_allocDmaChannel)
                  70013d02    0000000e     --HOLE-- [fill = 0]
                  70013d10    00000082                                                       : edma.obj (.text.EDMA_allocParam)
                  70013d92    0000000e     --HOLE-- [fill = 0]
                  70013da0    00000082                                                       : edma.obj (.text.EDMA_allocTcc)
                  70013e22    0000000e     --HOLE-- [fill = 0]
                  70013e30    00000082                                                       : edma.obj (.text.EDMA_disableTccInShadowRegRegion)
                  70013eb2    0000000e     --HOLE-- [fill = 0]
                  70013ec0    00000082                                                       : edma.obj (.text.EDMA_enableTccInShadowRegRegion)
                  70013f42    0000000e     --HOLE-- [fill = 0]
                  70013f50    00000080                                                       : bootloader_soc.obj (.text.Bootloader_socCpuGetClock)
                  70013fd0    00000080     board.am263px.r5f.ti-arm-clang.nortos.debug.lib : flash_nor_ospi.obj (.text.Flash_norOspiRegRead)
                  70014050    00000080     drivers.am263px.r5f.ti-arm-clang.nortos.debug.lib : uart_v0_lld.obj (.text.UART_moduleReset)
                  700140d0    0000007e                                                       : bootloader.obj (.text.Bootloader_findSeq)
                  7001414e    00000002     --HOLE-- [fill = 0]
                  70014150    0000007e                                                       : uart_v0_lld.obj (.text.UART_readData)
                  700141ce    00000002     --HOLE-- [fill = 0]
                  700141d0    0000007c     nortos.am263px.r5f.ti-arm-clang.debug.lib : DebugP_log.obj (.text._DebugP_assert)
                  7001424c    00000004     --HOLE-- [fill = 0]
                  70014250    0000007a     drivers.am263px.r5f.ti-arm-clang.nortos.debug.lib : soc_rcm.obj (.text.CSL_TopCtrl_dualCoreBootEnableEfuse)
                  700142ca    00000006     --HOLE-- [fill = 0]
                  700142d0    0000007a                                                       : ospi_v0_lld.obj (.text.OSPI_lld_enablePhy)
                  7001434a    00000006     --HOLE-- [fill = 0]
                  70014350    0000007a                                                       : uart_v0.obj (.text.UART_Params_init)
                  700143ca    00000006     --HOLE-- [fill = 0]
                  700143d0    00000078                                                       : edma.obj (.text.EDMA_linkChannel)
                  70014448    00000008     --HOLE-- [fill = 0]
                  70014450    00000078                                                       : ospi_v0_lld.obj (.text.OSPI_waitIndWriteComplete)
                  700144c8    00000008     --HOLE-- [fill = 0]
                  700144d0    00000078                                                       : soc_rcm.obj (.text.SOC_rcmR5ConfigLockStep)
                  70014548    00000008     --HOLE-- [fill = 0]
                  70014550    00000076                                                       : ospi_v0_lld.obj (.text.OSPI_isDmaRestrictedRegion)
                  700145c6    0000000a     --HOLE-- [fill = 0]
                  700145d0    00000074                                                       : ospi_v0.obj (.text.OSPI_writeIndirect)
                  70014644    0000000c     --HOLE-- [fill = 0]
                  70014650    00000074                                                       : uart_v0_lld.obj (.text.UART_IsBaseAddrValid)
                  700146c4    0000000c     --HOLE-- [fill = 0]
                  700146d0    00000072                                                       : bootloader_soc.obj (.text.Bootloader_authUpdate)
                  70014742    0000000e     --HOLE-- [fill = 0]
                  70014750    00000072     nortos.am263px.r5f.ti-arm-clang.debug.lib : ClockP_nortos.obj (.text.ClockP_usleep)
                  700147c2    0000000e     --HOLE-- [fill = 0]
                  700147d0    00000072     drivers.am263px.r5f.ti-arm-clang.nortos.debug.lib : edma.obj (.text.EDMA_clrMissEvtRegion)
                  70014842    0000000e     --HOLE-- [fill = 0]
                  70014850    00000072                                                       : edma.obj (.text.EDMA_getTcErrorInfo)
                  700148c2    0000000e     --HOLE-- [fill = 0]
                  700148d0    00000072                                                       : bootloader_flash.obj (.text.Flash_imgRead)
                  70014942    0000000e     --HOLE-- [fill = 0]
                  70014950    00000072                                                       : ospi_lld_dma.obj (.text.OSPI_dmaOpen)
                  700149c2    0000000e     --HOLE-- [fill = 0]
                  700149d0    00000072                                                       : soc_rcm.obj (.text.SOC_rcmCoreR5FUnhalt)
                  70014a42    0000000e     --HOLE-- [fill = 0]
                  70014a50    00000070                                                       : ospi_v0_lld.obj (.text.OSPI_waitIdle)
                  70014ac0    0000006e                                                       : bootloader.obj (.text.Bootloader_getX509CertLen)
                  70014b2e    00000002     --HOLE-- [fill = 0]
                  70014b30    0000006e                                                       : bootloader.obj (.text.Bootloader_open)
                  70014b9e    00000002     --HOLE-- [fill = 0]
                  70014ba0    0000006e                                                       : ospi_v0_lld.obj (.text.OSPI_lld_disablePhy)
                  70014c0e    00000002     --HOLE-- [fill = 0]
                  70014c10    0000006e                                                       : ospi_v0_lld.obj (.text.OSPI_lld_readDirect)
                  70014c7e    00000002     --HOLE-- [fill = 0]
                  70014c80    0000006c                                                       : bootloader_soc.obj (.text.Bootloader_authStart)
                  70014cec    00000004     --HOLE-- [fill = 0]
                  70014cf0    0000006c                                                       : edma.obj (.text.EDMA_deinit)
                  70014d5c    0000006c     libsysbm.a : hostunlink.c.obj (.text.HOSTunlink)
                  70014dc8    00000008     --HOLE-- [fill = 0]
                  70014dd0    0000006c     drivers.am263px.r5f.ti-arm-clang.nortos.debug.lib : ospi_v0.obj (.text.OSPI_close)
                  70014e3c    00000004     --HOLE-- [fill = 0]
                  70014e40    0000006c     security.am263px.r5f.ti-arm-clang.nortos.debug.lib : sipc_notify_src.obj (.text.SIPC_getReadMailbox)
                  70014eac    00000004     --HOLE-- [fill = 0]
                  70014eb0    0000006c                                                        : sipc_notify_src.obj (.text.SIPC_getReadMailboxClear)
                  70014f1c    00000004     --HOLE-- [fill = 0]
                  70014f20    0000006c                                                        : sipc_notify_src.obj (.text.SIPC_registerClient)
                  70014f8c    00000004     --HOLE-- [fill = 0]
                  70014f90    0000006a     board.am263px.r5f.ti-arm-clang.nortos.debug.lib : flash_nor_ospi.obj (.text.Flash_quirkSpansionUNHYSADisable)
                  70014ffa    00000006     --HOLE-- [fill = 0]
                  70015000    00000068     drivers.am263px.r5f.ti-arm-clang.nortos.debug.lib : edma.obj (.text.EDMA_getBaseAddr)
                  70015068    00000008     --HOLE-- [fill = 0]
                  70015070    00000068     board.am263px.r5f.ti-arm-clang.nortos.debug.lib : flash_nor_ospi.obj (.text.Flash_norOspiCmdRead)
                  700150d8    00000008     --HOLE-- [fill = 0]
                  700150e0    00000068     drivers.am263px.r5f.ti-arm-clang.nortos.debug.lib : ospi_v0_lld.obj (.text.OSPI_waitWriteSRAMLevel)
                  70015148    00000008     --HOLE-- [fill = 0]
                  70015150    00000068                                                       : uart_v0_lld.obj (.text.UART_divisorValCompute)
                  700151b8    00000008     --HOLE-- [fill = 0]
                  700151c0    00000066     board.am263px.r5f.ti-arm-clang.nortos.debug.lib : flash.obj (.text.Flash_open)
                  70015226    0000000a     --HOLE-- [fill = 0]
                  70015230    00000066     drivers.am263px.r5f.ti-arm-clang.nortos.debug.lib : soc_rcm.obj (.text.SOC_rcmR5SS0PowerOnReset)
                  70015296    0000000a     --HOLE-- [fill = 0]
                  700152a0    00000066                                                       : soc_rcm.obj (.text.SOC_rcmR5SS1PowerOnReset)
                  70015306    0000000a     --HOLE-- [fill = 0]
                  70015310    00000066     security.am263px.r5f.ti-arm-clang.nortos.debug.lib : hsmclient.obj (.text.crc16_ccit)
                  70015376    0000000a     --HOLE-- [fill = 0]
                  70015380    00000064     drivers.am263px.r5f.ti-arm-clang.nortos.debug.lib : soc_rcm.obj (.text.SOC_rcmGetR5Clock)
                  700153e4    0000000c     --HOLE-- [fill = 0]
                  700153f0    00000064                                                       : soc_rcm.obj (.text.SOC_rcmIsR5FInLockStepMode)
                  70015454    0000000c     --HOLE-- [fill = 0]
                  70015460    00000064                                                       : uart_v0_lld.obj (.text.UART_fifoRegisterWrite)
                  700154c4    0000000c     --HOLE-- [fill = 0]
                  700154d0    00000064                                                       : uart_v0_lld.obj (.text.UART_lld_deInitDma)
                  70015534    0000000c     --HOLE-- [fill = 0]
                  70015540    00000062                                                       : soc_rcm.obj (.text.SOC_rcmInsert16)
                  700155a2    0000000e     --HOLE-- [fill = 0]
                  700155b0    00000062                                                       : soc_rcm.obj (.text.SOC_rcmInsert8)
                  70015612    0000000e     --HOLE-- [fill = 0]
                  70015620    00000062     nortos.am263px.r5f.ti-arm-clang.debug.lib : SemaphoreP_nortos.obj (.text.SemaphoreP_post)
                  70015682    0000000e     --HOLE-- [fill = 0]
                  70015690    00000060     drivers.am263px.r5f.ti-arm-clang.nortos.debug.lib : edma.obj (.text.EDMA_chainChannel)
                  700156f0    00000060     libsysbm.a : hostclose.c.obj (.text.HOSTclose)
                  70015750    00000060     drivers.am263px.r5f.ti-arm-clang.nortos.debug.lib : ospi_lld_dma.obj (.text.OSPI_dmaCopy)
                  700157b0    00000060                                                       : uart_v0_lld.obj (.text.UART_getChar)
                  70015810    00000060                                                       : uart_v0_lld.obj (.text.UART_writeData)
                  70015870    0000005e                                                       : soc_rcm.obj (.text.SOC_rcmInsert32)
                  700158ce    00000002     --HOLE-- [fill = 0]
                  700158d0    0000005c     ti_power_clock_config.obj (.text.Module_clockSetFrequency)
                  7001592c    00000004     --HOLE-- [fill = 0]
                  70015930    0000005c     drivers.am263px.r5f.ti-arm-clang.nortos.debug.lib : ospi_v0_lld.obj (.text.OSPI_utilLog2)
                  7001598c    00000004     --HOLE-- [fill = 0]
                  70015990    0000005c                                                       : uart_v0_lld.obj (.text.UART_lld_deInit)
                  700159ec    00000004     --HOLE-- [fill = 0]
                  700159f0    0000005a     security.am263px.r5f.ti-arm-clang.nortos.debug.lib : hsmclient_wait_for_boot_notify.obj (.text.HsmClient_waitForBootNotify)
                  70015a4a    00000006     --HOLE-- [fill = 0]
                  70015a50    0000005a     drivers.am263px.r5f.ti-arm-clang.nortos.debug.lib : uart_dma_edma.obj (.text.UART_lld_dmaDisableChannel)
                  70015aaa    00000006     --HOLE-- [fill = 0]
                  70015ab0    0000005a                                                       : uart_v0_lld.obj (.text.UART_regConfigModeEnable)
                  70015b0a    00000006     --HOLE-- [fill = 0]
                  70015b10    00000058     ti_clocktree_pll_config.obj (.text.Bootloader_socConfigurePll)
                  70015b68    00000008     --HOLE-- [fill = 0]
                  70015b70    00000058     board.am263px.r5f.ti-arm-clang.nortos.debug.lib : flash_nor_ospi.obj (.text.Flash_norOspiCmdWrite)
                  70015bc8    00000008     --HOLE-- [fill = 0]
                  70015bd0    00000058     security.am263px.r5f.ti-arm-clang.nortos.debug.lib : hsmclient_loadhsmrt.obj (.text.Hsmclient_mboxRxISR)
                  70015c28    00000008     --HOLE-- [fill = 0]
                  70015c30    00000058     drivers.am263px.r5f.ti-arm-clang.nortos.debug.lib : ospi_v0_lld.obj (.text.OSPI_writeFifoData)
                  70015c88    00000008     --HOLE-- [fill = 0]
                  70015c90    00000058                                                       : soc_rcm.obj (.text.SOC_rcmGetModuleClkDivVal)
                  70015ce8    00000008     --HOLE-- [fill = 0]
                  70015cf0    00000058                                                       : uart_v0.obj (.text.UART_getHandle)
                  70015d48    00000058     libc.a : fopen.c.obj (.text.__TI_cleanup)
                  70015da0    00000058     libsysbm.a : trgmsg.c.obj (.text.__TI_readmsg)
                  70015df8    00000058                : trgmsg.c.obj (.text.__TI_writemsg)
                  70015e50    00000056     drivers.am263px.r5f.ti-arm-clang.nortos.debug.lib : bootloader.obj (.text.Bootloader_BootImageInfo_init)
                  70015ea6    0000000a     --HOLE-- [fill = 0]
                  70015eb0    00000056                                                       : bootloader_soc.obj (.text.Bootloader_authFinish)
                  70015f06    0000000a     --HOLE-- [fill = 0]
                  70015f10    00000056                                                       : edma.obj (.text.EDMA_getHandle)
                  70015f66    0000000a     --HOLE-- [fill = 0]
                  70015f70    00000056                                                       : ospi_v0_lld.obj (.text.OSPI_getCmdExt)
                  70015fc6    0000000a     --HOLE-- [fill = 0]
                  70015fd0    00000056                                                       : ospi_v0_lld.obj (.text.OSPI_lld_configResetPin)
                  70016026    0000000a     --HOLE-- [fill = 0]
                  70016030    00000056                                                       : uart_v0.obj (.text.UART_lld_readCompleteCallback)
                  70016086    0000000a     --HOLE-- [fill = 0]
                  70016090    00000056                                                       : uart_v0.obj (.text.UART_lld_writeCompleteCallback)
                  700160e6    0000000a     --HOLE-- [fill = 0]
                  700160f0    00000054                                                       : edma.obj (.text.EDMA_setPaRAM)
                  70016144    0000000c     --HOLE-- [fill = 0]
                  70016150    00000054     security.am263px.r5f.ti-arm-clang.nortos.debug.lib : hsmclient_loadhsmrt.obj (.text.Hsmclient_computeIPCChecksum)
                  700161a4    0000000c     --HOLE-- [fill = 0]
                  700161b0    00000054     drivers.am263px.r5f.ti-arm-clang.nortos.debug.lib : ospi_v0_lld.obj (.text.OSPI_lld_configBaudrate)
                  70016204    0000000c     --HOLE-- [fill = 0]
                  70016210    00000054                                                       : ospi_v0_lld.obj (.text.OSPI_readFifoData)
                  70016264    0000000c     --HOLE-- [fill = 0]
                  70016270    00000054                                                       : uart_v0_lld.obj (.text.UART_OperModeValid)
                  700162c4    00000054     libc.a : exit.c.obj (.text.exit)
                  70016318    00000054            : getdevice.c.obj (.text.finddevice)
                  7001636c    00000054            : autoinit.c.obj (.text:__TI_auto_init_nobinit_nopinit)
                  700163c0    00000052     drivers.am263px.r5f.ti-arm-clang.nortos.debug.lib : edma.obj (.text.EDMA_readIntrStatusRegion)
                  70016412    0000000e     --HOLE-- [fill = 0]
                  70016420    00000052     board.am263px.r5f.ti-arm-clang.nortos.debug.lib : flash.obj (.text.Flash_read)
                  70016472    0000000e     --HOLE-- [fill = 0]
                  70016480    00000052     security.am263px.r5f.ti-arm-clang.nortos.debug.lib : sipc_notify_cfg.obj (.text.SIPC_Register_Isr)
                  700164d2    0000000e     --HOLE-- [fill = 0]
                  700164e0    00000052     drivers.am263px.r5f.ti-arm-clang.nortos.debug.lib : soc_rcm.obj (.text.SOC_rcmCoreApllRelockPreRequisite)
                  70016532    0000000e     --HOLE-- [fill = 0]
                  70016540    00000050     ti_board_open_close.obj (.text.Board_flashClose)
                  70016590    00000050     ti_drivers_open_close.obj (.text.Drivers_edmaClose)
                  700165e0    00000050     ti_drivers_open_close.obj (.text.Drivers_ospiClose)
                  70016630    00000050     ti_drivers_open_close.obj (.text.Drivers_uartClose)
                  70016680    00000050     drivers.am263px.r5f.ti-arm-clang.nortos.debug.lib : pinmux.obj (.text.Pinmux_config)
                  700166d0    00000050                                                       : uart_v0_lld.obj (.text.UART_checkCharsAvailInFifo)
                  70016720    0000004e                                                       : edma.obj (.text.EDMA_clrEvtRegion)
                  7001676e    00000002     --HOLE-- [fill = 0]
                  70016770    0000004e                                                       : edma.obj (.text.EDMA_clrIntrRegion)
                  700167be    00000002     --HOLE-- [fill = 0]
                  700167c0    0000004e                                                       : edma.obj (.text.EDMA_disableDmaEvtRegion)
                  7001680e    00000002     --HOLE-- [fill = 0]
                  70016810    0000004e                                                       : edma.obj (.text.EDMA_disableEvtIntrRegion)
                  7001685e    00000002     --HOLE-- [fill = 0]
                  70016860    0000004e                                                       : edma.obj (.text.EDMA_enableDmaEvtRegion)
                  700168ae    00000002     --HOLE-- [fill = 0]
                  700168b0    0000004e                                                       : edma.obj (.text.EDMA_enableEvtIntrRegion)
                  700168fe    00000002     --HOLE-- [fill = 0]
                  70016900    0000004e                                                       : edma.obj (.text.EDMA_getCcErrorInfo)
                  7001694e    00000002     --HOLE-- [fill = 0]
                  70016950    0000004e                                                       : edma.obj (.text.EDMA_setEvtRegion)
                  7001699e    00000002     --HOLE-- [fill = 0]
                  700169a0    0000004e     security.am263px.r5f.ti-arm-clang.nortos.debug.lib : hsmclient.obj (.text.HsmClient_waitForAllResponses)
                  700169ee    00000002     --HOLE-- [fill = 0]
                  700169f0    0000004e     drivers.am263px.r5f.ti-arm-clang.nortos.debug.lib : ospi_v0.obj (.text.OSPI_readCmd)
                  70016a3e    00000002     --HOLE-- [fill = 0]
                  70016a40    0000004e                                                       : ospi_v0.obj (.text.OSPI_writeCmd)
                  70016a8e    00000002     --HOLE-- [fill = 0]
                  70016a90    0000004c     nortos.am263px.r5f.ti-arm-clang.debug.lib : ClockP_nortos.obj (.text.ClockP_construct)
                  70016adc    00000004     --HOLE-- [fill = 0]
                  70016ae0    0000004c     drivers.am263px.r5f.ti-arm-clang.nortos.debug.lib : edma.obj (.text.EDMA_ccPaRAMEntry_init)
                  70016b2c    00000004     --HOLE-- [fill = 0]
                  70016b30    0000004c                                                       : edma.obj (.text.EDMA_mapQdmaChToPaRAM)
                  70016b7c    00000004     --HOLE-- [fill = 0]
                  70016b80    0000004c                                                       : edma.obj (.text.EDMA_readEventStatusRegion)
                  70016bcc    00000004     --HOLE-- [fill = 0]
                  70016bd0    0000004c     ti_power_clock_config.obj (.text.Module_clockDisable)
                  70016c1c    00000004     --HOLE-- [fill = 0]
                  70016c20    0000004c     ti_power_clock_config.obj (.text.Module_clockEnable)
                  70016c6c    00000004     --HOLE-- [fill = 0]
                  70016c70    0000004c     drivers.am263px.r5f.ti-arm-clang.nortos.debug.lib : ospi_v0.obj (.text.OSPI_getHandle)
                  70016cbc    00000004     --HOLE-- [fill = 0]
                  70016cc0    0000004c                                                       : ospi_v0_lld.obj (.text.OSPI_lld_readBaudRateDivFromReg)
                  70016d0c    00000004     --HOLE-- [fill = 0]
                  70016d10    0000004a                                                       : bootloader_profile.obj (.text.Bootloader_profileAddProfilePoint)
                  70016d5a    00000006     --HOLE-- [fill = 0]
                  70016d60    0000004a                                                       : soc_rcm.obj (.text.SOC_rcmGetCR5SysclkInFrequency)
                  70016daa    00000006     --HOLE-- [fill = 0]
                  70016db0    0000004a                                                       : uart_v0_lld.obj (.text.UART_getIntrIdentityStatus)
                  70016dfa    00000006     --HOLE-- [fill = 0]
                  70016e00    0000004a                                                       : uart_v0_lld.obj (.text.UART_lineCharConfig)
                  70016e4a    00000006     --HOLE-- [fill = 0]
                  70016e50    00000048                                                       : edma.obj (.text.EDMA_clearTcErrors)
                  70016e98    00000008     --HOLE-- [fill = 0]
                  70016ea0    00000048                                                       : ospi_v0_lld.obj (.text.OSPI_lld_enableDacMode)
                  70016ee8    00000008     --HOLE-- [fill = 0]
                  70016ef0    00000048                                                       : ospi_v0_lld.obj (.text.OSPI_lld_setDeviceSize)
                  70016f38    00000008     --HOLE-- [fill = 0]
                  70016f40    00000048                                                       : ospi_v0_lld.obj (.text.OSPI_lld_setNumAddrBytes)
                  70016f88    00000008     --HOLE-- [fill = 0]
                  70016f90    00000048                                                       : uart_v0_lld.obj (.text.UART_resetModule)
                  70016fd8    00000048     libsysbm.a : unlink.c.obj (.text.unlink)
                  70017020    00000046     nortos.am263px.r5f.ti-arm-clang.debug.lib : DebugP_uartLogWriter.obj (.text.DebugP_uartLogWriterPutChar)
                  70017066    0000000a     --HOLE-- [fill = 0]
                  70017070    00000046     drivers.am263px.r5f.ti-arm-clang.nortos.debug.lib : ospi_v0_lld.obj (.text.OSPI_lld_disableDacMode)
                  700170b6    0000000a     --HOLE-- [fill = 0]
                  700170c0    00000046                                                       : ospi_phy_am26x_lld.obj (.text.OSPI_lld_phyTuneDDR)
                  70017106    0000000a     --HOLE-- [fill = 0]
                  70017110    00000046                                                       : uart_v0_lld.obj (.text.UART_i2310WA)
                  70017156    0000000a     --HOLE-- [fill = 0]
                  70017160    00000046                                                       : uart_v0_lld.obj (.text.UART_readLineStatus)
                  700171a6    0000000a     --HOLE-- [fill = 0]
                  700171b0    00000044     ti_dpl_config.obj (.text.Dpl_init)
                  700171f4    0000000c     --HOLE-- [fill = 0]
                  70017200    00000044     drivers.am263px.r5f.ti-arm-clang.nortos.debug.lib : ospi_lld_dma.obj (.text.OSPI_dmaClose)
                  70017244    0000000c     --HOLE-- [fill = 0]
                  70017250    00000044                                                       : ospi_lld_dma.obj (.text.OSPI_isDmaInterruptEnabled)
                  70017294    0000000c     --HOLE-- [fill = 0]
                  700172a0    00000044                                                       : soc_rcm.obj (.text.SBL_rcmIsDualCoreSwitchSupported)
                  700172e4    0000000c     --HOLE-- [fill = 0]
                  700172f0    00000044     security.am263px.r5f.ti-arm-clang.nortos.debug.lib : sipc_notify_src.obj (.text.SIPC_unregisterClient)
                  70017334    0000000c     --HOLE-- [fill = 0]
                  70017340    00000044     drivers.am263px.r5f.ti-arm-clang.nortos.debug.lib : soc_rcm.obj (.text.SOC_rcmExtract8)
                  70017384    0000000c     --HOLE-- [fill = 0]
                  70017390    00000044                                                       : soc_rcm.obj (.text.SOC_rcmMake16)
                  700173d4    0000000c     --HOLE-- [fill = 0]
                  700173e0    00000044                                                       : soc_rcm.obj (.text.SOC_rcmMake8)
                  70017424    0000000c     --HOLE-- [fill = 0]
                  70017430    00000044     nortos.am263px.r5f.ti-arm-clang.debug.lib : SemaphoreP_nortos.obj (.text.SemaphoreP_construct)
                  70017474    0000000c     --HOLE-- [fill = 0]
                  70017480    00000044                                               : DebugP_nortos.obj (.text._DebugP_logZone)
                  700174c4    0000000c     --HOLE-- [fill = 0]
                  700174d0    00000044                                               : printf.obj (.text._strnlen_s)
                  70017514    0000000c     --HOLE-- [fill = 0]
                  70017520    00000042     drivers.am263px.r5f.ti-arm-clang.nortos.debug.lib : bootloader.obj (.text.Bootloader_initCpu)
                  70017562    0000000e     --HOLE-- [fill = 0]
                  70017570    00000042     nortos.am263px.r5f.ti-arm-clang.debug.lib : ClockP_nortos.obj (.text.ClockP_start)
                  700175b2    0000000e     --HOLE-- [fill = 0]
                  700175c0    00000042     drivers.am263px.r5f.ti-arm-clang.nortos.debug.lib : uart_v0.obj (.text.UART_checkOpenParams)
                  70017602    0000000e     --HOLE-- [fill = 0]
                  70017610    00000040                                                       : soc_rcm.obj (.text.SOC_rcmMake32)
                  70017650    00000040     libc.a : memory.c.obj (.text.free_list_insert)
                  70017690    00000040            : memcmp.c.obj (.text.memcmp)
                  700176d0    0000003e     board.am263px.r5f.ti-arm-clang.nortos.debug.lib : flash.obj (.text.Flash_getAttrs)
                  7001770e    00000002     --HOLE-- [fill = 0]
                  70017710    0000003e     drivers.am263px.r5f.ti-arm-clang.nortos.debug.lib : bootloader_flash.obj (.text.Flash_imgDacModeToggle)
                  7001774e    00000002     --HOLE-- [fill = 0]
                  70017750    0000003e                                                       : pinmux.obj (.text.Pinmux_unlockMMR)
                  7001778e    00000002     --HOLE-- [fill = 0]
                  70017790    0000003e                                                       : uart_v0_lld.obj (.text.UART_IsHWFlowCtrlValid)
                  700177ce    00000002     --HOLE-- [fill = 0]
                  700177d0    0000003e                                                       : uart_v0_lld.obj (.text.UART_spaceAvail)
                  7001780e    00000002     --HOLE-- [fill = 0]
                  70017810    0000003c                                                       : ospi_v0_lld.obj (.text.OSPI_lld_setRdDataCaptureDelay)
                  7001784c    00000004     --HOLE-- [fill = 0]
                  70017850    0000003c                                                       : uart_v0_lld.obj (.text.UART_IsParityTypeValid)
                  7001788c    00000004     --HOLE-- [fill = 0]
                  70017890    0000003c                                                       : uart_v0_lld.obj (.text.UART_IsTxRxFifoEmpty)
                  700178cc    00000004     --HOLE-- [fill = 0]
                  700178d0    0000003c                                                       : uart_v0_lld.obj (.text.UART_enhanFuncEnable)
                  7001790c    00000004     --HOLE-- [fill = 0]
                  70017910    0000003a                                                       : bootloader_soc.obj (.text.Bootloader_socGetBootSeqOid)
                  7001794a    00000006     --HOLE-- [fill = 0]
                  70017950    0000003a     board.am263px.r5f.ti-arm-clang.nortos.debug.lib : flash.obj (.text.Flash_disableDacMode)
                  7001798a    00000006     --HOLE-- [fill = 0]
                  70017990    0000003a                                                     : flash.obj (.text.Flash_enableDacMode)
                  700179ca    00000006     --HOLE-- [fill = 0]
                  700179d0    0000003a     drivers.am263px.r5f.ti-arm-clang.nortos.debug.lib : ospi_edma_lld.obj (.text.OSPI_EdmaParams_init)
                  70017a0a    00000006     --HOLE-- [fill = 0]
                  70017a10    0000003a                                                       : ospi_v0.obj (.text.OSPI_enableSDR)
                  70017a4a    00000006     --HOLE-- [fill = 0]
                  70017a50    0000003a                                                       : soc.obj (.text.SOC_moduleSetClockFrequency)
                  70017a8a    00000006     --HOLE-- [fill = 0]
                  70017a90    0000003a     nortos.am263px.r5f.ti-arm-clang.debug.lib : printf.obj (.text._atoi)
                  70017aca    00000006     --HOLE-- [fill = 0]
                  70017ad0    00000038     drivers.am263px.r5f.ti-arm-clang.nortos.debug.lib : bootloader_soc.obj (.text.Bootloader_socCpuResetRelease)
                  70017b08    00000008     --HOLE-- [fill = 0]
                  70017b10    00000038                                                       : ospi_phy_am26x_lld.obj (.text.CSL_REG32_FINS_RAW)
                  70017b48    00000008     --HOLE-- [fill = 0]
                  70017b50    00000038                                                       : ospi_v0_lld.obj (.text.CSL_REG32_FINS_RAW)
                  70017b88    00000008     --HOLE-- [fill = 0]
                  70017b90    00000038                                                       : edma.obj (.text.EDMA_qdmaClrMissEvtRegion)
                  70017bc8    00000008     --HOLE-- [fill = 0]
                  70017bd0    00000038                                                       : ospi_v0.obj (.text.OSPI_configBaudrate)
                  70017c08    00000008     --HOLE-- [fill = 0]
                  70017c10    00000038                                                       : ospi_v0.obj (.text.OSPI_getBaudRateDivFromObj)
                  70017c48    00000008     --HOLE-- [fill = 0]
                  70017c50    00000038                                                       : ospi_v0.obj (.text.OSPI_setRdDataCaptureDelay)
                  70017c88    00000008     --HOLE-- [fill = 0]
                  70017c90    00000038                                                       : ospi_v0.obj (.text.OSPI_setResetPinStatus)
                  70017cc8    00000008     --HOLE-- [fill = 0]
                  70017cd0    00000038     security.am263px.r5f.ti-arm-clang.nortos.debug.lib : sipc_notify_src.obj (.text.SIPC_Params_init)
                  70017d08    00000008     --HOLE-- [fill = 0]
                  70017d10    00000038                                                        : sipc_notify_src.obj (.text.SIPC_getIntrConfig)
                  70017d48    00000008     --HOLE-- [fill = 0]
                  70017d50    00000038     drivers.am263px.r5f.ti-arm-clang.nortos.debug.lib : soc.obj (.text.SOC_getCoreName)
                  70017d88    00000008     --HOLE-- [fill = 0]
                  70017d90    00000038                                                       : uart_v0_lld.obj (.text.UART_writeDataPolling)
                  70017dc8    00000038     nortos.am263px.r5f.ti-arm-clang.debug.lib : PmuP_armv7r_asm.obj (.text.pmu)
                  70017e00    00000036     drivers.am263px.r5f.ti-arm-clang.nortos.debug.lib : edma.obj (.text.EDMA_getRegionId)
                  70017e36    0000000a     --HOLE-- [fill = 0]
                  70017e40    00000036     board.am263px.r5f.ti-arm-clang.nortos.debug.lib : flash.obj (.text.Flash_getHandle)
                  70017e76    0000000a     --HOLE-- [fill = 0]
                  70017e80    00000036     drivers.am263px.r5f.ti-arm-clang.nortos.debug.lib : ospi_v0_lld.obj (.text.OSPI_lld_enableDdrRdCmds)
                  70017eb6    0000000a     --HOLE-- [fill = 0]
                  70017ec0    00000036                                                       : ospi_v0_lld.obj (.text.OSPI_lld_readCmdParams_init)
                  70017ef6    0000000a     --HOLE-- [fill = 0]
                  70017f00    00000034                                                       : bootloader.obj (.text.Bootloader_close)
                  70017f34    0000000c     --HOLE-- [fill = 0]
                  70017f40    00000034     security.am263px.r5f.ti-arm-clang.nortos.debug.lib : hsmclient.obj (.text.HsmClient_init)
                  70017f74    0000000c     --HOLE-- [fill = 0]
                  70017f80    00000034     drivers.am263px.r5f.ti-arm-clang.nortos.debug.lib : ospi_v0.obj (.text.OSPI_disableDacMode)
                  70017fb4    0000000c     --HOLE-- [fill = 0]
                  70017fc0    00000034                                                       : ospi_v0.obj (.text.OSPI_disablePhy)
                  70017ff4    0000000c     --HOLE-- [fill = 0]
                  70018000    00000034                                                       : ospi_v0.obj (.text.OSPI_enableDacMode)
                  70018034    0000000c     --HOLE-- [fill = 0]
                  70018040    00000034                                                       : ospi_v0.obj (.text.OSPI_enablePhy)
                  70018074    0000000c     --HOLE-- [fill = 0]
                  70018080    00000034                                                       : ospi_v0.obj (.text.OSPI_enablePhyPipeline)
                  700180b4    0000000c     --HOLE-- [fill = 0]
                  700180c0    00000034                                                       : ospi_v0_lld.obj (.text.OSPI_lld_disablePhyPipeline)
                  700180f4    0000000c     --HOLE-- [fill = 0]
                  70018100    00000034                                                       : ospi_v0_lld.obj (.text.OSPI_lld_enableDDR)
                  70018134    0000000c     --HOLE-- [fill = 0]
                  70018140    00000034                                                       : ospi_v0_lld.obj (.text.OSPI_lld_enablePhyPipeline)
                  70018174    0000000c     --HOLE-- [fill = 0]
                  70018180    00000034                                                       : ospi_v0_lld.obj (.text.OSPI_lld_enableSDR)
                  700181b4    0000000c     --HOLE-- [fill = 0]
                  700181c0    00000034                                                       : ospi_v0_lld.obj (.text.OSPI_lld_isChipSelectValid)
                  700181f4    0000000c     --HOLE-- [fill = 0]
                  70018200    00000034                                                       : ospi_v0_lld.obj (.text.OSPI_lld_isFrameFormatValid)
                  70018234    0000000c     --HOLE-- [fill = 0]
                  70018240    00000034                                                       : ospi_v0_lld.obj (.text.OSPI_lld_setResetPinStatus)
                  70018274    0000000c     --HOLE-- [fill = 0]
                  70018280    00000034                                                       : ospi_v0.obj (.text.OSPI_setXferOpCodes)
                  700182b4    0000000c     --HOLE-- [fill = 0]
                  700182c0    00000034                                                       : pinmux.obj (.text.Pinmux_lockMMR)
                  700182f4    0000000c     --HOLE-- [fill = 0]
                  70018300    00000034     nortos.am263px.r5f.ti-arm-clang.debug.lib : TimerP_rti_priv.obj (.text.TimerP_Params_initPriv)
                  70018334    0000000c     --HOLE-- [fill = 0]
                  70018340    00000034     drivers.am263px.r5f.ti-arm-clang.nortos.debug.lib : uart_v0_lld.obj (.text.UART_IsDataLengthValid)
                  70018374    0000000c     --HOLE-- [fill = 0]
                  70018380    00000034                                                       : uart_v0_lld.obj (.text.UART_checkTransaction)
                  700183b4    00000034     libc.a : memory.c.obj (.text.free_list_remove)
                  700183e8    00000034     libsysbm.a : lseek.c.obj (.text.lseek)
                  7001841c    00000034                : write.c.obj (.text.write)
                  70018450    00000032     drivers.am263px.r5f.ti-arm-clang.nortos.debug.lib : bootloader.obj (.text.Bootloader_runSelfCpu)
                  70018482    0000000e     --HOLE-- [fill = 0]
                  70018490    00000032                                                       : edma.obj (.text.HW_WR_FIELD32_RAW)
                  700184c2    0000000e     --HOLE-- [fill = 0]
                  700184d0    00000032                                                       : fss_v0.obj (.text.HW_WR_FIELD32_RAW)
                  70018502    0000000e     --HOLE-- [fill = 0]
                  70018510    00000032                                                       : uart_v0_lld.obj (.text.HW_WR_FIELD32_RAW)
                  70018542    0000000e     --HOLE-- [fill = 0]
[...]
70017911  Bootloader_socGetBootSeqOid              
70017951  Flash_disableDacMode                     
70017991  Flash_enableDacMode                      
700179d1  OSPI_EdmaParams_init                     
70017a11  OSPI_enableSDR                           
70017a51  SOC_moduleSetClockFrequency              
70017ad1  Bootloader_socCpuResetRelease            
70017b91  EDMA_qdmaClrMissEvtRegion                
70017bd1  OSPI_configBaudrate                      
70017c11  OSPI_getBaudRateDivFromObj               
70017c51  OSPI_setRdDataCaptureDelay               
70017c91  OSPI_setResetPinStatus                   
70017cd1  SIPC_Params_init                         
70017d51  SOC_getCoreName                          
70017dc8  CycleCounterP_getCount32                 
70017dd0  PmuP_setup                               
70017dd8  PmuP_enableCounters                      
70017de0  PmuP_disableCounters                     
70017de8  PmuP_getOverflowStatus                   
70017df0  PmuP_clearOverflowStatus                 
70017df8  PmuP_setUserEnable                       
70017e01  EDMA_getRegionId                         
70017e41  Flash_getHandle                          
70017e81  OSPI_lld_enableDdrRdCmds                 
70017ec1  OSPI_lld_readCmdParams_init              
70017f01  Bootloader_close                         
70017f41  HsmClient_init                           
70017f81  OSPI_disableDacMode                      
70017fc1  OSPI_disablePhy                          
70018001  OSPI_enableDacMode                       
70018041  OSPI_enablePhy                           
70018081  OSPI_enablePhyPipeline                   
700180c1  OSPI_lld_disablePhyPipeline              
70018101  OSPI_lld_enableDDR                       
70018141  OSPI_lld_enablePhyPipeline               
70018181  OSPI_lld_enableSDR                       
70018241  OSPI_lld_setResetPinStatus               
70018281  OSPI_setXferOpCodes                      
70018301  TimerP_Params_initPriv                   
700183e8  lseek                                    
7001841c  write                                    
70018451  Bootloader_runSelfCpu                    
70018551  OSPI_lld_setCmdDummyCycles               
70018591  OSPI_lld_setReadDummyCycles              
700185d1  OSPI_lld_writeCmdParams_init             
70018611  TimerP_getCountPriv                      
700186d1  Bootloader_isCorePresent                 
70018701  Bootloader_profileReset                  
70018731  Flash_close                              
700187c1  OSPI_phyReadAttackVector                 
700187f1  OSPI_phyTuneDDR                          
70018851  Bootloader_socGetCoreName                
70018881  OSPI_deinit                              
70018911  SOC_rcmMemInitMailboxMemory              
70018941  UART_deinit                              
70018971  UART_lld_dmaInit                         
700189d1  Bootloader_socCpuGetClkDefault           
70018a01  DebugP_logZoneEnable                     
70018a31  OSPI_getInputClk                         
70018a61  OSPI_isDacEnable                         
70018a91  OSPI_isPhyEnable                         
70018ac1  OSPI_setDeviceSize                       
70018af1  SemaphoreP_constructBinary               
70018b21  Bootloader_socCpuSetClock                
70018b51  Bootloader_socIsAuthRequired             
70018be1  FSS_enableECC                            
70018c11  OSPI_lld_setModeBits                     
70018c41  UART_Transaction_init                    
70018c71  UART_intr2Disable                        
70018ca1  UART_lld_Transaction_init                
70018cd1  UART_operatingModeSelect                 
70018d01  flashFixUpOspiBoot                       
70018d31  CSL_armR5GetCpuID                        
70018d61  OSPI_lld_Transaction_init                
70018d91  OSPI_lld_clearDualOpCodeMode             
70018dc1  OSPI_lld_enableModeBitsCmd               
70018df1  OSPI_lld_enableModeBitsRead              
70018e21  OSPI_lld_setDualOpCodeMode               
70018e51  OSPI_setCmdDummyCycles                   
70018e81  OSPI_setCmdExtType                       
70018eb1  OSPI_setModeBits                         
70018ee1  OSPI_setNumAddrBytes                     
70018f11  OSPI_setPhyEnableSuccess                 
70018f41  OSPI_setProtocol                         
70018f71  OSPI_setReadDummyCycles                  
70018fa1  vprintf_                                 
70018fd1  EDMA_disableQdmaEvtRegion                
70019001  EDMA_enableQdmaEvtRegion                 
70019031  EDMA_getIntrStatusRegion                 
70019061  EDMA_intrStatusHighGetRegion             
700190c1  Bootloader_CpuInfo_init                  
70019151  Flash_getPhyTuningOffset                 
700191b1  OSPI_clearDualOpCodeMode                 
70019211  OSPI_enableModeBitsCmd                   
70019241  OSPI_enableModeBitsRead                  
700192a1  SOC_rcmR5SS0TriggerReset                 
700192d1  SemaphoreP_constructMutex                
70019384  __aeabi_uldivmod                         
700193e1  Bootloader_profileAddCore                
70019411  EDMA_channelToParamMap                   
70019441  OSPI_getFlashDataBaseAddr                
700194a1  SOC_rcmR5SS1TriggerReset                 
700194d1  Bootloader_getMulticoreImageSize         
700194f1  ClockP_isActive                          
70019511  ClockP_usecToTicks                       
70019551  OSPI_lld_readCompleteCallback            
700195b1  System_init                              
700195d1  Bootloader_profileUpdateMediaAndClk      
700195f1  ClockP_Params_init                       
70019611  EDMA_getEventStatusHigh                  
700196b1  OSPI_lld_getFlashDataBaseAddr            
700196d1  OSPI_lld_getInputClk                     
700196f1  SOC_getSelfCpuClk                        
70019711  SOC_moduleClockEnable                    
70019751  UART_lld_Transaction_deInit              
70019791  Board_driversOpen                        
700197b1  EDMA_errIntrHighStatusGet                
700197d1  EDMA_getCCErrStatus                      
700197f1  EDMA_getErrIntrStatus                    
70019811  EDMA_getEventStatus                      
70019831  EDMA_qdmaGetErrIntrStatus                
70019871  OSPI_lld_phyGetTuningData                
70019891  System_deinit                            
700198d1  putchar_                                 
70019924  TI_memcpy_small                          
70019941  OSPI_lld_setCmdExtType                   
70019981  SOC_rcmSetR5Clock                        
700199e1  board_flash_reset                        
70019a01  EDMA_clrCCErr                            
70019a21  EDMA_isInterruptEnabled                  
70019a61  OSPI_ReadCmdParams_init                  
70019a81  OSPI_Transaction_init                    
70019aa1  OSPI_WriteCmdParams_init                 
70019ac1  OSPI_edmaItrStatus                       
70019ae1  OSPI_lld_setPhyEnableSuccess             
70019b21  SOC_rcmSetR5ClockSource                  
70019b41  SemaphoreP_Params_init                   
70019b61  TimerP_getReloadCountPriv                
70019bc1  UART_putChar                             
70019bd8  TI_memset_small                          
70019bf1  Bootloader_profileUpdateAppimageSize     
70019c11  FSS_disableECC                           
70019c51  HsmClient_unregister                     
70019c71  OSPI_lld_isDacEnable                     
70019c91  OSPI_lld_isPhyEnable                     
70019cb1  TimerP_startPriv                         
70019cd1  TimerP_stopPriv                          
70019d31  Bootloader_Params_init                   
70019d51  DebugP_uartSetDrvIndex                   
70019d91  HsmClient_SecureBootQueueInit            
70019db1  OSPI_phyGetTuningData                    
70019e11  TimerP_clearOverflowIntPriv              
70019e31  TimerP_setup                             
70019e51  HsmClient_unRegister                     
70019e71  Hsmclient_updateBootNotificationRegister 
70019e91  Pinmux_init                              
70019ef1  ClockP_getTimerCount                     
70019f01  ClockP_timerClearOverflowInt             
70019f11  Drivers_close                            
70019f21  Drivers_open                             
70019f91  TimerP_Params_init                       
70019fa1  TimerP_clearOverflowInt                  
70019fb1  TimerP_getCount                          
70019fc1  TimerP_getReloadCount                    
70019fd1  TimerP_start                             
70019ff0  putchar                                  
7001a001  Bootloader_socCpuResetReleaseSelf        
7001a011  Bootloader_socInitL2MailBoxMemory        
7001a041  ClockP_getTicks                          
7001a051  PowerClock_init                          
7001a061  SIPC_getSelfCoreId                       
7001a071  Bootloader_socCpuRelease                 
7001a091  Bootloader_socCpuRequest                 
7001a0a1  Bootloader_socGetSBLMem                  
7001a0d1  Keyring_init                             
7001a101  Drivers_uartInit                         
7001a111  PowerClock_deinit                        
7001a151  SemaphoreP_destruct                      
7001a181  Dpl_deinit                               
7001a191  TaskP_yield                              
7001a1a1  HwiP_enableInt                           
7001a1e1  HwiP_disableInt                          
7001a241  HwiP_restoreInt                          
7001a271  HwiP_clearInt                            
7001a2b1  HwiP_post                                
7001a2f1  HwiP_Params_init                         
7001a321  HwiP_construct                           
7001a511  HwiP_destruct                            
7001a581  HwiP_init                                
7001a731  HwiP_inISR                               
7001a761  HwiP_setVimIrqPriMaskNonAtomic           
7001a7b1  HwiP_setVimIrqPriMaskAtomic              
7001a851  HwiP_restoreVimIrqPriMask                
7001a861  HwiP_irq_handler_c                       
7001aa01  HwiP_fiq_handler                         
7001ab61  HwiP_reserved_handler                    
7001aba1  HwiP_undefined_handler_c                 
7001abc1  HwiP_user_undefined_handler_c            
7001abe1  HwiP_svc_handler                         
7001ac21  HwiP_prefetch_abort_handler_c            
7001acc1  HwiP_user_prefetch_abort_handler_c       
7001ad01  HwiP_data_abort_handler_c                
7001adc1  HwiP_user_data_abort_handler_c           
7001adfc  HwiP_irq_handler                         
7001ae70  HwiP_data_abort_handler                  
7001aeb4  HwiP_prefetch_abort_handler              
7001af00  HwiP_undefined_handler                   
7001af30  GET_DFSR                                 
7001af38  GET_ADFSR                                
7001af40  GET_DFAR                                 
7001af48  GET_IFSR                                 
7001af50  GET_AIFSR                                
7001af58  GET_IFAR                                 
7001af60  GET_SPSR                                 
7001af78  HwiP_disable                             
7001af88  HwiP_disableFIQ                          
7001af98  HwiP_enable                              
7001afa8  HwiP_enableFIQ                           
7001afb8  HwiP_restore                             
7001afc0  HwiP_enableVIC                           
7001afd0  HwiP_disableVIC                          
7001afe0  HwiP_getCPSR                             
7001aff0  CacheP_disableL1d                        
7001b018  CacheP_disableL1p                        
7001b030  CacheP_enableL1d                         
7001b048  CacheP_enableL1p                         
7001b060  CacheP_invL1d                            
7001b098  CacheP_invL1p                            
7001b0d4  CacheP_invL1dAll                         
7001b0dc  CacheP_invL1pAll                         
7001b0e4  CacheP_wb                                
7001b120  CacheP_wbInv                             
7001b15c  CacheP_wbAll                             
7001b204  CacheP_wbInvAll                          
7001b21c  CacheP_wbInvAllAsm                       
7001b2bc  CacheP_getEnabled                        
7001b2f4  CacheP_getCacheLevelInfo                 
7001b300  CacheP_configForceWrThru                 
7001b320  CacheP_setDLFO                           
7001b331  CacheP_init                              
7001b3c1  CacheP_disable                           
7001b411  CacheP_enable                            
7001b451  CacheP_inv                               
7001b491  MpuP_getAttrs                            
7001b4f1  MpuP_RegionAttrs_init                    
7001b521  MpuP_setRegion                           
7001b5b1  MpuP_isEnable                            
7001b5c1  MpuP_disable                             
7001b601  MpuP_enable                              
7001b651  MpuP_init                                
7001b6f1  MpuP_isUserAuthorizedToAccessMemory      
7001b7d0  MpuP_disableAsm                          
7001b7e8  MpuP_disableBRAsm                        
7001b7f8  MpuP_enableAsm                           
7001b810  MpuP_enableBRAsm                         
7001b820  MpuP_isEnableAsm                         
7001b834  MpuP_setRegionAsm                        
7001b850  _c_int00_sbl                             
7001b874  _c_int00                                 
7001b9a1  _DebugP_assertNoLog                      
7001b9d1  _system_pre_init                         
7001ba01  __mpu_init                               
7001ba10  _ftable                                  
7001ba10  gUartDmaHandle                           
7001bc20  gFlashDevCfg_IS25LX256                   
7001bda4  _device                                  
7001be94  gAddrTranslateInfo                       
7001bf04  gSIPC_InterruptConfig                    
7001bf68  gUartParams                              
7001bfc0  _stream                                  
7001c010  gSIPC_HsmMboxConfig                      
7001c060  gSIPC_SecureHostMboxConfig               
7001c0b0  gFlashAttrs_IS25LX256                    
7001c0e8  gCoreBootInfo                            
7001c118  gBootloaderConfig                        
7001c144  gFlashNorOspiFxns                        
7001c168  gFlashToSpiProtocolMap                   
7001c18c  gSocModulesClockFrequency                
7001c1c8  gBootloaderFlashFxns                     
7001c1e0  gClockConfig                             
7001c228  gFlashConfig                             
7001c35c  gResMemSection                           
7001c384  gBootloader0Args                         
7001c394  gOspiDmaEdmaFxns                         
7001c3a4  gAddrTranslateConfig                     
7001c3b0  gOspiDmaConfig                           
7001c3bc  gSocModules                              
7001c3c8  __TI_cleanup_ptr                         
7001c3cc  __TI_dtors_ptr                           
7001c3d0  gEdmaConfig                              
7001c3d8  gEdmaParams                              
7001c3e0  gFlashParams                             
7001c3e8  gOspiConfig                              
7001c3f0  gSIPC_QueHsmToSecureHost                 
7001c3f8  gSIPC_QueSecureHostToHsm                 
7001c408  gUartConfig                              
7001c410  operatingMode                            
7001c420  __TI_ft_end                              
7001c424  _lock                                    
7001c428  _unlock                                  
7001c430  gBootloaderConfigNum                     
7001c434  gDebugLogZone                            
7001c438  gDebugP_uartDrvIndex                     
7001c43c  gEdmaConfigNum                           
7001c440  gFlashConfigNum                          
7001c444  gHsmRtDownloadComplete                   
7001c448  gHsmrtLoadStatus                         
7001c44c  gHwiConfig                               
7001c460  gOspiConfigNum                           
7001c464  gOspiDmaConfigNum                        
7001c468  gOspiParams                              
7001c46c  gR5ss0Core1ImagePresent                  
7001c470  gR5ss0MemInitDone                        
7001c474  gR5ss1Core1ImagePresent                  
7001c478  gR5ss1MemInitDone                        
7001c47c  gR5ss1PORDone                            
7001c484  gStreamId                                
7001c488  gUartConfigNum                           
7001c48c  gUartDmaChConfig                         
7001c494  ptrMSSCtrlRegs                           
7001c498  ptrTopCtrlRegs                           
7001c49c  vec_size                                 
7001c4a0  vector_table_loc                         
7001c4a4  isMapAvailable                           
7001c4b0  gCacheConfig                             
7001c4b8  gMpuConfig                               
7001c4c4  gMpuRegionConfig                         
7001c5e8  gADPLLJConfigTbl                         
7001d292  gPeripheralClkSrcInfoMap                 
7001d6ad  gCR5ClkSrcInfoMap                        
7001d6b0  gPLLFreqId2FOutMap                       
7001d79c  gXTALInfo                                
7001d80c  gCacheL1dCacheLineSize                   
7001d810  gCacheL1pCacheLineSize                   
7001d880  __BSS_START                              
7001d880  gPHTBuffer                               
7002b900  gX509Cert                                
7002c900  gHwiCtrl                                 
7002d10c  gHsmClientMsgQueue                       
7002d44c  gHSMClient                               
7002d478  parmbuf                                  
7002d480  vec_addrs                                
7002d780  gNoteSegBuffer                           
7002da00  gSecureBootStreamArray                   
7002df34  _CIOBUF_                                 
7002df34  __CIOBUF_                                
7002e054  gProfileObj                              
7002e21c  __TI_tmpnams                             
7002e2bc  gSIPC_ctrl                               
7002e300  gElfHBuffer                              
7002e380  gOspiEdmaArgs                            
7002e3b8  gClockCtrl                               
7002e3d8  gFlashObject_IS25LX256                   
7002e3ec  virtToPhymap                             
7002e404  gEdmaHandle                              
7002e408  gFlashHandle                             
7002e40c  gOspiHandle                              
7002e410  gUartHandle                              
7002e480  __BSS_END                                
7002e480  __stack                                  
70030480  __STACK_END                              
70030480  _sys_memory                              
70032480  __IRQ_STACK_START                        
70033480  __FIQ_STACK_START                        
70033480  __IRQ_STACK_END                          
70033580  __FIQ_STACK_END                          
70033580  __SVC_STACK_START                        
70034580  __ABORT_STACK_START                      
70034580  __SVC_STACK_END                          
70034680  __ABORT_STACK_END                        
70034680  __UNDEFINED_STACK_START                  
70034780  __UNDEFINED_STACK_END                    
70042000  gHsmRtFw                                 
80080000  __TI_SBL_FLASH_BOOTINFO_SECTOR_START     
ffffffff  __TI_pprof_out_hndl                      
ffffffff  __TI_prof_data_size                      
ffffffff  __TI_prof_data_start                     
ffffffff  __binit__                                
ffffffff  binit                                    
UNDEFED   __TI_CINIT_Base                          
UNDEFED   __TI_CINIT_Limit                         
UNDEFED   __TI_Handler_Table_Base                  
UNDEFED   __TI_Handler_Table_Limit                 
UNDEFED   _system_post_cinit                       

[668 symbols]
