******************************************************************************
            TI ARM Clang Linker Unix v4.0.3                    
******************************************************************************
>> Linked Mon Sep 15 15:45:13 2025

OUTPUT FILE NAME:   <sbl_can_uniflash_multicore_elf.release.out>
ENTRY POINT SYMBOL: "_vectors"  address: 00000000


MEMORY CONFIGURATION

         name            origin    length      used     unused   attr    fill
----------------------  --------  ---------  --------  --------  ----  --------
  R5F_VECS              00000000   00000100  00000040  000000c0  RWIX
  R5F_TCMA              00000100   00007f00  00000000  00007f00  RWIX
  R5F_TCMB              00080000   00008000  00000000  00008000  RWIX
  MSRAM_VECS            70002000   00000100  00000040  000000c0  RWIX
  MSRAM_0               70002100   0004df00  00034d18  000191e8  RWIX
  MSRAM_HSMRT           70050000   00040000  0000a6e4  0003591c  RWIX
  MSRAM_1               70090000   00170000  00170000  00000000  RWIX


SEGMENT ALLOCATION MAP

run origin  load origin   length   init length attrs members
----------  ----------- ---------- ----------- ----- -------
00000000    70002000    00000040   00000040    r-x
  00000000    70002000    00000040   00000040    r-x .sbl_init_code
70002100    70002100    00019980   00000000    rw-
  70002100    70002100    00019980   00000000    rw- .bss
7001ba80    7001ba80    00013b88   00013b88    r-x
  7001ba80    7001ba80    000129c0   000129c0    r-x .text
  7002e440    7002e440    00000974   00000974    r-x .text.hwi
  7002edb8    7002edb8    00000430   00000430    r-x .text.cache
  7002f1e8    7002f1e8    00000290   00000290    r-x .text.mpu
  7002f478    7002f478    00000190   00000190    r-x .text.boot
7002f608    7002f608    00000b40   00000b40    rw-
  7002f608    7002f608    00000b40   00000b40    rw- .data
70030148    70030148    000018d0   000018d0    r--
  70030148    70030148    000018d0   000018d0    r-- .rodata
70031a18    70031a18    00005400   00000000    rw-
  70031a18    70031a18    00002000   00000000    rw- .stack
  70033a18    70033a18    00002000   00000000    rw- .sysmem
  70035a18    70035a18    00001000   00000000    rw- .irqstack
  70036a18    70036a18    00000100   00000000    rw- .fiqstack
  70036b18    70036b18    00000100   00000000    rw- .svcstack
  70036c18    70036c18    00000100   00000000    rw- .abortstack
  70036d18    70036d18    00000100   00000000    rw- .undefinedstack
70050000    70050000    0000a6e4   0000a6e4    r--
  70050000    70050000    0000a6e4   0000a6e4    r-- .rodata.hsmrt


SECTION ALLOCATION MAP

 output                                  attributes/
section   page    origin      length       input sections
--------  ----  ----------  ----------   ----------------
.sbl_init_code 
*          0    70002000    00000040     RUN ADDR = 00000000
                  70002000    00000040     nortos.am263px.r5f.ti-arm-clang.release.lib : HwiP_armv7r_vectors_nortos_asm.obj (.vectors)

.bss       0    70002100    00019980     UNINITIALIZED
                  70002100    0000e080     (.common:gPHTBuffer)
                  70010180    00008000     main.obj (.bss)
                  70018180    00001000     (.common:gX509Cert)
                  70019180    0000080c     (.common:gHwiCtrl)
                  7001998c    00000004     nortos.am263px.r5f.ti-arm-clang.release.lib : HwiP_armv7r_vim.obj (.bss.gdummy)
                  70019990    00000340     ti_drivers_config.obj (.bss.sipc_hsm_queue_mem)
                  70019cd0    00000340     ti_drivers_config.obj (.bss.sipc_secure_host_queue_mem)
                  7001a010    00000340     (.common:gHsmClientMsgQueue)
                  7001a350    00000314     ti_drivers_config.obj (.bss.gMcspiObjects)
                  7001a664    00000014     (.common:gFlashObject_IS25LX256)
                  7001a678    00000008     libsysbm.a : hostopen.c.obj (.bss.parmbuf)
                  7001a680    00000300     (.common:vec_addrs)
                  7001a980    00000280     (.common:gNoteSegBuffer)
                  7001ac00    00000240     (.common:gSecureBootStreamArray)
                  7001ae40    000001d0     ti_drivers_config.obj (.bss.gI2cObjects)
                  7001b010    000001b0     ti_drivers_config.obj (.bss.gUartObjects)
                  7001b1c0    00000144     ti_drivers_config.obj (.bss.gOspiObjects)
                  7001b304    00000124     (.common:gEepromObject_CAT24M)
                  7001b428    00000120     libsysbm.a : trgmsg.c.obj (.bss:_CIOBUF_)
                  7001b548    00000118     (.common:gProfileObj)
                  7001b660    000000b0     ti_drivers_config.obj (.bss.gEdmaObjects)
                  7001b710    000000a0     libc.a : defs.c.obj (.bss.__TI_tmpnams)
                  7001b7b0    00000044     (.common:gSIPC_ctrl)
                  7001b7f4    0000000c     (.common:gPmicObject)
                  7001b800    00000080     (.common:gElfHBuffer)
                  7001b880    00000068     (.common:grxMsg)
                  7001b8e8    00000064     (.common:gtxMsg)
                  7001b94c    00000038     (.common:gOspiEdmaArgs)
                  7001b984    0000002c     (.common:gHSMClient)
                  7001b9b0    00000024     board.obj (.bss.gTCA6424_Config)
                  7001b9d4    00000004     libc.a : memory.c.obj (.bss.sys_free)
                  7001b9d8    00000020     (.common:gClockCtrl)
                  7001b9f8    00000010     (.common:gPmicCoreObj)
                  7001ba08    00000010     (.common:virtToPhymap)
                  7001ba18    00000008     (.common:gI2cHandle)
                  7001ba20    00000004     (.common:gEdmaHandle)
                  7001ba24    00000004     (.common:gEepromHandle)
                  7001ba28    00000004     (.common:gFlashHandle)
                  7001ba2c    00000004     (.common:gMcanBaseAddr)
                  7001ba30    00000004     (.common:gMcspiHandle)
                  7001ba34    00000004     (.common:gOspiHandle)
                  7001ba38    00000004     (.common:gPmicHandle)
                  7001ba3c    00000004     (.common:gPmicMcspiRxBuffer)
                  7001ba40    00000004     (.common:gPmicMcspiTxBuffer)
                  7001ba44    00000004     (.common:gRunApp)
                  7001ba48    00000004     (.common:gUartHandle)
                  7001ba4c    00000034     --HOLE--

.text      0    7001ba80    000129c0     
                  7001ba80    000006f0     board.am263px.r5f.ti-arm-clang.nortos.release.lib : flash_nor_ospi.obj (.text.Flash_norOspiOpen)
                  7001c170    000006ea     drivers.am263px.r5f.ti-arm-clang.nortos.release.lib : ospi_phy_am26x_lld.obj (.text.OSPI_lld_phyFindOTP1)
                  7001c85a    00000002     ti_dpl_config.obj (.text.Dpl_deinit)
                  7001c85c    00000694     drivers.am263px.r5f.ti-arm-clang.nortos.release.lib : bootloader.obj (.text.Bootloader_parseAndLoadMultiCoreELF)
                  7001cef0    00000580     nortos.am263px.r5f.ti-arm-clang.release.lib : printf.obj (.text._vsnprintf)
                  7001d470    000004cc     drivers.am263px.r5f.ti-arm-clang.nortos.release.lib : soc_rcm.obj (.text.SOC_rcmEnablePeripheralClock)
                  7001d93c    00000444                                                         : i2c_v1_lld.obj (.text.I2C_lld_primeTransferPoll)
                  7001dd80    00000400     nortos.am263px.r5f.ti-arm-clang.release.lib : printf.obj (.text._ftoa)
                  7001e180    000003c0     drivers.am263px.r5f.ti-arm-clang.nortos.release.lib : bootloader_can.obj (.text.Bootloader_CANReceiveFile)
                  7001e540    00000390     libc.a : strcmp32.S.obj (.text:strcmp)
                  7001e8d0    00000386     main.obj (.text.main)
                  7001ec56    0000034c     pmic_blackbird.am263px.r5f.ti-arm-clang.nortos.release.lib : pmic_power.obj (.text.Pmic_pwrSetLdoCfg)
                  7001efa2    00000002     drivers.am263px.r5f.ti-arm-clang.nortos.release.lib : bootloader_flash.obj (.text.Flash_imgClose)
                  7001efa4    00000342     board.am263px.r5f.ti-arm-clang.nortos.release.lib : flash_nor_ospi.obj (.text.Flash_setQeBit)
                  7001f2e6    00000002     nortos.am263px.r5f.ti-arm-clang.release.lib : SemaphoreP_nortos.obj (.text.SemaphoreP_destruct)
                  7001f2e8    00000310                                                 : printf.obj (.text._etoa)
                  7001f5f8    000002a0     drivers.am263px.r5f.ti-arm-clang.nortos.release.lib : uart_v0.obj (.text.UART_open)
                  7001f898    00000298                                                         : mcspi_v0.obj (.text.MCSPI_open)
                  7001fb30    0000027c                                                         : edma.obj (.text.EDMA_init)
                  7001fdac    00000250                                                         : soc_rcm.obj (.text.SOC_rcmSetPeripheralClock)
                  7001fffc    0000023c                                                         : uart_v0_lld.obj (.text.UART_configInstance)
                  70020238    00000234                                                         : ospi_v0.obj (.text.OSPI_open)
                  7002046c    0000022a     security.am263px.r5f.ti-arm-clang.nortos.release.lib : sipc_notify_src.obj (.text.SIPC_init)
                  70020696    00000002     nortos.am263px.r5f.ti-arm-clang.release.lib : TaskP_nortos.obj (.text.TaskP_yield)
                  70020698    00000224     drivers.am263px.r5f.ti-arm-clang.nortos.release.lib : mcspi_dma_edma.obj (.text.MCSPI_lld_dmaTransfer)
                  700208bc    0000020c                                                         : i2c_v1.obj (.text.I2C_open)
                  70020ac8    0000020c                                                         : mcspi_v0_lld.obj (.text.MCSPI_transferControllerPoll)
                  70020cd4    00000204                                                         : edma.obj (.text.EDMA_freeChannelRegion)
                  70020ed8    000001f0                                                         : edma.obj (.text.EDMA_errorIsrFxn)
                  700210c8    000001e8                                                         : mcspi_v0_lld.obj (.text.MCSPI_lld_controllerIsr)
                  700212b0    000001e4                                                         : ospi_edma_lld.obj (.text.OSPI_edmaCopy)
                  70021494    000001dc                                                         : mcan.obj (.text.MCAN_msgRAMConfig)
                  70021670    000001d0     libclang_rt.builtins.a : udivsi3.S.obj (.text.__udivsi3)
                  70021840    000001cc     drivers.am263px.r5f.ti-arm-clang.nortos.release.lib : soc_rcm.obj (.text.SOC_rcmPerApllConfig)
                  70021a0c    000001c0                                                         : mcspi_dma_edma.obj (.text.MCSPI_lld_dmaChInit)
                  70021bcc    000001b4                                                         : i2c_v1_lld.obj (.text.I2C_lld_targetIsr)
                  70021d80    000001ae                                                         : i2c_v1_lld.obj (.text.I2C_lld_controllerIsr)
                  70021f2e    00000002                                                         : uart_dma_edma.obj (.text.UART_edmaDoNothing)
                  70021f30    000001a8                                                         : mcspi_v0_lld.obj (.text.MCSPI_lld_chConfig)
                  700220d8    000001a8     libc.a : memory.c.obj (.text.free)
                  70022280    000001a4            : memory.c.obj (.text.aligned_alloc)
                  70022424    00000194     drivers.am263px.r5f.ti-arm-clang.nortos.release.lib : mcspi_v0.obj (.text.MCSPI_transfer)
                  700225b8    00000194                                                         : uart_dma_edma.obj (.text.UART_lld_dmaInit)
                  7002274c    00000190                                                         : ospi_v0_lld.obj (.text.OSPI_programInstance)
                  700228dc    00000186     security.am263px.r5f.ti-arm-clang.nortos.release.lib : hsmclient.obj (.text.HsmClient_procAuthBootFinish)
                  70022a62    00000180     drivers.am263px.r5f.ti-arm-clang.nortos.release.lib : i2c_v1.obj (.text.I2C_transfer)
                  70022be2    00000002     nortos.am263px.r5f.ti-arm-clang.release.lib : printf.obj (.text._out_null)
                  70022be4    0000017c     drivers.am263px.r5f.ti-arm-clang.nortos.release.lib : soc.obj (.text.SOC_phyToVirt)
                  70022d60    00000166     security.am263px.r5f.ti-arm-clang.nortos.release.lib : sipc_notify_src.obj (.text.SIPC_isr)
                  70022ec6    00000002     --HOLE-- [fill = 0]
                  70022ec8    00000164     drivers.am263px.r5f.ti-arm-clang.nortos.release.lib : edma.obj (.text.EDMA_open)
                  7002302c    00000160                                                         : edma.obj (.text.EDMA_deinit)
                  7002318c    00000150                                                         : ospi_edma_lld.obj (.text.OSPI_edmaInit)
                  700232dc    0000014e                                                         : uart_dma_edma.obj (.text.UART_lld_dmaDeInit)
                  7002342a    00000002     --HOLE-- [fill = 0]
                  7002342c    0000014c                                                         : bootloader_uniflash.obj (.text.Bootloader_uniflashProcessFlashCommands)
                  70023578    0000014c                                                         : mcspi_dma_edma.obj (.text.MCSPI_lld_dmaDeInit)
                  700236c4    0000014a                                                         : uart_v0_lld.obj (.text.UART_lld_controllerIsr)
                  7002380e    00000002     --HOLE-- [fill = 0]
                  70023810    00000148                                                         : soc_rcm.obj (.text.SOC_rcmCoreApllHSDivConfig)
                  70023958    00000144     libc.a : setvbuf.c.obj (.text.setvbuf)
                  70023a9c    00000140     nortos.am263px.r5f.ti-arm-clang.release.lib : TimerP_rti_priv.obj (.text.TimerP_setupPriv)
                  70023bdc    00000004     drivers.am263px.r5f.ti-arm-clang.nortos.release.lib : bootloader_soc.obj (.text.Bootloader_socCpuRelease)
                  70023be0    0000013c                                                         : bootloader_profile.obj (.text.Bootloader_profilePrintProfileLog)
                  70023d1c    0000013c                                                         : soc.obj (.text.SOC_virtToPhy)
                  70023e58    00000138                                                         : uart_v0.obj (.text.UART_close)
                  70023f90    00000134                                                         : mcspi_v0_lld.obj (.text.MCSPI_lld_readWrite)
                  700240c4    00000132     nortos.am263px.r5f.ti-arm-clang.release.lib : printf.obj (.text._ntoa_format)
                  700241f6    0000012c     security.am263px.r5f.ti-arm-clang.nortos.release.lib : hsmclient_loadhsmrt.obj (.text.Hsmclient_loadHSMRtFirmware)
                  70024322    0000011e     board.am263px.r5f.ti-arm-clang.nortos.release.lib : flash_nor_ospi.obj (.text.Flash_norOspiReset)
                  70024440    0000011e     security.am263px.r5f.ti-arm-clang.nortos.release.lib : hsmclient.obj (.text.HsmClient_EnqueueAndSendMsg)
                  7002455e    0000011c     drivers.am263px.r5f.ti-arm-clang.nortos.release.lib : mcspi_v0_lld.obj (.text.MCSPI_lld_readWriteIntr)
                  7002467a    00000002     --HOLE-- [fill = 0]
                  7002467c    00000118                                                         : edma.obj (.text.Alloc_resource)
                  70024794    00000118                                                         : mcan.obj (.text.MCAN_readMsgRam)
                  700248ac    00000118     libclang_rt.builtins.a : udivmoddi4.S.obj (.text)
                  700249c4    00000114     drivers.am263px.r5f.ti-arm-clang.nortos.release.lib : soc_rcm.obj (.text.SOC_rcmCoreApllConfig)
                  70024ad8    00000114                                                         : soc_rcm.obj (.text.SOC_rcmGetPeripheralClockFrequency)
                  70024bec    0000010e                                                         : ospi_v0_lld.obj (.text.OSPI_lld_isr)
                  70024cfa    0000010e                                                         : uart_v0_lld.obj (.text.UART_lld_write)
                  70024e08    0000010c     pmic_blackbird.am263px.r5f.ti-arm-clang.nortos.release.lib : pmic.obj (.text.Pmic_init)
                  70024f14    00000108     drivers.am263px.r5f.ti-arm-clang.nortos.release.lib : edma.obj (.text.EDMA_transferCompletionMasterIsrFxn)
                  7002501c    00000106                                                         : mcspi_v0_lld.obj (.text.MCSPI_continuePeripheralTxRx)
                  70025122    00000104     nortos.am263px.r5f.ti-arm-clang.release.lib : ClockP_nortos_r5.obj (.text.ClockP_init)
                  70025226    00000002     --HOLE-- [fill = 0]
                  70025228    00000104     drivers.am263px.r5f.ti-arm-clang.nortos.release.lib : uart_dma_edma.obj (.text.UART_lld_dmaWrite)
                  7002532c    00000100                                                         : mcspi_v0.obj (.text.MCSPI_close)
                  7002542c    00000100     security.am263px.r5f.ti-arm-clang.nortos.release.lib : sipc_notify_src.obj (.text.SIPC_sendMsg)
                  7002552c    000000fc     drivers.am263px.r5f.ti-arm-clang.nortos.release.lib : bootloader_can.obj (.text.Bootloader_CANInit)
                  70025628    000000fc                                                         : uart_v0.obj (.text.UART_write)
                  70025724    000000f8                                                         : ospi_v0_lld.obj (.text.OSPI_lld_readCmd)
                  7002581c    000000f8                                                         : ospi_v0_lld.obj (.text.OSPI_lld_readDirectDma)
                  70025914    000000f8                                                         : ospi_v0_lld.obj (.text.OSPI_lld_writeIndirect)
                  70025a0c    000000f4                                                         : mcspi_v0_lld.obj (.text.MCSPI_lld_initDma)
                  70025b00    000000f2     board.am263px.r5f.ti-arm-clang.nortos.release.lib : eeprom_cat24m.obj (.text.EEPROM_CAT24M_write)
                  70025bf2    000000f2     drivers.am263px.r5f.ti-arm-clang.nortos.release.lib : bootloader_uniflash_mcelf.obj (.text.MCELF_flashVerifyXIPFile)
                  70025ce4    000000f0     libc.a : fputc.c.obj (.text.fputc)
                  70025dd4    000000ec     drivers.am263px.r5f.ti-arm-clang.nortos.release.lib : ospi_v0_lld.obj (.text.OSPI_lld_setProtocol)
                  70025ec0    000000e6                                                         : mcspi_v0_lld.obj (.text.MCSPI_lld_readWriteDma)
                  70025fa6    000000e6     board.obj (.text.TCA6424_Mcan_Transceiver)
                  7002608c    000000e4     drivers.am263px.r5f.ti-arm-clang.nortos.release.lib : mcan.obj (.text.MCAN_writeMsgRam)
                  70026170    000000de                                                         : ospi_v0_lld.obj (.text.OSPI_lld_writeCmd)
                  7002624e    00000002     --HOLE-- [fill = 0]
                  70026250    000000dc                                                         : mcan.obj (.text.MCAN_init)
                  7002632c    000000d8                                                         : bootloader_uniflash_rprc.obj (.text.Bootloader_uniflashFlashOrVerifyXipFile)
                  70026404    000000d6     middleware.am263px.r5f.ti-arm-clang.nortos.release.lib : tielfup32.obj (.text.ELFUP_update)
                  700264da    00000002     --HOLE-- [fill = 0]
                  700264dc    000000d0     drivers.am263px.r5f.ti-arm-clang.nortos.release.lib : edma.obj (.text.EDMA_unregisterIntr)
                  700265ac    000000d0                                                         : mcan.obj (.text.MCAN_config)
                  7002667c    000000ce     board.am263px.r5f.ti-arm-clang.nortos.release.lib : flash_nor_ospi.obj (.text.Flash_norOspiWaitReady)
                  7002674a    00000002     --HOLE-- [fill = 0]
                  7002674c    000000cc     drivers.am263px.r5f.ti-arm-clang.nortos.release.lib : uart_v0_lld.obj (.text.UART_lld_initDma)
                  70026818    000000ca                                                         : mcspi_dma_edma.obj (.text.MCSPI_edmaIsrTx)
                  700268e2    00000002     --HOLE-- [fill = 0]
                  700268e4    000000c8     libc.a : getdevice.c.obj (.text.getdevice)
                  700269ac    000000c6     board.am263px.r5f.ti-arm-clang.nortos.release.lib : flash_nor_ospi.obj (.text.Flash_norOspiWrite)
                  70026a72    000000c6                                                       : flash_nor_ospi.obj (.text.Flash_setOeBit)
                  70026b38    000000c4                                                       : flash_nor_ospi.obj (.text.Flash_norOspiReadId)
                  70026bfc    000000c4     drivers.am263px.r5f.ti-arm-clang.nortos.release.lib : i2c_v1_lld.obj (.text.I2C_lld_mem_write)
                  70026cc0    000000c4                                                         : i2c_v1_lld.obj (.text.I2C_lld_primeTransferIntr)
                  70026d84    000000c4                                                         : mcan.obj (.text.MCAN_setBitTime)
                  70026e48    000000c4                                                         : mcspi_v0_lld.obj (.text.MCSPI_lld_init)
                  70026f0c    000000c4                                                         : uart_v0_lld.obj (.text.UART_lld_init)
                  70026fd0    000000c0                                                         : i2c_v1_lld.obj (.text.I2C_lld_mem_read)
                  70027090    000000c0     board.am263px.r5f.ti-arm-clang.nortos.release.lib : ioexp_tca6416.obj (.text.TCA6416_setOutput)
                  70027150    000000be                                                       : ioexp_tca6416.obj (.text.TCA6416_config)
                  7002720e    000000be                                                       : ioexp_tca6424.obj (.text.TCA6424_config)
                  700272cc    000000be                                                       : ioexp_tca6424.obj (.text.TCA6424_setOutput)
                  7002738a    00000002     --HOLE-- [fill = 0]
                  7002738c    000000bc     drivers.am263px.r5f.ti-arm-clang.nortos.release.lib : edma.obj (.text.EDMA_registerIntr)
                  70027448    000000bc     security.am263px.r5f.ti-arm-clang.nortos.release.lib : hsmclient.obj (.text.HsmClient_procAuthBootStart)
                  70027504    000000ba     drivers.am263px.r5f.ti-arm-clang.nortos.release.lib : mcspi_dma_edma.obj (.text.MCSPI_edmaIsrRx)
                  700275be    000000b6     board.am263px.r5f.ti-arm-clang.nortos.release.lib : flash_nor_ospi.obj (.text.Flash_norOspiErase)
                  70027674    000000b6                                                       : flash_nor_ospi.obj (.text.Flash_norOspiEraseSector)
                  7002772a    000000b4     drivers.am263px.r5f.ti-arm-clang.nortos.release.lib : bootloader_uniflash_common.obj (.text.Bootloader_uniflashFlashFile)
                  700277de    00000002     --HOLE-- [fill = 0]
                  700277e0    000000b4     libc.a : fseek.c.obj (.text.fseeko)
                  70027894    000000b0            : fclose.c.obj (.text.__TI_closefile)
                  70027944    000000b0     nortos.am263px.r5f.ti-arm-clang.release.lib : printf.obj (.text._ntoa_long_long)
                  700279f4    000000ac     drivers.am263px.r5f.ti-arm-clang.nortos.release.lib : soc_rcm.obj (.text.SOC_rcmGetCoreHSDivOut)
                  70027aa0    000000ac                                                         : uart_v0_lld.obj (.text.UART_divisorLatchWrite)
                  70027b4c    000000a8                                                         : bootloader_uniflash_common.obj (.text.Bootloader_uniflashFlashErase)
                  70027bf4    000000a8                                                         : mcan.obj (.text.MCAN_calcMsgRamParamsStartAddr)
                  70027c9c    000000a8     pmic_blackbird.am263px.r5f.ti-arm-clang.nortos.release.lib : pmic_tps653860xx.obj (.text.PMIC_tps653860xxOpen)
                  70027d44    000000a6                                                                : pmic_tps653860xx.obj (.text.PMIC_mcspiReadRegister)
                  70027dea    000000a6     nortos.am263px.r5f.ti-arm-clang.release.lib : printf.obj (.text._out_rev)
                  70027e90    000000a4     drivers.am263px.r5f.ti-arm-clang.nortos.release.lib : i2c_v1_lld.obj (.text.I2C_lld_mem_readIntr)
                  70027f34    000000a4                                                         : i2c_v1_lld.obj (.text.I2C_lld_mem_writeIntr)
                  70027fd8    000000a4                                                         : ospi_v0_lld.obj (.text.OSPI_lld_initDma)
                  7002807c    000000a4     libc.a : memory.c.obj (.text.split)
                  70028120    000000a0     drivers.am263px.r5f.ti-arm-clang.nortos.release.lib : bootloader_hsmRt_load.obj (.text.Bootloader_socLoadHsmRtFw)
                  700281c0    000000a0                                                         : edma.obj (.text.EDMA_freeDmaChannel)
                  70028260    000000a0                                                         : edma.obj (.text.EDMA_freeParam)
                  70028300    000000a0                                                         : edma.obj (.text.EDMA_freeTcc)
                  700283a0    000000a0     libsysbm.a : hostrename.c.obj (.text.HOSTrename)
                  70028440    000000a0     drivers.am263px.r5f.ti-arm-clang.nortos.release.lib : i2c_v1.obj (.text.I2C_close)
                  700284e0    000000a0                                                         : uart_dma_edma.obj (.text.UART_lld_dmaRead)
                  70028580    000000a0     ti_board_config.obj (.text.board_flash_reset)
                  70028620    0000009e     drivers.am263px.r5f.ti-arm-clang.nortos.release.lib : bootloader.obj (.text.Bootloader_getMsgLen)
                  700286be    0000009e     nortos.am263px.r5f.ti-arm-clang.release.lib : SemaphoreP_nortos.obj (.text.SemaphoreP_pend)
                  7002875c    0000009c     drivers.am263px.r5f.ti-arm-clang.nortos.release.lib : bootloader_soc.obj (.text.Bootloader_socCpuPowerOnReset)
                  700287f8    0000009c                                                         : soc_rcm.obj (.text.SOC_rcmsetR5SysClock)
                  70028894    0000009c     libc.a : _io_perm.c.obj (.text.__TI_wrt_ok)
                  70028930    0000009a     ti_drivers_config.obj (.text.HsmClient_config)
                  700289ca    0000009a     drivers.am263px.r5f.ti-arm-clang.nortos.release.lib : mcspi_dma_edma.obj (.text.MCSPI_edmaUpdateTransferParams)
                  70028a64    0000009a     pmic_blackbird.am263px.r5f.ti-arm-clang.nortos.release.lib : pmic_tps653860xx.obj (.text.PMIC_mcspiWriteRegister)
                  70028afe    00000002     --HOLE-- [fill = 0]
                  70028b00    00000098     libsysbm.a : hostlseek.c.obj (.text.HOSTlseek)
                  70028b98    00000096     security.am263px.r5f.ti-arm-clang.nortos.release.lib : hsmclient.obj (.text.HsmClient_isr)
                  70028c2e    00000094     drivers.am263px.r5f.ti-arm-clang.nortos.release.lib : edma.obj (.text.EDMA_configureChannelRegion)
                  70028cc2    00000002     --HOLE-- [fill = 0]
                  70028cc4    00000094     libsysbm.a : hostopen.c.obj (.text.HOSTopen)
                  70028d58    00000094     drivers.am263px.r5f.ti-arm-clang.nortos.release.lib : i2c_v1_lld.obj (.text.I2C_lld_init)
                  70028dec    00000094                                                         : ospi_v0_lld.obj (.text.OSPI_flashExecCmd)
                  70028e80    00000092                                                         : mcspi_v0_lld.obj (.text.MCSPI_setFifoConfig)
                  70028f12    00000090                                                         : i2c_v1.obj (.text.I2C_primeTransfer)
                  70028fa2    0000008e     nortos.am263px.r5f.ti-arm-clang.release.lib : printf.obj (.text._ntoa_long)
                  70029030    0000008c     drivers.am263px.r5f.ti-arm-clang.nortos.release.lib : bootloader_uniflash_common.obj (.text.Bootloader_uniflashFlashVerifyFile)
                  700290bc    0000008c                                                         : mcspi_v0_lld.obj (.text.MCSPI_lld_peripheralIsr)
                  70029148    0000008c                                                         : ospi_v0_lld.obj (.text.OSPI_lld_init)
                  700291d4    0000008c     libsysbm.a : close.c.obj (.text.close)
                  70029260    0000008a     drivers.am263px.r5f.ti-arm-clang.nortos.release.lib : ospi_edma_lld.obj (.text.OSPI_edmaDeInit)
                  700292ea    00000002     --HOLE-- [fill = 0]
                  700292ec    00000088                                                         : uart_v0.obj (.text.UART_init)
                  70029374    00000088     libc.a : fflush.c.obj (.text.__TI_doflush)
                  700293fc    00000084     drivers.am263px.r5f.ti-arm-clang.nortos.release.lib : bootloader_uniflash_common.obj (.text.Bootloader_uniflashFlashFileSector)
                  70029480    00000084     libsysbm.a : hostread.c.obj (.text.HOSTread)
                  70029504    00000084                : hostwrite.c.obj (.text.HOSTwrite)
                  70029588    00000084     drivers.am263px.r5f.ti-arm-clang.nortos.release.lib : mcspi_v0_lld.obj (.text.MCSPI_setPeripheralFifoConfig)
                  7002960c    00000080     ti_drivers_open_close.obj (.text.Drivers_close)
                  7002968c    00000080     drivers.am263px.r5f.ti-arm-clang.nortos.release.lib : edma.obj (.text.EDMA_close)
                  7002970c    00000080     board.am263px.r5f.ti-arm-clang.nortos.release.lib : flash_nor_ospi.obj (.text.Flash_norOspiRegWrite)
                  7002978c    00000080     drivers.am263px.r5f.ti-arm-clang.nortos.release.lib : ospi_v0.obj (.text.OSPI_readDirect)
                  7002980c    00000080                                                         : uart_v0.obj (.text.UART_flushTxFifo)
                  7002988c    0000007e     security.am263px.r5f.ti-arm-clang.nortos.release.lib : hsmclient.obj (.text.HsmClient_procAuthBootUpdate)
                  7002990a    0000007e     drivers.am263px.r5f.ti-arm-clang.nortos.release.lib : mcspi_v0_lld.obj (.text.MCSPI_fifoRead)
                  70029988    0000007e                                                         : mcspi_v0_lld.obj (.text.MCSPI_transferPeripheralPoll)
                  70029a06    00000002     --HOLE-- [fill = 0]
                  70029a08    0000007c                                                         : bootloader_can.obj (.text.Bootloader_CANTransmitResp)
                  70029a84    0000007c     ti_drivers_open_close.obj (.text.Drivers_i2cOpen)
                  70029b00    0000007a     ti_board_open_close.obj (.text.Board_pmicOpen)
                  70029b7a    0000007a     drivers.am263px.r5f.ti-arm-clang.nortos.release.lib : mcspi_v0_lld.obj (.text.MCSPI_initiateLastChunkTransfer)
                  70029bf4    00000078                                                         : mcspi_v0.obj (.text.MCSPI_init)
                  70029c6c    00000078                                                         : ospi_v0.obj (.text.OSPI_init)
                  70029ce4    00000072     board.am263px.r5f.ti-arm-clang.nortos.release.lib : eeprom_cat24m.obj (.text.EEPROM_CAT24M_read)
                  70029d56    00000072     drivers.am263px.r5f.ti-arm-clang.nortos.release.lib : mcspi_v0_lld.obj (.text.MCSPI_fifoWrite)
                  70029dc8    00000072                                                         : mcspi_v0_lld.obj (.text.MCSPI_stop)
                  70029e3a    00000070     ti_board_open_close.obj (.text.Board_flashOpen)
                  70029eaa    00000070     board.am263px.r5f.ti-arm-clang.nortos.release.lib : flash.obj (.text.Flash_offsetToSectorPage)
                  70029f1a    00000070     drivers.am263px.r5f.ti-arm-clang.nortos.release.lib : mcspi_dma_edma.obj (.text.MCSPI_lld_dmaStop)
                  70029f8a    00000070     pmic_blackbird.am263px.r5f.ti-arm-clang.nortos.release.lib : pmic_tps653860xx.obj (.text.PMIC_tps653860xxConfigure)
                  70029ffa    00000070                                                                : pmic_io.obj (.text.Pmic_ioTxByte)
                  7002a06a    0000006e     drivers.am263px.r5f.ti-arm-clang.nortos.release.lib : edma.obj (.text.EDMA_disableTransferRegion)
                  7002a0d8    0000006e                                                         : edma.obj (.text.EDMA_enableTransferRegion)
                  7002a146    0000006e     board.obj (.text.mcanEnableTransceiver)
                  7002a1b4    0000006c     board.am263px.r5f.ti-arm-clang.nortos.release.lib : flash.obj (.text.Flash_offsetToBlkPage)
                  7002a220    0000006c     libsysbm.a : hostunlink.c.obj (.text.HOSTunlink)
                  7002a28c    0000006c     drivers.am263px.r5f.ti-arm-clang.nortos.release.lib : ospi_phy_am26x_lld.obj (.text.OSPI_lld_phyResyncDLL)
                  7002a2f8    0000006c                                                         : uart_v0_lld.obj (.text.UART_lld_writeDma)
                  7002a364    00000068     board.am263px.r5f.ti-arm-clang.nortos.release.lib : flash_nor_ospi.obj (.text.Flash_norOspiSetRegCfg)
                  7002a3cc    00000068     drivers.am263px.r5f.ti-arm-clang.nortos.release.lib : uart_v0_lld.obj (.text.UART_lld_writeIntr)
                  7002a434    00000066     board.am263px.r5f.ti-arm-clang.nortos.release.lib : flash_nor_ospi.obj (.text.Flash_norOspiRegRead)
                  7002a49a    00000066     nortos.am263px.r5f.ti-arm-clang.release.lib : PmuP_armv7r.obj (.text.pmu)
                  7002a500    00000064     drivers.am263px.r5f.ti-arm-clang.nortos.release.lib : soc.obj (.text.SOC_controlModuleUnlockMMR)
                  7002a564    00000064                                                         : soc_rcm.obj (.text.SOC_rcmStartMemInitTCMA)
                  7002a5c8    00000064                                                         : soc_rcm.obj (.text.SOC_rcmStartMemInitTCMB)
                  7002a62c    00000064                                                         : uart_v0_lld.obj (.text.UART_procLineStatusErr)
                  7002a690    00000062     security.am263px.r5f.ti-arm-clang.nortos.release.lib : hsmclient.obj (.text.HsmClient_register)
                  7002a6f2    00000002     --HOLE-- [fill = 0]
                  7002a6f4    00000060     libsysbm.a : hostclose.c.obj (.text.HOSTclose)
                  7002a754    00000060     drivers.am263px.r5f.ti-arm-clang.nortos.release.lib : mcan.obj (.text.MCAN_getProtocolStatus)
                  7002a7b4    00000060                                                         : ospi_phy_am26x_lld.obj (.text.OSPI_lld_phyBasicConfig)
                  7002a814    00000060                                                         : soc_rcm.obj (.text.SOC_rcmMemInitL2Memory)
                  7002a874    00000060                                                         : soc_rcm.obj (.text.SOC_rcmR5ConfigDualCore)
                  7002a8d4    00000060                                                         : soc_rcm.obj (.text.SOC_rcmWaitMemInitTCMA)
                  7002a934    00000060                                                         : soc_rcm.obj (.text.SOC_rcmWaitMemInitTCMB)
                  7002a994    00000060     libc.a : memory.c.obj (.text.calloc)
                  7002a9f4    0000005e     nortos.am263px.r5f.ti-arm-clang.release.lib : ClockP_nortos.obj (.text.ClockP_timerTickIsr)
                  7002aa52    0000005e     drivers.am263px.r5f.ti-arm-clang.nortos.release.lib : mcspi_v0_lld.obj (.text.MCSPI_setChDataSize)
                  7002aab0    0000005e     ti_board_config.obj (.text.TCA6424_Flash_reset)
                  7002ab0e    00000002     --HOLE-- [fill = 0]
                  7002ab10    0000005c     drivers.am263px.r5f.ti-arm-clang.nortos.release.lib : bootloader_soc.obj (.text.Bootloader_socSetAutoClock)
                  7002ab6c    0000005c                                                         : mcan.obj (.text.MCAN_writeRxFIFOAck)
                  7002abc8    0000005c                                                         : mcspi_v0_lld.obj (.text.MCSPI_configInstance)
                  7002ac24    0000005c     pmic_blackbird.am263px.r5f.ti-arm-clang.nortos.release.lib : pmic_core.obj (.text.Pmic_setRegLockState)
                  7002ac80    0000005c     drivers.am263px.r5f.ti-arm-clang.nortos.release.lib : soc.obj (.text.SOC_controlModuleLockMMR)
                  7002acdc    0000005c     nortos.am263px.r5f.ti-arm-clang.release.lib : DebugP_log.obj (.text._DebugP_assert)
                  7002ad38    0000005a     drivers.am263px.r5f.ti-arm-clang.nortos.release.lib : ospi_v0_lld.obj (.text.OSPI_lld_setXferOpCodes)
                  7002ad92    00000058     ti_board_open_close.obj (.text.Board_eepromOpen)
                  7002adea    00000002     --HOLE-- [fill = 0]
                  7002adec    00000058     drivers.am263px.r5f.ti-arm-clang.nortos.release.lib : bootloader.obj (.text.Bootloader_parseNoteSegment)
                  7002ae44    00000058                                                         : bootloader.obj (.text.Bootloader_runCpu)
                  7002ae9c    00000058     ti_clocktree_pll_config.obj (.text.Bootloader_socConfigurePll)
                  7002aef4    00000058     ti_board_config.obj (.text.TCA6416_Flash_reset)
                  7002af4c    00000058     libc.a : fopen.c.obj (.text.__TI_cleanup)
                  7002afa4    00000058     libsysbm.a : trgmsg.c.obj (.text.__TI_readmsg)
                  7002affc    00000058                : trgmsg.c.obj (.text.__TI_writemsg)
                  7002b054    00000056     nortos.am263px.r5f.ti-arm-clang.release.lib : ClockP_nortos.obj (.text.ClockP_getTimeUsec)
                  7002b0aa    00000056     pmic_blackbird.am263px.r5f.ti-arm-clang.nortos.release.lib : pmic_tps653860xx.obj (.text.PMIC_regRead)
                  7002b100    00000056                                                                : pmic_tps653860xx.obj (.text.PMIC_regWrite)
                  7002b156    00000056     drivers.am263px.r5f.ti-arm-clang.nortos.release.lib : uart_v0_lld.obj (.text.UART_intrDisable)
                  7002b1ac    00000056                                                         : uart_v0_lld.obj (.text.UART_writeCancelNoCB)
                  7002b202    00000054     board.am263px.r5f.ti-arm-clang.nortos.release.lib : flash_nor_ospi.obj (.text.Flash_norOspiRead)
                  7002b256    00000002     --HOLE-- [fill = 0]
                  7002b258    00000054     libc.a : exit.c.obj (.text.exit)
                  7002b2ac    00000054            : getdevice.c.obj (.text.finddevice)
                  7002b300    00000054            : autoinit.c.obj (.text:__TI_auto_init_nobinit_nopinit)
                  7002b354    00000052     nortos.am263px.r5f.ti-arm-clang.release.lib : AddrTranslateP_32bit.obj (.text.AddrTranslateP_getLocalAddr)
                  7002b3a6    00000052     drivers.am263px.r5f.ti-arm-clang.nortos.release.lib : bootloader_uniflash_common.obj (.text.Bootloader_uniflashFlashPhyTuningData)
                  7002b3f8    00000052     security.am263px.r5f.ti-arm-clang.nortos.release.lib : hsmclient.obj (.text.HsmClient_checkAndWaitForBootNotification)
                  7002b44a    00000052     drivers.am263px.r5f.ti-arm-clang.nortos.release.lib : mcspi_v0_lld.obj (.text.MCSPI_lld_deInitDma)
                  7002b49c    00000050                                                         : edma.obj (.text.EDMA_allocDmaChannel)
                  7002b4ec    00000050                                                         : edma.obj (.text.EDMA_allocParam)
                  7002b53c    00000050                                                         : edma.obj (.text.EDMA_allocTcc)
                  7002b58c    00000050                                                         : mcan.obj (.text.MCAN_getRxFIFOStatus)
                  7002b5dc    00000050                                                         : mcan.obj (.text.MCAN_setExtIDAndMask)
                  7002b62c    00000050                                                         : soc_rcm.obj (.text.SBL_rcmIsDualCoreSwitchSupported)
                  7002b67c    0000004e     nortos.am263px.r5f.ti-arm-clang.release.lib : ClockP_nortos.obj (.text.ClockP_addToList)
                  7002b6ca    0000004e     ti_drivers_open_close.obj (.text.Drivers_edmaOpen)
                  7002b718    0000004e     ti_drivers_open_close.obj (.text.Drivers_mcspiOpen)
                  7002b766    0000004e     ti_drivers_open_close.obj (.text.Drivers_uartOpen)
                  7002b7b4    0000004e     drivers.am263px.r5f.ti-arm-clang.nortos.release.lib : edma.obj (.text.EDMA_disableChInShadowRegRegion)
                  7002b802    00000002     --HOLE-- [fill = 0]
                  7002b804    0000004c                                                         : bootloader_soc.obj (.text.Bootloader_socCpuGetClock)
                  7002b850    0000004c     ti_drivers_open_close.obj (.text.Drivers_ospiOpen)
                  7002b89c    0000004c     drivers.am263px.r5f.ti-arm-clang.nortos.release.lib : bootloader_flash.obj (.text.Flash_imgRead)
                  7002b8e8    0000004c                                                         : i2c_v1.obj (.text.I2C_LLD_targetTransferCompleteCallback)
                  7002b934    0000004c                                                         : mcspi_v0.obj (.text.MCSPI_transferCallback)
                  7002b980    0000004c                                                         : mcspi_v0_lld.obj (.text.MCSPI_transferControllerIntr)
                  7002b9cc    0000004c                                                         : ospi_v0.obj (.text.OSPI_close)
                  7002ba18    0000004c                                                         : ospi_v0_lld.obj (.text.OSPI_lld_deInit)
                  7002ba64    0000004c                                                         : soc_rcm.obj (.text.SOC_rcmCoreR5FUnhalt)
                  7002bab0    00000048                                                         : ospi_v0_lld.obj (.text.OSPI_lld_deInitDma)
                  7002baf8    00000048                                                         : ospi_phy_am26x_lld.obj (.text.OSPI_lld_phyFindTxHigh)
                  7002bb40    00000048                                                         : uart_dma_edma.obj (.text.UART_edmaIsrRx)
                  7002bb88    00000048     libsysbm.a : unlink.c.obj (.text.unlink)
                  7002bbd0    00000046     drivers.am263px.r5f.ti-arm-clang.nortos.release.lib : ospi_phy_am26x_lld.obj (.text.OSPI_lld_phyFindRxHigh)
                  7002bc16    00000046                                                         : ospi_phy_am26x_lld.obj (.text.OSPI_lld_phyFindRxLow)
                  7002bc5c    00000046                                                         : ospi_phy_am26x_lld.obj (.text.OSPI_lld_phyFindTxLow)
                  7002bca2    00000046                                                         : ospi_phy_am26x_lld.obj (.text.OSPI_lld_phySetRdDelayTxRxDLL)
                  7002bce8    00000046                                                         : uart_dma_edma.obj (.text.UART_edmaIsrTx)
                  7002bd2e    00000002     --HOLE-- [fill = 0]
                  7002bd30    00000044                                                         : mcan.obj (.text.MCAN_addExtMsgIDFilter)
                  7002bd74    00000044                                                         : ospi_v0.obj (.text.OSPI_writeIndirect)
                  7002bdb8    00000044                                                         : uart_v0.obj (.text.UART_Params_init)
                  7002bdfc    00000044                                                         : uart_v0_lld.obj (.text.UART_lld_deInitDma)
                  7002be40    00000042     board.am263px.r5f.ti-arm-clang.nortos.release.lib : flash_nor_ospi.obj (.text.Flash_quirkSpansionUNHYSADisable)
                  7002be82    00000042     drivers.am263px.r5f.ti-arm-clang.nortos.release.lib : ospi_v0_lld.obj (.text.OSPI_lld_enablePhy)
                  7002bec4    00000040                                                         : bootloader.obj (.text.Bootloader_findSeq)
                  7002bf04    00000040                                                         : bootloader.obj (.text.Bootloader_open)
                  7002bf44    00000040                                                         : bootloader_soc.obj (.text.Bootloader_socMemInitCpu)
                  7002bf84    00000040                                                         : bootloader.obj (.text.Bootloader_verifySegmentAddr)
                  7002bfc4    00000040     nortos.am263px.r5f.ti-arm-clang.release.lib : ClockP_nortos.obj (.text.ClockP_stop)
                  7002c004    00000040     ti_dpl_config.obj (.text.Dpl_init)
                  7002c044    00000040     drivers.am263px.r5f.ti-arm-clang.nortos.release.lib : edma.obj (.text.EDMA_mapChToEvtQ)
                  7002c084    00000040                                                         : ospi_phy_am26x_lld.obj (.text.OSPI_lld_phyReadAttackVector)
                  7002c0c4    00000040                                                         : pinmux.obj (.text.Pinmux_config)
                  7002c104    00000040                                                         : uart_v0_lld.obj (.text.UART_lld_deInit)
                  7002c144    00000040     libc.a : memory.c.obj (.text.free_list_insert)
                  7002c184    0000003e     security.am263px.r5f.ti-arm-clang.nortos.release.lib : hsmclient_loadhsmrt.obj (.text.Hsmclient_mboxRxISR)
                  7002c1c2    0000003e     drivers.am263px.r5f.ti-arm-clang.nortos.release.lib : i2c_v1_lld.obj (.text.I2C_lld_transferInit)
                  7002c200    0000003e     security.am263px.r5f.ti-arm-clang.nortos.release.lib : sipc_notify_src.obj (.text.SIPC_registerClient)
                  7002c23e    00000002     --HOLE-- [fill = 0]
                  7002c240    0000003c     drivers.am263px.r5f.ti-arm-clang.nortos.release.lib : edma.obj (.text.EDMA_getBaseAddr)
                  7002c27c    0000003c                                                         : ospi_phy_am26x_lld.obj (.text.OSPI_lld_phyTuneDDR)
                  7002c2b8    0000003c                                                         : soc_rcm.obj (.text.SOC_rcmR5ConfigLockStep)
                  7002c2f4    0000003c                                                         : uart_v0_lld.obj (.text.UART_readData)
                  7002c330    0000003a     nortos.am263px.r5f.ti-arm-clang.release.lib : ClockP_nortos.obj (.text.ClockP_destruct)
                  7002c36a    0000003a                                                 : DebugP_uartLogWriter.obj (.text.DebugP_uartLogWriterPutChar)
                  7002c3a4    0000003a     board.am263px.r5f.ti-arm-clang.nortos.release.lib : eeprom.obj (.text.EEPROM_open)
                  7002c3de    0000003a                                                       : flash.obj (.text.Flash_open)
                  7002c418    0000003a     drivers.am263px.r5f.ti-arm-clang.nortos.release.lib : i2c_v1.obj (.text.I2C_completeCurrTransfer)
                  7002c452    0000003a     ti_power_clock_config.obj (.text.Module_clockSetFrequency)
                  7002c48c    0000003a     board.am263px.r5f.ti-arm-clang.nortos.release.lib : ioexp_tca6416.obj (.text.TCA6416_open)
                  7002c4c6    0000003a                                                       : ioexp_tca6424.obj (.text.TCA6424_open)
                  7002c500    0000003a     drivers.am263px.r5f.ti-arm-clang.nortos.release.lib : uart_v0_lld.obj (.text.UART_lld_flushTxFifo)
                  7002c53a    00000002     --HOLE-- [fill = 0]
                  7002c53c    00000038                                                         : bootloader_soc.obj (.text.Bootloader_authStart)
                  7002c574    00000038                                                         : bootloader_soc.obj (.text.Bootloader_authUpdate)
                  7002c5ac    00000038                                                         : bootloader_soc.obj (.text.Bootloader_socTranslateSectionAddr)
                  7002c5e4    00000038                                                         : mcan.obj (.text.MCAN_getErrCounters)
                  7002c61c    00000038                                                         : mcan.obj (.text.MCAN_initTxBufElement)
                  7002c654    00000038     pmic_blackbird.am263px.r5f.ti-arm-clang.nortos.release.lib : pmic_lld.obj (.text.PMIC_open)
                  7002c68c    00000038                                                                : pmic.obj (.text.Pmic_checkPmicCoreHandle)
                  7002c6c4    00000038     drivers.am263px.r5f.ti-arm-clang.nortos.release.lib : soc_rcm.obj (.text.SOC_rcmADPLLJGetFOut)
                  7002c6fc    00000038     nortos.am263px.r5f.ti-arm-clang.release.lib : DebugP_nortos.obj (.text._DebugP_logZone)
                  7002c734    00000038                                                 : PmuP_armv7r_asm.obj (.text.pmu)
                  7002c76c    00000036     drivers.am263px.r5f.ti-arm-clang.nortos.release.lib : edma.obj (.text.EDMA_clrMissEvtRegion)
                  7002c7a2    00000036     security.am263px.r5f.ti-arm-clang.nortos.release.lib : hsmclient_wait_for_boot_notify.obj (.text.HsmClient_waitForBootNotify)
                  7002c7d8    00000036     nortos.am263px.r5f.ti-arm-clang.release.lib : SemaphoreP_nortos.obj (.text.SemaphoreP_post)
                  7002c80e    00000034     drivers.am263px.r5f.ti-arm-clang.nortos.release.lib : bootloader.obj (.text.Bootloader_getX509CertLen)
                  7002c842    00000034     nortos.am263px.r5f.ti-arm-clang.release.lib : ClockP_nortos.obj (.text.ClockP_start)
                  7002c876    00000034     board.am263px.r5f.ti-arm-clang.nortos.release.lib : eeprom_cat24m.obj (.text.EEPROM_CAT24M_open)
                  7002c8aa    00000002     --HOLE-- [fill = 0]
                  7002c8ac    00000034     drivers.am263px.r5f.ti-arm-clang.nortos.release.lib : i2c_v1.obj (.text.I2C_init)
                  7002c8e0    00000034     ti_power_clock_config.obj (.text.Module_clockDisable)
                  7002c914    00000034     ti_power_clock_config.obj (.text.Module_clockEnable)
                  7002c948    00000034     drivers.am263px.r5f.ti-arm-clang.nortos.release.lib : ospi_lld_dma.obj (.text.OSPI_dmaOpen)
                  7002c97c    00000034                                                         : ospi_v0_lld.obj (.text.OSPI_lld_disablePhy)
                  7002c9b0    00000034                                                         : ospi_v0_lld.obj (.text.OSPI_lld_readDirect)
                  7002c9e4    00000034     pmic_blackbird.am263px.r5f.ti-arm-clang.nortos.release.lib : pmic_io.obj (.text.Pmic_ioRxByte)
                  7002ca18    00000034     drivers.am263px.r5f.ti-arm-clang.nortos.release.lib : soc_rcm.obj (.text.SOC_rcmGetModuleClkDivVal)
                  7002ca4c    00000034     libc.a : memory.c.obj (.text.free_list_remove)
                  7002ca80    00000034     libsysbm.a : lseek.c.obj (.text.lseek)
                  7002cab4    00000034                : write.c.obj (.text.write)
                  7002cae8    00000032     nortos.am263px.r5f.ti-arm-clang.release.lib : ClockP_nortos.obj (.text.ClockP_usleep)
                  7002cb1a    00000032     drivers.am263px.r5f.ti-arm-clang.nortos.release.lib : edma.obj (.text.EDMA_unmapChToEvtQ)
                  7002cb4c    00000032                                                         : mcan.obj (.text.MCAN_initMsgRamConfigParams)
                  7002cb7e    00000032                                                         : mcan.obj (.text.MCAN_initOperModeParams)
                  7002cbb0    00000032                                                         : mcspi_v0.obj (.text.MCSPI_errorCallback)
                  7002cbe2    00000002     --HOLE-- [fill = 0]
                  7002cbe4    00000030                                                         : bootloader.obj (.text.Bootloader_BootImageInfo_init)
                  7002cc14    00000030                                                         : bootloader_soc.obj (.text.Bootloader_authFinish)
                  7002cc44    00000030                                                         : i2c_v1_lld.obj (.text.I2CControllerInitExpClk)
                  7002cc74    00000030                                                         : mcan.obj (.text.MCAN_txBufAddReq)
                  7002cca4    00000030                                                         : ospi_v0_lld.obj (.text.OSPI_utilLog2)
                  7002ccd4    00000030     security.am263px.r5f.ti-arm-clang.nortos.release.lib : sipc_notify_cfg.obj (.text.SIPC_Register_Isr)
                  7002cd04    00000030     drivers.am263px.r5f.ti-arm-clang.nortos.release.lib : soc_rcm.obj (.text.SOC_rcmCoreApllRelockPreRequisite)
                  7002cd34    00000030     ti_drivers_config.obj (.text.System_deinit)
                  7002cd64    00000030     drivers.am263px.r5f.ti-arm-clang.nortos.release.lib : uart_v0.obj (.text.UART_lld_readCompleteCallback)
                  7002cd94    00000030                                                         : uart_v0.obj (.text.UART_lld_writeCompleteCallback)
                  7002cdc4    0000002e                                                         : edma.obj (.text.EDMA_enableChInShadowRegRegion)
                  7002cdf2    0000002e                                                         : i2c_v1_lld.obj (.text.I2C_lld_deInit)
                  7002ce20    0000002c                                                         : bootloader_profile.obj (.text.Bootloader_profileReset)
                  7002ce4c    0000002c                                                         : edma.obj (.text.EDMA_getHandle)
                  7002ce78    0000002c                                                         : i2c_v1.obj (.text.I2C_getHandle)
                  7002cea4    0000002c                                                         : mcspi_v0.obj (.text.MCSPI_getHandle)
                  7002ced0    0000002c                                                         : soc_rcm.obj (.text.SOC_rcmGetR5Clock)
                  7002cefc    0000002c                                                         : uart_v0.obj (.text.UART_getHandle)
                  7002cf28    0000002a     board.am263px.r5f.ti-arm-clang.nortos.release.lib : flash.obj (.text.Flash_read)
                  7002cf52    0000002a                                                       : flash.obj (.text.Flash_write)
                  7002cf7c    0000002a     ti_drivers_config.obj (.text.System_init)
                  7002cfa6    00000028     nortos.am263px.r5f.ti-arm-clang.release.lib : ClockP_nortos.obj (.text.ClockP_construct)
                  7002cfce    00000028                                                 : ClockP_nortos.obj (.text.ClockP_sleepTicks)
                  7002cff6    00000002     --HOLE-- [fill = 0]
                  7002cff8    00000028     drivers.am263px.r5f.ti-arm-clang.nortos.release.lib : mcan.obj (.text.MCAN_initSetBitTimeParams)
                  7002d020    00000028                                                         : mcspi_v0_lld.obj (.text.MCSPI_fifoReadMultiWord)
                  7002d048    00000028                                                         : ospi_lld_dma.obj (.text.OSPI_dmaCopy)
                  7002d070    00000028                                                         : ospi_v0.obj (.text.OSPI_getHandle)
                  7002d098    00000028     pmic_blackbird.am263px.r5f.ti-arm-clang.nortos.release.lib : pmic_tps653860xx.obj (.text.PMIC_tps653860xxClose)
                  7002d0c0    00000028     drivers.am263px.r5f.ti-arm-clang.nortos.release.lib : soc.obj (.text.SOC_moduleSetClockFrequency)
                  7002d0e8    00000028                                                         : soc_rcm.obj (.text.SOC_rcmGetADPLLJConfig)
                  7002d110    00000026                                                         : bootloader.obj (.text.Bootloader_initCpu)
                  7002d136    00000026                                                         : edma.obj (.text.EDMA_setPaRAM)
                  7002d15c    00000026                                                         : i2c_v1_lld.obj (.text.I2C_lld_transferIntr)
                  7002d182    00000026                                                         : i2c_v1_lld.obj (.text.I2C_lld_transferPoll)
                  7002d1a8    00000026     security.am263px.r5f.ti-arm-clang.nortos.release.lib : sipc_notify_src.obj (.text.SIPC_unregisterClient)
                  7002d1ce    00000026     drivers.am263px.r5f.ti-arm-clang.nortos.release.lib : uart_dma_edma.obj (.text.UART_lld_dmaDisableChannel)
                  7002d1f4    00000026     main.obj (.text.flashFixUpOspiBoot)
                  7002d21a    00000002     --HOLE-- [fill = 0]
                  7002d21c    00000024     drivers.am263px.r5f.ti-arm-clang.nortos.release.lib : bootloader_profile.obj (.text.Bootloader_profileAddProfilePoint)
                  7002d240    00000024                                                         : edma.obj (.text.EDMA_clrIntrRegion)
                  7002d264    00000024                                                         : edma.obj (.text.EDMA_disableEvtIntrRegion)
                  7002d288    00000024                                                         : edma.obj (.text.EDMA_readIntrStatusRegion)
                  7002d2ac    00000024     board.am263px.r5f.ti-arm-clang.nortos.release.lib : flash.obj (.text.Flash_getAttrs)
                  7002d2d0    00000024                                                       : flash.obj (.text.Flash_getHandle)
                  7002d2f4    00000024     security.am263px.r5f.ti-arm-clang.nortos.release.lib : hsmclient.obj (.text.HsmClient_init)
                  7002d318    00000024     drivers.am263px.r5f.ti-arm-clang.nortos.release.lib : mcan.obj (.text.MCAN_initGlobalFilterConfigParams)
                  7002d33c    00000024                                                         : mcan.obj (.text.MCAN_setOpMode)
                  7002d360    00000024                                                         : mcspi_v0_lld.obj (.text.MCSPI_fifoWriteMultiWord)
                  7002d384    00000024                                                         : ospi_v0_lld.obj (.text.OSPI_lld_enableDacMode)
                  7002d3a8    00000024                                                         : uart_v0_lld.obj (.text.UART_IsHWFlowCtrlValid)
                  7002d3cc    00000024     libclang_rt.builtins.a : aeabi_uldivmod.S.obj (.text.__aeabi_uldivmod)
                  7002d3f0    00000024     nortos.am263px.r5f.ti-arm-clang.release.lib : printf.obj (.text.vprintf_)
                  7002d414    00000022     drivers.am263px.r5f.ti-arm-clang.nortos.release.lib : edma.obj (.text.EDMA_linkChannel)
                  7002d436    00000022     board.am263px.r5f.ti-arm-clang.nortos.release.lib : eeprom_cat24m.obj (.text.EEPROM_CAT24M_close)
                  7002d458    00000022     drivers.am263px.r5f.ti-arm-clang.nortos.release.lib : mcspi_v0_lld.obj (.text.MCSPI_transferPeripheralIntr)
                  7002d47a    00000022                                                         : ospi_v0_lld.obj (.text.OSPI_lld_configBaudrate)
                  7002d49c    00000022                                                         : ospi_v0_lld.obj (.text.OSPI_lld_setDeviceSize)
                  7002d4be    00000022                                                         : ospi_v0_lld.obj (.text.OSPI_writeFifoData)
                  7002d4e0    00000022     pmic_blackbird.am263px.r5f.ti-arm-clang.nortos.release.lib : pmic.obj (.text.Pmic_deinit)
                  7002d502    00000002     --HOLE-- [fill = 0]
                  7002d504    00000020     drivers.am263px.r5f.ti-arm-clang.nortos.release.lib : bootloader.obj (.text.Bootloader_runSelfCpu)
                  7002d524    00000020     nortos.am263px.r5f.ti-arm-clang.release.lib : DebugP_log.obj (.text.DebugP_logZoneEnable)
                  7002d544    00000020     drivers.am263px.r5f.ti-arm-clang.nortos.release.lib : edma.obj (.text.EDMA_chainChannel)
                  7002d564    00000020                                                         : bootloader_flash.obj (.text.Flash_imgDacModeToggle)
                  7002d584    00000020                                                         : i2c_v1_lld.obj (.text.I2C_lld_Message_init)
                  7002d5a4    00000020                                                         : mcan.obj (.text.MCAN_getOpMode)
                  7002d5c4    00000020                                                         : mcan.obj (.text.MCAN_isMemInitDone)
                  7002d5e4    00000020                                                         : mcspi_v0_lld.obj (.text.MCSPI_fifoRead32)
                  7002d604    00000020                                                         : ospi_v0_lld.obj (.text.OSPI_lld_readCmdParams_init)
                  7002d624    00000020                                                         : ospi_v0_lld.obj (.text.OSPI_lld_writeCmdParams_init)
                  7002d644    00000020                                                         : ospi_v0.obj (.text.OSPI_readCmd)
                  7002d664    00000020                                                         : ospi_v0.obj (.text.OSPI_writeCmd)
                  7002d684    00000020     nortos.am263px.r5f.ti-arm-clang.release.lib : TimerP_rti_priv.obj (.text.TimerP_Params_initPriv)
                  7002d6a4    00000020     drivers.am263px.r5f.ti-arm-clang.nortos.release.lib : uart_v0_lld.obj (.text.UART_getChar)
                  7002d6c4    00000020                                                         : bootloader_can.obj (.text.mcanConfigTxMsg)
                  7002d6e4    0000001e     ti_drivers_open_close.obj (.text.Drivers_open)
                  7002d702    0000001e     board.am263px.r5f.ti-arm-clang.nortos.release.lib : eeprom.obj (.text.EEPROM_read)
                  7002d720    0000001e     drivers.am263px.r5f.ti-arm-clang.nortos.release.lib : ospi_v0_lld.obj (.text.OSPI_lld_readBaudRateDivFromReg)
                  7002d73e    0000001e                                                         : ospi_v0_lld.obj (.text.OSPI_readFifoData)
                  7002d75c    0000001e                                                         : ospi_v0_lld.obj (.text.OSPI_waitWriteSRAMLevel)
                  7002d77a    0000001e     board.am263px.r5f.ti-arm-clang.nortos.release.lib : ioexp_tca6416.obj (.text.TCA6416_close)
                  7002d798    0000001e                                                       : ioexp_tca6424.obj (.text.TCA6424_close)
                  7002d7b6    0000001e     drivers.am263px.r5f.ti-arm-clang.nortos.release.lib : uart_v0_lld.obj (.text.UART_spaceAvail)
                  7002d7d4    0000001e                                                         : bootloader.obj (.text.memcmp)
                  7002d7f2    00000002     --HOLE-- [fill = 0]
                  7002d7f4    0000001c                                                         : bootloader_soc.obj (.text.Bootloader_socGetCoreName)
                  7002d810    0000001c                                                         : mcan.obj (.text.MCAN_getTxBufTransmissionStatus)
                  7002d82c    0000001c                                                         : mcspi_v0_lld.obj (.text.MCSPI_fifoWrite32)
                  7002d848    0000001c                                                         : mcspi_v0_lld.obj (.text.MCSPI_getFifoTrigLvl)
                  7002d864    0000001c                                                         : mcspi_v0_lld.obj (.text.MCSPI_lld_deInit)
                  7002d880    0000001c                                                         : ospi_v0_lld.obj (.text.OSPI_lld_disableDacMode)
                  7002d89c    0000001c                                                         : ospi_v0_lld.obj (.text.OSPI_lld_setNumAddrBytes)
                  7002d8b8    0000001c                                                         : soc_rcm.obj (.text.SOC_rcmIsR5FInLockStepMode)
                  7002d8d4    0000001c     libsysbm.a : hostrename.c.obj (.text.strcpy)
                  7002d8f0    0000001c                : hostrename.c.obj (.text.strlen)
                  7002d90c    0000001c     libc.a : memcpy32.S.obj (.text:TI_memcpy_small)
                  7002d928    0000001a     nortos.am263px.r5f.ti-arm-clang.release.lib : CpuId_armv7r.obj (.text.CSL_armR5GetCpuID)
                  7002d942    0000001a     ti_board_open_close.obj (.text.Drivers_pmicOpen)
                  7002d95c    0000001a     drivers.am263px.r5f.ti-arm-clang.nortos.release.lib : edma.obj (.text.EDMA_readEventStatusRegion)
                  7002d976    0000001a     middleware.am263px.r5f.ti-arm-clang.nortos.release.lib : tielfup32.obj (.text.ELFUP_init)
                  7002d990    0000001a     drivers.am263px.r5f.ti-arm-clang.nortos.release.lib : i2c_v1.obj (.text.I2C_hwiFxn)
                  7002d9aa    0000001a                                                         : ospi_edma_lld.obj (.text.OSPI_EdmaParams_init)
                  7002d9c4    0000001a                                                         : ospi_edma_lld.obj (.text.OSPI_edmaIsrFxn)
                  7002d9de    0000001a                                                         : ospi_v0_lld.obj (.text.OSPI_lld_setRdDataCaptureDelay)
                  7002d9f8    0000001a     security.am263px.r5f.ti-arm-clang.nortos.release.lib : sipc_notify_src.obj (.text.SIPC_Params_init)
                  7002da12    0000001a     drivers.am263px.r5f.ti-arm-clang.nortos.release.lib : uart_v0_lld.obj (.text.UART_enhanFuncEnable)
                  7002da2c    00000018     ti_board_open_close.obj (.text.Board_eepromClose)
                  7002da44    00000018     drivers.am263px.r5f.ti-arm-clang.nortos.release.lib : bootloader_profile.obj (.text.Bootloader_profileAddCore)
                  7002da5c    00000018                                                         : bootloader_soc.obj (.text.Bootloader_socCpuGetClkDefault)
                  7002da74    00000018     ti_drivers_open_close.obj (.text.Drivers_mcspiClose)
                  7002da8c    00000018     board.am263px.r5f.ti-arm-clang.nortos.release.lib : flash_nor_ospi.obj (.text.Flash_norOspiClose)
                  7002daa4    00000018     drivers.am263px.r5f.ti-arm-clang.nortos.release.lib : i2c_v1.obj (.text.I2C_deinit)
                  7002dabc    00000018                                                         : mcspi_v0.obj (.text.MCSPI_deinit)
                  7002dad4    00000018                                                         : mcspi_dma_edma.obj (.text.MCSPI_lld_dmaInit)
                  7002daec    00000018                                                         : ospi_v0.obj (.text.OSPI_deinit)
                  7002db04    00000018                                                         : ospi_lld_dma.obj (.text.OSPI_dmaClose)
                  7002db1c    00000018                                                         : ospi_lld_dma.obj (.text.OSPI_isDmaInterruptEnabled)
                  7002db34    00000018                                                         : soc.obj (.text.SOC_getCoreName)
                  7002db4c    00000018                                                         : soc_rcm.obj (.text.SOC_rcmMemInitMailboxMemory)
                  7002db64    00000018                                                         : soc_rcm.obj (.text.SOC_rcmR5SS0PowerOnReset)
                  7002db7c    00000018                                                         : soc_rcm.obj (.text.SOC_rcmR5SS1PowerOnReset)
                  7002db94    00000018     nortos.am263px.r5f.ti-arm-clang.release.lib : TimerP_rti_priv.obj (.text.TimerP_getCountPriv)
                  7002dbac    00000018     drivers.am263px.r5f.ti-arm-clang.nortos.release.lib : uart_v0.obj (.text.UART_deinit)
                  7002dbc4    00000018     libc.a : memset32.S.obj (.text:TI_memset_small)
                  7002dbdc    00000016     ti_board_open_close.obj (.text.Board_driversOpen)
                  7002dbf2    00000016     drivers.am263px.r5f.ti-arm-clang.nortos.release.lib : bootloader_soc.obj (.text.Bootloader_socCpuSetClock)
                  7002dc08    00000016                                                         : i2c_v1_lld.obj (.text.I2C_lld_Transaction_init)
                  7002dc1e    00000016                                                         : mcspi_v0_lld.obj (.text.MCSPI_reset)
                  7002dc34    00000016                                                         : ospi_v0_lld.obj (.text.OSPI_getCmdExt)
                  7002dc4a    00000016                                                         : ospi_v0_lld.obj (.text.OSPI_lld_Transaction_init)
                  7002dc60    00000016                                                         : ospi_v0_lld.obj (.text.OSPI_lld_disablePhyPipeline)
                  7002dc76    00000016                                                         : ospi_v0_lld.obj (.text.OSPI_lld_enablePhyPipeline)
                  7002dc8c    00000016                                                         : ospi_v0_lld.obj (.text.OSPI_lld_enableSDR)
                  7002dca2    00000016                                                         : ospi_v0_lld.obj (.text.OSPI_lld_setResetPinStatus)
                  7002dcb8    00000016     nortos.am263px.r5f.ti-arm-clang.release.lib : SemaphoreP_nortos.obj (.text.SemaphoreP_constructBinary)
                  7002dcce    00000016     drivers.am263px.r5f.ti-arm-clang.nortos.release.lib : uart_v0_lld.obj (.text.UART_IsTxRxFifoEmpty)
                  7002dce4    00000016                                                         : uart_v0_lld.obj (.text.UART_checkCharsAvailInFifo)
                  7002dcfa    00000016                                                         : uart_v0_lld.obj (.text.UART_getIntrIdentityStatus)
                  7002dd10    00000014                                                         : bootloader_soc.obj (.text.Bootloader_socCpuResetRelease)
                  7002dd24    00000014                                                         : bootloader_soc.obj (.text.Bootloader_socIsAuthRequired)
                  7002dd38    00000014     nortos.am263px.r5f.ti-arm-clang.release.lib : ClockP_nortos.obj (.text.ClockP_usecToTicks)
                  7002dd4c    00000014     drivers.am263px.r5f.ti-arm-clang.nortos.release.lib : edma.obj (.text.EDMA_getRegionId)
                  7002dd60    00000014     board.am263px.r5f.ti-arm-clang.nortos.release.lib : flash.obj (.text.Flash_eraseSector)
                  7002dd74    00000014     drivers.am263px.r5f.ti-arm-clang.nortos.release.lib : ospi_v0_lld.obj (.text.OSPI_lld_setCmdDummyCycles)
                  7002dd88    00000014                                                         : soc_rcm.obj (.text.SOC_rcmR5SS0TriggerReset)
                  7002dd9c    00000014     nortos.am263px.r5f.ti-arm-clang.release.lib : SemaphoreP_nortos.obj (.text.SemaphoreP_constructMutex)
                  7002ddb0    00000014     drivers.am263px.r5f.ti-arm-clang.nortos.release.lib : uart_v0.obj (.text.UART_Transaction_init)
                  7002ddc4    00000014                                                         : uart_v0_lld.obj (.text.UART_enhanFuncBitValRestore)
                  7002ddd8    00000012     board.am263px.r5f.ti-arm-clang.nortos.release.lib : flash.obj (.text.Flash_disableDacMode)
                  7002ddea    00000012                                                       : flash.obj (.text.Flash_enableDacMode)
                  7002ddfc    00000012                                                       : flash.obj (.text.Flash_eraseBlk)
                  7002de0e    00000012     security.am263px.r5f.ti-arm-clang.nortos.release.lib : hsmclient_loadhsmrt.obj (.text.Hsmclient_updateBootNotificationRegister)
                  7002de20    00000012     drivers.am263px.r5f.ti-arm-clang.nortos.release.lib : i2c_v1.obj (.text.I2C_LLD_transferCompleteCallback)
                  7002de32    00000012                                                         : ospi_v0_lld.obj (.text.OSPI_lld_enableModeBitsCmd)
                  7002de44    00000012     pmic_blackbird.am263px.r5f.ti-arm-clang.nortos.release.lib : pmic_lld.obj (.text.PMIC_configure)
                  7002de56    00000012     drivers.am263px.r5f.ti-arm-clang.nortos.release.lib : uart_v0_lld.obj (.text.UART_hardwareFlowCtrlOptSet)
                  7002de68    00000012                                                         : uart_v0_lld.obj (.text.UART_operatingModeSelect)
                  7002de7a    00000012                                                         : uart_v0_lld.obj (.text.UART_readLineStatus)
                  7002de8c    00000012     ti_dpl_config.obj (.text.putchar_)
                  7002de9e    00000010     drivers.am263px.r5f.ti-arm-clang.nortos.release.lib : bootloader_uniflash_rprc.obj (.text.Bootloader_Uniflash_RPRC_flashVerifyXIPFile)
                  7002deae    00000010                                                         : bootloader.obj (.text.Bootloader_close)
                  7002debe    00000010                                                         : bootloader.obj (.text.Bootloader_isCorePresent)
                  7002dece    00000010     board.am263px.r5f.ti-arm-clang.nortos.release.lib : flash_nor_ospi.obj (.text.Flash_norOspiDacModeDisable)
                  7002dede    00000010                                                       : flash_nor_ospi.obj (.text.Flash_norOspiDacModeEnable)
                  7002deee    00000010     drivers.am263px.r5f.ti-arm-clang.nortos.release.lib : ospi_v0.obj (.text.OSPI_configBaudrate)
                  7002defe    00000010                                                         : ospi_v0.obj (.text.OSPI_disableDacMode)
                  7002df0e    00000010                                                         : ospi_v0.obj (.text.OSPI_disablePhy)
                  7002df1e    00000010                                                         : ospi_v0.obj (.text.OSPI_enableDacMode)
                  7002df2e    00000010                                                         : ospi_v0.obj (.text.OSPI_enablePhy)
                  7002df3e    00000010                                                         : ospi_v0.obj (.text.OSPI_enablePhyPipeline)
                  7002df4e    00000010                                                         : ospi_v0.obj (.text.OSPI_enableSDR)
                  7002df5e    00000010                                                         : ospi_v0.obj (.text.OSPI_getBaudRateDivFromObj)
                  7002df6e    00000002     --HOLE-- [fill = 0]
                  7002df70    00000010                                                         : ospi_phy_am26x_lld.obj (.text.OSPI_lld_phyGetTuningData)
                  7002df80    00000010                                                         : ospi_v0_lld.obj (.text.OSPI_lld_setReadDummyCycles)
                  7002df90    00000010                                                         : ospi_v0.obj (.text.OSPI_setRdDataCaptureDelay)
                  7002dfa0    00000010                                                         : ospi_v0.obj (.text.OSPI_setResetPinStatus)
                  7002dfb0    00000010     pmic_blackbird.am263px.r5f.ti-arm-clang.nortos.release.lib : pmic_tps653860xx.obj (.text.PMIC_criticalSectionStartFn)
                  7002dfc0    00000010     drivers.am263px.r5f.ti-arm-clang.nortos.release.lib : soc_rcm.obj (.text.SOC_rcmR5SS1TriggerReset)
                  7002dfd0    00000010                                                         : uart_v0_lld.obj (.text.UART_intr2Disable)
                  7002dfe0    00000010     libclang_rt.builtins.a : aeabi_memset.S.obj (.text.__aeabi_memset)
                  7002dff0    00000010     libc.a : fputc.c.obj (.text.putchar)
                  7002e000    0000000e     drivers.am263px.r5f.ti-arm-clang.nortos.release.lib : bootloader_uniflash_mcelf.obj (.text.Bootloader_Uniflash_MCELF_flashVerifyXIPFile)
                  7002e00e    0000000e                                                         : bootloader_uniflash_mcelf.obj (.text.Bootloader_Uniflash_MCELF_flashXIPFile)
                  7002e01c    0000000e                                                         : bootloader_soc.obj (.text.Bootloader_socCpuResetReleaseSelf)
                  7002e02a    0000000e                                                         : bootloader_soc.obj (.text.Bootloader_socInitL2MailBoxMemory)
                  7002e038    0000000e                                                         : edma.obj (.text.EDMA_ccPaRAMEntry_init)
                  7002e046    0000000e     board.am263px.r5f.ti-arm-clang.nortos.release.lib : eeprom.obj (.text.EEPROM_close)
                  7002e054    0000000e                                                       : flash.obj (.text.Flash_close)
                  7002e062    0000000e                                                       : flash.obj (.text.Flash_getPhyTuningOffset)
                  7002e070    0000000e     drivers.am263px.r5f.ti-arm-clang.nortos.release.lib : i2c_v1.obj (.text.I2C_transferCallback)
                  7002e07e    0000000e                                                         : ospi_v0.obj (.text.OSPI_getInputClk)
                  7002e08c    0000000e                                                         : ospi_v0.obj (.text.OSPI_isDacEnable)
                  7002e09a    0000000e                                                         : ospi_v0.obj (.text.OSPI_isPhyEnable)
[...]
7002db1d  OSPI_isDmaInterruptEnabled                  
7002db35  SOC_getCoreName                             
7002db4d  SOC_rcmMemInitMailboxMemory                 
7002db65  SOC_rcmR5SS0PowerOnReset                    
7002db7d  SOC_rcmR5SS1PowerOnReset                    
7002db95  TimerP_getCountPriv                         
7002dbad  UART_deinit                                 
7002dbc4  TI_memset_small                             
7002dbdd  Board_driversOpen                           
7002dbf3  Bootloader_socCpuSetClock                   
7002dc09  I2C_lld_Transaction_init                    
7002dc1f  MCSPI_reset                                 
7002dc4b  OSPI_lld_Transaction_init                   
7002dc61  OSPI_lld_disablePhyPipeline                 
7002dc77  OSPI_lld_enablePhyPipeline                  
7002dc8d  OSPI_lld_enableSDR                          
7002dca3  OSPI_lld_setResetPinStatus                  
7002dcb9  SemaphoreP_constructBinary                  
7002dccf  UART_IsTxRxFifoEmpty                        
7002dce5  UART_checkCharsAvailInFifo                  
7002dcfb  UART_getIntrIdentityStatus                  
7002dd11  Bootloader_socCpuResetRelease               
7002dd25  Bootloader_socIsAuthRequired                
7002dd39  ClockP_usecToTicks                          
7002dd4d  EDMA_getRegionId                            
7002dd61  Flash_eraseSector                           
7002dd75  OSPI_lld_setCmdDummyCycles                  
7002dd89  SOC_rcmR5SS0TriggerReset                    
7002dd9d  SemaphoreP_constructMutex                   
7002ddb1  UART_Transaction_init                       
7002ddd9  Flash_disableDacMode                        
7002ddeb  Flash_enableDacMode                         
7002ddfd  Flash_eraseBlk                              
7002de0f  Hsmclient_updateBootNotificationRegister    
7002de33  OSPI_lld_enableModeBitsCmd                  
7002de45  PMIC_configure                              
7002de69  UART_operatingModeSelect                    
7002de7b  UART_readLineStatus                         
7002de8d  putchar_                                    
7002de9f  Bootloader_Uniflash_RPRC_flashVerifyXIPFile 
7002deaf  Bootloader_close                            
7002debf  Bootloader_isCorePresent                    
7002deef  OSPI_configBaudrate                         
7002deff  OSPI_disableDacMode                         
7002df0f  OSPI_disablePhy                             
7002df1f  OSPI_enableDacMode                          
7002df2f  OSPI_enablePhy                              
7002df3f  OSPI_enablePhyPipeline                      
7002df4f  OSPI_enableSDR                              
7002df5f  OSPI_getBaudRateDivFromObj                  
7002df71  OSPI_lld_phyGetTuningData                   
7002df81  OSPI_lld_setReadDummyCycles                 
7002df91  OSPI_setRdDataCaptureDelay                  
7002dfa1  OSPI_setResetPinStatus                      
7002dfb1  PMIC_criticalSectionStartFn                 
7002dfc1  SOC_rcmR5SS1TriggerReset                    
7002dfd1  UART_intr2Disable                           
7002dfe0  __aeabi_memset                              
7002dfe0  __aeabi_memset4                             
7002dfe0  __aeabi_memset8                             
7002dff0  putchar                                     
7002e001  Bootloader_Uniflash_MCELF_flashVerifyXIPFile
7002e00f  Bootloader_Uniflash_MCELF_flashXIPFile      
7002e01d  Bootloader_socCpuResetReleaseSelf           
7002e02b  Bootloader_socInitL2MailBoxMemory           
7002e039  EDMA_ccPaRAMEntry_init                      
7002e047  EEPROM_close                                
7002e055  Flash_close                                 
7002e063  Flash_getPhyTuningOffset                    
7002e07f  OSPI_getInputClk                            
7002e08d  OSPI_isDacEnable                            
7002e09b  OSPI_isPhyEnable                            
7002e0a9  OSPI_lld_clearDualOpCodeMode                
7002e0b7  OSPI_lld_enableModeBitsRead                 
7002e0c5  OSPI_lld_setModeBits                        
7002e0d3  OSPI_phyReadAttackVector                    
7002e0e1  OSPI_phyTuneDDR                             
7002e0ef  PMIC_close                                  
7002e0fd  Pinmux_init                                 
7002e10b  PowerClock_init                             
7002e119  Bootloader_Params_init                      
7002e125  Bootloader_profileUpdateAppimageSize        
7002e131  Bootloader_profileUpdateMediaAndClk         
7002e13d  Bootloader_socGetBootSeqOid                 
7002e149  ClockP_getTicks                             
7002e155  DebugP_uartSetDrvIndex                      
7002e161  EDMA_isInitialized                          
7002e16d  HsmClient_SecureBootQueueInit               
7002e179  I2C_Transaction_init                        
7002e185  OSPI_clearDualOpCodeMode                    
7002e191  OSPI_enableModeBitsCmd                      
7002e19d  OSPI_enableModeBitsRead                     
7002e1a9  OSPI_lld_getFlashDataBaseAddr               
7002e1b5  OSPI_lld_getInputClk                        
7002e1c1  OSPI_setCmdDummyCycles                      
7002e1cd  OSPI_setCmdExtType                          
7002e1d9  OSPI_setDeviceSize                          
7002e1e5  OSPI_setModeBits                            
7002e1f1  OSPI_setNumAddrBytes                        
7002e1fd  OSPI_setPhyEnableSuccess                    
7002e209  OSPI_setProtocol                            
7002e215  OSPI_setReadDummyCycles                     
7002e221  OSPI_setXferOpCodes                         
7002e22d  PMIC_criticalSectionStopFn                  
7002e239  SIPC_getSelfCoreId                          
7002e245  SOC_getSelfCpuClk                           
7002e251  SOC_rcmSetR5ClockSource                     
7002e25d  TCA6416_Params_init                         
7002e269  TCA6424_Params_init                         
7002e274  __aeabi_memclr                              
7002e274  __aeabi_memclr4                             
7002e274  __aeabi_memclr8                             
7002e280  malloc                                      
7002e28c  CSL_armR5ReadMpidrReg                       
7002e299  Bootloader_Uniflash_RPRC_flashXIPFile       
7002e2ad  Bootloader_getMulticoreImageSize            
7002e2b7  ClockP_Params_init                          
7002e2c1  ClockP_isActive                             
7002e2e9  SOC_rcmSetR5Clock                           
7002e2f3  TimerP_getReloadCountPriv                   
7002e2fd  TimerP_startPriv                            
7002e307  UART_lld_Transaction_deInit                 
7002e311  Bootloader_socGetSBLMem                     
7002e320  C$$EXIT                                     
7002e320  HOSTexit                                    
7002e329  OSPI_ReadCmdParams_init                     
7002e331  OSPI_Transaction_init                       
7002e339  OSPI_WriteCmdParams_init                    
7002e341  OSPI_edmaItrStatus                          
7002e349  OSPI_lld_readCompleteCallback               
7002e351  Pmic_criticalSectionStart                   
7002e359  Pmic_criticalSectionStop                    
7002e361  Pmic_validParamCheck                        
7002e369  TimerP_clearOverflowIntPriv                 
7002e378  abort                                       
7002e381  EDMA_isInterruptEnabled                     
7002e387  HsmClient_unregister                        
7002e38d  OSPI_lld_isDacEnable                        
7002e393  OSPI_lld_isPhyEnable                        
7002e399  OSPI_lld_setCmdExtType                      
7002e39f  OSPI_lld_setPhyEnableSuccess                
7002e3a5  SOC_moduleClockEnable                       
7002e3b1  Bootloader_socCpuRequest                    
7002e3b5  ClockP_getTimerCount                        
7002e3b9  ClockP_timerClearOverflowInt                
7002e3c1  Keyring_init                                
7002e3c5  OSPI_phyGetTuningData                       
7002e3c9  PowerClock_deinit                           
7002e3cd  TimerP_Params_init                          
7002e3d1  TimerP_clearOverflowInt                     
7002e3d5  TimerP_getCount                             
7002e3d9  TimerP_getReloadCount                       
7002e3dd  TimerP_setup                                
7002e3e1  TimerP_start                                
7002e3e4  __aeabi_idiv0                               
7002e3e8  __aeabi_ldiv0                               
7002e3ec  __aeabi_memcpy                              
7002e3ec  __aeabi_memcpy4                             
7002e3ec  __aeabi_memcpy8                             
7002e3f0  _nop                                        
7002e3f4  fseek                                       
7002e3f8  remove                                      
7002e441  HwiP_enableInt                              
7002e469  HwiP_disableInt                             
7002e49b  HwiP_restoreInt                             
7002e4f1  HwiP_clearInt                               
7002e511  HwiP_post                                   
7002e539  HwiP_Params_init                            
7002e54b  HwiP_construct                              
7002e68f  HwiP_destruct                               
7002e761  HwiP_init                                   
7002e829  HwiP_inISR                                  
7002e845  HwiP_setVimIrqPriMaskNonAtomic              
7002e867  HwiP_setVimIrqPriMaskAtomic                 
7002e8b3  HwiP_restoreVimIrqPriMask                   
7002e8cb  HwiP_irq_handler_c                          
7002e967  HwiP_fiq_handler                            
7002ea17  HwiP_reserved_handler                       
7002ea45  HwiP_undefined_handler_c                    
7002ea63  HwiP_user_undefined_handler_c               
7002ea77  HwiP_svc_handler                            
7002eaa5  HwiP_prefetch_abort_handler_c               
7002eb1f  HwiP_user_prefetch_abort_handler_c          
7002eb2f  HwiP_data_abort_handler_c                   
7002ebaf  HwiP_user_data_abort_handler_c              
7002ebc0  HwiP_irq_handler                            
7002ec34  HwiP_data_abort_handler                     
7002ec78  HwiP_prefetch_abort_handler                 
7002ecc4  HwiP_undefined_handler                      
7002ecf4  GET_DFSR                                    
7002ecfc  GET_ADFSR                                   
7002ed04  GET_DFAR                                    
7002ed0c  GET_IFSR                                    
7002ed14  GET_AIFSR                                   
7002ed1c  GET_IFAR                                    
7002ed24  GET_SPSR                                    
7002ed3c  HwiP_disable                                
7002ed4c  HwiP_disableFIQ                             
7002ed5c  HwiP_enable                                 
7002ed6c  HwiP_enableFIQ                              
7002ed7c  HwiP_restore                                
7002ed84  HwiP_enableVIC                              
7002ed94  HwiP_disableVIC                             
7002eda4  HwiP_getCPSR                                
7002edb8  CacheP_disableL1d                           
7002ede0  CacheP_disableL1p                           
7002edf8  CacheP_enableL1d                            
7002ee10  CacheP_enableL1p                            
7002ee28  CacheP_invL1d                               
7002ee60  CacheP_invL1p                               
7002ee9c  CacheP_invL1dAll                            
7002eea4  CacheP_invL1pAll                            
7002eeac  CacheP_wb                                   
7002eee8  CacheP_wbInv                                
7002ef24  CacheP_wbAll                                
7002efcc  CacheP_wbInvAll                             
7002efe4  CacheP_wbInvAllAsm                          
7002f084  CacheP_getEnabled                           
7002f0bc  CacheP_getCacheLevelInfo                    
7002f0c8  CacheP_configForceWrThru                    
7002f0e8  CacheP_setDLFO                              
7002f0f9  CacheP_init                                 
7002f151  CacheP_disable                              
7002f18b  CacheP_enable                               
7002f1ab  CacheP_inv                                  
7002f1e9  MpuP_getAttrs                               
7002f229  MpuP_RegionAttrs_init                       
7002f237  MpuP_setRegion                              
7002f2b1  MpuP_isEnable                               
7002f2b5  MpuP_disable                                
7002f2e7  MpuP_enable                                 
7002f323  MpuP_init                                   
7002f385  MpuP_isUserAuthorizedToAccessMemory         
7002f3ec  MpuP_disableAsm                             
7002f404  MpuP_disableBRAsm                           
7002f414  MpuP_enableAsm                              
7002f42c  MpuP_enableBRAsm                            
7002f43c  MpuP_isEnableAsm                            
7002f450  MpuP_setRegionAsm                           
7002f478  _c_int00_sbl                                
7002f49c  _c_int00                                    
7002f5bd  _DebugP_assertNoLog                         
7002f5db  _system_pre_init                            
7002f5f7  __mpu_init                                  
7002f608  _ftable                                     
7002f608  gMcspiDmaHandle                             
7002f608  gUartDmaHandle                              
7002f8e0  gFlashDevCfg_IS25LX256                      
7002f9e4  _device                                     
7002fa5c  gAddrTranslateInfo                          
7002facc  gSIPC_InterruptConfig                       
7002fb30  gUartParams                                 
7002fb88  _stream                                     
7002fbd8  gSIPC_HsmMboxConfig                         
7002fc28  gSIPC_SecureHostMboxConfig                  
7002fc78  gCANMsgsList                                
7002fcc0  gSocModulesClockFrequency                   
7002fd08  gConfigMcspi0ChCfg                          
7002fd48  gFlashAttrs_IS25LX256                       
7002fd80  gCoreBootInfo                               
7002fde0  gBootloaderConfig                           
7002fe0c  gFlashNorOspiFxns                           
7002fe30  gFlashToSpiProtocolMap                      
7002fe78  gMcanBitTimingDefaultParams                 
7002fe98  gBootloaderFlashFxns                        
7002feb0  gClockConfig                                
7002fec8  gFlashConfig                                
7002fee0  gI2cParams                                  
7002ff10  gSocModules                                 
7002ff28  gR5ss0MemInitDone                           
7002ff2c  gR5ss1MemInitDone                           
7002ff30  gR5ss1PORDone                               
7002ff34  gR5ss0Core1ImagePresent                     
7002ff38  gR5ss1Core1ImagePresent                     
7002ff64  gMcspiOpenParams                            
7002ff8c  gPmicParams                                 
7002ffa0  gResMemSection                              
7002ffc8  gBootloader0Args                            
7002ffd8  gEepromFxns_CAT24M                          
7002ffe8  gI2cConfig                                  
7002fff8  gOspiDmaEdmaFxns                            
70030008  gAddrTranslateConfig                        
70030014  gEepromAttrs_CAT24M                         
70030020  gEepromConfig                               
7003002c  gOspiDmaConfig                              
70030038  gPmicFxns_TPS653860xx                       
70030044  vec_size                                    
70030048  vector_table_loc                            
7003004c  __TI_cleanup_ptr                            
70030050  __TI_dtors_ptr                              
70030054  gEdmaConfig                                 
7003005c  gEdmaParams                                 
70030064  gEepromParams                               
7003006c  gFlashParams                                
70030074  gMcspiConfig                                
7003007c  gOspiConfig                                 
70030084  gPmicConfig                                 
7003008c  gSIPC_QueHsmToSecureHost                    
70030094  gSIPC_QueSecureHostToHsm                    
700300a4  gUartConfig                                 
700300ac  operatingMode                               
700300b4  __TI_ft_end                                 
700300c0  _lock                                       
700300c4  _unlock                                     
700300cc  gBootloaderConfigNum                        
700300d0  gConfigMcspiChCfg                           
700300d4  gDebugLogZone                               
700300d8  gDebugP_uartDrvIndex                        
700300dc  gEdmaConfigNum                              
700300e0  gEepromConfigNum                            
700300e4  gFlashConfigNum                             
700300e8  gHsmRtDownloadComplete                      
700300ec  gHsmrtLoadStatus                            
700300f0  gHwiConfig                                  
700300f4  gI2cConfigNum                               
70030100  gMcspiConfigNum                             
70030104  gMcspiDmaChConfig                           
70030108  gMcspiNumCh                                 
70030114  gOspiConfigNum                              
70030118  gOspiDmaConfigNum                           
7003011c  gOspiParams                                 
70030120  gPmicConfigNum                              
70030128  gStreamId                                   
7003012c  gUartConfigNum                              
70030130  gUartDmaChConfig                            
70030138  ptrMSSCtrlRegs                              
7003013c  ptrTopCtrlRegs                              
70030140  isMapAvailable                              
70030148  gCacheConfig                                
70030150  gMpuConfig                                  
7003015c  gMpuRegionConfig                            
700302b0  gADPLLJConfigTbl                            
70030a88  I2C_defaultTransaction                      
700311e4  gCacheL1dCacheLineSize                      
700311e8  I2C_lld_defaultMessage                      
70031278  gPeripheralClkSrcInfoMap                    
7003171c  gCacheL1pCacheLineSize                      
7003186c  gPLLFreqId2FOutMap                          
70031a18  __stack                                     
70033a18  __STACK_END                                 
70033a18  _sys_memory                                 
70035a18  __IRQ_STACK_START                           
70036a18  __FIQ_STACK_START                           
70036a18  __IRQ_STACK_END                             
70036b18  __FIQ_STACK_END                             
70036b18  __SVC_STACK_START                           
70036c18  __ABORT_STACK_START                         
70036c18  __SVC_STACK_END                             
70036d18  __ABORT_STACK_END                           
70036d18  __UNDEFINED_STACK_START                     
70036e18  __UNDEFINED_STACK_END                       
70050000  gHsmRtFw                                    
70090000  gUniflashFileBuf                            
ffffffff  __TI_pprof_out_hndl                         
ffffffff  __TI_prof_data_size                         
ffffffff  __TI_prof_data_start                        
ffffffff  __binit__                                   
ffffffff  binit                                       
UNDEFED   __TI_CINIT_Base                             
UNDEFED   __TI_CINIT_Limit                            
UNDEFED   __TI_Handler_Table_Base                     
UNDEFED   __TI_Handler_Table_Limit                    
UNDEFED   _system_post_cinit                          

[807 symbols]
