******************************************************************************
            TI ARM Clang Linker Unix v4.0.3                    
******************************************************************************
>> Linked Mon Sep 15 15:35:11 2025

OUTPUT FILE NAME:   <sbl_ospi_fastboot.debug.out>
ENTRY POINT SYMBOL: "_vectors"  address: 00000000


MEMORY CONFIGURATION

         name            origin    length      used     unused   attr    fill
----------------------  --------  ---------  --------  --------  ----  --------
  R5F_VECS              00000000   00000100  00000040  000000c0  RWIX
  R5F_TCMA              00000100   00007f00  00000000  00007f00  RWIX
  R5F_TCMB0             00080000   00008000  00000000  00008000  RWIX
  MAILBOX_HSM           44000000   000003ce  00000340  0000008e  RWIX
  MAILBOX_R5F           44000400   000003ce  00000340  0000008e  RWIX
  FLASH_BOOTINFO_SECTOR 60080000   00001000  00000000  00001000  RWIX
  MSRAM_VECS            70002000   00000100  00000040  000000c0  RWIX
  MSRAM_0               70002100   0001ff00  00018848  000076b8  RWIX
  MSRAM_1               70022000   0001b000  00012880  00008780  RWIX


SEGMENT ALLOCATION MAP

run origin  load origin   length   init length attrs members
----------  ----------- ---------- ----------- ----- -------
00000000    70002000    00000040   00000040    r-x
  00000000    70002000    00000040   00000040    r-x .sbl_init_code
70002100    70002100    00014d30   00014d30    r-x
  70002100    70002100    000134c0   000134c0    r-x .text
  700155c0    700155c0    00000e50   00000e50    r-x .text.hwi
  70016410    70016410    000004a0   000004a0    r-x .text.cache
  700168b0    700168b0    000003c0   000003c0    r-x .text.mpu
  70016c70    70016c70    000001c0   000001c0    r-x .text.boot
70016e30    70016e30    000007f8   000007f8    rw-
  70016e30    70016e30    000007f8   000007f8    rw- .data
70017628    70017628    00001020   00001020    r--
  70017628    70017628    00001020   00001020    r-- .rodata
70018648    70018648    00002300   00000000    rw-
  70018648    70018648    00001000   00000000    rw- .irqstack
  70019648    70019648    00000100   00000000    rw- .fiqstack
  70019748    70019748    00001000   00000000    rw- .svcstack
  7001a748    7001a748    00000100   00000000    rw- .abortstack
  7001a848    7001a848    00000100   00000000    rw- .undefinedstack
70022000    70022000    00012880   00000000    rw-
  70022000    70022000    00010880   00000000    rw- .bss
  70032880    70032880    00002000   00000000    rw- .stack


SECTION ALLOCATION MAP

 output                                  attributes/
section   page    origin      length       input sections
--------  ----  ----------  ----------   ----------------
.bss.sipc_hsm_queue_mem 
*          0    44000000    00000340     NOLOAD SECTION
                  44000000    00000340     ti_drivers_config.obj (.bss.sipc_hsm_queue_mem)

.bss.sipc_secure_host_queue_mem 
*          0    44000400    00000340     NOLOAD SECTION
                  44000400    00000340     ti_drivers_config.obj (.bss.sipc_secure_host_queue_mem)

.sbl_init_code 
*          0    70002000    00000040     RUN ADDR = 00000000
                  70002000    00000040     nortos.am263px.r5f.ti-arm-clang.debug.lib : HwiP_armv7r_vectors_nortos_asm.obj (.vectors)

.text      0    70002100    000134c0     
                  70002100    00000b7a     drivers.am263px.r5f.ti-arm-clang.nortos.debug.lib : ospi_phy_am26x_lld.obj (.text.OSPI_lld_phyFindOTP1)
                  70002c7a    00000002     --HOLE-- [fill = 0]
                  70002c7c    00000004     libclang_rt.builtins.a : aeabi_div0.c.obj (.text.__aeabi_ldiv0)
                  70002c80    00000a34     nortos.am263px.r5f.ti-arm-clang.debug.lib : printf.obj (.text._vsnprintf)
                  700036b4    0000000c     libclang_rt.builtins.a : aeabi_memset.S.obj (.text.__aeabi_memclr)
                  700036c0    000009ea     drivers.am263px.r5f.ti-arm-clang.nortos.debug.lib : bootloader.obj (.text.Bootloader_parseAndLoadMultiCoreELF)
                  700040aa    00000002     --HOLE-- [fill = 0]
                  700040ac    00000004     libclang_rt.builtins.a : aeabi_memcpy.S.obj (.text.__aeabi_memcpy)
                  700040b0    00000678     drivers.am263px.r5f.ti-arm-clang.nortos.debug.lib : soc_rcm.obj (.text.SOC_rcmGetClkSrcAndDivReg)
                  70004728    00000008     libsysbm.a : hostexit.c.obj (.text.HOSTexit)
                  70004730    00000638     drivers.am263px.r5f.ti-arm-clang.nortos.debug.lib : soc_rcm.obj (.text.SOC_rcmEnablePeripheralClock)
                  70004d68    00000008     libc.a : exit.c.obj (.text:abort)
                  70004d70    000005e2     nortos.am263px.r5f.ti-arm-clang.debug.lib : printf.obj (.text._ftoa)
                  70005352    00000002     --HOLE-- [fill = 0]
                  70005354    0000000c                                               : CpuId_armv7r_asm.obj (.text)
                  70005360    000004b0                                               : printf.obj (.text._etoa)
                  70005810    000004b0     main.obj (.text.main)
                  70005cc0    000003d2     drivers.am263px.r5f.ti-arm-clang.nortos.debug.lib : soc.obj (.text.SOC_phyToVirt)
                  70006092    0000000e     --HOLE-- [fill = 0]
                  700060a0    00000390     libc.a : strcmp32.S.obj (.text:strcmp)
                  70006430    00000364     board.am263px.r5f.ti-arm-clang.nortos.debug.lib : flash_nor_ospi.obj (.text.Flash_setQeBit)
                  70006794    0000000c     --HOLE-- [fill = 0]
                  700067a0    0000034a     drivers.am263px.r5f.ti-arm-clang.nortos.debug.lib : ospi_v0.obj (.text.OSPI_open)
                  70006aea    00000006     --HOLE-- [fill = 0]
                  70006af0    00000336                                                       : edma.obj (.text.EDMA_initialize)
                  70006e26    0000000a     --HOLE-- [fill = 0]
                  70006e30    00000302                                                       : soc.obj (.text.SOC_virtToPhy)
                  70007132    0000000e     --HOLE-- [fill = 0]
                  70007140    000002e6                                                       : ospi_edma_lld.obj (.text.OSPI_edmaCopy)
                  70007426    0000000a     --HOLE-- [fill = 0]
                  70007430    000002d2     board.am263px.r5f.ti-arm-clang.nortos.debug.lib : flash_nor_ospi.obj (.text.Flash_norOspiOpen)
                  70007702    0000000e     --HOLE-- [fill = 0]
                  70007710    00000294     drivers.am263px.r5f.ti-arm-clang.nortos.debug.lib : ospi_v0_lld.obj (.text.OSPI_programInstance)
                  700079a4    0000000c     --HOLE-- [fill = 0]
                  700079b0    00000264                                                       : soc_rcm.obj (.text.SOC_rcmPerApllConfig)
                  70007c14    0000000c     --HOLE-- [fill = 0]
                  70007c20    00000250                                                       : edma.obj (.text.Alloc_resource)
                  70007e70    00000250     board.am263px.r5f.ti-arm-clang.nortos.debug.lib : flash_nor_ospi.obj (.text.Flash_set888mode)
                  700080c0    0000024a     drivers.am263px.r5f.ti-arm-clang.nortos.debug.lib : soc_rcm.obj (.text.SOC_rcmCoreApllHSDivConfig)
                  7000830a    00000006     --HOLE-- [fill = 0]
                  70008310    0000023e     nortos.am263px.r5f.ti-arm-clang.debug.lib : printf.obj (.text._ntoa_format)
                  7000854e    00000002     --HOLE-- [fill = 0]
                  70008550    0000023c     drivers.am263px.r5f.ti-arm-clang.nortos.debug.lib : edma.obj (.text.EDMA_open)
                  7000878c    00000004     --HOLE-- [fill = 0]
                  70008790    00000218                                                       : ospi_v0_lld.obj (.text.OSPI_lld_isr)
                  700089a8    00000008     --HOLE-- [fill = 0]
                  700089b0    00000212                                                       : ospi_edma_lld.obj (.text.OSPI_edmaInit)
                  70008bc2    0000000e     --HOLE-- [fill = 0]
                  70008bd0    00000206     security.am263px.r5f.ti-arm-clang.nortos.debug.lib : sipc_notify_src.obj (.text.SIPC_init)
                  70008dd6    0000000a     --HOLE-- [fill = 0]
                  70008de0    000001d6     nortos.am263px.r5f.ti-arm-clang.debug.lib : TimerP_rti_priv.obj (.text.TimerP_setupPriv)
                  70008fb6    0000000a     --HOLE-- [fill = 0]
                  70008fc0    000001ca     drivers.am263px.r5f.ti-arm-clang.nortos.debug.lib : edma.obj (.text.EDMA_deinitialize)
                  7000918a    00000006     --HOLE-- [fill = 0]
                  70009190    000001ca                                                       : ospi_v0_lld.obj (.text.OSPI_lld_writeIndirect)
                  7000935a    00000006     --HOLE-- [fill = 0]
                  70009360    000001be     security.am263px.r5f.ti-arm-clang.nortos.debug.lib : sipc_notify_src.obj (.text.SIPC_setMboxConfig)
                  7000951e    00000002     --HOLE-- [fill = 0]
                  70009520    000001b6     drivers.am263px.r5f.ti-arm-clang.nortos.debug.lib : ospi_v0_lld.obj (.text.OSPI_lld_readDirectDma)
                  700096d6    0000000a     --HOLE-- [fill = 0]
                  700096e0    000001b4                                                       : bootloader.obj (.text.Bootloader_getOTFAConfigFromNoteSegment)
                  70009894    0000000c     --HOLE-- [fill = 0]
                  700098a0    000001a0                                                       : edma.obj (.text.EDMA_errorIsrFxn)
                  70009a40    00000198                                                       : edma.obj (.text.EDMA_transferCompletionMasterIsrFxn)
                  70009bd8    00000008     --HOLE-- [fill = 0]
                  70009be0    00000198                                                       : ospi_v0_lld.obj (.text.OSPI_lld_readCmd)
                  70009d78    00000008     --HOLE-- [fill = 0]
                  70009d80    00000186     security.am263px.r5f.ti-arm-clang.nortos.debug.lib : hsmclient_loadhsmrt.obj (.text.Hsmclient_loadHSMRtFirmware)
                  70009f06    0000000a     --HOLE-- [fill = 0]
                  70009f10    00000184     board.am263px.r5f.ti-arm-clang.nortos.debug.lib : flash_nor_ospi.obj (.text.Flash_set444mode)
                  7000a094    0000000c     --HOLE-- [fill = 0]
                  7000a0a0    0000016a     security.am263px.r5f.ti-arm-clang.nortos.debug.lib : hsmclient.obj (.text.HsmClient_isr)
                  7000a20a    00000006     --HOLE-- [fill = 0]
                  7000a210    00000166     drivers.am263px.r5f.ti-arm-clang.nortos.debug.lib : ospi_v0_lld.obj (.text.OSPI_lld_writeCmd)
                  7000a376    0000000a     --HOLE-- [fill = 0]
                  7000a380    00000162                                                       : edma.obj (.text.EDMA_unregisterIntr)
                  7000a4e2    0000000e     --HOLE-- [fill = 0]
                  7000a4f0    0000015a     security.am263px.r5f.ti-arm-clang.nortos.debug.lib : hsmclient.obj (.text.HsmClient_EnqueueAndSendMsg)
                  7000a64a    00000006     --HOLE-- [fill = 0]
                  7000a650    00000158     drivers.am263px.r5f.ti-arm-clang.nortos.debug.lib : soc.obj (.text.SOC_controlModuleUnlockMMR)
                  7000a7a8    00000008     --HOLE-- [fill = 0]
                  7000a7b0    00000148                                                       : ospi_v0_lld.obj (.text.OSPI_lld_initDma)
                  7000a8f8    00000008     --HOLE-- [fill = 0]
                  7000a900    00000146     security.am263px.r5f.ti-arm-clang.nortos.debug.lib : hsmclient.obj (.text.HsmClient_configOTFARegions)
                  7000aa46    0000000a     --HOLE-- [fill = 0]
                  7000aa50    00000144     drivers.am263px.r5f.ti-arm-clang.nortos.debug.lib : bootloader_soc.obj (.text.Bootloader_socCpuPowerOnReset)
                  7000ab94    0000000c     --HOLE-- [fill = 0]
                  7000aba0    00000144     board.am263px.r5f.ti-arm-clang.nortos.debug.lib : flash_nor_ospi.obj (.text.Flash_norOspiSetProtocol)
                  7000ace4    0000000c     --HOLE-- [fill = 0]
                  7000acf0    00000144     security.am263px.r5f.ti-arm-clang.nortos.debug.lib : hsmclient.obj (.text.HsmClient_EnqueueAndSendMsgBlocking)
                  7000ae34    0000000c     --HOLE-- [fill = 0]
                  7000ae40    00000142     drivers.am263px.r5f.ti-arm-clang.nortos.debug.lib : ospi_v0_lld.obj (.text.OSPI_flashExecCmd)
                  7000af82    0000000e     --HOLE-- [fill = 0]
                  7000af90    00000140     board.am263px.r5f.ti-arm-clang.nortos.debug.lib : flash_nor_ospi.obj (.text.Flash_norOspiReadId)
                  7000b0d0    0000013a     drivers.am263px.r5f.ti-arm-clang.nortos.debug.lib : edma.obj (.text.EDMA_isDmaChannelAllocated)
                  7000b20a    00000006     --HOLE-- [fill = 0]
                  7000b210    0000013a     security.am263px.r5f.ti-arm-clang.nortos.debug.lib : hsmclient.obj (.text.HsmClient_procAuthBootStart)
                  7000b34a    00000006     --HOLE-- [fill = 0]
                  7000b350    00000138     nortos.am263px.r5f.ti-arm-clang.debug.lib : printf.obj (.text._ntoa_long_long)
                  7000b488    00000008     --HOLE-- [fill = 0]
                  7000b490    00000136                                               : ClockP_nortos_r5.obj (.text.ClockP_init)
                  7000b5c6    0000000a     --HOLE-- [fill = 0]
                  7000b5d0    00000134     drivers.am263px.r5f.ti-arm-clang.nortos.debug.lib : edma.obj (.text.EDMA_registerIntr)
                  7000b704    0000000c     --HOLE-- [fill = 0]
                  7000b710    0000012e     board.am263px.r5f.ti-arm-clang.nortos.debug.lib : flash_nor_ospi.obj (.text.Flash_norOspiWaitReady)
                  7000b83e    00000002     --HOLE-- [fill = 0]
                  7000b840    00000126                                                     : flash_nor_ospi.obj (.text.Flash_norOspiWrite)
                  7000b966    0000000a     --HOLE-- [fill = 0]
                  7000b970    00000126     drivers.am263px.r5f.ti-arm-clang.nortos.debug.lib : soc.obj (.text.SOC_controlModuleLockMMR)
                  7000ba96    0000000a     --HOLE-- [fill = 0]
                  7000baa0    00000120                                                       : soc_rcm.obj (.text.SOC_rcmGetPeripheralClockFrequency)
                  7000bbc0    0000011c     board.am263px.r5f.ti-arm-clang.nortos.debug.lib : flash_nor_ospi.obj (.text.Flash_norOspiReset)
                  7000bcdc    00000118     libclang_rt.builtins.a : udivmoddi4.S.obj (.text)
                  7000bdf4    0000000c     --HOLE-- [fill = 0]
                  7000be00    00000116     drivers.am263px.r5f.ti-arm-clang.nortos.debug.lib : edma.obj (.text.EDMA_isTccAllocated)
                  7000bf16    0000000a     --HOLE-- [fill = 0]
                  7000bf20    00000116                                                       : ospi_v0_lld.obj (.text.OSPI_lld_init)
                  7000c036    0000000a     --HOLE-- [fill = 0]
                  7000c040    00000114     nortos.am263px.r5f.ti-arm-clang.debug.lib : printf.obj (.text._ntoa_long)
                  7000c154    0000000c     --HOLE-- [fill = 0]
                  7000c160    00000110     drivers.am263px.r5f.ti-arm-clang.nortos.debug.lib : bootloader_hsmRt_load.obj (.text.Bootloader_socLoadHsmRtFw)
                  7000c270    0000010e                                                       : soc_rcm.obj (.text.SOC_rcmADPLLJGetFOut)
                  7000c37e    00000002     --HOLE-- [fill = 0]
                  7000c380    0000010c     security.am263px.r5f.ti-arm-clang.nortos.debug.lib : hsmclient.obj (.text.HsmClient_procAuthBootFinish)
                  7000c48c    00000004     --HOLE-- [fill = 0]
                  7000c490    0000010a     drivers.am263px.r5f.ti-arm-clang.nortos.debug.lib : bootloader.obj (.text.Bootloader_getMsgLen)
                  7000c59a    00000006     --HOLE-- [fill = 0]
                  7000c5a0    00000108                                                       : bootloader.obj (.text.Bootloader_parseNoteSegment)
                  7000c6a8    00000008     --HOLE-- [fill = 0]
                  7000c6b0    00000104                                                       : soc_rcm.obj (.text.SOC_rcmConfigurePllPer)
                  7000c7b4    0000000c     --HOLE-- [fill = 0]
                  7000c7c0    00000102     nortos.am263px.r5f.ti-arm-clang.debug.lib : SemaphoreP_nortos.obj (.text.SemaphoreP_pend)
                  7000c8c2    0000000e     --HOLE-- [fill = 0]
                  7000c8d0    00000100     board.am263px.r5f.ti-arm-clang.nortos.debug.lib : flash_nor_ospi.obj (.text.Flash_norOspiErase)
                  7000c9d0    00000100                                                     : flash_nor_ospi.obj (.text.Flash_norOspiEraseSector)
                  7000cad0    00000100     drivers.am263px.r5f.ti-arm-clang.nortos.debug.lib : ospi_v0_lld.obj (.text.OSPI_lld_setProtocol)
                  7000cbd0    000000fe     security.am263px.r5f.ti-arm-clang.nortos.debug.lib : hsmclient.obj (.text.HsmClient_procAuthBootUpdate)
                  7000ccce    00000002     --HOLE-- [fill = 0]
                  7000ccd0    000000fa     drivers.am263px.r5f.ti-arm-clang.nortos.debug.lib : edma.obj (.text.EDMA_clearCcErrors)
                  7000cdca    00000006     --HOLE-- [fill = 0]
                  7000cdd0    000000fa                                                       : soc_rcm.obj (.text.SOC_rcmsetR5SysClock)
                  7000ceca    00000006     --HOLE-- [fill = 0]
                  7000ced0    000000f8                                                       : soc_rcm.obj (.text.SOC_rcmCoreApllConfig)
                  7000cfc8    00000008     --HOLE-- [fill = 0]
                  7000cfd0    000000f6     security.am263px.r5f.ti-arm-clang.nortos.debug.lib : sipc_notify_src.obj (.text.SIPC_isr)
                  7000d0c6    0000000a     --HOLE-- [fill = 0]
                  7000d0d0    000000f2     drivers.am263px.r5f.ti-arm-clang.nortos.debug.lib : soc_rcm.obj (.text.SOC_rcmConfigurePllCore)
                  7000d1c2    0000000e     --HOLE-- [fill = 0]
                  7000d1d0    000000ee     board.am263px.r5f.ti-arm-clang.nortos.debug.lib : flash_nor_ospi.obj (.text.Flash_norOspiSet4ByteAddrMode)
                  7000d2be    00000002     --HOLE-- [fill = 0]
                  7000d2c0    000000ee     drivers.am263px.r5f.ti-arm-clang.nortos.debug.lib : soc_rcm.obj (.text.SOC_rcmMemInitL2Memory)
                  7000d3ae    00000002     --HOLE-- [fill = 0]
                  7000d3b0    000000ec     security.am263px.r5f.ti-arm-clang.nortos.debug.lib : hsmclient.obj (.text.HsmClient_SendAndRecv)
                  7000d49c    00000004     --HOLE-- [fill = 0]
                  7000d4a0    000000e6     drivers.am263px.r5f.ti-arm-clang.nortos.debug.lib : ospi_edma_lld.obj (.text.OSPI_edmaDeInit)
                  7000d586    0000000a     --HOLE-- [fill = 0]
                  7000d590    000000e6                                                       : soc_rcm.obj (.text.SOC_rcmGetCoreFout)
                  7000d676    0000000a     --HOLE-- [fill = 0]
                  7000d680    000000e6                                                       : soc_rcm.obj (.text.SOC_rcmGetPerFout)
                  7000d766    0000000a     --HOLE-- [fill = 0]
                  7000d770    000000e4                                                       : edma.obj (.text.EDMA_freeChannelRegion)
                  7000d854    0000000c     --HOLE-- [fill = 0]
                  7000d860    000000e2                                                       : edma.obj (.text.EDMA_freeParam)
                  7000d942    0000000e     --HOLE-- [fill = 0]
                  7000d950    000000e0                                                       : edma.obj (.text.EDMA_freeDmaChannel)
                  7000da30    000000e0                                                       : edma.obj (.text.EDMA_freeTcc)
                  7000db10    000000d8     board.am263px.r5f.ti-arm-clang.nortos.debug.lib : flash_nor_ospi.obj (.text.Flash_norOspiSetRegCfg)
                  7000dbe8    00000008     --HOLE-- [fill = 0]
                  7000dbf0    000000d6                                                     : flash_nor_ospi.obj (.text.Flash_setOeBit)
                  7000dcc6    0000000a     --HOLE-- [fill = 0]
                  7000dcd0    000000d0     security.am263px.r5f.ti-arm-clang.nortos.debug.lib : sipc_notify_src.obj (.text.SIPC_sendMsg)
                  7000dda0    000000d0     drivers.am263px.r5f.ti-arm-clang.nortos.debug.lib : soc_rcm.obj (.text.SOC_rcmStartMemInitTCMA)
                  7000de70    000000d0                                                       : soc_rcm.obj (.text.SOC_rcmStartMemInitTCMB)
                  7000df40    000000d0                                                       : soc_rcm.obj (.text.SOC_rcmWaitMemInitTCMA)
                  7000e010    000000d0                                                       : soc_rcm.obj (.text.SOC_rcmWaitMemInitTCMB)
                  7000e0e0    000000ce                                                       : edma.obj (.text.EDMA_disableChInShadowRegRegion)
                  7000e1ae    00000002     --HOLE-- [fill = 0]
                  7000e1b0    000000cc                                                       : edma.obj (.text.EDMA_enableChInShadowRegRegion)
                  7000e27c    00000004     --HOLE-- [fill = 0]
                  7000e280    000000ca     security.am263px.r5f.ti-arm-clang.nortos.debug.lib : hsmclient.obj (.text.HsmClient_checkAndWaitForBootNotification)
                  7000e34a    00000006     --HOLE-- [fill = 0]
                  7000e350    000000c4     drivers.am263px.r5f.ti-arm-clang.nortos.debug.lib : edma.obj (.text.EDMA_mapChToEvtQ)
                  7000e414    0000000c     --HOLE-- [fill = 0]
                  7000e420    000000c4                                                       : ospi_phy_am26x_lld.obj (.text.OSPI_lld_phyResyncDLL)
                  7000e4e4    0000000c     --HOLE-- [fill = 0]
                  7000e4f0    000000c2                                                       : edma.obj (.text.EDMA_close)
                  7000e5b2    0000000e     --HOLE-- [fill = 0]
                  7000e5c0    000000c2     board.am263px.r5f.ti-arm-clang.nortos.debug.lib : flash.obj (.text.Flash_offsetToSectorPage)
                  7000e682    0000000e     --HOLE-- [fill = 0]
                  7000e690    000000c0     drivers.am263px.r5f.ti-arm-clang.nortos.debug.lib : edma.obj (.text.EDMA_configureChannelRegion)
                  7000e750    000000c0                                                       : soc_rcm.obj (.text.SOC_rcmGetPerHSDivOut)
                  7000e810    000000c0     nortos.am263px.r5f.ti-arm-clang.debug.lib : printf.obj (.text._out_rev)
                  7000e8d0    000000be     ti_board_open_close.obj (.text.Board_flashOpen)
                  7000e98e    00000002     --HOLE-- [fill = 0]
                  7000e990    000000be     nortos.am263px.r5f.ti-arm-clang.debug.lib : ClockP_nortos.obj (.text.ClockP_timerTickIsr)
                  7000ea4e    00000002     --HOLE-- [fill = 0]
                  7000ea50    000000be     drivers.am263px.r5f.ti-arm-clang.nortos.debug.lib : ospi_v0.obj (.text.OSPI_readDirect)
                  7000eb0e    00000002     --HOLE-- [fill = 0]
                  7000eb10    000000ba     nortos.am263px.r5f.ti-arm-clang.debug.lib : ClockP_nortos.obj (.text.ClockP_stop)
                  7000ebca    00000006     --HOLE-- [fill = 0]
                  7000ebd0    000000b2     drivers.am263px.r5f.ti-arm-clang.nortos.debug.lib : soc_rcm.obj (.text.SOC_rcmProgPllCoreDivider)
                  7000ec82    0000000e     --HOLE-- [fill = 0]
                  7000ec90    000000b2                                                       : soc_rcm.obj (.text.SOC_rcmR5ConfigDualCore)
                  7000ed42    0000000e     --HOLE-- [fill = 0]
                  7000ed50    000000b0                                                       : soc_rcm.obj (.text.SOC_rcmSetPeripheralClock)
                  7000ee00    000000ae     security.am263px.r5f.ti-arm-clang.nortos.debug.lib : sipc_notify_src.obj (.text.SIPC_mailboxWrite)
                  7000eeae    00000002     --HOLE-- [fill = 0]
                  7000eeb0    000000ac     ti_drivers_config.obj (.text.HsmClient_config)
                  7000ef5c    00000004     --HOLE-- [fill = 0]
                  7000ef60    000000a8     nortos.am263px.r5f.ti-arm-clang.debug.lib : ClockP_nortos.obj (.text.ClockP_addToList)
                  7000f008    00000008     --HOLE-- [fill = 0]
                  7000f010    000000a8                                               : ClockP_nortos.obj (.text.ClockP_destruct)
                  7000f0b8    00000008     --HOLE-- [fill = 0]
                  7000f0c0    000000a6     ti_drivers_open_close.obj (.text.Drivers_edmaOpen)
                  7000f166    0000000a     --HOLE-- [fill = 0]
                  7000f170    000000a6     ti_drivers_open_close.obj (.text.Drivers_ospiOpen)
                  7000f216    0000000a     --HOLE-- [fill = 0]
                  7000f220    000000a0     drivers.am263px.r5f.ti-arm-clang.nortos.debug.lib : ospi_v0_lld.obj (.text.OSPI_lld_deInitDma)
                  7000f2c0    000000a0                                                       : ospi_v0_lld.obj (.text.OSPI_lld_setXferOpCodes)
                  7000f360    000000a0                                                       : soc_rcm.obj (.text.SOC_rcmGetCoreHSDivOut)
                  7000f400    000000a0                                                       : soc_rcm.obj (.text.SOC_rcmProgPllPerDivider)
                  7000f4a0    0000009e     board.am263px.r5f.ti-arm-clang.nortos.debug.lib : flash_nor_ospi.obj (.text.Flash_norOspiSetModeDummy)
                  7000f53e    00000002     --HOLE-- [fill = 0]
                  7000f540    0000009e     drivers.am263px.r5f.ti-arm-clang.nortos.debug.lib : ospi_v0_lld.obj (.text.OSPI_isProtocolValid)
                  7000f5de    00000002     --HOLE-- [fill = 0]
                  7000f5e0    0000009e                                                       : ospi_phy_am26x_lld.obj (.text.OSPI_lld_phyBasicConfig)
                  7000f67e    00000002     --HOLE-- [fill = 0]
                  7000f680    0000009a                                                       : bootloader_soc.obj (.text.Bootloader_socTranslateSectionAddr)
                  7000f71a    00000006     --HOLE-- [fill = 0]
                  7000f720    00000098     security.am263px.r5f.ti-arm-clang.nortos.debug.lib : sipc_notify_src.obj (.text.SIPC_getWriteMailbox)
                  7000f7b8    00000008     --HOLE-- [fill = 0]
                  7000f7c0    00000096     drivers.am263px.r5f.ti-arm-clang.nortos.debug.lib : bootloader.obj (.text.Bootloader_runCpu)
                  7000f856    0000000a     --HOLE-- [fill = 0]
                  7000f860    00000096                                                       : soc_rcm.obj (.text.SOC_rcmGetADPLLJConfig)
                  7000f8f6    0000000a     --HOLE-- [fill = 0]
                  7000f900    00000094                                                       : soc_rcm.obj (.text.CSL_TopCtrl_dualCoreSwitchDisableEfuse)
                  7000f994    0000000c     --HOLE-- [fill = 0]
                  7000f9a0    00000094                                                       : ospi_v0.obj (.text.OSPI_init)
                  7000fa34    0000000c     --HOLE-- [fill = 0]
                  7000fa40    00000094     security.am263px.r5f.ti-arm-clang.nortos.debug.lib : sipc_notify_src.obj (.text.SIPC_mailboxRead)
                  7000fad4    0000000c     --HOLE-- [fill = 0]
                  7000fae0    00000092     drivers.am263px.r5f.ti-arm-clang.nortos.debug.lib : bootloader_soc.obj (.text.Bootloader_socMemInitCpu)
                  7000fb72    0000000e     --HOLE-- [fill = 0]
                  7000fb80    00000092     nortos.am263px.r5f.ti-arm-clang.debug.lib : ClockP_nortos.obj (.text.ClockP_getTimeUsec)
                  7000fc12    0000000e     --HOLE-- [fill = 0]
                  7000fc20    00000092     drivers.am263px.r5f.ti-arm-clang.nortos.debug.lib : edma.obj (.text.EDMA_unmapChToEvtQ)
                  7000fcb2    0000000e     --HOLE-- [fill = 0]
                  7000fcc0    00000092                                                       : ospi_v0_lld.obj (.text.OSPI_lld_deInit)
                  7000fd52    0000000e     --HOLE-- [fill = 0]
                  7000fd60    00000090     security.am263px.r5f.ti-arm-clang.nortos.debug.lib : hsmclient.obj (.text.HsmClient_register)
                  7000fdf0    00000090     drivers.am263px.r5f.ti-arm-clang.nortos.debug.lib : ospi_phy_am26x_lld.obj (.text.OSPI_lld_phyReadAttackVector)
                  7000fe80    0000008c                                                       : bootloader_soc.obj (.text.Bootloader_socSetAutoClock)
                  7000ff0c    00000004     --HOLE-- [fill = 0]
                  7000ff10    0000008c                                                       : edma.obj (.text.EDMA_disableTransferRegion)
                  7000ff9c    00000004     --HOLE-- [fill = 0]
                  7000ffa0    0000008c                                                       : edma.obj (.text.EDMA_enableTransferRegion)
                  7001002c    00000004     --HOLE-- [fill = 0]
                  70010030    0000008c                                                       : edma.obj (.text.EDMA_init)
                  700100bc    00000004     --HOLE-- [fill = 0]
                  700100c0    0000008c     board.am263px.r5f.ti-arm-clang.nortos.debug.lib : flash_nor_ospi.obj (.text.Flash_norOspiSetAddressBytes)
                  7001014c    00000004     --HOLE-- [fill = 0]
                  70010150    0000008a     drivers.am263px.r5f.ti-arm-clang.nortos.debug.lib : bootloader.obj (.text.Bootloader_verifySegmentAddr)
                  700101da    00000006     --HOLE-- [fill = 0]
                  700101e0    00000088                                                       : fss_v0.obj (.text.FSS_configECCMRegion)
                  70010268    00000008     --HOLE-- [fill = 0]
                  70010270    00000086     board.am263px.r5f.ti-arm-clang.nortos.debug.lib : flash_nor_ospi.obj (.text.Flash_norOspiRead)
                  700102f6    0000000a     --HOLE-- [fill = 0]
                  70010300    00000086     drivers.am263px.r5f.ti-arm-clang.nortos.debug.lib : ospi_phy_am26x_lld.obj (.text.OSPI_lld_phyFindRxHigh)
                  70010386    0000000a     --HOLE-- [fill = 0]
                  70010390    00000086                                                       : ospi_phy_am26x_lld.obj (.text.OSPI_lld_phyFindRxLow)
                  70010416    0000000a     --HOLE-- [fill = 0]
                  70010420    00000086                                                       : ospi_phy_am26x_lld.obj (.text.OSPI_lld_phyFindTxHigh)
                  700104a6    0000000a     --HOLE-- [fill = 0]
                  700104b0    00000086                                                       : ospi_phy_am26x_lld.obj (.text.OSPI_lld_phyFindTxLow)
                  70010536    0000000a     --HOLE-- [fill = 0]
                  70010540    00000086     security.am263px.r5f.ti-arm-clang.nortos.debug.lib : sipc_notify_src.obj (.text.SIPC_getReadSwQ)
                  700105c6    0000000a     --HOLE-- [fill = 0]
                  700105d0    00000084     board.am263px.r5f.ti-arm-clang.nortos.debug.lib : flash_nor_ospi.obj (.text.Flash_norOspiRegWrite)
                  70010654    0000000c     --HOLE-- [fill = 0]
                  70010660    00000084     drivers.am263px.r5f.ti-arm-clang.nortos.debug.lib : ospi_phy_am26x_lld.obj (.text.OSPI_lld_phySetRdDelayTxRxDLL)
                  700106e4    0000000c     --HOLE-- [fill = 0]
                  700106f0    00000082                                                       : edma.obj (.text.EDMA_allocDmaChannel)
                  70010772    0000000e     --HOLE-- [fill = 0]
                  70010780    00000082                                                       : edma.obj (.text.EDMA_allocParam)
                  70010802    0000000e     --HOLE-- [fill = 0]
                  70010810    00000082                                                       : edma.obj (.text.EDMA_allocTcc)
                  70010892    0000000e     --HOLE-- [fill = 0]
                  700108a0    00000082                                                       : edma.obj (.text.EDMA_disableTccInShadowRegRegion)
                  70010922    0000000e     --HOLE-- [fill = 0]
                  70010930    00000082                                                       : edma.obj (.text.EDMA_enableTccInShadowRegRegion)
                  700109b2    0000000e     --HOLE-- [fill = 0]
                  700109c0    00000080                                                       : bootloader_soc.obj (.text.Bootloader_socCpuGetClock)
                  70010a40    00000080     board.am263px.r5f.ti-arm-clang.nortos.debug.lib : flash_nor_ospi.obj (.text.Flash_norOspiRegRead)
                  70010ac0    0000007e     drivers.am263px.r5f.ti-arm-clang.nortos.debug.lib : bootloader.obj (.text.Bootloader_findSeq)
                  70010b3e    00000002     --HOLE-- [fill = 0]
                  70010b40    0000007c     nortos.am263px.r5f.ti-arm-clang.debug.lib : DebugP_log.obj (.text._DebugP_assert)
                  70010bbc    00000004     --HOLE-- [fill = 0]
                  70010bc0    0000007a     drivers.am263px.r5f.ti-arm-clang.nortos.debug.lib : soc_rcm.obj (.text.CSL_TopCtrl_dualCoreBootEnableEfuse)
                  70010c3a    00000006     --HOLE-- [fill = 0]
                  70010c40    0000007a                                                       : ospi_v0_lld.obj (.text.OSPI_lld_enablePhy)
                  70010cba    00000006     --HOLE-- [fill = 0]
                  70010cc0    00000078                                                       : ospi_v0_lld.obj (.text.OSPI_waitIndWriteComplete)
                  70010d38    00000008     --HOLE-- [fill = 0]
                  70010d40    00000078                                                       : soc_rcm.obj (.text.SOC_rcmR5ConfigLockStep)
                  70010db8    00000008     --HOLE-- [fill = 0]
                  70010dc0    00000076                                                       : ospi_v0_lld.obj (.text.OSPI_isDmaRestrictedRegion)
                  70010e36    0000000a     --HOLE-- [fill = 0]
                  70010e40    00000074                                                       : ospi_v0.obj (.text.OSPI_writeIndirect)
                  70010eb4    0000000c     --HOLE-- [fill = 0]
                  70010ec0    00000072                                                       : bootloader_soc.obj (.text.Bootloader_authUpdate)
                  70010f32    0000000e     --HOLE-- [fill = 0]
                  70010f40    00000072     nortos.am263px.r5f.ti-arm-clang.debug.lib : ClockP_nortos.obj (.text.ClockP_usleep)
                  70010fb2    0000000e     --HOLE-- [fill = 0]
                  70010fc0    00000072     drivers.am263px.r5f.ti-arm-clang.nortos.debug.lib : edma.obj (.text.EDMA_clrMissEvtRegion)
                  70011032    0000000e     --HOLE-- [fill = 0]
                  70011040    00000072                                                       : edma.obj (.text.EDMA_getTcErrorInfo)
                  700110b2    0000000e     --HOLE-- [fill = 0]
                  700110c0    00000072                                                       : bootloader_flash.obj (.text.Flash_imgRead)
                  70011132    0000000e     --HOLE-- [fill = 0]
                  70011140    00000072                                                       : ospi_lld_dma.obj (.text.OSPI_dmaOpen)
                  700111b2    0000000e     --HOLE-- [fill = 0]
                  700111c0    00000072                                                       : soc_rcm.obj (.text.SOC_rcmCoreR5FUnhalt)
                  70011232    0000000e     --HOLE-- [fill = 0]
                  70011240    00000072     main.obj (.text.get_Hsmrt_size)
                  700112b2    0000000e     --HOLE-- [fill = 0]
                  700112c0    00000070     drivers.am263px.r5f.ti-arm-clang.nortos.debug.lib : ospi_v0_lld.obj (.text.OSPI_waitIdle)
                  70011330    0000006e                                                       : bootloader.obj (.text.Bootloader_getX509CertLen)
                  7001139e    00000002     --HOLE-- [fill = 0]
                  700113a0    0000006e                                                       : bootloader.obj (.text.Bootloader_open)
                  7001140e    00000002     --HOLE-- [fill = 0]
                  70011410    0000006e                                                       : ospi_v0_lld.obj (.text.OSPI_lld_disablePhy)
                  7001147e    00000002     --HOLE-- [fill = 0]
                  70011480    0000006e                                                       : ospi_v0_lld.obj (.text.OSPI_lld_readDirect)
                  700114ee    00000002     --HOLE-- [fill = 0]
                  700114f0    0000006c                                                       : bootloader_soc.obj (.text.Bootloader_authStart)
                  7001155c    00000004     --HOLE-- [fill = 0]
                  70011560    0000006c                                                       : edma.obj (.text.EDMA_deinit)
                  700115cc    00000004     --HOLE-- [fill = 0]
                  700115d0    0000006c                                                       : ospi_v0.obj (.text.OSPI_close)
                  7001163c    00000004     --HOLE-- [fill = 0]
                  70011640    0000006c     security.am263px.r5f.ti-arm-clang.nortos.debug.lib : sipc_notify_src.obj (.text.SIPC_getReadMailbox)
                  700116ac    00000004     --HOLE-- [fill = 0]
                  700116b0    0000006c                                                        : sipc_notify_src.obj (.text.SIPC_getReadMailboxClear)
                  7001171c    00000004     --HOLE-- [fill = 0]
                  70011720    0000006c                                                        : sipc_notify_src.obj (.text.SIPC_registerClient)
                  7001178c    00000004     --HOLE-- [fill = 0]
                  70011790    0000006a     board.am263px.r5f.ti-arm-clang.nortos.debug.lib : flash_nor_ospi.obj (.text.Flash_quirkSpansionUNHYSADisable)
                  700117fa    00000006     --HOLE-- [fill = 0]
                  70011800    00000068     drivers.am263px.r5f.ti-arm-clang.nortos.debug.lib : edma.obj (.text.EDMA_getBaseAddr)
                  70011868    00000008     --HOLE-- [fill = 0]
                  70011870    00000068     board.am263px.r5f.ti-arm-clang.nortos.debug.lib : flash_nor_ospi.obj (.text.Flash_norOspiCmdRead)
                  700118d8    00000008     --HOLE-- [fill = 0]
                  700118e0    00000068     drivers.am263px.r5f.ti-arm-clang.nortos.debug.lib : ospi_v0_lld.obj (.text.OSPI_waitWriteSRAMLevel)
                  70011948    00000008     --HOLE-- [fill = 0]
                  70011950    00000066     board.am263px.r5f.ti-arm-clang.nortos.debug.lib : flash.obj (.text.Flash_open)
                  700119b6    0000000a     --HOLE-- [fill = 0]
                  700119c0    00000066     drivers.am263px.r5f.ti-arm-clang.nortos.debug.lib : soc_rcm.obj (.text.SOC_rcmR5SS0PowerOnReset)
                  70011a26    0000000a     --HOLE-- [fill = 0]
                  70011a30    00000066                                                       : soc_rcm.obj (.text.SOC_rcmR5SS1PowerOnReset)
                  70011a96    0000000a     --HOLE-- [fill = 0]
                  70011aa0    00000066     security.am263px.r5f.ti-arm-clang.nortos.debug.lib : hsmclient.obj (.text.crc16_ccit)
                  70011b06    0000000a     --HOLE-- [fill = 0]
                  70011b10    00000064     drivers.am263px.r5f.ti-arm-clang.nortos.debug.lib : soc_rcm.obj (.text.SOC_rcmGetR5Clock)
                  70011b74    0000000c     --HOLE-- [fill = 0]
                  70011b80    00000064                                                       : soc_rcm.obj (.text.SOC_rcmIsR5FInLockStepMode)
                  70011be4    0000000c     --HOLE-- [fill = 0]
                  70011bf0    00000062                                                       : soc_rcm.obj (.text.SOC_rcmInsert16)
                  70011c52    0000000e     --HOLE-- [fill = 0]
                  70011c60    00000062                                                       : soc_rcm.obj (.text.SOC_rcmInsert8)
                  70011cc2    0000000e     --HOLE-- [fill = 0]
                  70011cd0    00000062     nortos.am263px.r5f.ti-arm-clang.debug.lib : SemaphoreP_nortos.obj (.text.SemaphoreP_post)
                  70011d32    0000000e     --HOLE-- [fill = 0]
                  70011d40    00000060     drivers.am263px.r5f.ti-arm-clang.nortos.debug.lib : edma.obj (.text.EDMA_chainChannel)
                  70011da0    00000060                                                       : ospi_lld_dma.obj (.text.OSPI_dmaCopy)
                  70011e00    0000005e                                                       : soc_rcm.obj (.text.SOC_rcmInsert32)
                  70011e5e    00000002     --HOLE-- [fill = 0]
                  70011e60    0000005c     ti_power_clock_config.obj (.text.Module_clockSetFrequency)
                  70011ebc    00000004     --HOLE-- [fill = 0]
                  70011ec0    0000005c     drivers.am263px.r5f.ti-arm-clang.nortos.debug.lib : ospi_v0_lld.obj (.text.OSPI_utilLog2)
                  70011f1c    00000004     --HOLE-- [fill = 0]
                  70011f20    0000005a     security.am263px.r5f.ti-arm-clang.nortos.debug.lib : hsmclient_wait_for_boot_notify.obj (.text.HsmClient_waitForBootNotify)
                  70011f7a    00000006     --HOLE-- [fill = 0]
                  70011f80    00000058     ti_clocktree_pll_config.obj (.text.Bootloader_socConfigurePll)
                  70011fd8    00000008     --HOLE-- [fill = 0]
                  70011fe0    00000058     board.am263px.r5f.ti-arm-clang.nortos.debug.lib : flash_nor_ospi.obj (.text.Flash_norOspiCmdWrite)
                  70012038    00000008     --HOLE-- [fill = 0]
                  70012040    00000058     security.am263px.r5f.ti-arm-clang.nortos.debug.lib : hsmclient_loadhsmrt.obj (.text.Hsmclient_mboxRxISR)
                  70012098    00000008     --HOLE-- [fill = 0]
                  700120a0    00000058     drivers.am263px.r5f.ti-arm-clang.nortos.debug.lib : ospi_v0_lld.obj (.text.OSPI_writeFifoData)
                  700120f8    00000008     --HOLE-- [fill = 0]
                  70012100    00000058                                                       : soc_rcm.obj (.text.SOC_rcmGetModuleClkDivVal)
                  70012158    00000008     --HOLE-- [fill = 0]
                  70012160    00000056                                                       : bootloader.obj (.text.Bootloader_BootImageInfo_init)
                  700121b6    0000000a     --HOLE-- [fill = 0]
                  700121c0    00000056                                                       : bootloader_soc.obj (.text.Bootloader_authFinish)
                  70012216    0000000a     --HOLE-- [fill = 0]
                  70012220    00000056                                                       : edma.obj (.text.EDMA_getHandle)
                  70012276    0000000a     --HOLE-- [fill = 0]
                  70012280    00000056                                                       : ospi_v0_lld.obj (.text.OSPI_getCmdExt)
                  700122d6    0000000a     --HOLE-- [fill = 0]
                  700122e0    00000056                                                       : ospi_v0_lld.obj (.text.OSPI_lld_configResetPin)
                  70012336    0000000a     --HOLE-- [fill = 0]
                  70012340    00000054                                                       : edma.obj (.text.EDMA_setPaRAM)
                  70012394    0000000c     --HOLE-- [fill = 0]
                  700123a0    00000054     security.am263px.r5f.ti-arm-clang.nortos.debug.lib : hsmclient_loadhsmrt.obj (.text.Hsmclient_computeIPCChecksum)
                  700123f4    0000000c     --HOLE-- [fill = 0]
                  70012400    00000054     drivers.am263px.r5f.ti-arm-clang.nortos.debug.lib : ospi_v0_lld.obj (.text.OSPI_lld_configBaudrate)
                  70012454    0000000c     --HOLE-- [fill = 0]
                  70012460    00000054                                                       : ospi_v0_lld.obj (.text.OSPI_readFifoData)
                  700124b4    00000054     libc.a : autoinit.c.obj (.text:__TI_auto_init_nobinit_nopinit)
                  70012508    00000008     --HOLE-- [fill = 0]
                  70012510    00000052     drivers.am263px.r5f.ti-arm-clang.nortos.debug.lib : edma.obj (.text.EDMA_readIntrStatusRegion)
                  70012562    0000000e     --HOLE-- [fill = 0]
                  70012570    00000052     board.am263px.r5f.ti-arm-clang.nortos.debug.lib : flash.obj (.text.Flash_read)
                  700125c2    0000000e     --HOLE-- [fill = 0]
                  700125d0    00000052     security.am263px.r5f.ti-arm-clang.nortos.debug.lib : sipc_notify_cfg.obj (.text.SIPC_Register_Isr)
                  70012622    0000000e     --HOLE-- [fill = 0]
                  70012630    00000052     drivers.am263px.r5f.ti-arm-clang.nortos.debug.lib : soc_rcm.obj (.text.SOC_rcmCoreApllRelockPreRequisite)
                  70012682    0000000e     --HOLE-- [fill = 0]
                  70012690    00000050     ti_board_open_close.obj (.text.Board_flashClose)
                  700126e0    00000050     ti_drivers_open_close.obj (.text.Drivers_edmaClose)
                  70012730    00000050     ti_drivers_open_close.obj (.text.Drivers_ospiClose)
                  70012780    00000050     drivers.am263px.r5f.ti-arm-clang.nortos.debug.lib : pinmux.obj (.text.Pinmux_config)
                  700127d0    0000004e                                                       : edma.obj (.text.EDMA_clrEvtRegion)
                  7001281e    00000002     --HOLE-- [fill = 0]
                  70012820    0000004e                                                       : edma.obj (.text.EDMA_clrIntrRegion)
                  7001286e    00000002     --HOLE-- [fill = 0]
                  70012870    0000004e                                                       : edma.obj (.text.EDMA_disableDmaEvtRegion)
                  700128be    00000002     --HOLE-- [fill = 0]
                  700128c0    0000004e                                                       : edma.obj (.text.EDMA_disableEvtIntrRegion)
                  7001290e    00000002     --HOLE-- [fill = 0]
                  70012910    0000004e                                                       : edma.obj (.text.EDMA_enableDmaEvtRegion)
                  7001295e    00000002     --HOLE-- [fill = 0]
                  70012960    0000004e                                                       : edma.obj (.text.EDMA_enableEvtIntrRegion)
                  700129ae    00000002     --HOLE-- [fill = 0]
                  700129b0    0000004e                                                       : edma.obj (.text.EDMA_getCcErrorInfo)
                  700129fe    00000002     --HOLE-- [fill = 0]
                  70012a00    0000004e                                                       : edma.obj (.text.EDMA_setEvtRegion)
                  70012a4e    00000002     --HOLE-- [fill = 0]
                  70012a50    0000004e     security.am263px.r5f.ti-arm-clang.nortos.debug.lib : hsmclient.obj (.text.HsmClient_waitForAllResponses)
                  70012a9e    00000002     --HOLE-- [fill = 0]
                  70012aa0    0000004e     drivers.am263px.r5f.ti-arm-clang.nortos.debug.lib : ospi_v0.obj (.text.OSPI_readCmd)
                  70012aee    00000002     --HOLE-- [fill = 0]
                  70012af0    0000004e                                                       : ospi_v0.obj (.text.OSPI_writeCmd)
                  70012b3e    00000002     --HOLE-- [fill = 0]
                  70012b40    0000004c     nortos.am263px.r5f.ti-arm-clang.debug.lib : ClockP_nortos.obj (.text.ClockP_construct)
                  70012b8c    00000004     --HOLE-- [fill = 0]
                  70012b90    0000004c     drivers.am263px.r5f.ti-arm-clang.nortos.debug.lib : edma.obj (.text.EDMA_ccPaRAMEntry_init)
                  70012bdc    00000004     --HOLE-- [fill = 0]
                  70012be0    0000004c                                                       : edma.obj (.text.EDMA_mapQdmaChToPaRAM)
                  70012c2c    00000004     --HOLE-- [fill = 0]
                  70012c30    0000004c     ti_power_clock_config.obj (.text.Module_clockDisable)
                  70012c7c    00000004     --HOLE-- [fill = 0]
                  70012c80    0000004c     ti_power_clock_config.obj (.text.Module_clockEnable)
                  70012ccc    00000004     --HOLE-- [fill = 0]
                  70012cd0    0000004c     drivers.am263px.r5f.ti-arm-clang.nortos.debug.lib : ospi_v0.obj (.text.OSPI_getHandle)
                  70012d1c    00000004     --HOLE-- [fill = 0]
                  70012d20    0000004c                                                       : ospi_v0_lld.obj (.text.OSPI_lld_readBaudRateDivFromReg)
                  70012d6c    00000004     --HOLE-- [fill = 0]
                  70012d70    0000004a                                                       : soc_rcm.obj (.text.SOC_rcmGetCR5SysclkInFrequency)
                  70012dba    00000006     --HOLE-- [fill = 0]
                  70012dc0    00000048                                                       : edma.obj (.text.EDMA_clearTcErrors)
                  70012e08    00000008     --HOLE-- [fill = 0]
                  70012e10    00000048                                                       : ospi_v0_lld.obj (.text.OSPI_lld_enableDacMode)
                  70012e58    00000008     --HOLE-- [fill = 0]
                  70012e60    00000048                                                       : ospi_v0_lld.obj (.text.OSPI_lld_setDeviceSize)
                  70012ea8    00000008     --HOLE-- [fill = 0]
                  70012eb0    00000048                                                       : ospi_v0_lld.obj (.text.OSPI_lld_setNumAddrBytes)
                  70012ef8    00000008     --HOLE-- [fill = 0]
                  70012f00    00000046                                                       : ospi_v0_lld.obj (.text.OSPI_lld_disableDacMode)
                  70012f46    0000000a     --HOLE-- [fill = 0]
                  70012f50    00000046                                                       : ospi_phy_am26x_lld.obj (.text.OSPI_lld_phyTuneDDR)
                  70012f96    0000000a     --HOLE-- [fill = 0]
                  70012fa0    00000044                                                       : ospi_lld_dma.obj (.text.OSPI_dmaClose)
                  70012fe4    0000000c     --HOLE-- [fill = 0]
                  70012ff0    00000044                                                       : ospi_lld_dma.obj (.text.OSPI_isDmaInterruptEnabled)
                  70013034    0000000c     --HOLE-- [fill = 0]
                  70013040    00000044                                                       : soc_rcm.obj (.text.SBL_rcmIsDualCoreSwitchSupported)
                  70013084    0000000c     --HOLE-- [fill = 0]
                  70013090    00000044     security.am263px.r5f.ti-arm-clang.nortos.debug.lib : sipc_notify_src.obj (.text.SIPC_unregisterClient)
                  700130d4    0000000c     --HOLE-- [fill = 0]
                  700130e0    00000044     drivers.am263px.r5f.ti-arm-clang.nortos.debug.lib : soc_rcm.obj (.text.SOC_rcmExtract8)
                  70013124    0000000c     --HOLE-- [fill = 0]
                  70013130    00000044                                                       : soc_rcm.obj (.text.SOC_rcmMake16)
                  70013174    0000000c     --HOLE-- [fill = 0]
                  70013180    00000044                                                       : soc_rcm.obj (.text.SOC_rcmMake8)
                  700131c4    0000000c     --HOLE-- [fill = 0]
                  700131d0    00000044     nortos.am263px.r5f.ti-arm-clang.debug.lib : SemaphoreP_nortos.obj (.text.SemaphoreP_construct)
                  70013214    0000000c     --HOLE-- [fill = 0]
                  70013220    00000044                                               : DebugP_nortos.obj (.text._DebugP_logZone)
                  70013264    0000000c     --HOLE-- [fill = 0]
                  70013270    00000044                                               : printf.obj (.text._strnlen_s)
                  700132b4    0000000c     --HOLE-- [fill = 0]
                  700132c0    00000042     drivers.am263px.r5f.ti-arm-clang.nortos.debug.lib : bootloader.obj (.text.Bootloader_initCpu)
                  70013302    0000000e     --HOLE-- [fill = 0]
                  70013310    00000042     nortos.am263px.r5f.ti-arm-clang.debug.lib : ClockP_nortos.obj (.text.ClockP_start)
                  70013352    0000000e     --HOLE-- [fill = 0]
                  70013360    00000040     drivers.am263px.r5f.ti-arm-clang.nortos.debug.lib : soc_rcm.obj (.text.SOC_rcmMake32)
                  700133a0    00000040     libc.a : memcmp.c.obj (.text.memcmp)
                  700133e0    0000003e     ti_dpl_config.obj (.text.Dpl_init)
                  7001341e    00000002     --HOLE-- [fill = 0]
                  70013420    0000003e     board.am263px.r5f.ti-arm-clang.nortos.debug.lib : flash.obj (.text.Flash_getAttrs)
                  7001345e    00000002     --HOLE-- [fill = 0]
                  70013460    0000003e     drivers.am263px.r5f.ti-arm-clang.nortos.debug.lib : bootloader_flash.obj (.text.Flash_imgDacModeToggle)
                  7001349e    00000002     --HOLE-- [fill = 0]
                  700134a0    0000003e                                                       : pinmux.obj (.text.Pinmux_unlockMMR)
                  700134de    00000002     --HOLE-- [fill = 0]
                  700134e0    0000003c                                                       : ospi_v0_lld.obj (.text.OSPI_lld_setRdDataCaptureDelay)
                  7001351c    00000004     --HOLE-- [fill = 0]
                  70013520    0000003a                                                       : bootloader_soc.obj (.text.Bootloader_socGetBootSeqOid)
                  7001355a    00000006     --HOLE-- [fill = 0]
                  70013560    0000003a     board.am263px.r5f.ti-arm-clang.nortos.debug.lib : flash.obj (.text.Flash_disableDacMode)
                  7001359a    00000006     --HOLE-- [fill = 0]
                  700135a0    0000003a                                                     : flash.obj (.text.Flash_enableDacMode)
                  700135da    00000006     --HOLE-- [fill = 0]
                  700135e0    0000003a     drivers.am263px.r5f.ti-arm-clang.nortos.debug.lib : ospi_edma_lld.obj (.text.OSPI_EdmaParams_init)
                  7001361a    00000006     --HOLE-- [fill = 0]
                  70013620    0000003a                                                       : ospi_v0.obj (.text.OSPI_enableSDR)
                  7001365a    00000006     --HOLE-- [fill = 0]
                  70013660    0000003a                                                       : soc.obj (.text.SOC_moduleSetClockFrequency)
                  7001369a    00000006     --HOLE-- [fill = 0]
                  700136a0    0000003a     nortos.am263px.r5f.ti-arm-clang.debug.lib : printf.obj (.text._atoi)
                  700136da    00000006     --HOLE-- [fill = 0]
                  700136e0    00000038     drivers.am263px.r5f.ti-arm-clang.nortos.debug.lib : bootloader_soc.obj (.text.Bootloader_socCpuResetRelease)
                  70013718    00000008     --HOLE-- [fill = 0]
                  70013720    00000038                                                       : ospi_phy_am26x_lld.obj (.text.CSL_REG32_FINS_RAW)
                  70013758    00000008     --HOLE-- [fill = 0]
                  70013760    00000038                                                       : ospi_v0_lld.obj (.text.CSL_REG32_FINS_RAW)
                  70013798    00000008     --HOLE-- [fill = 0]
                  700137a0    00000038                                                       : edma.obj (.text.EDMA_qdmaClrMissEvtRegion)
                  700137d8    00000008     --HOLE-- [fill = 0]
                  700137e0    00000038                                                       : ospi_v0.obj (.text.OSPI_configBaudrate)
                  70013818    00000008     --HOLE-- [fill = 0]
                  70013820    00000038                                                       : ospi_v0.obj (.text.OSPI_getBaudRateDivFromObj)
                  70013858    00000008     --HOLE-- [fill = 0]
                  70013860    00000038                                                       : ospi_v0.obj (.text.OSPI_setRdDataCaptureDelay)
                  70013898    00000008     --HOLE-- [fill = 0]
                  700138a0    00000038                                                       : ospi_v0.obj (.text.OSPI_setResetPinStatus)
                  700138d8    00000008     --HOLE-- [fill = 0]
                  700138e0    00000038     security.am263px.r5f.ti-arm-clang.nortos.debug.lib : sipc_notify_src.obj (.text.SIPC_Params_init)
                  70013918    00000008     --HOLE-- [fill = 0]
                  70013920    00000038                                                        : sipc_notify_src.obj (.text.SIPC_getIntrConfig)
                  70013958    00000008     --HOLE-- [fill = 0]
                  70013960    00000036     drivers.am263px.r5f.ti-arm-clang.nortos.debug.lib : edma.obj (.text.EDMA_getRegionId)
                  70013996    0000000a     --HOLE-- [fill = 0]
                  700139a0    00000036     board.am263px.r5f.ti-arm-clang.nortos.debug.lib : flash.obj (.text.Flash_getHandle)
                  700139d6    0000000a     --HOLE-- [fill = 0]
                  700139e0    00000036     drivers.am263px.r5f.ti-arm-clang.nortos.debug.lib : ospi_v0_lld.obj (.text.OSPI_lld_enableDdrRdCmds)
                  70013a16    0000000a     --HOLE-- [fill = 0]
                  70013a20    00000036                                                       : ospi_v0_lld.obj (.text.OSPI_lld_readCmdParams_init)
                  70013a56    0000000a     --HOLE-- [fill = 0]
                  70013a60    00000034                                                       : bootloader.obj (.text.Bootloader_close)
                  70013a94    0000000c     --HOLE-- [fill = 0]
                  70013aa0    00000034     security.am263px.r5f.ti-arm-clang.nortos.debug.lib : hsmclient.obj (.text.HsmClient_init)
                  70013ad4    0000000c     --HOLE-- [fill = 0]
                  70013ae0    00000034     drivers.am263px.r5f.ti-arm-clang.nortos.debug.lib : ospi_v0.obj (.text.OSPI_disableDacMode)
                  70013b14    0000000c     --HOLE-- [fill = 0]
                  70013b20    00000034                                                       : ospi_v0.obj (.text.OSPI_disablePhy)
                  70013b54    0000000c     --HOLE-- [fill = 0]
                  70013b60    00000034                                                       : ospi_v0.obj (.text.OSPI_enableDacMode)
                  70013b94    0000000c     --HOLE-- [fill = 0]
                  70013ba0    00000034                                                       : ospi_v0.obj (.text.OSPI_enablePhy)
                  70013bd4    0000000c     --HOLE-- [fill = 0]
                  70013be0    00000034                                                       : ospi_v0.obj (.text.OSPI_enablePhyPipeline)
                  70013c14    0000000c     --HOLE-- [fill = 0]
                  70013c20    00000034                                                       : ospi_v0_lld.obj (.text.OSPI_lld_disablePhyPipeline)
                  70013c54    0000000c     --HOLE-- [fill = 0]
                  70013c60    00000034                                                       : ospi_v0_lld.obj (.text.OSPI_lld_enableDDR)
                  70013c94    0000000c     --HOLE-- [fill = 0]
                  70013ca0    00000034                                                       : ospi_v0_lld.obj (.text.OSPI_lld_enablePhyPipeline)
                  70013cd4    0000000c     --HOLE-- [fill = 0]
                  70013ce0    00000034                                                       : ospi_v0_lld.obj (.text.OSPI_lld_enableSDR)
                  70013d14    0000000c     --HOLE-- [fill = 0]
                  70013d20    00000034                                                       : ospi_v0_lld.obj (.text.OSPI_lld_isChipSelectValid)
                  70013d54    0000000c     --HOLE-- [fill = 0]
                  70013d60    00000034                                                       : ospi_v0_lld.obj (.text.OSPI_lld_isFrameFormatValid)
                  70013d94    0000000c     --HOLE-- [fill = 0]
                  70013da0    00000034                                                       : ospi_v0_lld.obj (.text.OSPI_lld_setResetPinStatus)
                  70013dd4    0000000c     --HOLE-- [fill = 0]
                  70013de0    00000034                                                       : ospi_v0.obj (.text.OSPI_setXferOpCodes)
                  70013e14    0000000c     --HOLE-- [fill = 0]
                  70013e20    00000034                                                       : pinmux.obj (.text.Pinmux_lockMMR)
                  70013e54    0000000c     --HOLE-- [fill = 0]
                  70013e60    00000034     nortos.am263px.r5f.ti-arm-clang.debug.lib : TimerP_rti_priv.obj (.text.TimerP_Params_initPriv)
                  70013e94    0000000c     --HOLE-- [fill = 0]
                  70013ea0    00000032     drivers.am263px.r5f.ti-arm-clang.nortos.debug.lib : bootloader.obj (.text.Bootloader_runSelfCpu)
                  70013ed2    0000000e     --HOLE-- [fill = 0]
                  70013ee0    00000032                                                       : edma.obj (.text.HW_WR_FIELD32_RAW)
                  70013f12    0000000e     --HOLE-- [fill = 0]
                  70013f20    00000032                                                       : fss_v0.obj (.text.HW_WR_FIELD32_RAW)
                  70013f52    0000000e     --HOLE-- [fill = 0]
                  70013f60    00000032                                                       : ospi_v0_lld.obj (.text.OSPI_lld_setCmdDummyCycles)
                  70013f92    0000000e     --HOLE-- [fill = 0]
                  70013fa0    00000032                                                       : ospi_v0_lld.obj (.text.OSPI_lld_setReadDummyCycles)
                  70013fd2    0000000e     --HOLE-- [fill = 0]
                  70013fe0    00000032                                                       : ospi_v0_lld.obj (.text.OSPI_lld_writeCmdParams_init)
                  70014012    0000000e     --HOLE-- [fill = 0]
                  70014020    00000032     nortos.am263px.r5f.ti-arm-clang.debug.lib : TimerP_rti_priv.obj (.text.TimerP_getCountPriv)
                  70014052    0000000e     --HOLE-- [fill = 0]
                  70014060    00000030     drivers.am263px.r5f.ti-arm-clang.nortos.debug.lib : bootloader.obj (.text.Bootloader_isCorePresent)
                  70014090    00000030     board.am263px.r5f.ti-arm-clang.nortos.debug.lib : flash.obj (.text.Flash_close)
                  700140c0    00000030                                                     : flash_nor_ospi.obj (.text.Flash_norOspiDacModeDisable)
                  700140f0    00000030                                                     : flash_nor_ospi.obj (.text.Flash_norOspiDacModeEnable)
                  70014120    00000030     drivers.am263px.r5f.ti-arm-clang.nortos.debug.lib : ospi_phy_am26x.obj (.text.OSPI_phyReadAttackVector)
                  70014150    00000030                                                       : ospi_phy_am26x.obj (.text.OSPI_phyTuneDDR)
                  70014180    0000002e                                                       : bootloader_soc.obj (.text.Bootloader_socGetCoreName)
                  700141ae    00000002     --HOLE-- [fill = 0]
                  700141b0    0000002e                                                       : ospi_v0.obj (.text.OSPI_deinit)
                  700141de    00000002     --HOLE-- [fill = 0]
                  700141e0    0000002e                                                       : ospi_v0_lld.obj (.text.OSPI_disableInterrupt)
                  7001420e    00000002     --HOLE-- [fill = 0]
                  70014210    0000002e                                                       : ospi_v0_lld.obj (.text.OSPI_enableInterrupt)
                  7001423e    00000002     --HOLE-- [fill = 0]
                  70014240    0000002e                                                       : soc_rcm.obj (.text.SOC_rcmMemInitMailboxMemory)
                  7001426e    00000002     --HOLE-- [fill = 0]
                  70014270    0000002e     nortos.am263px.r5f.ti-arm-clang.debug.lib : printf.obj (.text._is_digit)
                  7001429e    00000002     --HOLE-- [fill = 0]
                  700142a0    0000002c     drivers.am263px.r5f.ti-arm-clang.nortos.debug.lib : bootloader_soc.obj (.text.Bootloader_socCpuGetClkDefault)
                  700142cc    00000004     --HOLE-- [fill = 0]
                  700142d0    0000002c     nortos.am263px.r5f.ti-arm-clang.debug.lib : DebugP_log.obj (.text.DebugP_logZoneEnable)
                  700142fc    00000004     --HOLE-- [fill = 0]
                  70014300    0000002c     drivers.am263px.r5f.ti-arm-clang.nortos.debug.lib : ospi_v0.obj (.text.OSPI_isDacEnable)
                  7001432c    00000004     --HOLE-- [fill = 0]
                  70014330    0000002c                                                       : ospi_v0.obj (.text.OSPI_isPhyEnable)
                  7001435c    00000004     --HOLE-- [fill = 0]
                  70014360    0000002c                                                       : ospi_v0.obj (.text.OSPI_setDeviceSize)
                  7001438c    00000004     --HOLE-- [fill = 0]
                  70014390    0000002c     nortos.am263px.r5f.ti-arm-clang.debug.lib : SemaphoreP_nortos.obj (.text.SemaphoreP_constructBinary)
                  700143bc    00000004     --HOLE-- [fill = 0]
                  700143c0    0000002a     drivers.am263px.r5f.ti-arm-clang.nortos.debug.lib : bootloader_soc.obj (.text.Bootloader_socCpuSetClock)
                  700143ea    00000006     --HOLE-- [fill = 0]
                  700143f0    0000002a                                                       : bootloader_soc.obj (.text.Bootloader_socIsAuthRequired)
                  7001441a    00000006     --HOLE-- [fill = 0]
                  70014420    0000002a     nortos.am263px.r5f.ti-arm-clang.debug.lib : ClockP_nortos.obj (.text.ClockP_sleepTicks)
                  7001444a    00000006     --HOLE-- [fill = 0]
                  70014450    0000002a     drivers.am263px.r5f.ti-arm-clang.nortos.debug.lib : fss_v0.obj (.text.FSS_ECCCalculateRegionSize)
                  7001447a    00000006     --HOLE-- [fill = 0]
                  70014480    0000002a                                                       : fss_v0.obj (.text.FSS_enableECC)
                  700144aa    00000006     --HOLE-- [fill = 0]
                  700144b0    0000002a                                                       : ospi_v0_lld.obj (.text.OSPI_lld_setModeBits)
                  700144da    00000006     --HOLE-- [fill = 0]
                  700144e0    0000002a     main.obj (.text.flashFixUpOspiBoot)
                  7001450a    00000006     --HOLE-- [fill = 0]
                  70014510    00000028     nortos.am263px.r5f.ti-arm-clang.debug.lib : CpuId_armv7r.obj (.text.CSL_armR5GetCpuID)
                  70014538    00000008     --HOLE-- [fill = 0]
                  70014540    00000028     drivers.am263px.r5f.ti-arm-clang.nortos.debug.lib : ospi_v0_lld.obj (.text.OSPI_lld_Transaction_init)
                  70014568    00000008     --HOLE-- [fill = 0]
                  70014570    00000028                                                       : ospi_v0_lld.obj (.text.OSPI_lld_clearDualOpCodeMode)
                  70014598    00000008     --HOLE-- [fill = 0]
                  700145a0    00000028                                                       : ospi_v0_lld.obj (.text.OSPI_lld_enableModeBitsCmd)
                  700145c8    00000008     --HOLE-- [fill = 0]
                  700145d0    00000028                                                       : ospi_v0_lld.obj (.text.OSPI_lld_enableModeBitsRead)
                  700145f8    00000008     --HOLE-- [fill = 0]
                  70014600    00000028                                                       : ospi_v0_lld.obj (.text.OSPI_lld_setDualOpCodeMode)
                  70014628    00000008     --HOLE-- [fill = 0]
                  70014630    00000028                                                       : ospi_v0.obj (.text.OSPI_setCmdDummyCycles)
                  70014658    00000008     --HOLE-- [fill = 0]
                  70014660    00000028                                                       : ospi_v0.obj (.text.OSPI_setCmdExtType)
                  70014688    00000008     --HOLE-- [fill = 0]
                  70014690    00000028                                                       : ospi_v0.obj (.text.OSPI_setModeBits)
                  700146b8    00000008     --HOLE-- [fill = 0]
                  700146c0    00000028                                                       : ospi_v0.obj (.text.OSPI_setNumAddrBytes)
                  700146e8    00000008     --HOLE-- [fill = 0]
                  700146f0    00000028                                                       : ospi_v0.obj (.text.OSPI_setPhyEnableSuccess)
                  70014718    00000008     --HOLE-- [fill = 0]
                  70014720    00000028                                                       : ospi_v0.obj (.text.OSPI_setProtocol)
                  70014748    00000008     --HOLE-- [fill = 0]
                  70014750    00000028                                                       : ospi_v0.obj (.text.OSPI_setReadDummyCycles)
                  70014778    00000008     --HOLE-- [fill = 0]
                  70014780    00000028     nortos.am263px.r5f.ti-arm-clang.debug.lib : printf.obj (.text.vprintf_)
                  700147a8    00000008     --HOLE-- [fill = 0]
                  700147b0    00000026     drivers.am263px.r5f.ti-arm-clang.nortos.debug.lib : edma.obj (.text.EDMA_disableQdmaEvtRegion)
                  700147d6    0000000a     --HOLE-- [fill = 0]
                  700147e0    00000026                                                       : edma.obj (.text.EDMA_enableQdmaEvtRegion)
                  70014806    0000000a     --HOLE-- [fill = 0]
                  70014810    00000026                                                       : edma.obj (.text.EDMA_getIntrStatusRegion)
                  70014836    0000000a     --HOLE-- [fill = 0]
                  70014840    00000026                                                       : edma.obj (.text.EDMA_intrStatusHighGetRegion)
                  70014866    0000000a     --HOLE-- [fill = 0]
                  70014870    00000026                                                       : edma.obj (.text.EDMA_validateIntrObject)
                  70014896    0000000a     --HOLE-- [fill = 0]
                  700148a0    00000024                                                       : bootloader.obj (.text.Bootloader_CpuInfo_init)
                  700148c4    0000000c     --HOLE-- [fill = 0]
                  700148d0    00000024                                                       : ospi_phy_am26x_lld.obj (.text.CSL_REG32_FEXT_RAW)
                  700148f4    0000000c     --HOLE-- [fill = 0]
                  70014900    00000024                                                       : ospi_v0_lld.obj (.text.CSL_REG32_FEXT_RAW)
                  70014924    0000000c     --HOLE-- [fill = 0]
                  70014930    00000024     board.am263px.r5f.ti-arm-clang.nortos.debug.lib : flash.obj (.text.Flash_getPhyTuningOffset)
                  70014954    0000000c     --HOLE-- [fill = 0]
                  70014960    00000024                                                     : flash_nor_ospi.obj (.text.Flash_norOspiClose)
                  70014984    0000000c     --HOLE-- [fill = 0]
                  70014990    00000024     drivers.am263px.r5f.ti-arm-clang.nortos.debug.lib : ospi_v0.obj (.text.OSPI_clearDualOpCodeMode)
                  700149b4    0000000c     --HOLE-- [fill = 0]
                  700149c0    00000024                                                       : ospi_edma_lld.obj (.text.OSPI_edmaIsrFxn)
                  700149e4    0000000c     --HOLE-- [fill = 0]
                  700149f0    00000024                                                       : ospi_v0.obj (.text.OSPI_enableModeBitsCmd)
                  70014a14    0000000c     --HOLE-- [fill = 0]
                  70014a20    00000024                                                       : ospi_v0.obj (.text.OSPI_enableModeBitsRead)
                  70014a44    0000000c     --HOLE-- [fill = 0]
                  70014a50    00000024                                                       : ospi_v0_lld.obj (.text.OSPI_lld_isDecoderChipSelectValid)
                  70014a74    0000000c     --HOLE-- [fill = 0]
                  70014a80    00000024                                                       : soc_rcm.obj (.text.SOC_rcmR5SS0TriggerReset)
                  70014aa4    0000000c     --HOLE-- [fill = 0]
                  70014ab0    00000024     nortos.am263px.r5f.ti-arm-clang.debug.lib : SemaphoreP_nortos.obj (.text.SemaphoreP_constructMutex)
                  70014ad4    00000024     libclang_rt.builtins.a : aeabi_uldivmod.S.obj (.text.__aeabi_uldivmod)
                  70014af8    00000008     --HOLE-- [fill = 0]
                  70014b00    00000024     nortos.am263px.r5f.ti-arm-clang.debug.lib : printf.obj (.text._out_char)
                  70014b24    0000000c     --HOLE-- [fill = 0]
                  70014b30    00000022     drivers.am263px.r5f.ti-arm-clang.nortos.debug.lib : bootloader_profile.obj (.text.Bootloader_profileAddCore)
                  70014b52    0000000e     --HOLE-- [fill = 0]
                  70014b60    00000022                                                       : edma.obj (.text.EDMA_channelToParamMap)
                  70014b82    0000000e     --HOLE-- [fill = 0]
                  70014b90    00000022                                                       : ospi_v0.obj (.text.OSPI_getFlashDataBaseAddr)
                  70014bb2    0000000e     --HOLE-- [fill = 0]
                  70014bc0    00000022                                                       : ospi_v0_lld.obj (.text.OSPI_lld_param_check)
                  70014be2    0000000e     --HOLE-- [fill = 0]
                  70014bf0    00000022                                                       : soc_rcm.obj (.text.SOC_rcmR5SS1TriggerReset)
                  70014c12    0000000e     --HOLE-- [fill = 0]
                  70014c20    00000020     nortos.am263px.r5f.ti-arm-clang.debug.lib : ClockP_nortos.obj (.text.ClockP_isActive)
                  70014c40    00000020                                               : ClockP_nortos.obj (.text.ClockP_usecToTicks)
                  70014c60    00000020     drivers.am263px.r5f.ti-arm-clang.nortos.debug.lib : ospi_v0_lld.obj (.text.OSPI_lld_readCompleteCallback)
                  70014c80    00000020     security.am263px.r5f.ti-arm-clang.nortos.debug.lib : sipc_notify_src.obj (.text.SIPC_insertClientIds)
                  70014ca0    00000020                                                        : sipc_notify_src.obj (.text.SIPC_readSelfCoreID)
                  70014cc0    0000001e     nortos.am263px.r5f.ti-arm-clang.debug.lib : ClockP_nortos.obj (.text.ClockP_Params_init)
                  70014cde    00000002     --HOLE-- [fill = 0]
                  70014ce0    0000001e     drivers.am263px.r5f.ti-arm-clang.nortos.debug.lib : ospi_v0.obj (.text.OSPI_dmaInterruptCallback)
                  70014cfe    00000002     --HOLE-- [fill = 0]
                  70014d00    0000001e                                                       : ospi_v0_lld.obj (.text.OSPI_getSramLevel)
                  70014d1e    00000002     --HOLE-- [fill = 0]
                  70014d20    0000001e                                                       : ospi_v0_lld.obj (.text.OSPI_getWriteSramLevel)
                  70014d3e    00000002     --HOLE-- [fill = 0]
                  70014d40    0000001e                                                       : ospi_v0.obj (.text.OSPI_interruptCallback)
                  70014d5e    00000002     --HOLE-- [fill = 0]
                  70014d60    0000001e                                                       : ospi_v0_lld.obj (.text.OSPI_lld_getFlashDataBaseAddr)
                  70014d7e    00000002     --HOLE-- [fill = 0]
                  70014d80    0000001e                                                       : soc.obj (.text.SOC_moduleClockEnable)
                  70014d9e    00000002     --HOLE-- [fill = 0]
                  70014da0    0000001c     ti_board_open_close.obj (.text.Board_driversOpen)
                  70014dbc    00000004     --HOLE-- [fill = 0]
                  70014dc0    0000001c     drivers.am263px.r5f.ti-arm-clang.nortos.debug.lib : edma.obj (.text.EDMA_errIntrHighStatusGet)
                  70014ddc    00000004     --HOLE-- [fill = 0]
                  70014de0    0000001c                                                       : edma.obj (.text.EDMA_getCCErrStatus)
                  70014dfc    00000004     --HOLE-- [fill = 0]
                  70014e00    0000001c                                                       : edma.obj (.text.EDMA_getErrIntrStatus)
                  70014e1c    00000004     --HOLE-- [fill = 0]
                  70014e20    0000001c                                                       : edma.obj (.text.EDMA_qdmaGetErrIntrStatus)
                  70014e3c    00000004     --HOLE-- [fill = 0]
                  70014e40    0000001c                                                       : ospi_v0_lld.obj (.text.OSPI_clearInterrupt)
                  70014e5c    00000004     --HOLE-- [fill = 0]
                  70014e60    0000001c                                                       : ospi_phy_am26x_lld.obj (.text.OSPI_lld_phyGetTuningData)
                  70014e7c    00000004     --HOLE-- [fill = 0]
[...]
70011b81  SOC_rcmIsR5FInLockStepMode               
70011cd1  SemaphoreP_post                          
70011d41  EDMA_chainChannel                        
70011da1  OSPI_dmaCopy                             
70011e61  Module_clockSetFrequency                 
70011f21  HsmClient_waitForBootNotify              
70011f81  Bootloader_socConfigurePll               
70012161  Bootloader_BootImageInfo_init            
700121c1  Bootloader_authFinish                    
70012221  EDMA_getHandle                           
700122e1  OSPI_lld_configResetPin                  
70012341  EDMA_setPaRAM                            
70012401  OSPI_lld_configBaudrate                  
700124b4  __TI_auto_init_nobinit_nopinit           
70012511  EDMA_readIntrStatusRegion                
70012571  Flash_read                               
700125d1  SIPC_Register_Isr                        
70012631  SOC_rcmCoreApllRelockPreRequisite        
70012691  Board_flashClose                         
700126e1  Drivers_edmaClose                        
70012731  Drivers_ospiClose                        
70012781  Pinmux_config                            
700127d1  EDMA_clrEvtRegion                        
70012821  EDMA_clrIntrRegion                       
70012871  EDMA_disableDmaEvtRegion                 
700128c1  EDMA_disableEvtIntrRegion                
70012911  EDMA_enableDmaEvtRegion                  
70012961  EDMA_enableEvtIntrRegion                 
70012a01  EDMA_setEvtRegion                        
70012aa1  OSPI_readCmd                             
70012af1  OSPI_writeCmd                            
70012b41  ClockP_construct                         
70012b91  EDMA_ccPaRAMEntry_init                   
70012be1  EDMA_mapQdmaChToPaRAM                    
70012c31  Module_clockDisable                      
70012c81  Module_clockEnable                       
70012cd1  OSPI_getHandle                           
70012d21  OSPI_lld_readBaudRateDivFromReg          
70012e11  OSPI_lld_enableDacMode                   
70012e61  OSPI_lld_setDeviceSize                   
70012eb1  OSPI_lld_setNumAddrBytes                 
70012f01  OSPI_lld_disableDacMode                  
70012f51  OSPI_lld_phyTuneDDR                      
70012fa1  OSPI_dmaClose                            
70012ff1  OSPI_isDmaInterruptEnabled               
70013091  SIPC_unregisterClient                    
700131d1  SemaphoreP_construct                     
70013221  _DebugP_logZone                          
700132c1  Bootloader_initCpu                       
70013311  ClockP_start                             
700133a0  memcmp                                   
700133e1  Dpl_init                                 
70013421  Flash_getAttrs                           
700134e1  OSPI_lld_setRdDataCaptureDelay           
70013521  Bootloader_socGetBootSeqOid              
70013561  Flash_disableDacMode                     
700135a1  Flash_enableDacMode                      
700135e1  OSPI_EdmaParams_init                     
70013621  OSPI_enableSDR                           
70013661  SOC_moduleSetClockFrequency              
700136e1  Bootloader_socCpuResetRelease            
700137a1  EDMA_qdmaClrMissEvtRegion                
700137e1  OSPI_configBaudrate                      
70013821  OSPI_getBaudRateDivFromObj               
70013861  OSPI_setRdDataCaptureDelay               
700138a1  OSPI_setResetPinStatus                   
700138e1  SIPC_Params_init                         
70013961  EDMA_getRegionId                         
700139a1  Flash_getHandle                          
700139e1  OSPI_lld_enableDdrRdCmds                 
70013a21  OSPI_lld_readCmdParams_init              
70013a61  Bootloader_close                         
70013aa1  HsmClient_init                           
70013ae1  OSPI_disableDacMode                      
70013b21  OSPI_disablePhy                          
70013b61  OSPI_enableDacMode                       
70013ba1  OSPI_enablePhy                           
70013be1  OSPI_enablePhyPipeline                   
70013c21  OSPI_lld_disablePhyPipeline              
70013c61  OSPI_lld_enableDDR                       
70013ca1  OSPI_lld_enablePhyPipeline               
70013ce1  OSPI_lld_enableSDR                       
70013da1  OSPI_lld_setResetPinStatus               
70013de1  OSPI_setXferOpCodes                      
70013e61  TimerP_Params_initPriv                   
70013ea1  Bootloader_runSelfCpu                    
70013f61  OSPI_lld_setCmdDummyCycles               
70013fa1  OSPI_lld_setReadDummyCycles              
70013fe1  OSPI_lld_writeCmdParams_init             
70014021  TimerP_getCountPriv                      
70014061  Bootloader_isCorePresent                 
70014091  Flash_close                              
70014121  OSPI_phyReadAttackVector                 
70014151  OSPI_phyTuneDDR                          
70014181  Bootloader_socGetCoreName                
700141b1  OSPI_deinit                              
70014241  SOC_rcmMemInitMailboxMemory              
700142a1  Bootloader_socCpuGetClkDefault           
700142d1  DebugP_logZoneEnable                     
70014301  OSPI_isDacEnable                         
70014331  OSPI_isPhyEnable                         
70014361  OSPI_setDeviceSize                       
70014391  SemaphoreP_constructBinary               
700143c1  Bootloader_socCpuSetClock                
700143f1  Bootloader_socIsAuthRequired             
70014481  FSS_enableECC                            
700144b1  OSPI_lld_setModeBits                     
700144e1  flashFixUpOspiBoot                       
70014511  CSL_armR5GetCpuID                        
70014541  OSPI_lld_Transaction_init                
70014571  OSPI_lld_clearDualOpCodeMode             
700145a1  OSPI_lld_enableModeBitsCmd               
700145d1  OSPI_lld_enableModeBitsRead              
70014601  OSPI_lld_setDualOpCodeMode               
70014631  OSPI_setCmdDummyCycles                   
70014661  OSPI_setCmdExtType                       
70014691  OSPI_setModeBits                         
700146c1  OSPI_setNumAddrBytes                     
700146f1  OSPI_setPhyEnableSuccess                 
70014721  OSPI_setProtocol                         
70014751  OSPI_setReadDummyCycles                  
70014781  vprintf_                                 
700147b1  EDMA_disableQdmaEvtRegion                
700147e1  EDMA_enableQdmaEvtRegion                 
70014811  EDMA_getIntrStatusRegion                 
70014841  EDMA_intrStatusHighGetRegion             
700148a1  Bootloader_CpuInfo_init                  
70014931  Flash_getPhyTuningOffset                 
70014991  OSPI_clearDualOpCodeMode                 
700149f1  OSPI_enableModeBitsCmd                   
70014a21  OSPI_enableModeBitsRead                  
70014a81  SOC_rcmR5SS0TriggerReset                 
70014ab1  SemaphoreP_constructMutex                
70014ad4  __aeabi_uldivmod                         
70014b31  Bootloader_profileAddCore                
70014b61  EDMA_channelToParamMap                   
70014b91  OSPI_getFlashDataBaseAddr                
70014bf1  SOC_rcmR5SS1TriggerReset                 
70014c21  ClockP_isActive                          
70014c41  ClockP_usecToTicks                       
70014c61  OSPI_lld_readCompleteCallback            
70014cc1  ClockP_Params_init                       
70014d61  OSPI_lld_getFlashDataBaseAddr            
70014d81  SOC_moduleClockEnable                    
70014da1  Board_driversOpen                        
70014dc1  EDMA_errIntrHighStatusGet                
70014de1  EDMA_getCCErrStatus                      
70014e01  EDMA_getErrIntrStatus                    
70014e21  EDMA_qdmaGetErrIntrStatus                
70014e61  OSPI_lld_phyGetTuningData                
70014e81  System_init                              
70014e9c  TI_memcpy_small                          
70014ec1  OSPI_lld_setCmdExtType                   
70014f01  SOC_rcmSetR5Clock                        
70014f21  board_flash_reset                        
70014f41  EDMA_clrCCErr                            
70014f61  EDMA_isInterruptEnabled                  
70014fa1  OSPI_ReadCmdParams_init                  
70014fc1  OSPI_Transaction_init                    
70014fe1  OSPI_WriteCmdParams_init                 
70015001  OSPI_edmaItrStatus                       
70015021  OSPI_lld_setPhyEnableSuccess             
70015061  SOC_rcmSetR5ClockSource                  
70015081  SemaphoreP_Params_init                   
700150a1  System_deinit                            
700150c1  TimerP_getReloadCountPriv                
700150d8  TI_memset_small                          
700150f1  FSS_disableECC                           
70015131  HsmClient_unregister                     
70015151  OSPI_lld_isDacEnable                     
70015171  OSPI_lld_isPhyEnable                     
70015191  TimerP_startPriv                         
700151b1  TimerP_stopPriv                          
700151d1  Bootloader_Params_init                   
700151f1  HsmClient_SecureBootQueueInit            
70015211  OSPI_phyGetTuningData                    
70015271  TimerP_clearOverflowIntPriv              
70015291  TimerP_setup                             
700152b1  HsmClient_unRegister                     
700152d1  Hsmclient_updateBootNotificationRegister 
700152f1  Pinmux_init                              
70015351  ClockP_getTimerCount                     
70015361  ClockP_timerClearOverflowInt             
700153b1  TimerP_Params_init                       
700153c1  TimerP_clearOverflowInt                  
700153d1  TimerP_getCount                          
700153e1  TimerP_getReloadCount                    
700153f1  TimerP_start                             
70015411  Bootloader_socCpuResetReleaseSelf        
70015421  Bootloader_socInitL2MailBoxMemory        
70015451  ClockP_getTicks                          
70015461  Drivers_close                            
70015471  Drivers_open                             
70015481  PowerClock_init                          
70015491  SIPC_getSelfCoreId                       
700154b1  Bootloader_socCpuRelease                 
700154c1  Bootloader_socCpuRequest                 
700154d1  Bootloader_socGetSBLMem                  
70015501  Keyring_init                             
70015521  putchar_                                 
70015531  PowerClock_deinit                        
70015571  SemaphoreP_destruct                      
700155a1  Dpl_deinit                               
700155c1  HwiP_enableInt                           
70015601  HwiP_disableInt                          
70015661  HwiP_restoreInt                          
70015691  HwiP_clearInt                            
700156d1  HwiP_post                                
70015711  HwiP_Params_init                         
70015741  HwiP_construct                           
70015931  HwiP_destruct                            
700159a1  HwiP_init                                
70015b51  HwiP_inISR                               
70015b81  HwiP_setVimIrqPriMaskNonAtomic           
70015bd1  HwiP_setVimIrqPriMaskAtomic              
70015c71  HwiP_restoreVimIrqPriMask                
70015c81  HwiP_irq_handler_c                       
70015e21  HwiP_fiq_handler                         
70015f81  HwiP_reserved_handler                    
70015fc1  HwiP_undefined_handler_c                 
70015fe1  HwiP_user_undefined_handler_c            
70016001  HwiP_svc_handler                         
70016041  HwiP_prefetch_abort_handler_c            
700160e1  HwiP_user_prefetch_abort_handler_c       
70016121  HwiP_data_abort_handler_c                
700161e1  HwiP_user_data_abort_handler_c           
7001621c  HwiP_irq_handler                         
70016290  HwiP_data_abort_handler                  
700162d4  HwiP_prefetch_abort_handler              
70016320  HwiP_undefined_handler                   
70016350  GET_DFSR                                 
70016358  GET_ADFSR                                
70016360  GET_DFAR                                 
70016368  GET_IFSR                                 
70016370  GET_AIFSR                                
70016378  GET_IFAR                                 
70016380  GET_SPSR                                 
70016398  HwiP_disable                             
700163a8  HwiP_disableFIQ                          
700163b8  HwiP_enable                              
700163c8  HwiP_enableFIQ                           
700163d8  HwiP_restore                             
700163e0  HwiP_enableVIC                           
700163f0  HwiP_disableVIC                          
70016400  HwiP_getCPSR                             
70016410  CacheP_disableL1d                        
70016438  CacheP_disableL1p                        
70016450  CacheP_enableL1d                         
70016468  CacheP_enableL1p                         
70016480  CacheP_invL1d                            
700164b8  CacheP_invL1p                            
700164f4  CacheP_invL1dAll                         
700164fc  CacheP_invL1pAll                         
70016504  CacheP_wb                                
70016540  CacheP_wbInv                             
7001657c  CacheP_wbAll                             
70016624  CacheP_wbInvAll                          
7001663c  CacheP_wbInvAllAsm                       
700166dc  CacheP_getEnabled                        
70016714  CacheP_getCacheLevelInfo                 
70016720  CacheP_configForceWrThru                 
70016740  CacheP_setDLFO                           
70016751  CacheP_init                              
700167e1  CacheP_disable                           
70016831  CacheP_enable                            
70016871  CacheP_inv                               
700168b1  MpuP_getAttrs                            
70016911  MpuP_RegionAttrs_init                    
70016941  MpuP_setRegion                           
700169d1  MpuP_isEnable                            
700169e1  MpuP_disable                             
70016a21  MpuP_enable                              
70016a71  MpuP_init                                
70016b11  MpuP_isUserAuthorizedToAccessMemory      
70016bf0  MpuP_disableAsm                          
70016c08  MpuP_disableBRAsm                        
70016c18  MpuP_enableAsm                           
70016c30  MpuP_enableBRAsm                         
70016c40  MpuP_isEnableAsm                         
70016c54  MpuP_setRegionAsm                        
70016c70  _c_int00_sbl                             
70016c94  _c_int00                                 
70016dc1  _DebugP_assertNoLog                      
70016df1  _system_pre_init                         
70016e21  __mpu_init                               
70016f50  gFlashDevCfg_IS25LX256                   
700170d4  gAddrTranslateInfo                       
700171ac  gSIPC_InterruptConfig                    
70017210  gSIPC_HsmMboxConfig                      
70017260  gSIPC_SecureHostMboxConfig               
700172b0  gFlashAttrs_IS25LX256                    
700172e8  gCoreBootInfo                            
70017318  gBootloaderConfig                        
70017344  gFlashNorOspiFxns                        
70017368  gFlashToSpiProtocolMap                   
7001738c  gBootloaderFlashFxns                     
700173a4  gClockConfig                             
700173ec  gFlashConfig                             
700174f4  gSocModulesClockFrequency                
70017538  gResMemSection                           
7001754c  gBootloader0Args                         
7001755c  gOspiDmaEdmaFxns                         
7001756c  gOspiDmaConfig                           
70017578  gEdmaConfig                              
70017580  gEdmaParams                              
70017588  gFlashParams                             
70017590  gOspiConfig                              
70017598  gSIPC_QueHsmToSecureHost                 
700175a0  gSIPC_QueSecureHostToHsm                 
700175a8  gSocModules                              
700175b0  operatingMode                            
700175bc  gBootloaderConfigNum                     
700175c0  gDebugLogZone                            
700175c4  gEdmaConfigNum                           
700175c8  gFlashConfigNum                          
700175cc  gHsmRtDownloadComplete                   
700175d0  gHsmrtLoadStatus                         
700175d4  gHwiConfig                               
700175e8  gOspiConfigNum                           
700175ec  gOspiDmaConfigNum                        
700175f0  gOspiParams                              
700175f4  gR5ss0Core1ImagePresent                  
700175f8  gR5ss0MemInitDone                        
700175fc  gR5ss1Core1ImagePresent                  
70017600  gR5ss1MemInitDone                        
70017604  gR5ss1PORDone                            
7001760c  gStreamId                                
70017614  ptrMSSCtrlRegs                           
70017618  ptrTopCtrlRegs                           
7001761c  vec_size                                 
70017620  vector_table_loc                         
70017624  isMapAvailable                           
70017628  gCacheConfig                             
70017630  gMpuConfig                               
7001763c  gMpuRegionConfig                         
7001776d  gCR5ClkSrcInfoMap                        
700177c0  gADPLLJConfigTbl                         
7001821d  gPeripheralClkSrcInfoMap                 
70018588  gPLLFreqId2FOutMap                       
70018614  gXTALInfo                                
70018634  gCacheL1dCacheLineSize                   
70018638  gCacheL1pCacheLineSize                   
70018648  __IRQ_STACK_START                        
70019648  __FIQ_STACK_START                        
70019648  __IRQ_STACK_END                          
70019748  __FIQ_STACK_END                          
70019748  __SVC_STACK_START                        
7001a748  __ABORT_STACK_START                      
7001a748  __SVC_STACK_END                          
7001a848  __ABORT_STACK_END                        
7001a848  __UNDEFINED_STACK_START                  
7001a948  __UNDEFINED_STACK_END                    
70022000  __BSS_START                              
70022000  gPHTBuffer                               
70030080  gX509Cert                                
70031080  gHwiCtrl                                 
7003188c  gHsmClientMsgQueue                       
70031bcc  gHSMClient                               
70031bfc  gEdmaHandle                              
70031c00  vec_addrs                                
70031f00  gNoteSegBuffer                           
70032180  gSecureBootStreamArray                   
70032504  gProfileObj                              
700326cc  gFlashHandle                             
700326d0  gClockCtrl                               
700326f0  virtToPhymap                             
70032700  gElfHBuffer                              
70032780  gSIPC_ctrl                               
700327c4  gOspiEdmaArgs                            
700327fc  gFlashObject_IS25LX256                   
70032810  gOspiHandle                              
70032880  __BSS_END                                
70032880  __stack                                  
70034880  __STACK_END                              
ffffffff  __TI_pprof_out_hndl                      
ffffffff  __TI_prof_data_size                      
ffffffff  __TI_prof_data_start                     
ffffffff  __binit__                                
ffffffff  binit                                    
UNDEFED   __TI_CINIT_Base                          
UNDEFED   __TI_CINIT_Limit                         
UNDEFED   __TI_Handler_Table_Base                  
UNDEFED   __TI_Handler_Table_Limit                 
UNDEFED   _system_post_cinit                       

[539 symbols]
