******************************************************************************
            TI ARM Clang Linker Unix v4.0.3                    
******************************************************************************
>> Linked Mon Sep 15 15:34:51 2025

OUTPUT FILE NAME:   <sbl_can_uniflash_multicore_elf.debug.out>
ENTRY POINT SYMBOL: "_vectors"  address: 00000000


MEMORY CONFIGURATION

         name            origin    length      used     unused   attr    fill
----------------------  --------  ---------  --------  --------  ----  --------
  R5F_VECS              00000000   00000100  00000040  000000c0  RWIX
  R5F_TCMA              00000100   00007f00  00000000  00007f00  RWIX
  R5F_TCMB              00080000   00008000  00000000  00008000  RWIX
  MSRAM_VECS            70002000   00000100  00000040  000000c0  RWIX
  MSRAM_0               70002100   0004df00  0003f704  0000e7fc  RWIX
  MSRAM_HSMRT           70050000   00040000  0000a6e4  0003591c  RWIX
  MSRAM_1               70090000   00170000  00170000  00000000  RWIX


SEGMENT ALLOCATION MAP

run origin  load origin   length   init length attrs members
----------  ----------- ---------- ----------- ----- -------
00000000    70002000    00000040   00000040    r-x
  00000000    70002000    00000040   00000040    r-x .sbl_init_code
70002100    70002100    0001d602   0001d602    r-x
  70002100    70002100    0001d602   0001d602    r-x .text
7001f710    7001f710    00000e48   00000e48    r-x
  7001f710    7001f710    00000e48   00000e48    r-x .text.hwi
70020560    70020560    00000498   00000498    r-x
  70020560    70020560    00000498   00000498    r-x .text.cache
70020a00    70020a00    000003b8   000003b8    r-x
  70020a00    70020a00    000003b8   000003b8    r-x .text.mpu
70020dc0    70020dc0    000001bc   000001bc    r-x
  70020dc0    70020dc0    000001bc   000001bc    r-x .text.boot
70020f80    70020f80    00000b85   00000b85    rw-
  70020f80    70020f80    00000b85   00000b85    rw- .data
70021b08    70021b08    00001504   00001504    r--
  70021b08    70021b08    00001504   00001504    r-- .rodata
70023080    70023080    0001e7f8   00000000    rw-
  70023080    70023080    000193f8   00000000    rw- .bss
  7003c478    7003c478    00002000   00000000    rw- .stack
  7003e478    7003e478    00002000   00000000    rw- .sysmem
  70040478    70040478    00000100   00000000    rw- .irqstack
  70040578    70040578    00000100   00000000    rw- .fiqstack
  70040678    70040678    00001000   00000000    rw- .svcstack
  70041678    70041678    00000100   00000000    rw- .abortstack
  70041778    70041778    00000100   00000000    rw- .undefinedstack
70050000    70050000    0000a6e4   0000a6e4    r--
  70050000    70050000    0000a6e4   0000a6e4    r-- .rodata.hsmrt


SECTION ALLOCATION MAP

 output                                  attributes/
section   page    origin      length       input sections
--------  ----  ----------  ----------   ----------------
.sbl_init_code 
*          0    70002000    00000040     RUN ADDR = 00000000
                  70002000    00000040     nortos.am263px.r5f.ti-arm-clang.debug.lib : HwiP_armv7r_vectors_nortos_asm.obj (.vectors)

.text      0    70002100    0001d602     
                  70002100    00000b7a     drivers.am263px.r5f.ti-arm-clang.nortos.debug.lib : ospi_phy_am26x_lld.obj (.text.OSPI_lld_phyFindOTP1)
                  70002c7a    00000002     --HOLE-- [fill = 0]
                  70002c7c    00000004     libclang_rt.builtins.a : aeabi_div0.c.obj (.text.__aeabi_ldiv0)
                  70002c80    00000a34     nortos.am263px.r5f.ti-arm-clang.debug.lib : printf.obj (.text._vsnprintf)
                  700036b4    0000000c     libclang_rt.builtins.a : aeabi_memset.S.obj (.text.__aeabi_memclr)
                  700036c0    000009ea     drivers.am263px.r5f.ti-arm-clang.nortos.debug.lib : bootloader.obj (.text.Bootloader_parseAndLoadMultiCoreELF)
                  700040aa    00000002     --HOLE-- [fill = 0]
                  700040ac    00000004     libclang_rt.builtins.a : aeabi_memcpy.S.obj (.text.__aeabi_memcpy)
                  700040b0    000007a4     drivers.am263px.r5f.ti-arm-clang.nortos.debug.lib : i2c_v1_lld.obj (.text.I2C_lld_primeTransferPoll)
                  70004854    0000000c     libc.a : memory.c.obj (.text.malloc)
                  70004860    00000718     drivers.am263px.r5f.ti-arm-clang.nortos.debug.lib : bootloader_can.obj (.text.Bootloader_CANReceiveFile)
                  70004f78    00000008     libsysbm.a : hostexit.c.obj (.text.HOSTexit)
                  70004f80    00000678     drivers.am263px.r5f.ti-arm-clang.nortos.debug.lib : soc_rcm.obj (.text.SOC_rcmGetClkSrcAndDivReg)
                  700055f8    00000008     libc.a : exit.c.obj (.text:abort)
                  70005600    00000638     drivers.am263px.r5f.ti-arm-clang.nortos.debug.lib : soc_rcm.obj (.text.SOC_rcmEnablePeripheralClock)
                  70005c38    00000004     libc.a : _lock.c.obj (.text._nop)
                  70005c3c    00000004            : fseek.c.obj (.text.fseek)
                  70005c40    000005e2     nortos.am263px.r5f.ti-arm-clang.debug.lib : printf.obj (.text._ftoa)
                  70006222    00000002     --HOLE-- [fill = 0]
                  70006224    0000000c                                               : CpuId_armv7r_asm.obj (.text)
                  70006230    000004b0                                               : printf.obj (.text._etoa)
                  700066e0    00000446     main.obj (.text.main)
                  70006b26    00000002     --HOLE-- [fill = 0]
                  70006b28    00000004     libsysbm.a : remove.c.obj (.text.remove)
                  70006b2c    00000004     --HOLE-- [fill = 0]
                  70006b30    00000400     drivers.am263px.r5f.ti-arm-clang.nortos.debug.lib : uart_v0.obj (.text.UART_open)
                  70006f30    000003d2                                                       : soc.obj (.text.SOC_phyToVirt)
                  70007302    00000002     --HOLE-- [fill = 0]
                  70007304    0000001c     libsysbm.a : hostrename.c.obj (.text.strcpy)
                  70007320    00000390     libc.a : strcmp32.S.obj (.text:strcmp)
                  700076b0    00000364     board.am263px.r5f.ti-arm-clang.nortos.debug.lib : flash_nor_ospi.obj (.text.Flash_setQeBit)
                  70007a14    0000000c     --HOLE-- [fill = 0]
                  70007a20    0000034a     drivers.am263px.r5f.ti-arm-clang.nortos.debug.lib : ospi_v0.obj (.text.OSPI_open)
                  70007d6a    00000006     --HOLE-- [fill = 0]
                  70007d70    00000348                                                       : i2c_v1.obj (.text.I2C_open)
                  700080b8    00000008     --HOLE-- [fill = 0]
                  700080c0    00000338                                                       : bootloader_uniflash.obj (.text.Bootloader_uniflashProcessFlashCommands)
                  700083f8    00000008     --HOLE-- [fill = 0]
                  70008400    00000336                                                       : edma.obj (.text.EDMA_initialize)
                  70008736    0000000a     --HOLE-- [fill = 0]
                  70008740    00000336                                                       : i2c_v1_lld.obj (.text.I2C_lld_targetIsr)
                  70008a76    0000000a     --HOLE-- [fill = 0]
                  70008a80    00000302                                                       : soc.obj (.text.SOC_virtToPhy)
                  70008d82    0000000e     --HOLE-- [fill = 0]
                  70008d90    000002e6                                                       : ospi_edma_lld.obj (.text.OSPI_edmaCopy)
                  70009076    0000000a     --HOLE-- [fill = 0]
                  70009080    000002d2     board.am263px.r5f.ti-arm-clang.nortos.debug.lib : flash_nor_ospi.obj (.text.Flash_norOspiOpen)
                  70009352    0000000e     --HOLE-- [fill = 0]
                  70009360    000002ba     drivers.am263px.r5f.ti-arm-clang.nortos.debug.lib : i2c_v1_lld.obj (.text.I2C_lld_controllerIsr)
                  7000961a    00000006     --HOLE-- [fill = 0]
                  70009620    000002a8                                                       : mcan.obj (.text.MCAN_msgRAMConfig)
                  700098c8    00000008     --HOLE-- [fill = 0]
                  700098d0    00000294                                                       : ospi_v0_lld.obj (.text.OSPI_programInstance)
                  70009b64    0000000c     --HOLE-- [fill = 0]
                  70009b70    0000027e                                                       : uart_dma_edma.obj (.text.UART_edmaChInit)
                  70009dee    00000002     --HOLE-- [fill = 0]
                  70009df0    00000264                                                       : soc_rcm.obj (.text.SOC_rcmPerApllConfig)
                  7000a054    0000000c     --HOLE-- [fill = 0]
                  7000a060    00000250                                                       : edma.obj (.text.Alloc_resource)
                  7000a2b0    00000250     board.am263px.r5f.ti-arm-clang.nortos.debug.lib : flash_nor_ospi.obj (.text.Flash_set888mode)
                  7000a500    0000024a     drivers.am263px.r5f.ti-arm-clang.nortos.debug.lib : soc_rcm.obj (.text.SOC_rcmCoreApllHSDivConfig)
                  7000a74a    00000006     --HOLE-- [fill = 0]
                  7000a750    00000242                                                       : uart_v0_lld.obj (.text.UART_fifoConfig)
                  7000a992    0000000e     --HOLE-- [fill = 0]
                  7000a9a0    0000023e     nortos.am263px.r5f.ti-arm-clang.debug.lib : printf.obj (.text._ntoa_format)
                  7000abde    00000002     --HOLE-- [fill = 0]
                  7000abe0    0000023c     drivers.am263px.r5f.ti-arm-clang.nortos.debug.lib : edma.obj (.text.EDMA_open)
                  7000ae1c    00000004     --HOLE-- [fill = 0]
                  7000ae20    00000226                                                       : uart_dma_edma.obj (.text.UART_lld_dmaDeInit)
                  7000b046    0000000a     --HOLE-- [fill = 0]
                  7000b050    00000220                                                       : bootloader_profile.obj (.text.Bootloader_profilePrintProfileLog)
                  7000b270    00000218                                                       : ospi_v0_lld.obj (.text.OSPI_lld_isr)
                  7000b488    00000008     --HOLE-- [fill = 0]
                  7000b490    00000212                                                       : ospi_edma_lld.obj (.text.OSPI_edmaInit)
                  7000b6a2    0000000e     --HOLE-- [fill = 0]
                  7000b6b0    00000206     security.am263px.r5f.ti-arm-clang.nortos.debug.lib : sipc_notify_src.obj (.text.SIPC_init)
                  7000b8b6    0000000a     --HOLE-- [fill = 0]
                  7000b8c0    000001e8     drivers.am263px.r5f.ti-arm-clang.nortos.debug.lib : i2c_v1.obj (.text.I2C_transfer)
                  7000baa8    00000008     --HOLE-- [fill = 0]
                  7000bab0    000001d6     nortos.am263px.r5f.ti-arm-clang.debug.lib : TimerP_rti_priv.obj (.text.TimerP_setupPriv)
                  7000bc86    0000000a     --HOLE-- [fill = 0]
                  7000bc90    000001ca     drivers.am263px.r5f.ti-arm-clang.nortos.debug.lib : edma.obj (.text.EDMA_deinitialize)
                  7000be5a    00000006     --HOLE-- [fill = 0]
                  7000be60    000001ca                                                       : ospi_v0_lld.obj (.text.OSPI_lld_writeIndirect)
                  7000c02a    00000006     --HOLE-- [fill = 0]
                  7000c030    000001be     security.am263px.r5f.ti-arm-clang.nortos.debug.lib : sipc_notify_src.obj (.text.SIPC_setMboxConfig)
                  7000c1ee    00000002     --HOLE-- [fill = 0]
                  7000c1f0    000001b6     drivers.am263px.r5f.ti-arm-clang.nortos.debug.lib : ospi_v0_lld.obj (.text.OSPI_lld_readDirectDma)
                  7000c3a6    0000000a     --HOLE-- [fill = 0]
                  7000c3b0    000001aa                                                       : uart_dma_edma.obj (.text.UART_lld_dmaWrite)
                  7000c55a    00000006     --HOLE-- [fill = 0]
                  7000c560    000001a8                                                       : uart_v0.obj (.text.UART_close)
                  7000c708    000001a8     libc.a : memory.c.obj (.text.free)
                  7000c8b0    000001a4     middleware.am263px.r5f.ti-arm-clang.nortos.debug.lib : tielfup32.obj (.text.ELFUP_update)
                  7000ca54    000001a4     libc.a : memory.c.obj (.text.aligned_alloc)
                  7000cbf8    00000008     --HOLE-- [fill = 0]
                  7000cc00    000001a0     drivers.am263px.r5f.ti-arm-clang.nortos.debug.lib : edma.obj (.text.EDMA_errorIsrFxn)
                  7000cda0    0000019e                                                       : uart_v0.obj (.text.UART_write)
                  7000cf3e    00000002     --HOLE-- [fill = 0]
                  7000cf40    00000198                                                       : edma.obj (.text.EDMA_transferCompletionMasterIsrFxn)
                  7000d0d8    00000008     --HOLE-- [fill = 0]
                  7000d0e0    00000198                                                       : ospi_v0_lld.obj (.text.OSPI_lld_readCmd)
                  7000d278    00000008     --HOLE-- [fill = 0]
                  7000d280    00000198                                                       : uart_v0_lld.obj (.text.UART_lld_controllerIsr)
                  7000d418    00000008     --HOLE-- [fill = 0]
                  7000d420    00000194                                                       : bootloader_uniflash_mcelf.obj (.text.MCELF_flashVerifyXIPFile)
                  7000d5b4    0000000c     --HOLE-- [fill = 0]
                  7000d5c0    00000186                                                       : bootloader_uniflash_common.obj (.text.Bootloader_uniflashFlashFile)
                  7000d746    0000000a     --HOLE-- [fill = 0]
                  7000d750    00000186     security.am263px.r5f.ti-arm-clang.nortos.debug.lib : hsmclient_loadhsmrt.obj (.text.Hsmclient_loadHSMRtFirmware)
                  7000d8d6    0000000a     --HOLE-- [fill = 0]
                  7000d8e0    00000186     drivers.am263px.r5f.ti-arm-clang.nortos.debug.lib : mcan.obj (.text.MCAN_readMsg)
                  7000da66    0000000a     --HOLE-- [fill = 0]
                  7000da70    00000184     board.am263px.r5f.ti-arm-clang.nortos.debug.lib : flash_nor_ospi.obj (.text.Flash_set444mode)
                  7000dbf4    0000000c     --HOLE-- [fill = 0]
                  7000dc00    00000184     drivers.am263px.r5f.ti-arm-clang.nortos.debug.lib : mcan.obj (.text.MCAN_calcMsgRamParamsStartAddr)
                  7000dd84    0000000c     --HOLE-- [fill = 0]
                  7000dd90    00000182                                                       : bootloader_uniflash_common.obj (.text.Bootloader_uniflashFlashErase)
                  7000df12    0000000e     --HOLE-- [fill = 0]
                  7000df20    00000176                                                       : i2c_v1.obj (.text.I2C_primeTransfer)
                  7000e096    0000000a     --HOLE-- [fill = 0]
                  7000e0a0    0000016a     security.am263px.r5f.ti-arm-clang.nortos.debug.lib : hsmclient.obj (.text.HsmClient_isr)
                  7000e20a    00000006     --HOLE-- [fill = 0]
                  7000e210    00000166     drivers.am263px.r5f.ti-arm-clang.nortos.debug.lib : i2c_v1_lld.obj (.text.I2C_lld_primeTransferIntr)
                  7000e376    0000000a     --HOLE-- [fill = 0]
                  7000e380    00000166                                                       : ospi_v0_lld.obj (.text.OSPI_lld_writeCmd)
                  7000e4e6    0000000a     --HOLE-- [fill = 0]
                  7000e4f0    00000162                                                       : edma.obj (.text.EDMA_unregisterIntr)
                  7000e652    0000000e     --HOLE-- [fill = 0]
                  7000e660    00000160                                                       : i2c_v1_lld.obj (.text.I2C_lld_init)
                  7000e7c0    0000015c                                                       : bootloader_can.obj (.text.Bootloader_CANInit)
                  7000e91c    00000004     --HOLE-- [fill = 0]
                  7000e920    0000015a     security.am263px.r5f.ti-arm-clang.nortos.debug.lib : hsmclient.obj (.text.HsmClient_EnqueueAndSendMsg)
                  7000ea7a    00000006     --HOLE-- [fill = 0]
                  7000ea80    00000158     drivers.am263px.r5f.ti-arm-clang.nortos.debug.lib : soc.obj (.text.SOC_controlModuleUnlockMMR)
                  7000ebd8    00000008     --HOLE-- [fill = 0]
                  7000ebe0    00000152                                                       : uart_v0_lld.obj (.text.UART_lld_initDma)
                  7000ed32    0000000e     --HOLE-- [fill = 0]
                  7000ed40    00000150                                                       : mcan.obj (.text.MCAN_writeMsg)
                  7000ee90    0000014c                                                       : mcan.obj (.text.MCAN_setBitTime)
                  7000efdc    00000004     --HOLE-- [fill = 0]
                  7000efe0    00000148                                                       : ospi_v0_lld.obj (.text.OSPI_lld_initDma)
                  7000f128    00000008     --HOLE-- [fill = 0]
                  7000f130    00000144                                                       : bootloader_soc.obj (.text.Bootloader_socCpuPowerOnReset)
                  7000f274    0000000c     --HOLE-- [fill = 0]
                  7000f280    00000144     board.am263px.r5f.ti-arm-clang.nortos.debug.lib : flash_nor_ospi.obj (.text.Flash_norOspiSetProtocol)
                  7000f3c4    0000000c     --HOLE-- [fill = 0]
                  7000f3d0    00000144     security.am263px.r5f.ti-arm-clang.nortos.debug.lib : hsmclient.obj (.text.HsmClient_EnqueueAndSendMsgBlocking)
                  7000f514    00000144     libc.a : setvbuf.c.obj (.text.setvbuf)
                  7000f658    00000008     --HOLE-- [fill = 0]
                  7000f660    00000142     drivers.am263px.r5f.ti-arm-clang.nortos.debug.lib : ospi_v0_lld.obj (.text.OSPI_flashExecCmd)
                  7000f7a2    0000000e     --HOLE-- [fill = 0]
                  7000f7b0    00000140     board.am263px.r5f.ti-arm-clang.nortos.debug.lib : flash_nor_ospi.obj (.text.Flash_norOspiReadId)
                  7000f8f0    0000013a     drivers.am263px.r5f.ti-arm-clang.nortos.debug.lib : edma.obj (.text.EDMA_isDmaChannelAllocated)
                  7000fa2a    00000006     --HOLE-- [fill = 0]
                  7000fa30    0000013a     security.am263px.r5f.ti-arm-clang.nortos.debug.lib : hsmclient.obj (.text.HsmClient_procAuthBootStart)
                  7000fb6a    00000006     --HOLE-- [fill = 0]
                  7000fb70    0000013a     drivers.am263px.r5f.ti-arm-clang.nortos.debug.lib : i2c_v1_lld.obj (.text.I2C_lld_mem_write)
                  7000fcaa    00000006     --HOLE-- [fill = 0]
                  7000fcb0    00000138                                                       : mcan.obj (.text.MCAN_readMsgRam)
                  7000fde8    00000008     --HOLE-- [fill = 0]
                  7000fdf0    00000138     nortos.am263px.r5f.ti-arm-clang.debug.lib : printf.obj (.text._ntoa_long_long)
                  7000ff28    00000008     --HOLE-- [fill = 0]
                  7000ff30    00000136                                               : ClockP_nortos_r5.obj (.text.ClockP_init)
                  70010066    0000000a     --HOLE-- [fill = 0]
                  70010070    00000136     drivers.am263px.r5f.ti-arm-clang.nortos.debug.lib : uart_v0_lld.obj (.text.UART_procLineStatusErr)
                  700101a6    0000000a     --HOLE-- [fill = 0]
                  700101b0    00000134                                                       : edma.obj (.text.EDMA_registerIntr)
                  700102e4    0000000c     --HOLE-- [fill = 0]
                  700102f0    00000134                                                       : mcan.obj (.text.MCAN_init)
                  70010424    0000000c     --HOLE-- [fill = 0]
                  70010430    00000134                                                       : uart_v0_lld.obj (.text.UART_writePolling)
                  70010564    0000000c     --HOLE-- [fill = 0]
                  70010570    0000012e     board.am263px.r5f.ti-arm-clang.nortos.debug.lib : flash_nor_ospi.obj (.text.Flash_norOspiWaitReady)
                  7001069e    00000002     --HOLE-- [fill = 0]
                  700106a0    0000012c     drivers.am263px.r5f.ti-arm-clang.nortos.debug.lib : i2c_v1_lld.obj (.text.I2C_lld_mem_read)
                  700107cc    00000004     --HOLE-- [fill = 0]
                  700107d0    0000012c                                                       : uart_v0_lld.obj (.text.UART_lld_init)
                  700108fc    00000004     --HOLE-- [fill = 0]
                  70010900    0000012a                                                       : mcan.obj (.text.MCAN_config)
                  70010a2a    00000006     --HOLE-- [fill = 0]
                  70010a30    00000128                                                       : i2c_v1_lld.obj (.text.I2C_lld_mem_writeIntr)
                  70010b58    00000008     --HOLE-- [fill = 0]
                  70010b60    00000126     board.am263px.r5f.ti-arm-clang.nortos.debug.lib : flash_nor_ospi.obj (.text.Flash_norOspiWrite)
                  70010c86    0000000a     --HOLE-- [fill = 0]
                  70010c90    00000126     drivers.am263px.r5f.ti-arm-clang.nortos.debug.lib : soc.obj (.text.SOC_controlModuleLockMMR)
                  70010db6    0000000a     --HOLE-- [fill = 0]
                  70010dc0    00000122                                                       : i2c_v1.obj (.text.I2C_mem_primeTransfer)
                  70010ee2    0000000e     --HOLE-- [fill = 0]
                  70010ef0    00000120                                                       : soc_rcm.obj (.text.SOC_rcmGetPeripheralClockFrequency)
                  70011010    00000120     board.am263px.r5f.ti-arm-clang.nortos.debug.lib : ioexp_tca6416.obj (.text.TCA6416_setOutput)
                  70011130    0000011e                                                     : ioexp_tca6416.obj (.text.TCA6416_config)
                  7001124e    00000002     --HOLE-- [fill = 0]
                  70011250    0000011c                                                     : flash_nor_ospi.obj (.text.Flash_norOspiReset)
                  7001136c    00000004     --HOLE-- [fill = 0]
                  70011370    0000011c     drivers.am263px.r5f.ti-arm-clang.nortos.debug.lib : uart_dma_edma.obj (.text.UART_lld_dmaRead)
                  7001148c    00000004     --HOLE-- [fill = 0]
                  70011490    0000011a                                                       : i2c_v1_lld.obj (.text.I2C_lld_mem_readIntr)
                  700115aa    00000002     --HOLE-- [fill = 0]
                  700115ac    00000118     libclang_rt.builtins.a : udivmoddi4.S.obj (.text)
                  700116c4    0000000c     --HOLE-- [fill = 0]
                  700116d0    00000116     drivers.am263px.r5f.ti-arm-clang.nortos.debug.lib : edma.obj (.text.EDMA_isTccAllocated)
                  700117e6    0000000a     --HOLE-- [fill = 0]
                  700117f0    00000116                                                       : ospi_v0_lld.obj (.text.OSPI_lld_init)
                  70011906    0000000a     --HOLE-- [fill = 0]
                  70011910    00000116                                                       : uart_v0_lld.obj (.text.UART_divisorLatchWrite)
                  70011a26    0000000a     --HOLE-- [fill = 0]
                  70011a30    00000114     nortos.am263px.r5f.ti-arm-clang.debug.lib : printf.obj (.text._ntoa_long)
                  70011b44    0000000c     --HOLE-- [fill = 0]
                  70011b50    00000110     drivers.am263px.r5f.ti-arm-clang.nortos.debug.lib : bootloader_hsmRt_load.obj (.text.Bootloader_socLoadHsmRtFw)
                  70011c60    0000010e                                                       : soc_rcm.obj (.text.SOC_rcmADPLLJGetFOut)
                  70011d6e    00000002     --HOLE-- [fill = 0]
                  70011d70    0000010c     security.am263px.r5f.ti-arm-clang.nortos.debug.lib : hsmclient.obj (.text.HsmClient_procAuthBootFinish)
                  70011e7c    00000004     --HOLE-- [fill = 0]
                  70011e80    0000010a     drivers.am263px.r5f.ti-arm-clang.nortos.debug.lib : bootloader.obj (.text.Bootloader_getMsgLen)
                  70011f8a    00000006     --HOLE-- [fill = 0]
                  70011f90    00000108                                                       : bootloader.obj (.text.Bootloader_parseNoteSegment)
                  70012098    00000008     --HOLE-- [fill = 0]
                  700120a0    00000104                                                       : soc_rcm.obj (.text.SOC_rcmConfigurePllPer)
                  700121a4    0000000c     --HOLE-- [fill = 0]
                  700121b0    00000104                                                       : uart_v0_lld.obj (.text.UART_configInstance)
                  700122b4    0000000c     --HOLE-- [fill = 0]
                  700122c0    00000102                                                       : i2c_v1.obj (.text.I2C_close)
                  700123c2    0000000e     --HOLE-- [fill = 0]
                  700123d0    00000102     nortos.am263px.r5f.ti-arm-clang.debug.lib : SemaphoreP_nortos.obj (.text.SemaphoreP_pend)
                  700124d2    0000000e     --HOLE-- [fill = 0]
                  700124e0    00000100     board.am263px.r5f.ti-arm-clang.nortos.debug.lib : flash_nor_ospi.obj (.text.Flash_norOspiErase)
                  700125e0    00000100                                                     : flash_nor_ospi.obj (.text.Flash_norOspiEraseSector)
                  700126e0    00000100     drivers.am263px.r5f.ti-arm-clang.nortos.debug.lib : ospi_v0_lld.obj (.text.OSPI_lld_setProtocol)
                  700127e0    000000fe                                                       : bootloader_uniflash_common.obj (.text.Bootloader_uniflashFlashFileSector)
                  700128de    00000002     --HOLE-- [fill = 0]
                  700128e0    000000fe     security.am263px.r5f.ti-arm-clang.nortos.debug.lib : hsmclient.obj (.text.HsmClient_procAuthBootUpdate)
                  700129de    00000002     --HOLE-- [fill = 0]
                  700129e0    000000fa     drivers.am263px.r5f.ti-arm-clang.nortos.debug.lib : edma.obj (.text.EDMA_clearCcErrors)
                  70012ada    00000006     --HOLE-- [fill = 0]
                  70012ae0    000000fa                                                       : soc_rcm.obj (.text.SOC_rcmsetR5SysClock)
                  70012bda    00000006     --HOLE-- [fill = 0]
                  70012be0    000000f8                                                       : soc_rcm.obj (.text.SOC_rcmCoreApllConfig)
                  70012cd8    00000008     --HOLE-- [fill = 0]
                  70012ce0    000000f6     security.am263px.r5f.ti-arm-clang.nortos.debug.lib : sipc_notify_src.obj (.text.SIPC_isr)
                  70012dd6    0000000a     --HOLE-- [fill = 0]
                  70012de0    000000f2     drivers.am263px.r5f.ti-arm-clang.nortos.debug.lib : soc_rcm.obj (.text.SOC_rcmConfigurePllCore)
                  70012ed2    00000002     --HOLE-- [fill = 0]
                  70012ed4    000000f0     libc.a : fputc.c.obj (.text.fputc)
                  70012fc4    0000000c     --HOLE-- [fill = 0]
                  70012fd0    000000ee     board.am263px.r5f.ti-arm-clang.nortos.debug.lib : flash_nor_ospi.obj (.text.Flash_norOspiSet4ByteAddrMode)
                  700130be    00000002     --HOLE-- [fill = 0]
                  700130c0    000000ee     drivers.am263px.r5f.ti-arm-clang.nortos.debug.lib : soc_rcm.obj (.text.SOC_rcmMemInitL2Memory)
                  700131ae    00000002     --HOLE-- [fill = 0]
                  700131b0    000000e6                                                       : ospi_edma_lld.obj (.text.OSPI_edmaDeInit)
                  70013296    0000000a     --HOLE-- [fill = 0]
                  700132a0    000000e6                                                       : soc_rcm.obj (.text.SOC_rcmGetCoreFout)
                  70013386    0000000a     --HOLE-- [fill = 0]
                  70013390    000000e6                                                       : soc_rcm.obj (.text.SOC_rcmGetPerFout)
                  70013476    0000000a     --HOLE-- [fill = 0]
                  70013480    000000e4                                                       : bootloader_can.obj (.text.Bootloader_CANTransmitResp)
                  70013564    0000000c     --HOLE-- [fill = 0]
                  70013570    000000e4                                                       : edma.obj (.text.EDMA_freeChannelRegion)
                  70013654    0000000c     --HOLE-- [fill = 0]
                  70013660    000000e2                                                       : bootloader_uniflash_common.obj (.text.Bootloader_uniflashFlashVerifyFile)
                  70013742    0000000e     --HOLE-- [fill = 0]
                  70013750    000000e2                                                       : edma.obj (.text.EDMA_freeParam)
                  70013832    0000000e     --HOLE-- [fill = 0]
                  70013840    000000e0                                                       : edma.obj (.text.EDMA_freeDmaChannel)
                  70013920    000000e0                                                       : edma.obj (.text.EDMA_freeTcc)
                  70013a00    000000de                                                       : uart_v0_lld.obj (.text.UART_intrEnable)
                  70013ade    00000002     --HOLE-- [fill = 0]
                  70013ae0    000000dc                                                       : bootloader_uniflash_rprc.obj (.text.Bootloader_uniflashFlashOrVerifyXipFile)
                  70013bbc    00000004     --HOLE-- [fill = 0]
                  70013bc0    000000da                                                       : uart_v0_lld.obj (.text.UART_intrDisable)
                  70013c9a    00000006     --HOLE-- [fill = 0]
                  70013ca0    000000d8     board.am263px.r5f.ti-arm-clang.nortos.debug.lib : flash_nor_ospi.obj (.text.Flash_norOspiSetRegCfg)
                  70013d78    00000008     --HOLE-- [fill = 0]
                  70013d80    000000d8     drivers.am263px.r5f.ti-arm-clang.nortos.debug.lib : i2c_v1.obj (.text.I2C_LLD_targetTransferCompleteCallback)
                  70013e58    00000008     --HOLE-- [fill = 0]
                  70013e60    000000d6     board.am263px.r5f.ti-arm-clang.nortos.debug.lib : flash_nor_ospi.obj (.text.Flash_setOeBit)
                  70013f36    0000000a     --HOLE-- [fill = 0]
                  70013f40    000000d2     drivers.am263px.r5f.ti-arm-clang.nortos.debug.lib : uart_v0_lld.obj (.text.UART_lld_write)
                  70014012    0000000e     --HOLE-- [fill = 0]
                  70014020    000000d0     nortos.am263px.r5f.ti-arm-clang.debug.lib : AddrTranslateP_32bit.obj (.text.AddrTranslateP_getLocalAddr)
                  700140f0    000000d0     security.am263px.r5f.ti-arm-clang.nortos.debug.lib : sipc_notify_src.obj (.text.SIPC_sendMsg)
                  700141c0    000000d0     drivers.am263px.r5f.ti-arm-clang.nortos.debug.lib : soc_rcm.obj (.text.SOC_rcmStartMemInitTCMA)
                  70014290    000000d0                                                       : soc_rcm.obj (.text.SOC_rcmStartMemInitTCMB)
                  70014360    000000d0                                                       : soc_rcm.obj (.text.SOC_rcmWaitMemInitTCMA)
                  70014430    000000d0                                                       : soc_rcm.obj (.text.SOC_rcmWaitMemInitTCMB)
                  70014500    000000ce                                                       : edma.obj (.text.EDMA_disableChInShadowRegRegion)
                  700145ce    00000002     --HOLE-- [fill = 0]
                  700145d0    000000ce                                                       : uart_v0_lld.obj (.text.UART_lld_writeDma)
                  7001469e    00000002     --HOLE-- [fill = 0]
                  700146a0    000000cc                                                       : edma.obj (.text.EDMA_enableChInShadowRegRegion)
                  7001476c    00000004     --HOLE-- [fill = 0]
                  70014770    000000ca     security.am263px.r5f.ti-arm-clang.nortos.debug.lib : hsmclient.obj (.text.HsmClient_checkAndWaitForBootNotification)
                  7001483a    00000002     --HOLE-- [fill = 0]
                  7001483c    000000c8     libc.a : getdevice.c.obj (.text.getdevice)
                  70014904    0000000c     --HOLE-- [fill = 0]
                  70014910    000000c6     drivers.am263px.r5f.ti-arm-clang.nortos.debug.lib : uart_v0_lld.obj (.text.UART_lld_writeIntr)
                  700149d6    0000000a     --HOLE-- [fill = 0]
                  700149e0    000000c4                                                       : edma.obj (.text.EDMA_mapChToEvtQ)
                  70014aa4    0000000c     --HOLE-- [fill = 0]
                  70014ab0    000000c4                                                       : ospi_phy_am26x_lld.obj (.text.OSPI_lld_phyResyncDLL)
                  70014b74    0000000c     --HOLE-- [fill = 0]
                  70014b80    000000c2                                                       : edma.obj (.text.EDMA_close)
                  70014c42    0000000e     --HOLE-- [fill = 0]
                  70014c50    000000c2     board.am263px.r5f.ti-arm-clang.nortos.debug.lib : flash.obj (.text.Flash_offsetToSectorPage)
                  70014d12    0000000e     --HOLE-- [fill = 0]
                  70014d20    000000c0     drivers.am263px.r5f.ti-arm-clang.nortos.debug.lib : edma.obj (.text.EDMA_configureChannelRegion)
                  70014de0    000000c0     board.am263px.r5f.ti-arm-clang.nortos.debug.lib : flash.obj (.text.Flash_offsetToBlkPage)
                  70014ea0    000000c0     drivers.am263px.r5f.ti-arm-clang.nortos.debug.lib : soc_rcm.obj (.text.SOC_rcmGetPerHSDivOut)
                  70014f60    000000c0                                                       : uart_v0.obj (.text.UART_flushTxFifo)
                  70015020    000000c0     nortos.am263px.r5f.ti-arm-clang.debug.lib : printf.obj (.text._out_rev)
                  700150e0    000000c0     board.obj (.text.mcanEnableTransceiver)
                  700151a0    000000be     ti_board_open_close.obj (.text.Board_flashOpen)
                  7001525e    00000002     --HOLE-- [fill = 0]
                  70015260    000000be     nortos.am263px.r5f.ti-arm-clang.debug.lib : ClockP_nortos.obj (.text.ClockP_timerTickIsr)
                  7001531e    00000002     --HOLE-- [fill = 0]
                  70015320    000000be     drivers.am263px.r5f.ti-arm-clang.nortos.debug.lib : ospi_v0.obj (.text.OSPI_readDirect)
                  700153de    00000002     --HOLE-- [fill = 0]
                  700153e0    000000ba     nortos.am263px.r5f.ti-arm-clang.debug.lib : ClockP_nortos.obj (.text.ClockP_stop)
                  7001549a    00000006     --HOLE-- [fill = 0]
                  700154a0    000000ba                                               : PmuP_armv7r.obj (.text.pmu)
                  7001555a    00000006     --HOLE-- [fill = 0]
                  70015560    000000b6     drivers.am263px.r5f.ti-arm-clang.nortos.debug.lib : bootloader_uniflash_rprc.obj (.text.Bootloader_uniflashFlashOrVerifyRprcXipFile)
                  70015616    0000000a     --HOLE-- [fill = 0]
                  70015620    000000b6                                                       : uart_v0_lld.obj (.text.UART_fifoWrite)
                  700156d6    00000002     --HOLE-- [fill = 0]
                  700156d8    000000b4     libc.a : fseek.c.obj (.text.fseeko)
                  7001578c    00000004     --HOLE-- [fill = 0]
                  70015790    000000b2     drivers.am263px.r5f.ti-arm-clang.nortos.debug.lib : soc_rcm.obj (.text.SOC_rcmProgPllCoreDivider)
                  70015842    0000000e     --HOLE-- [fill = 0]
                  70015850    000000b2                                                       : soc_rcm.obj (.text.SOC_rcmR5ConfigDualCore)
                  70015902    0000000e     --HOLE-- [fill = 0]
                  70015910    000000b0                                                       : mcan.obj (.text.MCAN_writeMsgRam)
                  700159c0    000000b0                                                       : soc_rcm.obj (.text.SOC_rcmSetPeripheralClock)
                  70015a70    000000b0                                                       : uart_v0.obj (.text.UART_init)
                  70015b20    000000b0     libc.a : fclose.c.obj (.text.__TI_closefile)
                  70015bd0    000000ae     drivers.am263px.r5f.ti-arm-clang.nortos.debug.lib : mcan.obj (.text.MCAN_getOffsetAddr)
                  70015c7e    00000002     --HOLE-- [fill = 0]
                  70015c80    000000ae     security.am263px.r5f.ti-arm-clang.nortos.debug.lib : sipc_notify_src.obj (.text.SIPC_mailboxWrite)
                  70015d2e    00000002     --HOLE-- [fill = 0]
                  70015d30    000000ac     ti_drivers_config.obj (.text.HsmClient_config)
                  70015ddc    00000004     --HOLE-- [fill = 0]
                  70015de0    000000ac     drivers.am263px.r5f.ti-arm-clang.nortos.debug.lib : mcan.obj (.text.MCAN_writeRxFIFOAck)
                  70015e8c    00000004     --HOLE-- [fill = 0]
                  70015e90    000000aa     ti_drivers_open_close.obj (.text.Drivers_uartOpen)
                  70015f3a    00000006     --HOLE-- [fill = 0]
                  70015f40    000000a8     nortos.am263px.r5f.ti-arm-clang.debug.lib : ClockP_nortos.obj (.text.ClockP_addToList)
                  70015fe8    00000008     --HOLE-- [fill = 0]
                  70015ff0    000000a8                                               : ClockP_nortos.obj (.text.ClockP_destruct)
                  70016098    00000008     --HOLE-- [fill = 0]
                  700160a0    000000a8     ti_drivers_open_close.obj (.text.Drivers_i2cOpen)
                  70016148    00000008     --HOLE-- [fill = 0]
                  70016150    000000a6     ti_drivers_open_close.obj (.text.Drivers_edmaOpen)
                  700161f6    0000000a     --HOLE-- [fill = 0]
                  70016200    000000a6     ti_drivers_open_close.obj (.text.Drivers_ospiOpen)
                  700162a6    0000000a     --HOLE-- [fill = 0]
                  700162b0    000000a4     drivers.am263px.r5f.ti-arm-clang.nortos.debug.lib : mcan.obj (.text.MCAN_getRxFIFOStatus)
                  70016354    000000a4     libc.a : memory.c.obj (.text.split)
                  700163f8    000000a0     libsysbm.a : hostrename.c.obj (.text.HOSTrename)
                  70016498    00000008     --HOLE-- [fill = 0]
                  700164a0    000000a0     drivers.am263px.r5f.ti-arm-clang.nortos.debug.lib : ospi_v0_lld.obj (.text.OSPI_lld_deInitDma)
                  70016540    000000a0                                                       : ospi_v0_lld.obj (.text.OSPI_lld_setXferOpCodes)
                  700165e0    000000a0                                                       : soc_rcm.obj (.text.SOC_rcmGetCoreHSDivOut)
                  70016680    000000a0                                                       : soc_rcm.obj (.text.SOC_rcmProgPllPerDivider)
                  70016720    0000009e     board.am263px.r5f.ti-arm-clang.nortos.debug.lib : flash_nor_ospi.obj (.text.Flash_norOspiSetModeDummy)
                  700167be    00000002     --HOLE-- [fill = 0]
                  700167c0    0000009e     drivers.am263px.r5f.ti-arm-clang.nortos.debug.lib : ospi_v0_lld.obj (.text.OSPI_isProtocolValid)
                  7001685e    00000002     --HOLE-- [fill = 0]
                  70016860    0000009e                                                       : ospi_phy_am26x_lld.obj (.text.OSPI_lld_phyBasicConfig)
                  700168fe    00000002     --HOLE-- [fill = 0]
                  70016900    0000009c     libc.a : _io_perm.c.obj (.text.__TI_wrt_ok)
                  7001699c    00000004     --HOLE-- [fill = 0]
                  700169a0    0000009a     drivers.am263px.r5f.ti-arm-clang.nortos.debug.lib : bootloader_soc.obj (.text.Bootloader_socTranslateSectionAddr)
                  70016a3a    00000002     --HOLE-- [fill = 0]
                  70016a3c    00000098     libsysbm.a : hostlseek.c.obj (.text.HOSTlseek)
                  70016ad4    0000000c     --HOLE-- [fill = 0]
                  70016ae0    00000098     security.am263px.r5f.ti-arm-clang.nortos.debug.lib : sipc_notify_src.obj (.text.SIPC_getWriteMailbox)
                  70016b78    00000008     --HOLE-- [fill = 0]
                  70016b80    00000096     drivers.am263px.r5f.ti-arm-clang.nortos.debug.lib : bootloader.obj (.text.Bootloader_runCpu)
                  70016c16    0000000a     --HOLE-- [fill = 0]
                  70016c20    00000096                                                       : soc_rcm.obj (.text.SOC_rcmGetADPLLJConfig)
                  70016cb6    0000000a     --HOLE-- [fill = 0]
                  70016cc0    00000096                                                       : uart_v0_lld.obj (.text.UART_subConfigTCRTLRModeEn)
                  70016d56    0000000a     --HOLE-- [fill = 0]
                  70016d60    00000094                                                       : soc_rcm.obj (.text.CSL_TopCtrl_dualCoreSwitchDisableEfuse)
                  70016df4    00000094     libsysbm.a : hostopen.c.obj (.text.HOSTopen)
                  70016e88    00000008     --HOLE-- [fill = 0]
                  70016e90    00000094     drivers.am263px.r5f.ti-arm-clang.nortos.debug.lib : ospi_v0.obj (.text.OSPI_init)
                  70016f24    0000000c     --HOLE-- [fill = 0]
                  70016f30    00000094     security.am263px.r5f.ti-arm-clang.nortos.debug.lib : sipc_notify_src.obj (.text.SIPC_mailboxRead)
                  70016fc4    0000000c     --HOLE-- [fill = 0]
                  70016fd0    00000092     drivers.am263px.r5f.ti-arm-clang.nortos.debug.lib : bootloader_soc.obj (.text.Bootloader_socMemInitCpu)
                  70017062    0000000e     --HOLE-- [fill = 0]
                  70017070    00000092     nortos.am263px.r5f.ti-arm-clang.debug.lib : ClockP_nortos.obj (.text.ClockP_getTimeUsec)
                  70017102    0000000e     --HOLE-- [fill = 0]
                  70017110    00000092     drivers.am263px.r5f.ti-arm-clang.nortos.debug.lib : edma.obj (.text.EDMA_unmapChToEvtQ)
                  700171a2    0000000e     --HOLE-- [fill = 0]
                  700171b0    00000092                                                       : i2c_v1_lld.obj (.text.I2CControllerInitExpClk)
                  70017242    0000000e     --HOLE-- [fill = 0]
                  70017250    00000092                                                       : ospi_v0_lld.obj (.text.OSPI_lld_deInit)
                  700172e2    0000000e     --HOLE-- [fill = 0]
                  700172f0    00000090     security.am263px.r5f.ti-arm-clang.nortos.debug.lib : hsmclient.obj (.text.HsmClient_register)
                  70017380    00000090     drivers.am263px.r5f.ti-arm-clang.nortos.debug.lib : ospi_phy_am26x_lld.obj (.text.OSPI_lld_phyReadAttackVector)
                  70017410    0000008e                                                       : mcan.obj (.text.MCAN_addExtMsgIDFilter)
                  7001749e    00000002     --HOLE-- [fill = 0]
                  700174a0    0000008c                                                       : bootloader_soc.obj (.text.Bootloader_socSetAutoClock)
                  7001752c    00000004     --HOLE-- [fill = 0]
                  70017530    0000008c                                                       : edma.obj (.text.EDMA_disableTransferRegion)
                  700175bc    00000004     --HOLE-- [fill = 0]
                  700175c0    0000008c                                                       : edma.obj (.text.EDMA_enableTransferRegion)
                  7001764c    00000004     --HOLE-- [fill = 0]
                  70017650    0000008c                                                       : edma.obj (.text.EDMA_init)
                  700176dc    00000004     --HOLE-- [fill = 0]
                  700176e0    0000008c     board.am263px.r5f.ti-arm-clang.nortos.debug.lib : flash_nor_ospi.obj (.text.Flash_norOspiSetAddressBytes)
                  7001776c    00000004     --HOLE-- [fill = 0]
                  70017770    0000008c     drivers.am263px.r5f.ti-arm-clang.nortos.debug.lib : uart_v0_lld.obj (.text.UART_writeCancelNoCB)
                  700177fc    0000008c     libsysbm.a : close.c.obj (.text.close)
                  70017888    00000008     --HOLE-- [fill = 0]
                  70017890    0000008a     drivers.am263px.r5f.ti-arm-clang.nortos.debug.lib : bootloader.obj (.text.Bootloader_verifySegmentAddr)
                  7001791a    00000006     --HOLE-- [fill = 0]
                  70017920    00000088                                                       : mcan.obj (.text.MCAN_getProtocolStatus)
                  700179a8    00000008     --HOLE-- [fill = 0]
                  700179b0    00000088                                                       : uart_dma_edma.obj (.text.UART_edmaIsrRx)
                  70017a38    00000008     --HOLE-- [fill = 0]
                  70017a40    00000088                                                       : uart_dma_edma.obj (.text.UART_edmaIsrTx)
                  70017ac8    00000088     libc.a : fflush.c.obj (.text.__TI_doflush)
                  70017b50    00000086     board.am263px.r5f.ti-arm-clang.nortos.debug.lib : flash_nor_ospi.obj (.text.Flash_norOspiRead)
                  70017bd6    0000000a     --HOLE-- [fill = 0]
                  70017be0    00000086     drivers.am263px.r5f.ti-arm-clang.nortos.debug.lib : ospi_phy_am26x_lld.obj (.text.OSPI_lld_phyFindRxHigh)
                  70017c66    0000000a     --HOLE-- [fill = 0]
                  70017c70    00000086                                                       : ospi_phy_am26x_lld.obj (.text.OSPI_lld_phyFindRxLow)
                  70017cf6    0000000a     --HOLE-- [fill = 0]
                  70017d00    00000086                                                       : ospi_phy_am26x_lld.obj (.text.OSPI_lld_phyFindTxHigh)
                  70017d86    0000000a     --HOLE-- [fill = 0]
                  70017d90    00000086                                                       : ospi_phy_am26x_lld.obj (.text.OSPI_lld_phyFindTxLow)
                  70017e16    0000000a     --HOLE-- [fill = 0]
                  70017e20    00000086     security.am263px.r5f.ti-arm-clang.nortos.debug.lib : sipc_notify_src.obj (.text.SIPC_getReadSwQ)
                  70017ea6    0000000a     --HOLE-- [fill = 0]
                  70017eb0    00000086     drivers.am263px.r5f.ti-arm-clang.nortos.debug.lib : uart_v0_lld.obj (.text.UART_lld_flushTxFifo)
                  70017f36    0000000a     --HOLE-- [fill = 0]
                  70017f40    00000086                                                       : uart_v0_lld.obj (.text.UART_tcrTlrBitValRestore)
                  70017fc6    0000000a     --HOLE-- [fill = 0]
                  70017fd0    00000084     board.am263px.r5f.ti-arm-clang.nortos.debug.lib : flash_nor_ospi.obj (.text.Flash_norOspiRegWrite)
                  70018054    00000084     libsysbm.a : hostread.c.obj (.text.HOSTread)
                  700180d8    00000084                : hostwrite.c.obj (.text.HOSTwrite)
                  7001815c    00000004     --HOLE-- [fill = 0]
                  70018160    00000084     drivers.am263px.r5f.ti-arm-clang.nortos.debug.lib : ospi_phy_am26x_lld.obj (.text.OSPI_lld_phySetRdDelayTxRxDLL)
                  700181e4    0000000c     --HOLE-- [fill = 0]
                  700181f0    00000082                                                       : edma.obj (.text.EDMA_allocDmaChannel)
                  70018272    0000000e     --HOLE-- [fill = 0]
                  70018280    00000082                                                       : edma.obj (.text.EDMA_allocParam)
                  70018302    0000000e     --HOLE-- [fill = 0]
                  70018310    00000082                                                       : edma.obj (.text.EDMA_allocTcc)
                  70018392    0000000e     --HOLE-- [fill = 0]
                  700183a0    00000082                                                       : edma.obj (.text.EDMA_disableTccInShadowRegRegion)
                  70018422    0000000e     --HOLE-- [fill = 0]
                  70018430    00000082                                                       : edma.obj (.text.EDMA_enableTccInShadowRegRegion)
                  700184b2    0000000e     --HOLE-- [fill = 0]
                  700184c0    00000080                                                       : bootloader_soc.obj (.text.Bootloader_socCpuGetClock)
                  70018540    00000080     board.am263px.r5f.ti-arm-clang.nortos.debug.lib : flash_nor_ospi.obj (.text.Flash_norOspiRegRead)
                  700185c0    00000080     drivers.am263px.r5f.ti-arm-clang.nortos.debug.lib : uart_v0_lld.obj (.text.UART_moduleReset)
                  70018640    0000007e                                                       : bootloader.obj (.text.Bootloader_findSeq)
                  700186be    00000002     --HOLE-- [fill = 0]
                  700186c0    0000007e                                                       : i2c_v1_lld.obj (.text.I2C_lld_transferInit)
                  7001873e    00000002     --HOLE-- [fill = 0]
                  70018740    0000007e                                                       : uart_v0_lld.obj (.text.UART_readData)
                  700187be    00000002     --HOLE-- [fill = 0]
                  700187c0    0000007c     board.am263px.r5f.ti-arm-clang.nortos.debug.lib : ioexp_tca6416.obj (.text.TCA6416_open)
                  7001883c    00000004     --HOLE-- [fill = 0]
                  70018840    0000007c     nortos.am263px.r5f.ti-arm-clang.debug.lib : DebugP_log.obj (.text._DebugP_assert)
                  700188bc    00000004     --HOLE-- [fill = 0]
                  700188c0    0000007a     drivers.am263px.r5f.ti-arm-clang.nortos.debug.lib : soc_rcm.obj (.text.CSL_TopCtrl_dualCoreBootEnableEfuse)
                  7001893a    00000006     --HOLE-- [fill = 0]
                  70018940    0000007a                                                       : ospi_v0_lld.obj (.text.OSPI_lld_enablePhy)
                  700189ba    00000006     --HOLE-- [fill = 0]
                  700189c0    0000007a                                                       : uart_v0.obj (.text.UART_Params_init)
                  70018a3a    00000006     --HOLE-- [fill = 0]
                  70018a40    00000078                                                       : edma.obj (.text.EDMA_linkChannel)
                  70018ab8    00000008     --HOLE-- [fill = 0]
                  70018ac0    00000078                                                       : i2c_v1_lld.obj (.text.I2C_lld_completeCurrTransfer)
                  70018b38    00000008     --HOLE-- [fill = 0]
                  70018b40    00000078                                                       : ospi_v0_lld.obj (.text.OSPI_waitIndWriteComplete)
                  70018bb8    00000008     --HOLE-- [fill = 0]
                  70018bc0    00000078                                                       : soc_rcm.obj (.text.SOC_rcmR5ConfigLockStep)
                  70018c38    00000008     --HOLE-- [fill = 0]
                  70018c40    00000076                                                       : mcan.obj (.text.MCAN_initMsgRamConfigParams)
                  70018cb6    0000000a     --HOLE-- [fill = 0]
                  70018cc0    00000076                                                       : ospi_v0_lld.obj (.text.OSPI_isDmaRestrictedRegion)
                  70018d36    0000000a     --HOLE-- [fill = 0]
                  70018d40    00000074                                                       : bootloader_uniflash_common.obj (.text.Bootloader_uniflashFlashPhyTuningData)
                  70018db4    0000000c     --HOLE-- [fill = 0]
                  70018dc0    00000074                                                       : ospi_v0.obj (.text.OSPI_writeIndirect)
                  70018e34    0000000c     --HOLE-- [fill = 0]
                  70018e40    00000074                                                       : uart_v0_lld.obj (.text.UART_IsBaseAddrValid)
                  70018eb4    0000000c     --HOLE-- [fill = 0]
                  70018ec0    00000072                                                       : bootloader_soc.obj (.text.Bootloader_authUpdate)
                  70018f32    0000000e     --HOLE-- [fill = 0]
                  70018f40    00000072     nortos.am263px.r5f.ti-arm-clang.debug.lib : ClockP_nortos.obj (.text.ClockP_usleep)
                  70018fb2    0000000e     --HOLE-- [fill = 0]
                  70018fc0    00000072     drivers.am263px.r5f.ti-arm-clang.nortos.debug.lib : edma.obj (.text.EDMA_clrMissEvtRegion)
                  70019032    0000000e     --HOLE-- [fill = 0]
                  70019040    00000072                                                       : edma.obj (.text.EDMA_getTcErrorInfo)
                  700190b2    0000000e     --HOLE-- [fill = 0]
                  700190c0    00000072                                                       : bootloader_flash.obj (.text.Flash_imgRead)
                  70019132    0000000e     --HOLE-- [fill = 0]
                  70019140    00000072                                                       : ospi_lld_dma.obj (.text.OSPI_dmaOpen)
                  700191b2    0000000e     --HOLE-- [fill = 0]
                  700191c0    00000072                                                       : soc_rcm.obj (.text.SOC_rcmCoreR5FUnhalt)
                  70019232    0000000e     --HOLE-- [fill = 0]
                  70019240    00000070                                                       : ospi_v0_lld.obj (.text.OSPI_waitIdle)
                  700192b0    0000006e                                                       : bootloader.obj (.text.Bootloader_getX509CertLen)
                  7001931e    00000002     --HOLE-- [fill = 0]
                  70019320    0000006e                                                       : bootloader.obj (.text.Bootloader_open)
                  7001938e    00000002     --HOLE-- [fill = 0]
                  70019390    0000006e                                                       : ospi_v0_lld.obj (.text.OSPI_lld_disablePhy)
                  700193fe    00000002     --HOLE-- [fill = 0]
                  70019400    0000006e                                                       : ospi_v0_lld.obj (.text.OSPI_lld_readDirect)
                  7001946e    00000002     --HOLE-- [fill = 0]
                  70019470    0000006c                                                       : bootloader_soc.obj (.text.Bootloader_authStart)
                  700194dc    00000004     --HOLE-- [fill = 0]
                  700194e0    0000006c                                                       : edma.obj (.text.EDMA_deinit)
                  7001954c    0000006c     libsysbm.a : hostunlink.c.obj (.text.HOSTunlink)
                  700195b8    00000008     --HOLE-- [fill = 0]
                  700195c0    0000006c     drivers.am263px.r5f.ti-arm-clang.nortos.debug.lib : ospi_v0.obj (.text.OSPI_close)
                  7001962c    00000004     --HOLE-- [fill = 0]
                  70019630    0000006c     security.am263px.r5f.ti-arm-clang.nortos.debug.lib : sipc_notify_src.obj (.text.SIPC_getReadMailbox)
                  7001969c    00000004     --HOLE-- [fill = 0]
                  700196a0    0000006c                                                        : sipc_notify_src.obj (.text.SIPC_getReadMailboxClear)
                  7001970c    00000004     --HOLE-- [fill = 0]
                  70019710    0000006c                                                        : sipc_notify_src.obj (.text.SIPC_registerClient)
                  7001977c    00000004     --HOLE-- [fill = 0]
                  70019780    0000006a     board.am263px.r5f.ti-arm-clang.nortos.debug.lib : flash_nor_ospi.obj (.text.Flash_quirkSpansionUNHYSADisable)
                  700197ea    00000006     --HOLE-- [fill = 0]
                  700197f0    00000068     drivers.am263px.r5f.ti-arm-clang.nortos.debug.lib : edma.obj (.text.EDMA_getBaseAddr)
                  70019858    00000008     --HOLE-- [fill = 0]
                  70019860    00000068     board.am263px.r5f.ti-arm-clang.nortos.debug.lib : flash_nor_ospi.obj (.text.Flash_norOspiCmdRead)
                  700198c8    00000008     --HOLE-- [fill = 0]
                  700198d0    00000068     drivers.am263px.r5f.ti-arm-clang.nortos.debug.lib : ospi_v0_lld.obj (.text.OSPI_waitWriteSRAMLevel)
                  70019938    00000008     --HOLE-- [fill = 0]
                  70019940    00000068                                                       : uart_v0_lld.obj (.text.UART_divisorValCompute)
                  700199a8    00000008     --HOLE-- [fill = 0]
                  700199b0    00000066     board.am263px.r5f.ti-arm-clang.nortos.debug.lib : flash.obj (.text.Flash_open)
                  70019a16    0000000a     --HOLE-- [fill = 0]
                  70019a20    00000066     drivers.am263px.r5f.ti-arm-clang.nortos.debug.lib : i2c_v1.obj (.text.I2C_init)
                  70019a86    0000000a     --HOLE-- [fill = 0]
                  70019a90    00000066                                                       : soc_rcm.obj (.text.SOC_rcmR5SS0PowerOnReset)
                  70019af6    0000000a     --HOLE-- [fill = 0]
                  70019b00    00000066                                                       : soc_rcm.obj (.text.SOC_rcmR5SS1PowerOnReset)
                  70019b66    0000000a     --HOLE-- [fill = 0]
                  70019b70    00000066     security.am263px.r5f.ti-arm-clang.nortos.debug.lib : hsmclient.obj (.text.crc16_ccit)
                  70019bd6    0000000a     --HOLE-- [fill = 0]
                  70019be0    00000064     drivers.am263px.r5f.ti-arm-clang.nortos.debug.lib : i2c_v1.obj (.text.I2C_completeCurrTransfer)
                  70019c44    0000000c     --HOLE-- [fill = 0]
                  70019c50    00000064                                                       : soc_rcm.obj (.text.SOC_rcmGetR5Clock)
                  70019cb4    0000000c     --HOLE-- [fill = 0]
                  70019cc0    00000064                                                       : soc_rcm.obj (.text.SOC_rcmIsR5FInLockStepMode)
                  70019d24    0000000c     --HOLE-- [fill = 0]
                  70019d30    00000064                                                       : uart_v0_lld.obj (.text.UART_fifoRegisterWrite)
                  70019d94    0000000c     --HOLE-- [fill = 0]
                  70019da0    00000064                                                       : uart_v0_lld.obj (.text.UART_lld_deInitDma)
                  70019e04    0000000c     --HOLE-- [fill = 0]
                  70019e10    00000062                                                       : mcan.obj (.text.MCAN_getErrCounters)
                  70019e72    0000000e     --HOLE-- [fill = 0]
                  70019e80    00000062                                                       : mcan.obj (.text.MCAN_initTxBufElement)
                  70019ee2    0000000e     --HOLE-- [fill = 0]
                  70019ef0    00000062                                                       : soc_rcm.obj (.text.SOC_rcmInsert16)
                  70019f52    0000000e     --HOLE-- [fill = 0]
                  70019f60    00000062                                                       : soc_rcm.obj (.text.SOC_rcmInsert8)
                  70019fc2    0000000e     --HOLE-- [fill = 0]
                  70019fd0    00000062     nortos.am263px.r5f.ti-arm-clang.debug.lib : SemaphoreP_nortos.obj (.text.SemaphoreP_post)
                  7001a032    0000000e     --HOLE-- [fill = 0]
                  7001a040    00000060     drivers.am263px.r5f.ti-arm-clang.nortos.debug.lib : edma.obj (.text.EDMA_chainChannel)
                  7001a0a0    00000060     libsysbm.a : hostclose.c.obj (.text.HOSTclose)
                  7001a100    00000060     drivers.am263px.r5f.ti-arm-clang.nortos.debug.lib : ospi_lld_dma.obj (.text.OSPI_dmaCopy)
                  7001a160    00000060                                                       : uart_v0_lld.obj (.text.UART_getChar)
                  7001a1c0    00000060                                                       : uart_v0_lld.obj (.text.UART_writeData)
                  7001a220    0000005e                                                       : soc_rcm.obj (.text.SOC_rcmInsert32)
                  7001a27e    00000002     --HOLE-- [fill = 0]
                  7001a280    0000005c     ti_power_clock_config.obj (.text.Module_clockSetFrequency)
                  7001a2dc    00000004     --HOLE-- [fill = 0]
                  7001a2e0    0000005c     drivers.am263px.r5f.ti-arm-clang.nortos.debug.lib : ospi_v0_lld.obj (.text.OSPI_utilLog2)
                  7001a33c    00000004     --HOLE-- [fill = 0]
                  7001a340    0000005c                                                       : uart_v0_lld.obj (.text.UART_lld_deInit)
                  7001a39c    00000004     --HOLE-- [fill = 0]
                  7001a3a0    0000005a     security.am263px.r5f.ti-arm-clang.nortos.debug.lib : hsmclient_wait_for_boot_notify.obj (.text.HsmClient_waitForBootNotify)
                  7001a3fa    00000006     --HOLE-- [fill = 0]
                  7001a400    0000005a     drivers.am263px.r5f.ti-arm-clang.nortos.debug.lib : uart_dma_edma.obj (.text.UART_lld_dmaDisableChannel)
                  7001a45a    00000006     --HOLE-- [fill = 0]
                  7001a460    0000005a                                                       : uart_v0_lld.obj (.text.UART_regConfigModeEnable)
                  7001a4ba    00000006     --HOLE-- [fill = 0]
                  7001a4c0    00000058     ti_clocktree_pll_config.obj (.text.Bootloader_socConfigurePll)
                  7001a518    00000008     --HOLE-- [fill = 0]
                  7001a520    00000058     middleware.am263px.r5f.ti-arm-clang.nortos.debug.lib : tielfup32.obj (.text.ELFUP_init)
                  7001a578    00000008     --HOLE-- [fill = 0]
                  7001a580    00000058     board.am263px.r5f.ti-arm-clang.nortos.debug.lib : flash_nor_ospi.obj (.text.Flash_norOspiCmdWrite)
                  7001a5d8    00000008     --HOLE-- [fill = 0]
                  7001a5e0    00000058     security.am263px.r5f.ti-arm-clang.nortos.debug.lib : hsmclient_loadhsmrt.obj (.text.Hsmclient_mboxRxISR)
                  7001a638    00000008     --HOLE-- [fill = 0]
                  7001a640    00000058     drivers.am263px.r5f.ti-arm-clang.nortos.debug.lib : ospi_v0_lld.obj (.text.OSPI_writeFifoData)
                  7001a698    00000008     --HOLE-- [fill = 0]
                  7001a6a0    00000058                                                       : soc_rcm.obj (.text.SOC_rcmGetModuleClkDivVal)
                  7001a6f8    00000008     --HOLE-- [fill = 0]
                  7001a700    00000058                                                       : uart_v0.obj (.text.UART_getHandle)
                  7001a758    00000058     libc.a : fopen.c.obj (.text.__TI_cleanup)
                  7001a7b0    00000058     libsysbm.a : trgmsg.c.obj (.text.__TI_readmsg)
                  7001a808    00000058                : trgmsg.c.obj (.text.__TI_writemsg)
                  7001a860    00000056     drivers.am263px.r5f.ti-arm-clang.nortos.debug.lib : bootloader.obj (.text.Bootloader_BootImageInfo_init)
                  7001a8b6    0000000a     --HOLE-- [fill = 0]
                  7001a8c0    00000056                                                       : bootloader_soc.obj (.text.Bootloader_authFinish)
                  7001a916    0000000a     --HOLE-- [fill = 0]
                  7001a920    00000056                                                       : edma.obj (.text.EDMA_getHandle)
                  7001a976    0000000a     --HOLE-- [fill = 0]
                  7001a980    00000056                                                       : i2c_v1.obj (.text.I2C_getHandle)
                  7001a9d6    0000000a     --HOLE-- [fill = 0]
                  7001a9e0    00000056                                                       : mcan.obj (.text.MCAN_initOperModeParams)
                  7001aa36    0000000a     --HOLE-- [fill = 0]
                  7001aa40    00000056                                                       : ospi_v0_lld.obj (.text.OSPI_getCmdExt)
                  7001aa96    0000000a     --HOLE-- [fill = 0]
                  7001aaa0    00000056                                                       : ospi_v0_lld.obj (.text.OSPI_lld_configResetPin)
                  7001aaf6    0000000a     --HOLE-- [fill = 0]
                  7001ab00    00000056                                                       : uart_v0.obj (.text.UART_lld_readCompleteCallback)
                  7001ab56    0000000a     --HOLE-- [fill = 0]
                  7001ab60    00000056                                                       : uart_v0.obj (.text.UART_lld_writeCompleteCallback)
                  7001abb6    0000000a     --HOLE-- [fill = 0]
                  7001abc0    00000054                                                       : edma.obj (.text.EDMA_setPaRAM)
                  7001ac14    0000000c     --HOLE-- [fill = 0]
                  7001ac20    00000054     security.am263px.r5f.ti-arm-clang.nortos.debug.lib : hsmclient_loadhsmrt.obj (.text.Hsmclient_computeIPCChecksum)
                  7001ac74    0000000c     --HOLE-- [fill = 0]
                  7001ac80    00000054     drivers.am263px.r5f.ti-arm-clang.nortos.debug.lib : ospi_v0_lld.obj (.text.OSPI_lld_configBaudrate)
                  7001acd4    0000000c     --HOLE-- [fill = 0]
                  7001ace0    00000054                                                       : ospi_v0_lld.obj (.text.OSPI_readFifoData)
                  7001ad34    0000000c     --HOLE-- [fill = 0]
                  7001ad40    00000054                                                       : uart_v0_lld.obj (.text.UART_OperModeValid)
                  7001ad94    00000054     libc.a : exit.c.obj (.text.exit)
                  7001ade8    00000054            : getdevice.c.obj (.text.finddevice)
                  7001ae3c    00000054            : autoinit.c.obj (.text:__TI_auto_init_nobinit_nopinit)
                  7001ae90    00000052     drivers.am263px.r5f.ti-arm-clang.nortos.debug.lib : edma.obj (.text.EDMA_readIntrStatusRegion)
                  7001aee2    0000000e     --HOLE-- [fill = 0]
                  7001aef0    00000052     board.am263px.r5f.ti-arm-clang.nortos.debug.lib : flash.obj (.text.Flash_read)
                  7001af42    0000000e     --HOLE-- [fill = 0]
                  7001af50    00000052                                                     : flash.obj (.text.Flash_write)
                  7001afa2    0000000e     --HOLE-- [fill = 0]
                  7001afb0    00000052     drivers.am263px.r5f.ti-arm-clang.nortos.debug.lib : i2c_v1_lld.obj (.text.I2C_lld_deInit)
                  7001b002    0000000e     --HOLE-- [fill = 0]
                  7001b010    00000052     security.am263px.r5f.ti-arm-clang.nortos.debug.lib : sipc_notify_cfg.obj (.text.SIPC_Register_Isr)
                  7001b062    0000000e     --HOLE-- [fill = 0]
                  7001b070    00000052     drivers.am263px.r5f.ti-arm-clang.nortos.debug.lib : soc_rcm.obj (.text.SOC_rcmCoreApllRelockPreRequisite)
                  7001b0c2    0000000e     --HOLE-- [fill = 0]
                  7001b0d0    00000050     ti_board_open_close.obj (.text.Board_flashClose)
                  7001b120    00000050     ti_drivers_open_close.obj (.text.Drivers_edmaClose)
                  7001b170    00000050     ti_drivers_open_close.obj (.text.Drivers_i2cClose)
                  7001b1c0    00000050     ti_drivers_open_close.obj (.text.Drivers_ospiClose)
                  7001b210    00000050     ti_drivers_open_close.obj (.text.Drivers_uartClose)
                  7001b260    00000050     drivers.am263px.r5f.ti-arm-clang.nortos.debug.lib : pinmux.obj (.text.Pinmux_config)
                  7001b2b0    00000050                                                       : uart_v0_lld.obj (.text.UART_checkCharsAvailInFifo)
                  7001b300    0000004e                                                       : edma.obj (.text.EDMA_clrEvtRegion)
                  7001b34e    00000002     --HOLE-- [fill = 0]
                  7001b350    0000004e                                                       : edma.obj (.text.EDMA_clrIntrRegion)
                  7001b39e    00000002     --HOLE-- [fill = 0]
                  7001b3a0    0000004e                                                       : edma.obj (.text.EDMA_disableDmaEvtRegion)
                  7001b3ee    00000002     --HOLE-- [fill = 0]
                  7001b3f0    0000004e                                                       : edma.obj (.text.EDMA_disableEvtIntrRegion)
                  7001b43e    00000002     --HOLE-- [fill = 0]
                  7001b440    0000004e                                                       : edma.obj (.text.EDMA_enableDmaEvtRegion)
                  7001b48e    00000002     --HOLE-- [fill = 0]
                  7001b490    0000004e                                                       : edma.obj (.text.EDMA_enableEvtIntrRegion)
                  7001b4de    00000002     --HOLE-- [fill = 0]
                  7001b4e0    0000004e                                                       : edma.obj (.text.EDMA_getCcErrorInfo)
                  7001b52e    00000002     --HOLE-- [fill = 0]
                  7001b530    0000004e                                                       : edma.obj (.text.EDMA_setEvtRegion)
                  7001b57e    00000002     --HOLE-- [fill = 0]
                  7001b580    0000004e     security.am263px.r5f.ti-arm-clang.nortos.debug.lib : hsmclient.obj (.text.HsmClient_waitForAllResponses)
                  7001b5ce    00000002     --HOLE-- [fill = 0]
                  7001b5d0    0000004e     drivers.am263px.r5f.ti-arm-clang.nortos.debug.lib : ospi_v0.obj (.text.OSPI_readCmd)
                  7001b61e    00000002     --HOLE-- [fill = 0]
                  7001b620    0000004e                                                       : ospi_v0.obj (.text.OSPI_writeCmd)
                  7001b66e    00000002     --HOLE-- [fill = 0]
                  7001b670    0000004c     nortos.am263px.r5f.ti-arm-clang.debug.lib : ClockP_nortos.obj (.text.ClockP_construct)
                  7001b6bc    00000004     --HOLE-- [fill = 0]
                  7001b6c0    0000004c     drivers.am263px.r5f.ti-arm-clang.nortos.debug.lib : edma.obj (.text.EDMA_ccPaRAMEntry_init)
                  7001b70c    00000004     --HOLE-- [fill = 0]
                  7001b710    0000004c                                                       : edma.obj (.text.EDMA_mapQdmaChToPaRAM)
                  7001b75c    00000004     --HOLE-- [fill = 0]
                  7001b760    0000004c                                                       : edma.obj (.text.EDMA_readEventStatusRegion)
                  7001b7ac    00000004     --HOLE-- [fill = 0]
                  7001b7b0    0000004c     ti_power_clock_config.obj (.text.Module_clockDisable)
                  7001b7fc    00000004     --HOLE-- [fill = 0]
                  7001b800    0000004c     ti_power_clock_config.obj (.text.Module_clockEnable)
                  7001b84c    00000004     --HOLE-- [fill = 0]
                  7001b850    0000004c     drivers.am263px.r5f.ti-arm-clang.nortos.debug.lib : ospi_v0.obj (.text.OSPI_getHandle)
                  7001b89c    00000004     --HOLE-- [fill = 0]
                  7001b8a0    0000004c                                                       : ospi_v0_lld.obj (.text.OSPI_lld_readBaudRateDivFromReg)
                  7001b8ec    00000004     --HOLE-- [fill = 0]
                  7001b8f0    0000004a                                                       : bootloader_profile.obj (.text.Bootloader_profileAddProfilePoint)
                  7001b93a    00000006     --HOLE-- [fill = 0]
                  7001b940    0000004a                                                       : mcan.obj (.text.MCAN_initSetBitTimeParams)
                  7001b98a    00000006     --HOLE-- [fill = 0]
                  7001b990    0000004a                                                       : mcan.obj (.text.MCAN_setExtIDAndMask)
                  7001b9da    00000006     --HOLE-- [fill = 0]
                  7001b9e0    0000004a                                                       : soc_rcm.obj (.text.SOC_rcmGetCR5SysclkInFrequency)
                  7001ba2a    00000006     --HOLE-- [fill = 0]
                  7001ba30    0000004a                                                       : uart_v0_lld.obj (.text.UART_getIntrIdentityStatus)
                  7001ba7a    00000006     --HOLE-- [fill = 0]
                  7001ba80    0000004a                                                       : uart_v0_lld.obj (.text.UART_lineCharConfig)
                  7001baca    00000006     --HOLE-- [fill = 0]
                  7001bad0    00000048                                                       : edma.obj (.text.EDMA_clearTcErrors)
                  7001bb18    00000008     --HOLE-- [fill = 0]
                  7001bb20    00000048                                                       : ospi_v0_lld.obj (.text.OSPI_lld_enableDacMode)
                  7001bb68    00000008     --HOLE-- [fill = 0]
                  7001bb70    00000048                                                       : ospi_v0_lld.obj (.text.OSPI_lld_setDeviceSize)
                  7001bbb8    00000008     --HOLE-- [fill = 0]
                  7001bbc0    00000048                                                       : ospi_v0_lld.obj (.text.OSPI_lld_setNumAddrBytes)
                  7001bc08    00000008     --HOLE-- [fill = 0]
                  7001bc10    00000048                                                       : uart_v0_lld.obj (.text.UART_resetModule)
                  7001bc58    00000048     libsysbm.a : unlink.c.obj (.text.unlink)
                  7001bca0    00000046     nortos.am263px.r5f.ti-arm-clang.debug.lib : DebugP_uartLogWriter.obj (.text.DebugP_uartLogWriterPutChar)
                  7001bce6    0000000a     --HOLE-- [fill = 0]
                  7001bcf0    00000046     drivers.am263px.r5f.ti-arm-clang.nortos.debug.lib : i2c_v1.obj (.text.I2C_hwiFxn)
                  7001bd36    0000000a     --HOLE-- [fill = 0]
                  7001bd40    00000046                                                       : mcan.obj (.text.MCAN_initGlobalFilterConfigParams)
                  7001bd86    0000000a     --HOLE-- [fill = 0]
                  7001bd90    00000046                                                       : ospi_v0_lld.obj (.text.OSPI_lld_disableDacMode)
                  7001bdd6    0000000a     --HOLE-- [fill = 0]
                  7001bde0    00000046                                                       : ospi_phy_am26x_lld.obj (.text.OSPI_lld_phyTuneDDR)
                  7001be26    0000000a     --HOLE-- [fill = 0]
                  7001be30    00000046                                                       : uart_v0_lld.obj (.text.UART_i2310WA)
                  7001be76    0000000a     --HOLE-- [fill = 0]
                  7001be80    00000046                                                       : uart_v0_lld.obj (.text.UART_readLineStatus)
                  7001bec6    0000000a     --HOLE-- [fill = 0]
                  7001bed0    00000044     ti_dpl_config.obj (.text.Dpl_init)
                  7001bf14    0000000c     --HOLE-- [fill = 0]
                  7001bf20    00000044     drivers.am263px.r5f.ti-arm-clang.nortos.debug.lib : ospi_lld_dma.obj (.text.OSPI_dmaClose)
                  7001bf64    0000000c     --HOLE-- [fill = 0]
                  7001bf70    00000044                                                       : ospi_lld_dma.obj (.text.OSPI_isDmaInterruptEnabled)
                  7001bfb4    0000000c     --HOLE-- [fill = 0]
                  7001bfc0    00000044                                                       : soc_rcm.obj (.text.SBL_rcmIsDualCoreSwitchSupported)
                  7001c004    0000000c     --HOLE-- [fill = 0]
                  7001c010    00000044     security.am263px.r5f.ti-arm-clang.nortos.debug.lib : sipc_notify_src.obj (.text.SIPC_unregisterClient)
                  7001c054    0000000c     --HOLE-- [fill = 0]
                  7001c060    00000044     drivers.am263px.r5f.ti-arm-clang.nortos.debug.lib : soc_rcm.obj (.text.SOC_rcmExtract8)
                  7001c0a4    0000000c     --HOLE-- [fill = 0]
                  7001c0b0    00000044                                                       : soc_rcm.obj (.text.SOC_rcmMake16)
                  7001c0f4    0000000c     --HOLE-- [fill = 0]
                  7001c100    00000044                                                       : soc_rcm.obj (.text.SOC_rcmMake8)
                  7001c144    0000000c     --HOLE-- [fill = 0]
                  7001c150    00000044     nortos.am263px.r5f.ti-arm-clang.debug.lib : SemaphoreP_nortos.obj (.text.SemaphoreP_construct)
                  7001c194    0000000c     --HOLE-- [fill = 0]
                  7001c1a0    00000044                                               : DebugP_nortos.obj (.text._DebugP_logZone)
                  7001c1e4    0000000c     --HOLE-- [fill = 0]
                  7001c1f0    00000044                                               : printf.obj (.text._strnlen_s)
                  7001c234    0000000c     --HOLE-- [fill = 0]
                  7001c240    00000042     drivers.am263px.r5f.ti-arm-clang.nortos.debug.lib : bootloader.obj (.text.Bootloader_initCpu)
                  7001c282    0000000e     --HOLE-- [fill = 0]
                  7001c290    00000042     nortos.am263px.r5f.ti-arm-clang.debug.lib : ClockP_nortos.obj (.text.ClockP_start)
                  7001c2d2    0000000e     --HOLE-- [fill = 0]
                  7001c2e0    00000042     drivers.am263px.r5f.ti-arm-clang.nortos.debug.lib : uart_v0.obj (.text.UART_checkOpenParams)
                  7001c322    0000000e     --HOLE-- [fill = 0]
[...]
7001d8e1  Bootloader_socGetCoreName                   
7001d911  I2C_deinit                                  
7001d941  OSPI_deinit                                 
7001d9d1  SOC_rcmMemInitMailboxMemory                 
7001da01  UART_deinit                                 
7001da31  UART_lld_dmaInit                            
7001da91  mcanConfigTxMsg                             
7001dac1  Bootloader_socCpuGetClkDefault              
7001daf1  DebugP_logZoneEnable                        
7001db51  OSPI_getInputClk                            
7001db81  OSPI_isDacEnable                            
7001dbb1  OSPI_isPhyEnable                            
7001dbe1  OSPI_setDeviceSize                          
7001dc11  SemaphoreP_constructBinary                  
7001dc41  Bootloader_Uniflash_MCELF_flashVerifyXIPFile
7001dc71  Bootloader_Uniflash_RPRC_flashXIPFile       
7001dca1  Bootloader_socCpuSetClock                   
7001dcd1  Bootloader_socIsAuthRequired                
7001dd31  I2C_lld_Transaction_init                    
7001dd91  OSPI_lld_setModeBits                        
7001ddc1  UART_Transaction_init                       
7001ddf1  UART_intr2Disable                           
7001de21  UART_lld_Transaction_init                   
7001de51  UART_operatingModeSelect                    
7001de81  flashFixUpOspiBoot                          
7001deb1  CSL_armR5GetCpuID                           
7001dee1  OSPI_lld_Transaction_init                   
7001df11  OSPI_lld_clearDualOpCodeMode                
7001df41  OSPI_lld_enableModeBitsCmd                  
7001df71  OSPI_lld_enableModeBitsRead                 
7001dfa1  OSPI_lld_setDualOpCodeMode                  
7001dfd1  OSPI_setCmdDummyCycles                      
7001e001  OSPI_setCmdExtType                          
7001e031  OSPI_setModeBits                            
7001e061  OSPI_setNumAddrBytes                        
7001e091  OSPI_setPhyEnableSuccess                    
7001e0c1  OSPI_setProtocol                            
7001e0f1  OSPI_setReadDummyCycles                     
7001e121  vprintf_                                    
7001e151  EDMA_disableQdmaEvtRegion                   
7001e181  EDMA_enableQdmaEvtRegion                    
7001e1b1  EDMA_getIntrStatusRegion                    
7001e1e1  EDMA_intrStatusHighGetRegion                
7001e241  Bootloader_CpuInfo_init                     
7001e2d1  Flash_getPhyTuningOffset                    
7001e361  I2C_Transaction_init                        
7001e391  OSPI_clearDualOpCodeMode                    
7001e3f1  OSPI_enableModeBitsCmd                      
7001e421  OSPI_enableModeBitsRead                     
7001e481  SOC_rcmR5SS0TriggerReset                    
7001e4b1  SemaphoreP_constructMutex                   
7001e4e1  System_init                                 
7001e594  __aeabi_uldivmod                            
7001e5f1  Bootloader_profileAddCore                   
7001e621  EDMA_channelToParamMap                      
7001e681  SOC_rcmR5SS1TriggerReset                    
7001e6e1  Bootloader_Uniflash_MCELF_flashXIPFile      
7001e701  Bootloader_getMulticoreImageSize            
7001e721  ClockP_isActive                             
7001e741  ClockP_usecToTicks                          
7001e7a1  OSPI_lld_readCompleteCallback               
7001e801  System_deinit                               
7001e821  Bootloader_profileUpdateMediaAndClk         
7001e841  ClockP_Params_init                          
7001e861  EDMA_getEventStatusHigh                     
7001e8c1  MCAN_setOpMode                              
7001e961  OSPI_lld_getFlashDataBaseAddr               
7001e981  OSPI_lld_getInputClk                        
7001e9a1  SOC_getSelfCpuClk                           
7001e9c1  SOC_moduleClockEnable                       
7001ea01  UART_lld_Transaction_deInit                 
7001ea41  Board_driversOpen                           
7001ea61  EDMA_errIntrHighStatusGet                   
7001ea81  EDMA_getCCErrStatus                         
7001eaa1  EDMA_getErrIntrStatus                       
7001eac1  EDMA_getEventStatus                         
7001eae1  EDMA_qdmaGetErrIntrStatus                   
7001eb61  OSPI_lld_phyGetTuningData                   
7001eb81  TCA6416_Params_init                         
7001ebc1  putchar_                                    
7001ebf8  TI_memcpy_small                             
7001ec21  I2C_Params_init                             
7001ec41  MCAN_getOpMode                              
7001ec61  OSPI_lld_setCmdExtType                      
7001eca1  SOC_rcmSetR5Clock                           
7001ed01  board_flash_reset                           
7001ed21  Drivers_close                               
7001ed41  Drivers_open                                
7001ed61  EDMA_clrCCErr                               
7001ed81  EDMA_isInterruptEnabled                     
7001ee41  OSPI_ReadCmdParams_init                     
7001ee61  OSPI_Transaction_init                       
7001ee81  OSPI_WriteCmdParams_init                    
7001eea1  OSPI_edmaItrStatus                          
7001eec1  OSPI_lld_setPhyEnableSuccess                
7001ef01  SOC_rcmSetR5ClockSource                     
7001ef21  SemaphoreP_Params_init                      
7001ef41  TCA6416_getAttrs                            
7001ef61  TimerP_getReloadCountPriv                   
7001efc1  UART_putChar                                
7001efd8  TI_memset_small                             
7001eff1  Bootloader_profileUpdateAppimageSize        
7001f031  HsmClient_unregister                        
7001f0d1  MCAN_getTxBufTransmissionStatus             
7001f0f1  OSPI_lld_isDacEnable                        
7001f111  OSPI_lld_isPhyEnable                        
7001f131  TimerP_startPriv                            
7001f151  TimerP_stopPriv                             
7001f1b1  Bootloader_Params_init                      
7001f1d1  DebugP_uartSetDrvIndex                      
7001f211  HsmClient_SecureBootQueueInit               
7001f2d1  OSPI_phyGetTuningData                       
7001f331  TimerP_clearOverflowIntPriv                 
7001f351  TimerP_setup                                
7001f371  HsmClient_unRegister                        
7001f391  Hsmclient_updateBootNotificationRegister    
7001f3d1  Pinmux_init                                 
7001f431  ClockP_getTimerCount                        
7001f441  ClockP_timerClearOverflowInt                
7001f4d1  TimerP_Params_init                          
7001f4e1  TimerP_clearOverflowInt                     
7001f4f1  TimerP_getCount                             
7001f501  TimerP_getReloadCount                       
7001f511  TimerP_start                                
7001f520  __aeabi_memset                              
7001f520  __aeabi_memset4                             
7001f520  __aeabi_memset8                             
7001f540  putchar                                     
7001f551  Bootloader_socCpuResetReleaseSelf           
7001f561  Bootloader_socInitL2MailBoxMemory           
7001f591  ClockP_getTicks                             
7001f5a1  PowerClock_init                             
7001f5b1  SIPC_getSelfCoreId                          
7001f5d1  Bootloader_socCpuRelease                    
7001f5e1  Bootloader_socCpuRequest                    
7001f5f1  Bootloader_socGetSBLMem                     
7001f621  Keyring_init                                
7001f651  Drivers_uartInit                            
7001f661  PowerClock_deinit                           
7001f6a1  SemaphoreP_destruct                         
7001f6d1  Dpl_deinit                                  
7001f6e1  Drivers_mcanClose                           
7001f6f1  Drivers_mcanOpen                            
7001f701  TaskP_yield                                 
7001f711  HwiP_enableInt                              
7001f751  HwiP_disableInt                             
7001f7b1  HwiP_restoreInt                             
7001f7e1  HwiP_clearInt                               
7001f821  HwiP_post                                   
7001f861  HwiP_Params_init                            
7001f891  HwiP_construct                              
7001fa81  HwiP_destruct                               
7001faf1  HwiP_init                                   
7001fca1  HwiP_inISR                                  
7001fcd1  HwiP_setVimIrqPriMaskNonAtomic              
7001fd21  HwiP_setVimIrqPriMaskAtomic                 
7001fdc1  HwiP_restoreVimIrqPriMask                   
7001fdd1  HwiP_irq_handler_c                          
7001ff71  HwiP_fiq_handler                            
700200d1  HwiP_reserved_handler                       
70020111  HwiP_undefined_handler_c                    
70020131  HwiP_user_undefined_handler_c               
70020151  HwiP_svc_handler                            
70020191  HwiP_prefetch_abort_handler_c               
70020231  HwiP_user_prefetch_abort_handler_c          
70020271  HwiP_data_abort_handler_c                   
70020331  HwiP_user_data_abort_handler_c              
7002036c  HwiP_irq_handler                            
700203e0  HwiP_data_abort_handler                     
70020424  HwiP_prefetch_abort_handler                 
70020470  HwiP_undefined_handler                      
700204a0  GET_DFSR                                    
700204a8  GET_ADFSR                                   
700204b0  GET_DFAR                                    
700204b8  GET_IFSR                                    
700204c0  GET_AIFSR                                   
700204c8  GET_IFAR                                    
700204d0  GET_SPSR                                    
700204e8  HwiP_disable                                
700204f8  HwiP_disableFIQ                             
70020508  HwiP_enable                                 
70020518  HwiP_enableFIQ                              
70020528  HwiP_restore                                
70020530  HwiP_enableVIC                              
70020540  HwiP_disableVIC                             
70020550  HwiP_getCPSR                                
70020560  CacheP_disableL1d                           
70020588  CacheP_disableL1p                           
700205a0  CacheP_enableL1d                            
700205b8  CacheP_enableL1p                            
700205d0  CacheP_invL1d                               
70020608  CacheP_invL1p                               
70020644  CacheP_invL1dAll                            
7002064c  CacheP_invL1pAll                            
70020654  CacheP_wb                                   
70020690  CacheP_wbInv                                
700206cc  CacheP_wbAll                                
70020774  CacheP_wbInvAll                             
7002078c  CacheP_wbInvAllAsm                          
7002082c  CacheP_getEnabled                           
70020864  CacheP_getCacheLevelInfo                    
70020870  CacheP_configForceWrThru                    
70020890  CacheP_setDLFO                              
700208a1  CacheP_init                                 
70020931  CacheP_disable                              
70020981  CacheP_enable                               
700209c1  CacheP_inv                                  
70020a01  MpuP_getAttrs                               
70020a61  MpuP_RegionAttrs_init                       
70020a91  MpuP_setRegion                              
70020b21  MpuP_isEnable                               
70020b31  MpuP_disable                                
70020b71  MpuP_enable                                 
70020bc1  MpuP_init                                   
70020c61  MpuP_isUserAuthorizedToAccessMemory         
70020d40  MpuP_disableAsm                             
70020d58  MpuP_disableBRAsm                           
70020d68  MpuP_enableAsm                              
70020d80  MpuP_enableBRAsm                            
70020d90  MpuP_isEnableAsm                            
70020da4  MpuP_setRegionAsm                           
70020dc0  _c_int00_sbl                                
70020de4  _c_int00                                    
70020f11  _DebugP_assertNoLog                         
70020f41  _system_pre_init                            
70020f71  __mpu_init                                  
70020f80  _ftable                                     
70020f80  gUartDmaHandle                              
70021228  gFlashDevCfg_IS25LX256                      
700213ac  _device                                     
70021424  gAddrTranslateInfo                          
70021494  gSIPC_InterruptConfig                       
700214f8  gUartParams                                 
70021550  _stream                                     
700215a0  gSIPC_HsmMboxConfig                         
700215f0  gSIPC_SecureHostMboxConfig                  
70021640  gCANMsgsList                                
70021688  gSocModulesClockFrequency                   
700216c4  gFlashAttrs_IS25LX256                       
700216fc  gCoreBootInfo                               
7002172c  gBootloaderConfig                           
70021758  gFlashNorOspiFxns                           
7002177c  gFlashToSpiProtocolMap                      
700217a0  gMcanBitTimingDefaultParams                 
700217d8  gBootloaderFlashFxns                        
700217f0  gClockConfig                                
70021838  gFlashConfig                                
70021998  gResMemSection                              
700219ac  gSocModules                                 
700219d4  gBootloader0Args                            
700219e4  gOspiDmaEdmaFxns                            
700219f4  gAddrTranslateConfig                        
70021a00  gI2cParams                                  
70021a0c  gOspiDmaConfig                              
70021a18  __TI_cleanup_ptr                            
70021a1c  __TI_dtors_ptr                              
70021a20  gEdmaConfig                                 
70021a28  gEdmaParams                                 
70021a30  gFlashParams                                
70021a38  gI2cConfig                                  
70021a40  gOspiConfig                                 
70021a48  gSIPC_QueHsmToSecureHost                    
70021a50  gSIPC_QueSecureHostToHsm                    
70021a60  gUartConfig                                 
70021a68  operatingMode                               
70021a78  __TI_ft_end                                 
70021a7c  _lock                                       
70021a80  _unlock                                     
70021a88  gBootloaderConfigNum                        
70021a8c  gDebugLogZone                               
70021a90  gDebugP_uartDrvIndex                        
70021a94  gEdmaConfigNum                              
70021a98  gFlashConfigNum                             
70021a9c  gHsmRtDownloadComplete                      
70021aa0  gHsmrtLoadStatus                            
70021aa4  gHwiConfig                                  
70021aa8  gI2cConfigNum                               
70021abc  gOspiConfigNum                              
70021ac0  gOspiDmaConfigNum                           
70021ac4  gOspiParams                                 
70021ac8  gR5ss0Core1ImagePresent                     
70021acc  gR5ss0MemInitDone                           
70021ad0  gR5ss1Core1ImagePresent                     
70021ad4  gR5ss1MemInitDone                           
70021ad8  gR5ss1PORDone                               
70021ae0  gStreamId                                   
70021ae4  gUartConfigNum                              
70021ae8  gUartDmaChConfig                            
70021af0  ptrMSSCtrlRegs                              
70021af4  ptrTopCtrlRegs                              
70021af8  vec_size                                    
70021afc  vector_table_loc                            
70021b00  isMapAvailable                              
70021b08  gCacheConfig                                
70021b10  gMpuConfig                                  
70021b1c  gMpuRegionConfig                            
70021c20  gADPLLJConfigTbl                            
70022334  I2C_defaultTransaction                      
7002263d  gCR5ClkSrcInfoMap                           
700229c8  I2C_lld_defaultMessage                      
700229e0  gPeripheralClkSrcInfoMap                    
70022e7c  gPLLFreqId2FOutMap                          
70022f84  gXTALInfo                                   
70022ffc  gCacheL1dCacheLineSize                      
70023000  gCacheL1pCacheLineSize                      
70023080  __BSS_START                                 
70023080  gPHTBuffer                                  
70031100  gUniflashVerifyBuf                          
70039100  gX509Cert                                   
7003a100  gHwiCtrl                                    
7003a910  gQueue_HsmToSecureHost                      
7003ac50  gQueue_SecureHostToHsm                      
7003af90  gHsmClientMsgQueue                          
7003b2d0  gHSMClient                                  
7003b300  vec_addrs                                   
7003b600  gNoteSegBuffer                              
7003b880  gSecureBootStreamArray                      
7003bdb4  _CIOBUF_                                    
7003bdb4  __CIOBUF_                                   
7003bed4  gProfileObj                                 
7003c184  __TI_tmpnams                                
7003c224  gSIPC_ctrl                                  
7003c268  gFlashObject_IS25LX256                      
7003c27c  gEdmaHandle                                 
7003c280  gElfHBuffer                                 
7003c300  grxMsg                                      
7003c368  gtxMsg                                      
7003c3cc  gOspiEdmaArgs                               
7003c428  gClockCtrl                                  
7003c448  virtToPhymap                                
7003c458  parmbuf                                     
7003c460  gFlashHandle                                
7003c464  gI2cHandle                                  
7003c468  gMcanBaseAddr                               
7003c46c  gOspiHandle                                 
7003c470  gRunApp                                     
7003c474  gUartHandle                                 
7003c478  __BSS_END                                   
7003c478  __stack                                     
7003e478  __STACK_END                                 
7003e478  _sys_memory                                 
70040478  __IRQ_STACK_START                           
70040578  __FIQ_STACK_START                           
70040578  __IRQ_STACK_END                             
70040678  __FIQ_STACK_END                             
70040678  __SVC_STACK_START                           
70041678  __ABORT_STACK_START                         
70041678  __SVC_STACK_END                             
70041778  __ABORT_STACK_END                           
70041778  __UNDEFINED_STACK_START                     
70041878  __UNDEFINED_STACK_END                       
70050000  gHsmRtFw                                    
70090000  gUniflashFileBuf                            
ffffffff  __TI_pprof_out_hndl                         
ffffffff  __TI_prof_data_size                         
ffffffff  __TI_prof_data_start                        
ffffffff  __binit__                                   
ffffffff  binit                                       
UNDEFED   __TI_CINIT_Base                             
UNDEFED   __TI_CINIT_Limit                            
UNDEFED   __TI_Handler_Table_Base                     
UNDEFED   __TI_Handler_Table_Limit                    
UNDEFED   _system_post_cinit                          

[753 symbols]
