******************************************************************************
            TI ARM Clang Linker Unix v4.0.3                    
******************************************************************************
>> Linked Mon Sep 15 15:45:41 2025

OUTPUT FILE NAME:   <sbl_ospi_multicore_elf.release.out>
ENTRY POINT SYMBOL: "_vectors"  address: 00000000


MEMORY CONFIGURATION

         name            origin    length      used     unused   attr    fill
----------------------  --------  ---------  --------  --------  ----  --------
  R5F_VECS              00000000   00000100  00000040  000000c0  RWIX
  R5F_TCMA              00000100   00007f00  00000000  00007f00  RWIX
  R5F_TCMB0             00080000   00008000  00000000  00008000  RWIX
  MAILBOX_HSM           44000000   000003ce  00000340  0000008e  RWIX
  MAILBOX_R5F           44000400   000003ce  00000340  0000008e  RWIX
  FLASH_BOOTINFO_SECTOR 60080000   00001000  00000000  00001000  RWIX
  MSRAM_VECS            70002000   00000100  00000040  000000c0  RWIX
  MSRAM_0               70002100   0003ff00  00028a88  00017478  RWIX
  MSRAM_HSMRT           70042000   00040000  0000a6e4  0003591c  RWIX
  BOOT_SECTOR_INFO      80080000   00001000  00000000  00001000  RWIX


SEGMENT ALLOCATION MAP

run origin  load origin   length   init length attrs members
----------  ----------- ---------- ----------- ----- -------
00000000    70002000    00000040   00000040    r-x
  00000000    70002000    00000040   00000040    r-x .sbl_init_code
70002100    70002100    0000f968   0000f968    r-x
  70002100    70002100    0000e7a0   0000e7a0    r-x .text
  700108a0    700108a0    00000978   00000978    r-x .text.hwi
  70011218    70011218    00000430   00000430    r-x .text.cache
  70011648    70011648    00000290   00000290    r-x .text.mpu
  700118d8    700118d8    00000190   00000190    r-x .text.boot
70011a68    70011a68    000009b8   000009b8    rw-
  70011a68    70011a68    000009b8   000009b8    rw- .data
70012420    70012420    00001568   00001568    r--
  70012420    70012420    00001568   00001568    r-- .rodata
70013a00    70013a00    00017200   00000000    rw-
  70013a00    70013a00    00010f00   00000000    rw- .bss
  70024900    70024900    00002000   00000000    rw- .stack
  70026900    70026900    00002000   00000000    rw- .sysmem
  70028900    70028900    00001000   00000000    rw- .irqstack
  70029900    70029900    00000100   00000000    rw- .fiqstack
  70029a00    70029a00    00001000   00000000    rw- .svcstack
  7002aa00    7002aa00    00000100   00000000    rw- .abortstack
  7002ab00    7002ab00    00000100   00000000    rw- .undefinedstack
70042000    70042000    0000a6e4   0000a6e4    r--
  70042000    70042000    0000a6e4   0000a6e4    r-- .rodata.hsmrt


SECTION ALLOCATION MAP

 output                                  attributes/
section   page    origin      length       input sections
--------  ----  ----------  ----------   ----------------
.bss.sipc_hsm_queue_mem 
*          0    44000000    00000340     NOLOAD SECTION
                  44000000    00000340     ti_drivers_config.obj (.bss.sipc_hsm_queue_mem)

.bss.sipc_secure_host_queue_mem 
*          0    44000400    00000340     NOLOAD SECTION
                  44000400    00000340     ti_drivers_config.obj (.bss.sipc_secure_host_queue_mem)

.sbl_init_code 
*          0    70002000    00000040     RUN ADDR = 00000000
                  70002000    00000040     nortos.am263px.r5f.ti-arm-clang.release.lib : HwiP_armv7r_vectors_nortos_asm.obj (.vectors)

.text      0    70002100    0000e7a0     
                  70002100    000006f0     board.am263px.r5f.ti-arm-clang.nortos.release.lib : flash_nor_ospi.obj (.text.Flash_norOspiOpen)
                  700027f0    000006ea     drivers.am263px.r5f.ti-arm-clang.nortos.release.lib : ospi_phy_am26x_lld.obj (.text.OSPI_lld_phyFindOTP1)
                  70002eda    00000002     ti_dpl_config.obj (.text.Dpl_deinit)
                  70002edc    00000694     drivers.am263px.r5f.ti-arm-clang.nortos.release.lib : bootloader.obj (.text.Bootloader_parseAndLoadMultiCoreELF)
                  70003570    00000580     nortos.am263px.r5f.ti-arm-clang.release.lib : printf.obj (.text._vsnprintf)
                  70003af0    000004cc     drivers.am263px.r5f.ti-arm-clang.nortos.release.lib : soc_rcm.obj (.text.SOC_rcmEnablePeripheralClock)
                  70003fbc    00000444                                                         : i2c_v1_lld.obj (.text.I2C_lld_primeTransferPoll)
                  70004400    00000400     nortos.am263px.r5f.ti-arm-clang.release.lib : printf.obj (.text._ftoa)
                  70004800    000003e0     main.obj (.text.main)
                  70004be0    00000390     libc.a : strcmp32.S.obj (.text:strcmp)
                  70004f70    00000342     board.am263px.r5f.ti-arm-clang.nortos.release.lib : flash_nor_ospi.obj (.text.Flash_setQeBit)
                  700052b2    00000006     drivers.am263px.r5f.ti-arm-clang.nortos.release.lib : edma.obj (.text.EDMA_isInterruptEnabled)
                  700052b8    00000310     nortos.am263px.r5f.ti-arm-clang.release.lib : printf.obj (.text._etoa)
                  700055c8    000002a0     drivers.am263px.r5f.ti-arm-clang.nortos.release.lib : uart_v0.obj (.text.UART_open)
                  70005868    0000027c                                                         : edma.obj (.text.EDMA_init)
                  70005ae4    00000250                                                         : soc_rcm.obj (.text.SOC_rcmSetPeripheralClock)
                  70005d34    0000023c                                                         : uart_v0_lld.obj (.text.UART_configInstance)
                  70005f70    00000234                                                         : ospi_v0.obj (.text.OSPI_open)
                  700061a4    0000022a     security.am263px.r5f.ti-arm-clang.nortos.release.lib : sipc_notify_src.obj (.text.SIPC_init)
                  700063ce    00000002     drivers.am263px.r5f.ti-arm-clang.nortos.release.lib : bootloader_flash.obj (.text.Flash_imgClose)
                  700063d0    0000020c                                                         : i2c_v1.obj (.text.I2C_open)
                  700065dc    00000204                                                         : edma.obj (.text.EDMA_freeChannelRegion)
                  700067e0    000001f0                                                         : edma.obj (.text.EDMA_errorIsrFxn)
                  700069d0    000001e4                                                         : ospi_edma_lld.obj (.text.OSPI_edmaCopy)
                  70006bb4    000001cc                                                         : soc_rcm.obj (.text.SOC_rcmPerApllConfig)
                  70006d80    000001b4                                                         : i2c_v1_lld.obj (.text.I2C_lld_targetIsr)
                  70006f34    000001ae                                                         : i2c_v1_lld.obj (.text.I2C_lld_controllerIsr)
                  700070e2    00000002     nortos.am263px.r5f.ti-arm-clang.release.lib : SemaphoreP_nortos.obj (.text.SemaphoreP_destruct)
                  700070e4    000001a8     libc.a : memory.c.obj (.text.free)
                  7000728c    000001a4            : memory.c.obj (.text.aligned_alloc)
                  70007430    00000194     drivers.am263px.r5f.ti-arm-clang.nortos.release.lib : uart_dma_edma.obj (.text.UART_lld_dmaInit)
                  700075c4    00000190                                                         : ospi_v0_lld.obj (.text.OSPI_programInstance)
                  70007754    00000186     security.am263px.r5f.ti-arm-clang.nortos.release.lib : hsmclient.obj (.text.HsmClient_procAuthBootFinish)
                  700078da    00000180     drivers.am263px.r5f.ti-arm-clang.nortos.release.lib : i2c_v1.obj (.text.I2C_transfer)
                  70007a5a    00000002     nortos.am263px.r5f.ti-arm-clang.release.lib : TaskP_nortos.obj (.text.TaskP_yield)
                  70007a5c    0000017c     drivers.am263px.r5f.ti-arm-clang.nortos.release.lib : soc.obj (.text.SOC_phyToVirt)
                  70007bd8    00000166     security.am263px.r5f.ti-arm-clang.nortos.release.lib : sipc_notify_src.obj (.text.SIPC_isr)
                  70007d3e    00000002     drivers.am263px.r5f.ti-arm-clang.nortos.release.lib : uart_dma_edma.obj (.text.UART_edmaDoNothing)
                  70007d40    00000164                                                         : edma.obj (.text.EDMA_open)
                  70007ea4    00000160                                                         : edma.obj (.text.EDMA_deinit)
                  70008004    00000150                                                         : ospi_edma_lld.obj (.text.OSPI_edmaInit)
                  70008154    0000014e                                                         : uart_dma_edma.obj (.text.UART_lld_dmaDeInit)
                  700082a2    0000014a                                                         : uart_v0_lld.obj (.text.UART_lld_controllerIsr)
                  700083ec    00000148                                                         : soc_rcm.obj (.text.SOC_rcmCoreApllHSDivConfig)
                  70008534    00000144     libc.a : setvbuf.c.obj (.text.setvbuf)
                  70008678    00000140     nortos.am263px.r5f.ti-arm-clang.release.lib : TimerP_rti_priv.obj (.text.TimerP_setupPriv)
                  700087b8    0000013c     drivers.am263px.r5f.ti-arm-clang.nortos.release.lib : bootloader_profile.obj (.text.Bootloader_profilePrintProfileLog)
                  700088f4    0000013c                                                         : soc.obj (.text.SOC_virtToPhy)
                  70008a30    00000138                                                         : uart_v0.obj (.text.UART_close)
                  70008b68    00000132     nortos.am263px.r5f.ti-arm-clang.release.lib : printf.obj (.text._ntoa_format)
                  70008c9a    0000012c     security.am263px.r5f.ti-arm-clang.nortos.release.lib : hsmclient.obj (.text.HsmClient_configOTFARegions)
                  70008dc6    0000012c                                                          : hsmclient_loadhsmrt.obj (.text.Hsmclient_loadHSMRtFirmware)
                  70008ef2    0000011e     board.am263px.r5f.ti-arm-clang.nortos.release.lib : flash_nor_ospi.obj (.text.Flash_norOspiReset)
                  70009010    0000011e     security.am263px.r5f.ti-arm-clang.nortos.release.lib : hsmclient.obj (.text.HsmClient_EnqueueAndSendMsg)
                  7000912e    00000002     nortos.am263px.r5f.ti-arm-clang.release.lib : printf.obj (.text._out_null)
                  70009130    00000118     drivers.am263px.r5f.ti-arm-clang.nortos.release.lib : edma.obj (.text.Alloc_resource)
                  70009248    00000118     libclang_rt.builtins.a : udivmoddi4.S.obj (.text)
                  70009360    00000114     drivers.am263px.r5f.ti-arm-clang.nortos.release.lib : soc_rcm.obj (.text.SOC_rcmCoreApllConfig)
                  70009474    00000114                                                         : soc_rcm.obj (.text.SOC_rcmGetPeripheralClockFrequency)
                  70009588    0000010e                                                         : ospi_v0_lld.obj (.text.OSPI_lld_isr)
                  70009696    0000010e                                                         : uart_v0_lld.obj (.text.UART_lld_write)
                  700097a4    00000108                                                         : edma.obj (.text.EDMA_transferCompletionMasterIsrFxn)
                  700098ac    00000104     nortos.am263px.r5f.ti-arm-clang.release.lib : ClockP_nortos_r5.obj (.text.ClockP_init)
                  700099b0    00000104     drivers.am263px.r5f.ti-arm-clang.nortos.release.lib : uart_dma_edma.obj (.text.UART_lld_dmaWrite)
                  70009ab4    00000100     security.am263px.r5f.ti-arm-clang.nortos.release.lib : sipc_notify_src.obj (.text.SIPC_sendMsg)
                  70009bb4    000000fc     drivers.am263px.r5f.ti-arm-clang.nortos.release.lib : uart_v0.obj (.text.UART_write)
                  70009cb0    000000f8                                                         : ospi_v0_lld.obj (.text.OSPI_lld_readCmd)
                  70009da8    000000f8                                                         : ospi_v0_lld.obj (.text.OSPI_lld_readDirectDma)
                  70009ea0    000000f8                                                         : ospi_v0_lld.obj (.text.OSPI_lld_writeIndirect)
                  70009f98    000000f2     board.am263px.r5f.ti-arm-clang.nortos.release.lib : eeprom_cat24m.obj (.text.EEPROM_CAT24M_write)
                  7000a08a    00000002     --HOLE-- [fill = 0]
                  7000a08c    000000f0     libc.a : fputc.c.obj (.text.fputc)
                  7000a17c    000000ec     drivers.am263px.r5f.ti-arm-clang.nortos.release.lib : ospi_v0_lld.obj (.text.OSPI_lld_setProtocol)
                  7000a268    000000e2     security.am263px.r5f.ti-arm-clang.nortos.release.lib : hsmclient.obj (.text.HsmClient_SendAndRecv)
                  7000a34a    000000de     drivers.am263px.r5f.ti-arm-clang.nortos.release.lib : ospi_v0_lld.obj (.text.OSPI_lld_writeCmd)
                  7000a428    000000d0                                                         : edma.obj (.text.EDMA_unregisterIntr)
                  7000a4f8    000000ce     board.am263px.r5f.ti-arm-clang.nortos.release.lib : flash_nor_ospi.obj (.text.Flash_norOspiWaitReady)
                  7000a5c6    00000002     --HOLE-- [fill = 0]
                  7000a5c8    000000cc     drivers.am263px.r5f.ti-arm-clang.nortos.release.lib : uart_v0_lld.obj (.text.UART_lld_initDma)
                  7000a694    000000c8     libc.a : getdevice.c.obj (.text.getdevice)
                  7000a75c    000000c6     board.am263px.r5f.ti-arm-clang.nortos.release.lib : flash_nor_ospi.obj (.text.Flash_norOspiWrite)
                  7000a822    000000c6                                                       : flash_nor_ospi.obj (.text.Flash_setOeBit)
                  7000a8e8    000000c4                                                       : flash_nor_ospi.obj (.text.Flash_norOspiReadId)
                  7000a9ac    000000c4     drivers.am263px.r5f.ti-arm-clang.nortos.release.lib : i2c_v1_lld.obj (.text.I2C_lld_mem_write)
                  7000aa70    000000c4                                                         : i2c_v1_lld.obj (.text.I2C_lld_primeTransferIntr)
                  7000ab34    000000c4                                                         : uart_v0_lld.obj (.text.UART_lld_init)
                  7000abf8    000000c0                                                         : i2c_v1_lld.obj (.text.I2C_lld_mem_read)
                  7000acb8    000000c0     board.am263px.r5f.ti-arm-clang.nortos.release.lib : ioexp_tca6416.obj (.text.TCA6416_setOutput)
                  7000ad78    000000be                                                       : ioexp_tca6416.obj (.text.TCA6416_config)
                  7000ae36    000000be                                                       : ioexp_tca6424.obj (.text.TCA6424_config)
                  7000aef4    000000be                                                       : ioexp_tca6424.obj (.text.TCA6424_setOutput)
                  7000afb2    00000002     --HOLE-- [fill = 0]
                  7000afb4    000000bc     drivers.am263px.r5f.ti-arm-clang.nortos.release.lib : edma.obj (.text.EDMA_registerIntr)
                  7000b070    000000bc     security.am263px.r5f.ti-arm-clang.nortos.release.lib : hsmclient.obj (.text.HsmClient_procAuthBootStart)
                  7000b12c    000000b6     board.am263px.r5f.ti-arm-clang.nortos.release.lib : flash_nor_ospi.obj (.text.Flash_norOspiErase)
                  7000b1e2    000000b6                                                       : flash_nor_ospi.obj (.text.Flash_norOspiEraseSector)
                  7000b298    000000b4     libc.a : fseek.c.obj (.text.fseeko)
                  7000b34c    000000b0            : fclose.c.obj (.text.__TI_closefile)
                  7000b3fc    000000b0     nortos.am263px.r5f.ti-arm-clang.release.lib : printf.obj (.text._ntoa_long_long)
                  7000b4ac    000000ac     drivers.am263px.r5f.ti-arm-clang.nortos.release.lib : soc_rcm.obj (.text.SOC_rcmGetCoreHSDivOut)
                  7000b558    000000ac                                                         : uart_v0_lld.obj (.text.UART_divisorLatchWrite)
                  7000b604    000000a6     nortos.am263px.r5f.ti-arm-clang.release.lib : printf.obj (.text._out_rev)
                  7000b6aa    00000002     --HOLE-- [fill = 0]
                  7000b6ac    000000a4     drivers.am263px.r5f.ti-arm-clang.nortos.release.lib : i2c_v1_lld.obj (.text.I2C_lld_mem_readIntr)
                  7000b750    000000a4                                                         : i2c_v1_lld.obj (.text.I2C_lld_mem_writeIntr)
                  7000b7f4    000000a4                                                         : ospi_v0_lld.obj (.text.OSPI_lld_initDma)
                  7000b898    000000a4     libc.a : memory.c.obj (.text.split)
                  7000b93c    000000a0     drivers.am263px.r5f.ti-arm-clang.nortos.release.lib : bootloader_hsmRt_load.obj (.text.Bootloader_socLoadHsmRtFw)
                  7000b9dc    000000a0                                                         : edma.obj (.text.EDMA_freeDmaChannel)
                  7000ba7c    000000a0                                                         : edma.obj (.text.EDMA_freeParam)
                  7000bb1c    000000a0                                                         : edma.obj (.text.EDMA_freeTcc)
                  7000bbbc    000000a0     libsysbm.a : hostrename.c.obj (.text.HOSTrename)
                  7000bc5c    000000a0     drivers.am263px.r5f.ti-arm-clang.nortos.release.lib : i2c_v1.obj (.text.I2C_close)
                  7000bcfc    000000a0                                                         : uart_dma_edma.obj (.text.UART_lld_dmaRead)
                  7000bd9c    000000a0     ti_board_config.obj (.text.board_flash_reset)
                  7000be3c    0000009e     drivers.am263px.r5f.ti-arm-clang.nortos.release.lib : bootloader.obj (.text.Bootloader_getMsgLen)
                  7000beda    0000009e     nortos.am263px.r5f.ti-arm-clang.release.lib : SemaphoreP_nortos.obj (.text.SemaphoreP_pend)
                  7000bf78    0000009c     drivers.am263px.r5f.ti-arm-clang.nortos.release.lib : bootloader.obj (.text.Bootloader_getOTFAConfigFromNoteSegment)
                  7000c014    0000009c                                                         : bootloader_soc.obj (.text.Bootloader_socCpuPowerOnReset)
                  7000c0b0    0000009c                                                         : soc_rcm.obj (.text.SOC_rcmsetR5SysClock)
                  7000c14c    0000009c     libc.a : _io_perm.c.obj (.text.__TI_wrt_ok)
                  7000c1e8    0000009a     ti_drivers_config.obj (.text.HsmClient_config)
                  7000c282    00000002     --HOLE-- [fill = 0]
                  7000c284    00000098     libsysbm.a : hostlseek.c.obj (.text.HOSTlseek)
                  7000c31c    00000096     security.am263px.r5f.ti-arm-clang.nortos.release.lib : hsmclient.obj (.text.HsmClient_isr)
                  7000c3b2    00000094     drivers.am263px.r5f.ti-arm-clang.nortos.release.lib : edma.obj (.text.EDMA_configureChannelRegion)
                  7000c446    00000002     --HOLE-- [fill = 0]
                  7000c448    00000094     libsysbm.a : hostopen.c.obj (.text.HOSTopen)
                  7000c4dc    00000094     drivers.am263px.r5f.ti-arm-clang.nortos.release.lib : i2c_v1_lld.obj (.text.I2C_lld_init)
                  7000c570    00000094                                                         : ospi_v0_lld.obj (.text.OSPI_flashExecCmd)
                  7000c604    00000090                                                         : i2c_v1.obj (.text.I2C_primeTransfer)
                  7000c694    0000008e     nortos.am263px.r5f.ti-arm-clang.release.lib : printf.obj (.text._ntoa_long)
                  7000c722    00000002     --HOLE-- [fill = 0]
                  7000c724    0000008c     drivers.am263px.r5f.ti-arm-clang.nortos.release.lib : ospi_v0_lld.obj (.text.OSPI_lld_init)
                  7000c7b0    0000008c     libsysbm.a : close.c.obj (.text.close)
                  7000c83c    0000008a     drivers.am263px.r5f.ti-arm-clang.nortos.release.lib : ospi_edma_lld.obj (.text.OSPI_edmaDeInit)
                  7000c8c6    00000002     --HOLE-- [fill = 0]
                  7000c8c8    00000088                                                         : uart_v0.obj (.text.UART_init)
                  7000c950    00000088     libc.a : fflush.c.obj (.text.__TI_doflush)
                  7000c9d8    00000084     libsysbm.a : hostread.c.obj (.text.HOSTread)
                  7000ca5c    00000084                : hostwrite.c.obj (.text.HOSTwrite)
                  7000cae0    00000080     drivers.am263px.r5f.ti-arm-clang.nortos.release.lib : edma.obj (.text.EDMA_close)
                  7000cb60    00000080     board.am263px.r5f.ti-arm-clang.nortos.release.lib : flash_nor_ospi.obj (.text.Flash_norOspiRegWrite)
                  7000cbe0    00000080     drivers.am263px.r5f.ti-arm-clang.nortos.release.lib : ospi_v0.obj (.text.OSPI_readDirect)
                  7000cc60    00000080                                                         : uart_v0.obj (.text.UART_flushTxFifo)
                  7000cce0    0000007e     security.am263px.r5f.ti-arm-clang.nortos.release.lib : hsmclient.obj (.text.HsmClient_procAuthBootUpdate)
                  7000cd5e    0000007c     ti_drivers_open_close.obj (.text.Drivers_i2cOpen)
                  7000cdda    00000002     --HOLE-- [fill = 0]
                  7000cddc    00000078     drivers.am263px.r5f.ti-arm-clang.nortos.release.lib : ospi_v0.obj (.text.OSPI_init)
                  7000ce54    00000072     board.am263px.r5f.ti-arm-clang.nortos.release.lib : eeprom_cat24m.obj (.text.EEPROM_CAT24M_read)
                  7000cec6    00000070     ti_board_open_close.obj (.text.Board_flashOpen)
                  7000cf36    00000070     board.am263px.r5f.ti-arm-clang.nortos.release.lib : flash.obj (.text.Flash_offsetToSectorPage)
                  7000cfa6    0000006e     drivers.am263px.r5f.ti-arm-clang.nortos.release.lib : edma.obj (.text.EDMA_disableTransferRegion)
                  7000d014    0000006e                                                         : edma.obj (.text.EDMA_enableTransferRegion)
                  7000d082    0000006c     ti_drivers_open_close.obj (.text.Drivers_close)
                  7000d0ee    00000002     --HOLE-- [fill = 0]
                  7000d0f0    0000006c     libsysbm.a : hostunlink.c.obj (.text.HOSTunlink)
                  7000d15c    0000006c     drivers.am263px.r5f.ti-arm-clang.nortos.release.lib : ospi_phy_am26x_lld.obj (.text.OSPI_lld_phyResyncDLL)
                  7000d1c8    0000006c                                                         : uart_v0_lld.obj (.text.UART_lld_writeDma)
                  7000d234    00000068     board.am263px.r5f.ti-arm-clang.nortos.release.lib : flash_nor_ospi.obj (.text.Flash_norOspiSetRegCfg)
                  7000d29c    00000068     drivers.am263px.r5f.ti-arm-clang.nortos.release.lib : uart_v0_lld.obj (.text.UART_lld_writeIntr)
                  7000d304    00000066     board.am263px.r5f.ti-arm-clang.nortos.release.lib : flash_nor_ospi.obj (.text.Flash_norOspiRegRead)
                  7000d36a    00000066     nortos.am263px.r5f.ti-arm-clang.release.lib : PmuP_armv7r.obj (.text.pmu)
                  7000d3d0    00000064     drivers.am263px.r5f.ti-arm-clang.nortos.release.lib : soc.obj (.text.SOC_controlModuleUnlockMMR)
                  7000d434    00000064                                                         : soc_rcm.obj (.text.SOC_rcmStartMemInitTCMA)
                  7000d498    00000064                                                         : soc_rcm.obj (.text.SOC_rcmStartMemInitTCMB)
                  7000d4fc    00000064                                                         : uart_v0_lld.obj (.text.UART_procLineStatusErr)
                  7000d560    00000062     security.am263px.r5f.ti-arm-clang.nortos.release.lib : hsmclient.obj (.text.HsmClient_register)
                  7000d5c2    00000002     --HOLE-- [fill = 0]
                  7000d5c4    00000060     libsysbm.a : hostclose.c.obj (.text.HOSTclose)
                  7000d624    00000060     drivers.am263px.r5f.ti-arm-clang.nortos.release.lib : ospi_phy_am26x_lld.obj (.text.OSPI_lld_phyBasicConfig)
                  7000d684    00000060                                                         : soc_rcm.obj (.text.SOC_rcmMemInitL2Memory)
                  7000d6e4    00000060                                                         : soc_rcm.obj (.text.SOC_rcmR5ConfigDualCore)
                  7000d744    00000060                                                         : soc_rcm.obj (.text.SOC_rcmWaitMemInitTCMA)
                  7000d7a4    00000060                                                         : soc_rcm.obj (.text.SOC_rcmWaitMemInitTCMB)
                  7000d804    0000005e     nortos.am263px.r5f.ti-arm-clang.release.lib : ClockP_nortos.obj (.text.ClockP_timerTickIsr)
                  7000d862    0000005e     ti_board_config.obj (.text.TCA6424_Flash_reset)
                  7000d8c0    0000005c     drivers.am263px.r5f.ti-arm-clang.nortos.release.lib : bootloader_soc.obj (.text.Bootloader_socSetAutoClock)
                  7000d91c    0000005c                                                         : soc.obj (.text.SOC_controlModuleLockMMR)
                  7000d978    0000005c     nortos.am263px.r5f.ti-arm-clang.release.lib : DebugP_log.obj (.text._DebugP_assert)
                  7000d9d4    0000005a     drivers.am263px.r5f.ti-arm-clang.nortos.release.lib : ospi_v0_lld.obj (.text.OSPI_lld_setXferOpCodes)
                  7000da2e    00000058     ti_board_open_close.obj (.text.Board_eepromOpen)
                  7000da86    00000002     --HOLE-- [fill = 0]
                  7000da88    00000058     drivers.am263px.r5f.ti-arm-clang.nortos.release.lib : bootloader.obj (.text.Bootloader_parseNoteSegment)
                  7000dae0    00000058                                                         : bootloader.obj (.text.Bootloader_runCpu)
                  7000db38    00000058     ti_clocktree_pll_config.obj (.text.Bootloader_socConfigurePll)
                  7000db90    00000058     drivers.am263px.r5f.ti-arm-clang.nortos.release.lib : fss_v0.obj (.text.FSS_configECCMRegion)
                  7000dbe8    00000058     ti_board_config.obj (.text.TCA6416_Flash_reset)
                  7000dc40    00000058     libc.a : fopen.c.obj (.text.__TI_cleanup)
                  7000dc98    00000058     libsysbm.a : trgmsg.c.obj (.text.__TI_readmsg)
                  7000dcf0    00000058                : trgmsg.c.obj (.text.__TI_writemsg)
                  7000dd48    00000056     nortos.am263px.r5f.ti-arm-clang.release.lib : ClockP_nortos.obj (.text.ClockP_getTimeUsec)
                  7000dd9e    00000056     drivers.am263px.r5f.ti-arm-clang.nortos.release.lib : uart_v0_lld.obj (.text.UART_intrDisable)
                  7000ddf4    00000056                                                         : uart_v0_lld.obj (.text.UART_writeCancelNoCB)
                  7000de4a    00000054     board.am263px.r5f.ti-arm-clang.nortos.release.lib : flash_nor_ospi.obj (.text.Flash_norOspiRead)
                  7000de9e    00000002     --HOLE-- [fill = 0]
                  7000dea0    00000054     libc.a : exit.c.obj (.text.exit)
                  7000def4    00000054            : getdevice.c.obj (.text.finddevice)
                  7000df48    00000054            : autoinit.c.obj (.text:__TI_auto_init_nobinit_nopinit)
                  7000df9c    00000052     nortos.am263px.r5f.ti-arm-clang.release.lib : AddrTranslateP_32bit.obj (.text.AddrTranslateP_getLocalAddr)
                  7000dfee    00000052     security.am263px.r5f.ti-arm-clang.nortos.release.lib : hsmclient.obj (.text.HsmClient_checkAndWaitForBootNotification)
                  7000e040    00000050     drivers.am263px.r5f.ti-arm-clang.nortos.release.lib : edma.obj (.text.EDMA_allocDmaChannel)
                  7000e090    00000050                                                         : edma.obj (.text.EDMA_allocParam)
                  7000e0e0    00000050                                                         : edma.obj (.text.EDMA_allocTcc)
                  7000e130    00000050                                                         : soc_rcm.obj (.text.SBL_rcmIsDualCoreSwitchSupported)
                  7000e180    0000004e     nortos.am263px.r5f.ti-arm-clang.release.lib : ClockP_nortos.obj (.text.ClockP_addToList)
                  7000e1ce    0000004e     ti_drivers_open_close.obj (.text.Drivers_uartOpen)
                  7000e21c    0000004e     drivers.am263px.r5f.ti-arm-clang.nortos.release.lib : edma.obj (.text.EDMA_disableChInShadowRegRegion)
                  7000e26a    00000002     --HOLE-- [fill = 0]
                  7000e26c    0000004c                                                         : bootloader_soc.obj (.text.Bootloader_socCpuGetClock)
                  7000e2b8    0000004c     ti_drivers_open_close.obj (.text.Drivers_edmaOpen)
                  7000e304    0000004c     ti_drivers_open_close.obj (.text.Drivers_ospiOpen)
                  7000e350    0000004c     drivers.am263px.r5f.ti-arm-clang.nortos.release.lib : bootloader_flash.obj (.text.Flash_imgRead)
                  7000e39c    0000004c                                                         : i2c_v1.obj (.text.I2C_LLD_targetTransferCompleteCallback)
                  7000e3e8    0000004c                                                         : ospi_v0.obj (.text.OSPI_close)
                  7000e434    0000004c                                                         : ospi_v0_lld.obj (.text.OSPI_lld_deInit)
                  7000e480    0000004c                                                         : soc_rcm.obj (.text.SOC_rcmCoreR5FUnhalt)
                  7000e4cc    00000048                                                         : ospi_v0_lld.obj (.text.OSPI_lld_deInitDma)
                  7000e514    00000048                                                         : ospi_phy_am26x_lld.obj (.text.OSPI_lld_phyFindTxHigh)
                  7000e55c    00000048                                                         : uart_dma_edma.obj (.text.UART_edmaIsrRx)
                  7000e5a4    00000048     libsysbm.a : unlink.c.obj (.text.unlink)
                  7000e5ec    00000046     drivers.am263px.r5f.ti-arm-clang.nortos.release.lib : ospi_phy_am26x_lld.obj (.text.OSPI_lld_phyFindRxHigh)
                  7000e632    00000046                                                         : ospi_phy_am26x_lld.obj (.text.OSPI_lld_phyFindRxLow)
                  7000e678    00000046                                                         : ospi_phy_am26x_lld.obj (.text.OSPI_lld_phyFindTxLow)
                  7000e6be    00000046                                                         : ospi_phy_am26x_lld.obj (.text.OSPI_lld_phySetRdDelayTxRxDLL)
                  7000e704    00000046                                                         : uart_dma_edma.obj (.text.UART_edmaIsrTx)
                  7000e74a    00000044                                                         : ospi_v0.obj (.text.OSPI_writeIndirect)
                  7000e78e    00000044                                                         : uart_v0.obj (.text.UART_Params_init)
                  7000e7d2    00000044                                                         : uart_v0_lld.obj (.text.UART_lld_deInitDma)
                  7000e816    00000042     board.am263px.r5f.ti-arm-clang.nortos.release.lib : flash_nor_ospi.obj (.text.Flash_quirkSpansionUNHYSADisable)
                  7000e858    00000042     drivers.am263px.r5f.ti-arm-clang.nortos.release.lib : ospi_v0_lld.obj (.text.OSPI_lld_enablePhy)
                  7000e89a    00000040                                                         : bootloader.obj (.text.Bootloader_findSeq)
                  7000e8da    00000002     --HOLE-- [fill = 0]
                  7000e8dc    00000040                                                         : bootloader.obj (.text.Bootloader_open)
                  7000e91c    00000040                                                         : bootloader_soc.obj (.text.Bootloader_socMemInitCpu)
                  7000e95c    00000040                                                         : bootloader.obj (.text.Bootloader_verifySegmentAddr)
                  7000e99c    00000040     nortos.am263px.r5f.ti-arm-clang.release.lib : ClockP_nortos.obj (.text.ClockP_stop)
                  7000e9dc    00000040     ti_dpl_config.obj (.text.Dpl_init)
                  7000ea1c    00000040     drivers.am263px.r5f.ti-arm-clang.nortos.release.lib : edma.obj (.text.EDMA_mapChToEvtQ)
                  7000ea5c    00000040                                                         : ospi_phy_am26x_lld.obj (.text.OSPI_lld_phyReadAttackVector)
                  7000ea9c    00000040                                                         : pinmux.obj (.text.Pinmux_config)
                  7000eadc    00000040                                                         : uart_v0_lld.obj (.text.UART_lld_deInit)
                  7000eb1c    00000040     libc.a : memory.c.obj (.text.free_list_insert)
                  7000eb5c    0000003e     security.am263px.r5f.ti-arm-clang.nortos.release.lib : hsmclient_loadhsmrt.obj (.text.Hsmclient_mboxRxISR)
                  7000eb9a    0000003e     drivers.am263px.r5f.ti-arm-clang.nortos.release.lib : i2c_v1_lld.obj (.text.I2C_lld_transferInit)
                  7000ebd8    0000003e     security.am263px.r5f.ti-arm-clang.nortos.release.lib : sipc_notify_src.obj (.text.SIPC_registerClient)
                  7000ec16    00000002     --HOLE-- [fill = 0]
                  7000ec18    0000003c     drivers.am263px.r5f.ti-arm-clang.nortos.release.lib : edma.obj (.text.EDMA_getBaseAddr)
                  7000ec54    0000003c                                                         : ospi_phy_am26x_lld.obj (.text.OSPI_lld_phyTuneDDR)
                  7000ec90    0000003c                                                         : soc_rcm.obj (.text.SOC_rcmR5ConfigLockStep)
                  7000eccc    0000003c                                                         : uart_v0_lld.obj (.text.UART_readData)
                  7000ed08    0000003a     nortos.am263px.r5f.ti-arm-clang.release.lib : ClockP_nortos.obj (.text.ClockP_destruct)
                  7000ed42    0000003a                                                 : DebugP_uartLogWriter.obj (.text.DebugP_uartLogWriterPutChar)
                  7000ed7c    0000003a     board.am263px.r5f.ti-arm-clang.nortos.release.lib : eeprom.obj (.text.EEPROM_open)
                  7000edb6    0000003a                                                       : flash.obj (.text.Flash_open)
                  7000edf0    0000003a     drivers.am263px.r5f.ti-arm-clang.nortos.release.lib : i2c_v1.obj (.text.I2C_completeCurrTransfer)
                  7000ee2a    0000003a     ti_power_clock_config.obj (.text.Module_clockSetFrequency)
                  7000ee64    0000003a     board.am263px.r5f.ti-arm-clang.nortos.release.lib : ioexp_tca6416.obj (.text.TCA6416_open)
                  7000ee9e    0000003a                                                       : ioexp_tca6424.obj (.text.TCA6424_open)
                  7000eed8    0000003a     drivers.am263px.r5f.ti-arm-clang.nortos.release.lib : uart_v0_lld.obj (.text.UART_lld_flushTxFifo)
                  7000ef12    00000002     --HOLE-- [fill = 0]
                  7000ef14    00000038                                                         : bootloader_soc.obj (.text.Bootloader_authStart)
                  7000ef4c    00000038                                                         : bootloader_soc.obj (.text.Bootloader_authUpdate)
                  7000ef84    00000038                                                         : bootloader_soc.obj (.text.Bootloader_socTranslateSectionAddr)
                  7000efbc    00000038                                                         : soc_rcm.obj (.text.SOC_rcmADPLLJGetFOut)
                  7000eff4    00000038     nortos.am263px.r5f.ti-arm-clang.release.lib : DebugP_nortos.obj (.text._DebugP_logZone)
                  7000f02c    00000038                                                 : PmuP_armv7r_asm.obj (.text.pmu)
                  7000f064    00000036     drivers.am263px.r5f.ti-arm-clang.nortos.release.lib : edma.obj (.text.EDMA_clrMissEvtRegion)
                  7000f09a    00000036     security.am263px.r5f.ti-arm-clang.nortos.release.lib : hsmclient_wait_for_boot_notify.obj (.text.HsmClient_waitForBootNotify)
                  7000f0d0    00000036     nortos.am263px.r5f.ti-arm-clang.release.lib : SemaphoreP_nortos.obj (.text.SemaphoreP_post)
                  7000f106    00000034     drivers.am263px.r5f.ti-arm-clang.nortos.release.lib : bootloader.obj (.text.Bootloader_getX509CertLen)
                  7000f13a    00000034     nortos.am263px.r5f.ti-arm-clang.release.lib : ClockP_nortos.obj (.text.ClockP_start)
                  7000f16e    00000034     board.am263px.r5f.ti-arm-clang.nortos.release.lib : eeprom_cat24m.obj (.text.EEPROM_CAT24M_open)
                  7000f1a2    00000002     --HOLE-- [fill = 0]
                  7000f1a4    00000034     drivers.am263px.r5f.ti-arm-clang.nortos.release.lib : i2c_v1.obj (.text.I2C_init)
                  7000f1d8    00000034     ti_power_clock_config.obj (.text.Module_clockDisable)
                  7000f20c    00000034     ti_power_clock_config.obj (.text.Module_clockEnable)
                  7000f240    00000034     drivers.am263px.r5f.ti-arm-clang.nortos.release.lib : ospi_lld_dma.obj (.text.OSPI_dmaOpen)
                  7000f274    00000034                                                         : ospi_v0_lld.obj (.text.OSPI_lld_disablePhy)
                  7000f2a8    00000034                                                         : ospi_v0_lld.obj (.text.OSPI_lld_readDirect)
                  7000f2dc    00000034                                                         : soc_rcm.obj (.text.SOC_rcmGetModuleClkDivVal)
                  7000f310    00000034     libc.a : memory.c.obj (.text.free_list_remove)
                  7000f344    00000034     libsysbm.a : lseek.c.obj (.text.lseek)
                  7000f378    00000034                : write.c.obj (.text.write)
                  7000f3ac    00000032     nortos.am263px.r5f.ti-arm-clang.release.lib : ClockP_nortos.obj (.text.ClockP_usleep)
                  7000f3de    00000032     drivers.am263px.r5f.ti-arm-clang.nortos.release.lib : edma.obj (.text.EDMA_unmapChToEvtQ)
                  7000f410    00000030                                                         : bootloader.obj (.text.Bootloader_BootImageInfo_init)
                  7000f440    00000030                                                         : bootloader_soc.obj (.text.Bootloader_authFinish)
                  7000f470    00000030                                                         : i2c_v1_lld.obj (.text.I2CControllerInitExpClk)
                  7000f4a0    00000030                                                         : ospi_v0_lld.obj (.text.OSPI_utilLog2)
                  7000f4d0    00000030     security.am263px.r5f.ti-arm-clang.nortos.release.lib : sipc_notify_cfg.obj (.text.SIPC_Register_Isr)
                  7000f500    00000030     drivers.am263px.r5f.ti-arm-clang.nortos.release.lib : soc_rcm.obj (.text.SOC_rcmCoreApllRelockPreRequisite)
                  7000f530    00000030                                                         : uart_v0.obj (.text.UART_lld_readCompleteCallback)
                  7000f560    00000030                                                         : uart_v0.obj (.text.UART_lld_writeCompleteCallback)
                  7000f590    0000002e                                                         : edma.obj (.text.EDMA_enableChInShadowRegRegion)
                  7000f5be    0000002e                                                         : i2c_v1_lld.obj (.text.I2C_lld_deInit)
                  7000f5ec    0000002c                                                         : bootloader_profile.obj (.text.Bootloader_profileReset)
                  7000f618    0000002c                                                         : edma.obj (.text.EDMA_getHandle)
                  7000f644    0000002c                                                         : i2c_v1.obj (.text.I2C_getHandle)
                  7000f670    0000002c                                                         : soc_rcm.obj (.text.SOC_rcmGetR5Clock)
                  7000f69c    0000002c     ti_drivers_config.obj (.text.System_deinit)
                  7000f6c8    0000002c     drivers.am263px.r5f.ti-arm-clang.nortos.release.lib : uart_v0.obj (.text.UART_getHandle)
                  7000f6f4    0000002a     board.am263px.r5f.ti-arm-clang.nortos.release.lib : flash.obj (.text.Flash_read)
                  7000f71e    00000028     nortos.am263px.r5f.ti-arm-clang.release.lib : ClockP_nortos.obj (.text.ClockP_construct)
                  7000f746    00000028                                                 : ClockP_nortos.obj (.text.ClockP_sleepTicks)
                  7000f76e    00000028     drivers.am263px.r5f.ti-arm-clang.nortos.release.lib : ospi_lld_dma.obj (.text.OSPI_dmaCopy)
                  7000f796    00000002     --HOLE-- [fill = 0]
                  7000f798    00000028                                                         : ospi_v0.obj (.text.OSPI_getHandle)
                  7000f7c0    00000028                                                         : soc.obj (.text.SOC_moduleSetClockFrequency)
                  7000f7e8    00000028                                                         : soc_rcm.obj (.text.SOC_rcmGetADPLLJConfig)
                  7000f810    00000026                                                         : bootloader.obj (.text.Bootloader_initCpu)
                  7000f836    00000026                                                         : edma.obj (.text.EDMA_setPaRAM)
                  7000f85c    00000026                                                         : i2c_v1_lld.obj (.text.I2C_lld_transferIntr)
                  7000f882    00000026                                                         : i2c_v1_lld.obj (.text.I2C_lld_transferPoll)
                  7000f8a8    00000026     security.am263px.r5f.ti-arm-clang.nortos.release.lib : sipc_notify_src.obj (.text.SIPC_unregisterClient)
                  7000f8ce    00000026     ti_drivers_config.obj (.text.System_init)
                  7000f8f4    00000026     drivers.am263px.r5f.ti-arm-clang.nortos.release.lib : uart_dma_edma.obj (.text.UART_lld_dmaDisableChannel)
                  7000f91a    00000026     main.obj (.text.flashFixUpOspiBoot)
                  7000f940    00000024     drivers.am263px.r5f.ti-arm-clang.nortos.release.lib : bootloader_profile.obj (.text.Bootloader_profileAddProfilePoint)
                  7000f964    00000024                                                         : edma.obj (.text.EDMA_clrIntrRegion)
                  7000f988    00000024                                                         : edma.obj (.text.EDMA_disableEvtIntrRegion)
                  7000f9ac    00000024                                                         : edma.obj (.text.EDMA_readIntrStatusRegion)
                  7000f9d0    00000024     board.am263px.r5f.ti-arm-clang.nortos.release.lib : flash.obj (.text.Flash_getAttrs)
                  7000f9f4    00000024                                                       : flash.obj (.text.Flash_getHandle)
                  7000fa18    00000024     security.am263px.r5f.ti-arm-clang.nortos.release.lib : hsmclient.obj (.text.HsmClient_init)
                  7000fa3c    00000024     drivers.am263px.r5f.ti-arm-clang.nortos.release.lib : ospi_v0_lld.obj (.text.OSPI_lld_enableDacMode)
                  7000fa60    00000024                                                         : uart_v0_lld.obj (.text.UART_IsHWFlowCtrlValid)
                  7000fa84    00000024     libclang_rt.builtins.a : aeabi_uldivmod.S.obj (.text.__aeabi_uldivmod)
                  7000faa8    00000024     nortos.am263px.r5f.ti-arm-clang.release.lib : printf.obj (.text.vprintf_)
                  7000facc    00000022     drivers.am263px.r5f.ti-arm-clang.nortos.release.lib : edma.obj (.text.EDMA_linkChannel)
                  7000faee    00000022     board.am263px.r5f.ti-arm-clang.nortos.release.lib : eeprom_cat24m.obj (.text.EEPROM_CAT24M_close)
                  7000fb10    00000022     drivers.am263px.r5f.ti-arm-clang.nortos.release.lib : ospi_v0_lld.obj (.text.OSPI_lld_configBaudrate)
                  7000fb32    00000022                                                         : ospi_v0_lld.obj (.text.OSPI_lld_setDeviceSize)
                  7000fb54    00000022                                                         : ospi_v0_lld.obj (.text.OSPI_writeFifoData)
                  7000fb76    00000002     --HOLE-- [fill = 0]
                  7000fb78    00000020                                                         : bootloader.obj (.text.Bootloader_runSelfCpu)
                  7000fb98    00000020     nortos.am263px.r5f.ti-arm-clang.release.lib : DebugP_log.obj (.text.DebugP_logZoneEnable)
                  7000fbb8    00000020     drivers.am263px.r5f.ti-arm-clang.nortos.release.lib : edma.obj (.text.EDMA_chainChannel)
                  7000fbd8    00000020                                                         : bootloader_flash.obj (.text.Flash_imgDacModeToggle)
                  7000fbf8    00000020                                                         : i2c_v1_lld.obj (.text.I2C_lld_Message_init)
                  7000fc18    00000020                                                         : ospi_v0_lld.obj (.text.OSPI_lld_readCmdParams_init)
                  7000fc38    00000020                                                         : ospi_v0_lld.obj (.text.OSPI_lld_writeCmdParams_init)
                  7000fc58    00000020                                                         : ospi_v0.obj (.text.OSPI_readCmd)
                  7000fc78    00000020                                                         : ospi_v0.obj (.text.OSPI_writeCmd)
                  7000fc98    00000020     nortos.am263px.r5f.ti-arm-clang.release.lib : TimerP_rti_priv.obj (.text.TimerP_Params_initPriv)
                  7000fcb8    00000020     drivers.am263px.r5f.ti-arm-clang.nortos.release.lib : uart_v0_lld.obj (.text.UART_getChar)
                  7000fcd8    0000001e     board.am263px.r5f.ti-arm-clang.nortos.release.lib : eeprom.obj (.text.EEPROM_read)
                  7000fcf6    0000001e     drivers.am263px.r5f.ti-arm-clang.nortos.release.lib : ospi_v0_lld.obj (.text.OSPI_lld_readBaudRateDivFromReg)
                  7000fd14    0000001e                                                         : ospi_v0_lld.obj (.text.OSPI_readFifoData)
                  7000fd32    0000001e                                                         : ospi_v0_lld.obj (.text.OSPI_waitWriteSRAMLevel)
                  7000fd50    0000001e     board.am263px.r5f.ti-arm-clang.nortos.release.lib : ioexp_tca6416.obj (.text.TCA6416_close)
                  7000fd6e    0000001e                                                       : ioexp_tca6424.obj (.text.TCA6424_close)
                  7000fd8c    0000001e     drivers.am263px.r5f.ti-arm-clang.nortos.release.lib : uart_v0_lld.obj (.text.UART_spaceAvail)
                  7000fdaa    0000001e                                                         : bootloader.obj (.text.memcmp)
                  7000fdc8    0000001c                                                         : bootloader_soc.obj (.text.Bootloader_socGetCoreName)
                  7000fde4    0000001c                                                         : ospi_v0_lld.obj (.text.OSPI_lld_disableDacMode)
                  7000fe00    0000001c                                                         : ospi_v0_lld.obj (.text.OSPI_lld_setNumAddrBytes)
                  7000fe1c    0000001c                                                         : soc_rcm.obj (.text.SOC_rcmIsR5FInLockStepMode)
                  7000fe38    0000001c     libsysbm.a : hostrename.c.obj (.text.strcpy)
                  7000fe54    0000001c                : hostrename.c.obj (.text.strlen)
                  7000fe70    0000001c     libc.a : memcpy32.S.obj (.text:TI_memcpy_small)
                  7000fe8c    0000001a     nortos.am263px.r5f.ti-arm-clang.release.lib : CpuId_armv7r.obj (.text.CSL_armR5GetCpuID)
                  7000fea6    0000001a     drivers.am263px.r5f.ti-arm-clang.nortos.release.lib : edma.obj (.text.EDMA_readEventStatusRegion)
                  7000fec0    0000001a                                                         : i2c_v1.obj (.text.I2C_hwiFxn)
                  7000feda    0000001a                                                         : ospi_edma_lld.obj (.text.OSPI_EdmaParams_init)
                  7000fef4    0000001a                                                         : ospi_edma_lld.obj (.text.OSPI_edmaIsrFxn)
                  7000ff0e    0000001a                                                         : ospi_v0_lld.obj (.text.OSPI_lld_setRdDataCaptureDelay)
                  7000ff28    0000001a     security.am263px.r5f.ti-arm-clang.nortos.release.lib : sipc_notify_src.obj (.text.SIPC_Params_init)
                  7000ff42    0000001a     drivers.am263px.r5f.ti-arm-clang.nortos.release.lib : uart_v0_lld.obj (.text.UART_enhanFuncEnable)
                  7000ff5c    00000018     ti_board_open_close.obj (.text.Board_eepromClose)
                  7000ff74    00000018     drivers.am263px.r5f.ti-arm-clang.nortos.release.lib : bootloader_profile.obj (.text.Bootloader_profileAddCore)
                  7000ff8c    00000018                                                         : bootloader_soc.obj (.text.Bootloader_socCpuGetClkDefault)
                  7000ffa4    00000018                                                         : fss_v0.obj (.text.FSS_enableECC)
                  7000ffbc    00000018     board.am263px.r5f.ti-arm-clang.nortos.release.lib : flash_nor_ospi.obj (.text.Flash_norOspiClose)
                  7000ffd4    00000018     drivers.am263px.r5f.ti-arm-clang.nortos.release.lib : i2c_v1.obj (.text.I2C_deinit)
                  7000ffec    00000018                                                         : ospi_v0.obj (.text.OSPI_deinit)
                  70010004    00000018                                                         : ospi_lld_dma.obj (.text.OSPI_dmaClose)
                  7001001c    00000018                                                         : ospi_lld_dma.obj (.text.OSPI_isDmaInterruptEnabled)
                  70010034    00000018                                                         : soc.obj (.text.SOC_getCoreName)
                  7001004c    00000018                                                         : soc_rcm.obj (.text.SOC_rcmMemInitMailboxMemory)
                  70010064    00000018                                                         : soc_rcm.obj (.text.SOC_rcmR5SS0PowerOnReset)
                  7001007c    00000018                                                         : soc_rcm.obj (.text.SOC_rcmR5SS1PowerOnReset)
                  70010094    00000018     nortos.am263px.r5f.ti-arm-clang.release.lib : TimerP_rti_priv.obj (.text.TimerP_getCountPriv)
                  700100ac    00000018     drivers.am263px.r5f.ti-arm-clang.nortos.release.lib : uart_v0.obj (.text.UART_deinit)
                  700100c4    00000018     libc.a : memset32.S.obj (.text:TI_memset_small)
                  700100dc    00000016     ti_board_open_close.obj (.text.Board_driversOpen)
                  700100f2    00000016     drivers.am263px.r5f.ti-arm-clang.nortos.release.lib : bootloader_soc.obj (.text.Bootloader_socCpuSetClock)
                  70010108    00000016     ti_drivers_open_close.obj (.text.Drivers_open)
                  7001011e    00000016     drivers.am263px.r5f.ti-arm-clang.nortos.release.lib : i2c_v1_lld.obj (.text.I2C_lld_Transaction_init)
                  70010134    00000016                                                         : ospi_v0_lld.obj (.text.OSPI_getCmdExt)
                  7001014a    00000016                                                         : ospi_v0_lld.obj (.text.OSPI_lld_Transaction_init)
                  70010160    00000016                                                         : ospi_v0_lld.obj (.text.OSPI_lld_disablePhyPipeline)
                  70010176    00000016                                                         : ospi_v0_lld.obj (.text.OSPI_lld_enablePhyPipeline)
                  7001018c    00000016                                                         : ospi_v0_lld.obj (.text.OSPI_lld_enableSDR)
                  700101a2    00000016                                                         : ospi_v0_lld.obj (.text.OSPI_lld_setResetPinStatus)
                  700101b8    00000016     nortos.am263px.r5f.ti-arm-clang.release.lib : SemaphoreP_nortos.obj (.text.SemaphoreP_constructBinary)
                  700101ce    00000016     drivers.am263px.r5f.ti-arm-clang.nortos.release.lib : uart_v0_lld.obj (.text.UART_IsTxRxFifoEmpty)
                  700101e4    00000016                                                         : uart_v0_lld.obj (.text.UART_checkCharsAvailInFifo)
                  700101fa    00000016                                                         : uart_v0_lld.obj (.text.UART_getIntrIdentityStatus)
                  70010210    00000014                                                         : bootloader_soc.obj (.text.Bootloader_socCpuResetRelease)
                  70010224    00000014                                                         : bootloader_soc.obj (.text.Bootloader_socIsAuthRequired)
                  70010238    00000014     nortos.am263px.r5f.ti-arm-clang.release.lib : ClockP_nortos.obj (.text.ClockP_usecToTicks)
                  7001024c    00000014     drivers.am263px.r5f.ti-arm-clang.nortos.release.lib : edma.obj (.text.EDMA_getRegionId)
                  70010260    00000014                                                         : ospi_v0_lld.obj (.text.OSPI_lld_setCmdDummyCycles)
                  70010274    00000014                                                         : soc_rcm.obj (.text.SOC_rcmR5SS0TriggerReset)
                  70010288    00000014     nortos.am263px.r5f.ti-arm-clang.release.lib : SemaphoreP_nortos.obj (.text.SemaphoreP_constructMutex)
                  7001029c    00000014     drivers.am263px.r5f.ti-arm-clang.nortos.release.lib : uart_v0.obj (.text.UART_Transaction_init)
                  700102b0    00000014                                                         : uart_v0_lld.obj (.text.UART_enhanFuncBitValRestore)
                  700102c4    00000012     board.am263px.r5f.ti-arm-clang.nortos.release.lib : flash.obj (.text.Flash_disableDacMode)
                  700102d6    00000012                                                       : flash.obj (.text.Flash_enableDacMode)
                  700102e8    00000012     security.am263px.r5f.ti-arm-clang.nortos.release.lib : hsmclient_loadhsmrt.obj (.text.Hsmclient_updateBootNotificationRegister)
                  700102fa    00000012     drivers.am263px.r5f.ti-arm-clang.nortos.release.lib : i2c_v1.obj (.text.I2C_LLD_transferCompleteCallback)
                  7001030c    00000012                                                         : ospi_v0_lld.obj (.text.OSPI_lld_enableModeBitsCmd)
                  7001031e    00000012                                                         : uart_v0_lld.obj (.text.UART_hardwareFlowCtrlOptSet)
                  70010330    00000012                                                         : uart_v0_lld.obj (.text.UART_operatingModeSelect)
                  70010342    00000012                                                         : uart_v0_lld.obj (.text.UART_readLineStatus)
                  70010354    00000012     ti_dpl_config.obj (.text.putchar_)
                  70010366    00000010     drivers.am263px.r5f.ti-arm-clang.nortos.release.lib : bootloader.obj (.text.Bootloader_close)
                  70010376    00000010                                                         : bootloader.obj (.text.Bootloader_isCorePresent)
                  70010386    00000002     --HOLE-- [fill = 0]
                  70010388    00000010                                                         : fss_v0.obj (.text.FSS_disableECC)
                  70010398    00000010     board.am263px.r5f.ti-arm-clang.nortos.release.lib : flash_nor_ospi.obj (.text.Flash_norOspiDacModeDisable)
                  700103a8    00000010                                                       : flash_nor_ospi.obj (.text.Flash_norOspiDacModeEnable)
                  700103b8    00000010     drivers.am263px.r5f.ti-arm-clang.nortos.release.lib : ospi_v0.obj (.text.OSPI_configBaudrate)
                  700103c8    00000010                                                         : ospi_v0.obj (.text.OSPI_disableDacMode)
                  700103d8    00000010                                                         : ospi_v0.obj (.text.OSPI_disablePhy)
                  700103e8    00000010                                                         : ospi_v0.obj (.text.OSPI_enableDacMode)
                  700103f8    00000010                                                         : ospi_v0.obj (.text.OSPI_enablePhy)
                  70010408    00000010                                                         : ospi_v0.obj (.text.OSPI_enablePhyPipeline)
                  70010418    00000010                                                         : ospi_v0.obj (.text.OSPI_enableSDR)
                  70010428    00000010                                                         : ospi_v0.obj (.text.OSPI_getBaudRateDivFromObj)
                  70010438    00000010                                                         : ospi_phy_am26x_lld.obj (.text.OSPI_lld_phyGetTuningData)
                  70010448    00000010                                                         : ospi_v0_lld.obj (.text.OSPI_lld_setReadDummyCycles)
                  70010458    00000010                                                         : ospi_v0.obj (.text.OSPI_setRdDataCaptureDelay)
                  70010468    00000010                                                         : ospi_v0.obj (.text.OSPI_setResetPinStatus)
                  70010478    00000010                                                         : soc_rcm.obj (.text.SOC_rcmR5SS1TriggerReset)
                  70010488    00000010                                                         : uart_v0_lld.obj (.text.UART_intr2Disable)
                  70010498    00000010     libclang_rt.builtins.a : aeabi_memset.S.obj (.text.__aeabi_memset)
                  700104a8    00000010     libc.a : fputc.c.obj (.text.putchar)
                  700104b8    0000000e     drivers.am263px.r5f.ti-arm-clang.nortos.release.lib : bootloader_soc.obj (.text.Bootloader_socCpuResetReleaseSelf)
                  700104c6    0000000e                                                         : bootloader_soc.obj (.text.Bootloader_socInitL2MailBoxMemory)
                  700104d4    0000000e                                                         : edma.obj (.text.EDMA_ccPaRAMEntry_init)
                  700104e2    0000000e     board.am263px.r5f.ti-arm-clang.nortos.release.lib : eeprom.obj (.text.EEPROM_close)
                  700104f0    0000000e                                                       : flash.obj (.text.Flash_close)
                  700104fe    0000000e                                                       : flash.obj (.text.Flash_getPhyTuningOffset)
                  7001050c    0000000e     drivers.am263px.r5f.ti-arm-clang.nortos.release.lib : i2c_v1.obj (.text.I2C_transferCallback)
                  7001051a    0000000e                                                         : ospi_v0.obj (.text.OSPI_getInputClk)
                  70010528    0000000e                                                         : ospi_v0.obj (.text.OSPI_isDacEnable)
                  70010536    0000000e                                                         : ospi_v0.obj (.text.OSPI_isPhyEnable)
                  70010544    0000000e                                                         : ospi_v0_lld.obj (.text.OSPI_lld_clearDualOpCodeMode)
                  70010552    0000000e                                                         : ospi_v0_lld.obj (.text.OSPI_lld_enableModeBitsRead)
                  70010560    0000000e                                                         : ospi_v0_lld.obj (.text.OSPI_lld_setModeBits)
                  7001056e    0000000e                                                         : ospi_phy_am26x.obj (.text.OSPI_phyReadAttackVector)
                  7001057c    0000000e                                                         : ospi_phy_am26x.obj (.text.OSPI_phyTuneDDR)
                  7001058a    0000000e     ti_pinmux_config.obj (.text.Pinmux_init)
                  70010598    0000000e     ti_power_clock_config.obj (.text.PowerClock_init)
                  700105a6    00000002     --HOLE-- [fill = 0]
                  700105a8    0000000c     drivers.am263px.r5f.ti-arm-clang.nortos.release.lib : bootloader.obj (.text.Bootloader_Params_init)
                  700105b4    0000000c                                                         : bootloader_profile.obj (.text.Bootloader_profileUpdateAppimageSize)
                  700105c0    0000000c                                                         : bootloader_profile.obj (.text.Bootloader_profileUpdateMediaAndClk)
                  700105cc    0000000c                                                         : bootloader_soc.obj (.text.Bootloader_socGetBootSeqOid)
                  700105d8    0000000c     nortos.am263px.r5f.ti-arm-clang.release.lib : ClockP_nortos.obj (.text.ClockP_getTicks)
                  700105e4    0000000c                                                 : DebugP_uartLogWriter.obj (.text.DebugP_uartSetDrvIndex)
                  700105f0    0000000c     security.am263px.r5f.ti-arm-clang.nortos.release.lib : hsmclient.obj (.text.HsmClient_SecureBootQueueInit)
                  700105fc    0000000c     drivers.am263px.r5f.ti-arm-clang.nortos.release.lib : i2c_v1.obj (.text.I2C_Transaction_init)
                  70010608    0000000c                                                         : ospi_v0.obj (.text.OSPI_clearDualOpCodeMode)
                  70010614    0000000c                                                         : ospi_v0.obj (.text.OSPI_enableModeBitsCmd)
                  70010620    0000000c                                                         : ospi_v0.obj (.text.OSPI_enableModeBitsRead)
                  7001062c    0000000c                                                         : ospi_v0.obj (.text.OSPI_getFlashDataBaseAddr)
                  70010638    0000000c                                                         : ospi_v0_lld.obj (.text.OSPI_lld_getFlashDataBaseAddr)
                  70010644    0000000c                                                         : ospi_v0_lld.obj (.text.OSPI_lld_getInputClk)
                  70010650    0000000c                                                         : ospi_v0.obj (.text.OSPI_setCmdDummyCycles)
                  7001065c    0000000c                                                         : ospi_v0.obj (.text.OSPI_setCmdExtType)
                  70010668    0000000c                                                         : ospi_v0.obj (.text.OSPI_setDeviceSize)
                  70010674    0000000c                                                         : ospi_v0.obj (.text.OSPI_setModeBits)
                  70010680    0000000c                                                         : ospi_v0.obj (.text.OSPI_setNumAddrBytes)
                  7001068c    0000000c                                                         : ospi_v0.obj (.text.OSPI_setPhyEnableSuccess)
                  70010698    0000000c                                                         : ospi_v0.obj (.text.OSPI_setProtocol)
                  700106a4    0000000c                                                         : ospi_v0.obj (.text.OSPI_setReadDummyCycles)
                  700106b0    0000000c                                                         : ospi_v0.obj (.text.OSPI_setXferOpCodes)
                  700106bc    0000000c     security.am263px.r5f.ti-arm-clang.nortos.release.lib : sipc_notify_src.obj (.text.SIPC_getSelfCoreId)
                  700106c8    0000000c     drivers.am263px.r5f.ti-arm-clang.nortos.release.lib : soc.obj (.text.SOC_getSelfCpuClk)
                  700106d4    0000000c                                                         : soc_rcm.obj (.text.SOC_rcmSetR5ClockSource)
                  700106e0    0000000c     board.am263px.r5f.ti-arm-clang.nortos.release.lib : ioexp_tca6416.obj (.text.TCA6416_Params_init)
                  700106ec    0000000c                                                       : ioexp_tca6424.obj (.text.TCA6424_Params_init)
                  700106f8    0000000c     libclang_rt.builtins.a : aeabi_memset.S.obj (.text.__aeabi_memclr)
                  70010704    0000000c     libc.a : memory.c.obj (.text.malloc)
                  70010710    0000000c     nortos.am263px.r5f.ti-arm-clang.release.lib : CpuId_armv7r_asm.obj (.text)
                  7001071c    00000004     drivers.am263px.r5f.ti-arm-clang.nortos.release.lib : bootloader_soc.obj (.text.Bootloader_socCpuRelease)
                  70010720    0000000c     libc.a : strcmp32.S.obj (.text)
                  7001072c    0000000a     drivers.am263px.r5f.ti-arm-clang.nortos.release.lib : bootloader.obj (.text.Bootloader_getMulticoreImageSize)
                  70010736    0000000a     nortos.am263px.r5f.ti-arm-clang.release.lib : ClockP_nortos.obj (.text.ClockP_Params_init)
                  70010740    0000000a                                                 : ClockP_nortos.obj (.text.ClockP_isActive)
                  7001074a    0000000a     drivers.am263px.r5f.ti-arm-clang.nortos.release.lib : bootloader_flash.obj (.text.Flash_imgOpen)
                  70010754    0000000a                                                         : ospi_v0.obj (.text.OSPI_dmaInterruptCallback)
                  7001075e    0000000a                                                         : ospi_v0.obj (.text.OSPI_interruptCallback)
                  70010768    0000000a                                                         : soc_rcm.obj (.text.SOC_rcmSetR5Clock)
                  70010772    0000000a     nortos.am263px.r5f.ti-arm-clang.release.lib : TimerP_rti_priv.obj (.text.TimerP_getReloadCountPriv)
                  7001077c    0000000a                                                 : TimerP_rti_priv.obj (.text.TimerP_startPriv)
                  70010786    0000000a     drivers.am263px.r5f.ti-arm-clang.nortos.release.lib : uart_v0_lld.obj (.text.UART_lld_Transaction_deInit)
                  70010790    00000008                                                         : bootloader_soc.obj (.text.Bootloader_socGetSBLMem)
                  70010798    00000008                                                         : bootloader_flash.obj (.text.Flash_imgSeek)
                  700107a0    00000008     libsysbm.a : hostexit.c.obj (.text.HOSTexit)
                  700107a8    00000008     drivers.am263px.r5f.ti-arm-clang.nortos.release.lib : ospi_v0.obj (.text.OSPI_ReadCmdParams_init)
                  700107b0    00000008                                                         : ospi_v0.obj (.text.OSPI_Transaction_init)
                  700107b8    00000008                                                         : ospi_v0.obj (.text.OSPI_WriteCmdParams_init)
                  700107c0    00000008                                                         : ospi_edma_lld.obj (.text.OSPI_edmaItrStatus)
                  700107c8    00000008                                                         : ospi_v0_lld.obj (.text.OSPI_lld_readCompleteCallback)
                  700107d0    00000008     nortos.am263px.r5f.ti-arm-clang.release.lib : TimerP_rti_priv.obj (.text.TimerP_clearOverflowIntPriv)
                  700107d8    00000008                                                 : printf.obj (.text._out_char)
                  700107e0    00000008     libc.a : exit.c.obj (.text:abort)
                  700107e8    00000006     security.am263px.r5f.ti-arm-clang.nortos.release.lib : hsmclient.obj (.text.HsmClient_unregister)
                  700107ee    00000006     drivers.am263px.r5f.ti-arm-clang.nortos.release.lib : ospi_v0_lld.obj (.text.OSPI_lld_isDacEnable)
                  700107f4    00000006                                                         : ospi_v0_lld.obj (.text.OSPI_lld_isPhyEnable)
                  700107fa    00000006                                                         : ospi_v0_lld.obj (.text.OSPI_lld_setCmdExtType)
                  70010800    00000006                                                         : ospi_v0_lld.obj (.text.OSPI_lld_setPhyEnableSuccess)
                  70010806    00000006                                                         : soc.obj (.text.SOC_moduleClockEnable)
                  7001080c    00000006                                                         : soc_rcm.obj (.text.SOC_rcmGetCR5SysclkInFrequency)
                  70010812    00000004                                                         : bootloader_soc.obj (.text.Bootloader_socCpuRequest)
                  70010816    00000004     nortos.am263px.r5f.ti-arm-clang.release.lib : ClockP_nortos_r5.obj (.text.ClockP_getTimerCount)
                  7001081a    00000004                                                 : ClockP_nortos_r5.obj (.text.ClockP_timerClearOverflowInt)
                  7001081e    00000004     drivers.am263px.r5f.ti-arm-clang.nortos.release.lib : bootloader_flash.obj (.text.Flash_imgGetCurOffset)
                  70010822    00000004     main.obj (.text.Keyring_init)
                  70010826    00000004     drivers.am263px.r5f.ti-arm-clang.nortos.release.lib : ospi_phy_am26x.obj (.text.OSPI_phyGetTuningData)
                  7001082a    00000004     ti_power_clock_config.obj (.text.PowerClock_deinit)
                  7001082e    00000004     nortos.am263px.r5f.ti-arm-clang.release.lib : TimerP_rti_nortos.obj (.text.TimerP_Params_init)
                  70010832    00000004                                                 : TimerP_rti_nortos.obj (.text.TimerP_clearOverflowInt)
                  70010836    00000004                                                 : TimerP_rti_nortos.obj (.text.TimerP_getCount)
                  7001083a    00000004                                                 : TimerP_rti_nortos.obj (.text.TimerP_getReloadCount)
                  7001083e    00000004                                                 : TimerP_rti_nortos.obj (.text.TimerP_setup)
                  70010842    00000004                                                 : TimerP_rti_nortos.obj (.text.TimerP_start)
                  70010846    00000002     --HOLE-- [fill = 0]
                  70010848    00000004     libclang_rt.builtins.a : aeabi_div0.c.obj (.text.__aeabi_ldiv0)
                  7001084c    00000004                            : aeabi_memcpy.S.obj (.text.__aeabi_memcpy)
                  70010850    00000004     libc.a : _lock.c.obj (.text._nop)
                  70010854    00000004            : fseek.c.obj (.text.fseek)
                  70010858    00000004     libsysbm.a : remove.c.obj (.text.remove)
                  7001085c    00000008     libclang_rt.builtins.a : aeabi_memcpy.S.obj (.tramp.__aeabi_memcpy.1)
                  70010864    00000008     nortos.am263px.r5f.ti-arm-clang.release.lib : HwiP_armv7r_asm.obj (.tramp.HwiP_enable.1)
                  7001086c    00000008                                                 : HwiP_armv7r_asm.obj (.tramp.HwiP_restore.1)
                  70010874    00000008                                                 : PmuP_armv7r_asm.obj (.tramp.PmuP_setUserEnable.1)
                  7001087c    00000008                                                 : PmuP_armv7r_asm.obj (.tramp.PmuP_enableCounters.1)
                  70010884    0000001c     --HOLE-- [fill = 0]

.text.hwi 
*          0    700108a0    00000978     
                  700108a0    0000048a     nortos.am263px.r5f.ti-arm-clang.release.lib : HwiP_armv7r_vim.obj (.text.hwi)
                  70010d2a    000002f4                                                 : HwiP_armv7r_handlers_nortos.obj (.text.hwi)
                  7001101e    00000002     --HOLE-- [fill = 0]
                  70011020    0000017c                                                 : HwiP_armv7r_handlers_nortos_asm.obj (.text.hwi)
                  7001119c    00000070                                                 : HwiP_armv7r_asm.obj (.text.hwi)
                  7001120c    00000008                                                 : HwiP_armv7r_asm.obj (.tramp.HwiP_enableFIQ.1)
                  70011214    00000004     --HOLE-- [fill = 0]

.text.cache 
*          0    70011218    00000430     
                  70011218    00000340     nortos.am263px.r5f.ti-arm-clang.release.lib : CacheP_armv7r_asm.obj (.text.cache)
                  70011558    000000d8                                                 : CacheP_armv7r.obj (.text.cache)
                  70011630    00000008                                                 : CacheP_armv7r_asm.obj (.tramp.CacheP_invL1d.1)
                  70011638    00000008                                                 : CacheP_armv7r_asm.obj (.tramp.CacheP_enableL1p.1)
                  70011640    00000008                                                 : HwiP_armv7r_asm.obj (.tramp.HwiP_restore.2)

.text.mpu 
*          0    70011648    00000290     
                  70011648    00000202     nortos.am263px.r5f.ti-arm-clang.release.lib : MpuP_armv7r.obj (.text.mpu)
                  7001184a    00000002     --HOLE-- [fill = 0]
                  7001184c    00000078                                                 : MpuP_armv7r_asm.obj (.text.mpu)
                  700118c4    00000008                                                 : HwiP_armv7r_asm.obj (.tramp.HwiP_restore.3)
                  700118cc    00000008                                                 : MpuP_armv7r_asm.obj (.tramp.MpuP_isEnableAsm.1)
                  700118d4    00000004     --HOLE-- [fill = 0]

.text.boot 
*          0    700118d8    00000190     
                  700118d8    00000144     nortos.am263px.r5f.ti-arm-clang.release.lib : boot_armv7r_asm.obj (.text.boot)
                  70011a1c    0000001e                                                 : DebugP_log.obj (.text.boot)
                  70011a3a    0000001c                                                 : boot_armv7r.obj (.text.boot)
                  70011a56    0000000e     ti_dpl_config.obj (.text.boot)
                  70011a64    00000004     --HOLE-- [fill = 0]

.data      0    70011a68    000009b8     
                  70011a68    000000f0     libc.a : defs.c.obj (.data._ftable)
                  70011b58    00000098     ti_drivers_config.obj (.data.gOspiAttrs)
                  70011bf0    00000098     ti_pinmux_config.obj (.data.gPinMuxMainDomainCfg)
                  70011c88    00000088     ti_drivers_config.obj (.data.gEdmaAttrs)
                  70011d10    00000084     ti_board_open_close.obj (.data.gFlashDevCfg_IS25LX256)
                  70011d94    00000080     drivers.am263px.r5f.ti-arm-clang.nortos.release.lib : ospi_phy_am26x_lld.obj (.data.gOspiFlashAttackVector)
                  70011e14    00000078     libsysbm.a : host_device.c.obj (.data._device)
                  70011e8c    00000070     drivers.am263px.r5f.ti-arm-clang.nortos.release.lib : bootloader_soc.obj (.data.gAddrTranslateInfo)
                  70011efc    00000064     security.am263px.r5f.ti-arm-clang.nortos.release.lib : sipc_notify_cfg.obj (.data.gSIPC_InterruptConfig)
                  70011f60    00000058     ti_drivers_open_close.obj (.data.gUartParams)
                  70011fb8    00000050     libsysbm.a : host_device.c.obj (.data._stream)
                  70012008    00000050     security.am263px.r5f.ti-arm-clang.nortos.release.lib : sipc_notify_cfg.obj (.data.gSIPC_HsmMboxConfig)
                  70012058    00000050                                                          : sipc_notify_cfg.obj (.data.gSIPC_SecureHostMboxConfig)
                  700120a8    00000038     ti_board_open_close.obj (.data.gFlashAttrs_IS25LX256)
                  700120e0    00000030     drivers.am263px.r5f.ti-arm-clang.nortos.release.lib : bootloader_soc.obj (.data.gCoreBootInfo)
                  70012110    00000030     ti_drivers_config.obj (.data.gI2cHwAttrs)
                  70012140    00000030     ti_power_clock_config.obj (.data.gSocModulesClockFrequency)
                  70012170    0000002c     ti_drivers_config.obj (.data.gBootloaderConfig)
                  7001219c    00000024     board.am263px.r5f.ti-arm-clang.nortos.release.lib : flash_nor_ospi.obj (.data.gFlashNorOspiFxns)
                  700121c0    00000024                                                       : flash_nor_ospi.obj (.data.gFlashToSpiProtocolMap)
                  700121e4    00000018     drivers.am263px.r5f.ti-arm-clang.nortos.release.lib : bootloader_flash.obj (.data.gBootloaderFlashFxns)
                  700121fc    00000018     ti_dpl_config.obj (.data.gClockConfig)
                  70012214    00000018     ti_board_open_close.obj (.data.gFlashConfig)
                  7001222c    00000018     ti_drivers_open_close.obj (.data.gI2cParams)
                  70012244    00000018     ti_drivers_config.obj (.data.gOspiDmaRestrictRegions)
                  7001225c    00000014     drivers.am263px.r5f.ti-arm-clang.nortos.release.lib : bootloader_soc.obj (.data..L_MergedGlobals)
                  70012270    00000014                                                         : i2c_v1.obj (.data.gI2cDrvObj)
                  70012284    00000014                                                         : ospi_v0.obj (.data.gOspiDrvObj)
                  70012298    00000014                                                         : bootloader_soc.obj (.data.gResMemSection)
                  700122ac    00000014                                                         : uart_v0.obj (.data.gUartDrvObj)
                  700122c0    00000010     ti_drivers_config.obj (.data.gBootloader0Args)
[...]
7000fd51  TCA6416_close                            
7000fd6f  TCA6424_close                            
7000fd8d  UART_spaceAvail                          
7000fdc9  Bootloader_socGetCoreName                
7000fde5  OSPI_lld_disableDacMode                  
7000fe01  OSPI_lld_setNumAddrBytes                 
7000fe1d  SOC_rcmIsR5FInLockStepMode               
7000fe70  TI_memcpy_small                          
7000fe8d  CSL_armR5GetCpuID                        
7000fea7  EDMA_readEventStatusRegion               
7000fedb  OSPI_EdmaParams_init                     
7000ff0f  OSPI_lld_setRdDataCaptureDelay           
7000ff29  SIPC_Params_init                         
7000ff5d  Board_eepromClose                        
7000ff75  Bootloader_profileAddCore                
7000ff8d  Bootloader_socCpuGetClkDefault           
7000ffa5  FSS_enableECC                            
7000ffd5  I2C_deinit                               
7000ffed  OSPI_deinit                              
70010005  OSPI_dmaClose                            
7001001d  OSPI_isDmaInterruptEnabled               
70010035  SOC_getCoreName                          
7001004d  SOC_rcmMemInitMailboxMemory              
70010065  SOC_rcmR5SS0PowerOnReset                 
7001007d  SOC_rcmR5SS1PowerOnReset                 
70010095  TimerP_getCountPriv                      
700100ad  UART_deinit                              
700100c4  TI_memset_small                          
700100dd  Board_driversOpen                        
700100f3  Bootloader_socCpuSetClock                
70010109  Drivers_open                             
7001011f  I2C_lld_Transaction_init                 
7001014b  OSPI_lld_Transaction_init                
70010161  OSPI_lld_disablePhyPipeline              
70010177  OSPI_lld_enablePhyPipeline               
7001018d  OSPI_lld_enableSDR                       
700101a3  OSPI_lld_setResetPinStatus               
700101b9  SemaphoreP_constructBinary               
700101cf  UART_IsTxRxFifoEmpty                     
700101e5  UART_checkCharsAvailInFifo               
700101fb  UART_getIntrIdentityStatus               
70010211  Bootloader_socCpuResetRelease            
70010225  Bootloader_socIsAuthRequired             
70010239  ClockP_usecToTicks                       
7001024d  EDMA_getRegionId                         
70010261  OSPI_lld_setCmdDummyCycles               
70010275  SOC_rcmR5SS0TriggerReset                 
70010289  SemaphoreP_constructMutex                
7001029d  UART_Transaction_init                    
700102c5  Flash_disableDacMode                     
700102d7  Flash_enableDacMode                      
700102e9  Hsmclient_updateBootNotificationRegister 
7001030d  OSPI_lld_enableModeBitsCmd               
70010331  UART_operatingModeSelect                 
70010343  UART_readLineStatus                      
70010355  putchar_                                 
70010367  Bootloader_close                         
70010377  Bootloader_isCorePresent                 
70010389  FSS_disableECC                           
700103b9  OSPI_configBaudrate                      
700103c9  OSPI_disableDacMode                      
700103d9  OSPI_disablePhy                          
700103e9  OSPI_enableDacMode                       
700103f9  OSPI_enablePhy                           
70010409  OSPI_enablePhyPipeline                   
70010419  OSPI_enableSDR                           
70010429  OSPI_getBaudRateDivFromObj               
70010439  OSPI_lld_phyGetTuningData                
70010449  OSPI_lld_setReadDummyCycles              
70010459  OSPI_setRdDataCaptureDelay               
70010469  OSPI_setResetPinStatus                   
70010479  SOC_rcmR5SS1TriggerReset                 
70010489  UART_intr2Disable                        
70010498  __aeabi_memset                           
70010498  __aeabi_memset4                          
70010498  __aeabi_memset8                          
700104a8  putchar                                  
700104b9  Bootloader_socCpuResetReleaseSelf        
700104c7  Bootloader_socInitL2MailBoxMemory        
700104d5  EDMA_ccPaRAMEntry_init                   
700104e3  EEPROM_close                             
700104f1  Flash_close                              
700104ff  Flash_getPhyTuningOffset                 
7001051b  OSPI_getInputClk                         
70010529  OSPI_isDacEnable                         
70010537  OSPI_isPhyEnable                         
70010545  OSPI_lld_clearDualOpCodeMode             
70010553  OSPI_lld_enableModeBitsRead              
70010561  OSPI_lld_setModeBits                     
7001056f  OSPI_phyReadAttackVector                 
7001057d  OSPI_phyTuneDDR                          
7001058b  Pinmux_init                              
70010599  PowerClock_init                          
700105a9  Bootloader_Params_init                   
700105b5  Bootloader_profileUpdateAppimageSize     
700105c1  Bootloader_profileUpdateMediaAndClk      
700105cd  Bootloader_socGetBootSeqOid              
700105d9  ClockP_getTicks                          
700105e5  DebugP_uartSetDrvIndex                   
700105f1  HsmClient_SecureBootQueueInit            
700105fd  I2C_Transaction_init                     
70010609  OSPI_clearDualOpCodeMode                 
70010615  OSPI_enableModeBitsCmd                   
70010621  OSPI_enableModeBitsRead                  
7001062d  OSPI_getFlashDataBaseAddr                
70010639  OSPI_lld_getFlashDataBaseAddr            
70010645  OSPI_lld_getInputClk                     
70010651  OSPI_setCmdDummyCycles                   
7001065d  OSPI_setCmdExtType                       
70010669  OSPI_setDeviceSize                       
70010675  OSPI_setModeBits                         
70010681  OSPI_setNumAddrBytes                     
7001068d  OSPI_setPhyEnableSuccess                 
70010699  OSPI_setProtocol                         
700106a5  OSPI_setReadDummyCycles                  
700106b1  OSPI_setXferOpCodes                      
700106bd  SIPC_getSelfCoreId                       
700106c9  SOC_getSelfCpuClk                        
700106d5  SOC_rcmSetR5ClockSource                  
700106e1  TCA6416_Params_init                      
700106ed  TCA6424_Params_init                      
700106f8  __aeabi_memclr                           
700106f8  __aeabi_memclr4                          
700106f8  __aeabi_memclr8                          
70010704  malloc                                   
70010710  CSL_armR5ReadMpidrReg                    
7001071d  Bootloader_socCpuRelease                 
7001072d  Bootloader_getMulticoreImageSize         
70010737  ClockP_Params_init                       
70010741  ClockP_isActive                          
70010769  SOC_rcmSetR5Clock                        
70010773  TimerP_getReloadCountPriv                
7001077d  TimerP_startPriv                         
70010787  UART_lld_Transaction_deInit              
70010791  Bootloader_socGetSBLMem                  
700107a0  C$$EXIT                                  
700107a0  HOSTexit                                 
700107a9  OSPI_ReadCmdParams_init                  
700107b1  OSPI_Transaction_init                    
700107b9  OSPI_WriteCmdParams_init                 
700107c1  OSPI_edmaItrStatus                       
700107c9  OSPI_lld_readCompleteCallback            
700107d1  TimerP_clearOverflowIntPriv              
700107e0  abort                                    
700107e9  HsmClient_unregister                     
700107ef  OSPI_lld_isDacEnable                     
700107f5  OSPI_lld_isPhyEnable                     
700107fb  OSPI_lld_setCmdExtType                   
70010801  OSPI_lld_setPhyEnableSuccess             
70010807  SOC_moduleClockEnable                    
70010813  Bootloader_socCpuRequest                 
70010817  ClockP_getTimerCount                     
7001081b  ClockP_timerClearOverflowInt             
70010823  Keyring_init                             
70010827  OSPI_phyGetTuningData                    
7001082b  PowerClock_deinit                        
7001082f  TimerP_Params_init                       
70010833  TimerP_clearOverflowInt                  
70010837  TimerP_getCount                          
7001083b  TimerP_getReloadCount                    
7001083f  TimerP_setup                             
70010843  TimerP_start                             
70010848  __aeabi_ldiv0                            
7001084c  __aeabi_memcpy                           
7001084c  __aeabi_memcpy4                          
7001084c  __aeabi_memcpy8                          
70010850  _nop                                     
70010854  fseek                                    
70010858  remove                                   
700108a1  HwiP_enableInt                           
700108c9  HwiP_disableInt                          
700108fb  HwiP_restoreInt                          
70010951  HwiP_clearInt                            
70010971  HwiP_post                                
70010999  HwiP_Params_init                         
700109ab  HwiP_construct                           
70010aef  HwiP_destruct                            
70010bc1  HwiP_init                                
70010c89  HwiP_inISR                               
70010ca5  HwiP_setVimIrqPriMaskNonAtomic           
70010cc7  HwiP_setVimIrqPriMaskAtomic              
70010d13  HwiP_restoreVimIrqPriMask                
70010d2b  HwiP_irq_handler_c                       
70010dc7  HwiP_fiq_handler                         
70010e77  HwiP_reserved_handler                    
70010ea5  HwiP_undefined_handler_c                 
70010ec3  HwiP_user_undefined_handler_c            
70010ed7  HwiP_svc_handler                         
70010f05  HwiP_prefetch_abort_handler_c            
70010f7f  HwiP_user_prefetch_abort_handler_c       
70010f8f  HwiP_data_abort_handler_c                
7001100f  HwiP_user_data_abort_handler_c           
70011020  HwiP_irq_handler                         
70011094  HwiP_data_abort_handler                  
700110d8  HwiP_prefetch_abort_handler              
70011124  HwiP_undefined_handler                   
70011154  GET_DFSR                                 
7001115c  GET_ADFSR                                
70011164  GET_DFAR                                 
7001116c  GET_IFSR                                 
70011174  GET_AIFSR                                
7001117c  GET_IFAR                                 
70011184  GET_SPSR                                 
7001119c  HwiP_disable                             
700111ac  HwiP_disableFIQ                          
700111bc  HwiP_enable                              
700111cc  HwiP_enableFIQ                           
700111dc  HwiP_restore                             
700111e4  HwiP_enableVIC                           
700111f4  HwiP_disableVIC                          
70011204  HwiP_getCPSR                             
70011218  CacheP_disableL1d                        
70011240  CacheP_disableL1p                        
70011258  CacheP_enableL1d                         
70011270  CacheP_enableL1p                         
70011288  CacheP_invL1d                            
700112c0  CacheP_invL1p                            
700112fc  CacheP_invL1dAll                         
70011304  CacheP_invL1pAll                         
7001130c  CacheP_wb                                
70011348  CacheP_wbInv                             
70011384  CacheP_wbAll                             
7001142c  CacheP_wbInvAll                          
70011444  CacheP_wbInvAllAsm                       
700114e4  CacheP_getEnabled                        
7001151c  CacheP_getCacheLevelInfo                 
70011528  CacheP_configForceWrThru                 
70011548  CacheP_setDLFO                           
70011559  CacheP_init                              
700115b1  CacheP_disable                           
700115eb  CacheP_enable                            
7001160b  CacheP_inv                               
70011649  MpuP_getAttrs                            
70011689  MpuP_RegionAttrs_init                    
70011697  MpuP_setRegion                           
70011711  MpuP_isEnable                            
70011715  MpuP_disable                             
70011747  MpuP_enable                              
70011783  MpuP_init                                
700117e5  MpuP_isUserAuthorizedToAccessMemory      
7001184c  MpuP_disableAsm                          
70011864  MpuP_disableBRAsm                        
70011874  MpuP_enableAsm                           
7001188c  MpuP_enableBRAsm                         
7001189c  MpuP_isEnableAsm                         
700118b0  MpuP_setRegionAsm                        
700118d8  _c_int00_sbl                             
700118fc  _c_int00                                 
70011a1d  _DebugP_assertNoLog                      
70011a3b  _system_pre_init                         
70011a57  __mpu_init                               
70011a68  _ftable                                  
70011a68  gUartDmaHandle                           
70011d10  gFlashDevCfg_IS25LX256                   
70011e14  _device                                  
70011e8c  gAddrTranslateInfo                       
70011efc  gSIPC_InterruptConfig                    
70011f60  gUartParams                              
70011fb8  _stream                                  
70012008  gSIPC_HsmMboxConfig                      
70012058  gSIPC_SecureHostMboxConfig               
700120a8  gFlashAttrs_IS25LX256                    
700120e0  gCoreBootInfo                            
70012140  gSocModulesClockFrequency                
70012170  gBootloaderConfig                        
7001219c  gFlashNorOspiFxns                        
700121c0  gFlashToSpiProtocolMap                   
700121e4  gBootloaderFlashFxns                     
700121fc  gClockConfig                             
70012214  gFlashConfig                             
7001222c  gI2cParams                               
7001225c  gR5ss0MemInitDone                        
70012260  gR5ss1MemInitDone                        
70012264  gR5ss1PORDone                            
70012268  gR5ss0Core1ImagePresent                  
7001226c  gR5ss1Core1ImagePresent                  
70012298  gResMemSection                           
700122c0  gBootloader0Args                         
700122d0  gEepromFxns_CAT24M                       
700122e0  gI2cConfig                               
700122f0  gOspiDmaEdmaFxns                         
70012300  gSocModules                              
70012310  gAddrTranslateConfig                     
7001231c  gEepromAttrs_CAT24M                      
70012328  gEepromConfig                            
70012334  gOspiDmaConfig                           
70012340  vec_size                                 
70012344  vector_table_loc                         
70012348  __TI_cleanup_ptr                         
7001234c  __TI_dtors_ptr                           
70012350  gEdmaConfig                              
70012358  gEdmaParams                              
70012360  gEepromParams                            
70012368  gFlashParams                             
70012370  gOspiConfig                              
70012378  gSIPC_QueHsmToSecureHost                 
70012380  gSIPC_QueSecureHostToHsm                 
70012390  gUartConfig                              
70012398  operatingMode                            
700123a8  __TI_ft_end                              
700123ac  _lock                                    
700123b0  _unlock                                  
700123b8  gBootloaderConfigNum                     
700123bc  gDebugLogZone                            
700123c0  gDebugP_uartDrvIndex                     
700123c4  gEdmaConfigNum                           
700123c8  gEepromConfigNum                         
700123cc  gFlashConfigNum                          
700123d0  gHsmRtDownloadComplete                   
700123d4  gHsmrtLoadStatus                         
700123d8  gHwiConfig                               
700123dc  gI2cConfigNum                            
700123f0  gOspiConfigNum                           
700123f4  gOspiDmaConfigNum                        
700123f8  gOspiParams                              
70012400  gStreamId                                
70012404  gUartConfigNum                           
70012408  gUartDmaChConfig                         
70012410  ptrMSSCtrlRegs                           
70012414  ptrTopCtrlRegs                           
70012418  isMapAvailable                           
70012420  gCacheConfig                             
70012428  gMpuConfig                               
70012434  gMpuRegionConfig                         
70012558  gADPLLJConfigTbl                         
70012c5c  gCacheL1dCacheLineSize                   
70012c60  I2C_defaultTransaction                   
70013280  I2C_lld_defaultMessage                   
70013310  gPeripheralClkSrcInfoMap                 
70013808  gPLLFreqId2FOutMap                       
70013978  gCacheL1pCacheLineSize                   
70013a00  __BSS_START                              
70013a00  gPHTBuffer                               
70021a80  gX509Cert                                
70022a80  gHwiCtrl                                 
7002328c  gHsmClientMsgQueue                       
700235cc  gHSMClient                               
700235f8  parmbuf                                  
70023600  vec_addrs                                
70023900  gNoteSegBuffer                           
70023b80  gSecureBootStreamArray                   
70024284  gEepromObject_CAT24M                     
700243a8  _CIOBUF_                                 
700243a8  __CIOBUF_                                
700244c8  gProfileObj                              
70024690  __TI_tmpnams                             
70024730  gSIPC_ctrl                               
70024774  gI2cHandle                               
70024780  gElfHBuffer                              
70024800  gOspiEdmaArgs                            
70024838  gClockCtrl                               
70024858  gFlashObject_IS25LX256                   
7002486c  virtToPhymap                             
70024880  gEdmaHandle                              
70024884  gEepromHandle                            
70024888  gFlashHandle                             
7002488c  gOspiHandle                              
70024890  gUartHandle                              
70024900  __BSS_END                                
70024900  __stack                                  
70026900  __STACK_END                              
70026900  _sys_memory                              
70028900  __IRQ_STACK_START                        
70029900  __FIQ_STACK_START                        
70029900  __IRQ_STACK_END                          
70029a00  __FIQ_STACK_END                          
70029a00  __SVC_STACK_START                        
7002aa00  __ABORT_STACK_START                      
7002aa00  __SVC_STACK_END                          
7002ab00  __ABORT_STACK_END                        
7002ab00  __UNDEFINED_STACK_START                  
7002ac00  __UNDEFINED_STACK_END                    
70042000  gHsmRtFw                                 
80080000  __TI_SBL_FLASH_BOOTINFO_SECTOR_START     
ffffffff  __TI_pprof_out_hndl                      
ffffffff  __TI_prof_data_size                      
ffffffff  __TI_prof_data_start                     
ffffffff  __binit__                                
ffffffff  binit                                    
UNDEFED   __TI_CINIT_Base                          
UNDEFED   __TI_CINIT_Limit                         
UNDEFED   __TI_Handler_Table_Base                  
UNDEFED   __TI_Handler_Table_Limit                 
UNDEFED   _system_post_cinit                       

[686 symbols]
